2026-07-05 05:24:16.238 [info] [main] Log level: Info
2026-07-05 05:24:16.238 [info] [main] Validating found git in: "git"
2026-07-05 05:24:16.238 [info] [main] Using git "2.55.0" from "git"
2026-07-05 05:24:16.238 [info] [Model][doInitialScan] Initial repository scan started
2026-07-05 05:24:16.238 [info] > git rev-parse --show-toplevel [3ms]
2026-07-05 05:24:16.238 [info] > git rev-parse --path-format=relative --show-toplevel [2ms]
2026-07-05 05:24:16.239 [info] > git rev-parse --show-toplevel [2ms]
2026-07-05 05:24:16.246 [info] > git rev-parse --path-format=relative --show-toplevel [2ms]
2026-07-05 05:24:16.256 [info] > git rev-parse --show-toplevel [2ms]
2026-07-05 05:24:16.262 [info] > git rev-parse --path-format=relative --show-toplevel [2ms]
2026-07-05 05:24:16.270 [info] > git rev-parse --show-toplevel [2ms]
2026-07-05 05:24:16.277 [info] > git rev-parse --path-format=relative --show-toplevel [1ms]
2026-07-05 05:24:16.281 [info] > git rev-parse --show-toplevel [2ms]
2026-07-05 05:24:16.286 [info] > git rev-parse --path-format=relative --show-toplevel [1ms]
2026-07-05 05:24:16.292 [info] > git rev-parse --show-toplevel [1ms]
2026-07-05 05:24:16.299 [info] > git rev-parse --path-format=relative --show-toplevel [1ms]
2026-07-05 05:24:16.306 [info] > git rev-parse --show-toplevel [1ms]
2026-07-05 05:24:16.315 [info] > git rev-parse --path-format=relative --show-toplevel [3ms]
2026-07-05 05:24:16.322 [info] > git rev-parse --show-toplevel [0ms]
2026-07-05 05:24:16.329 [info] > git rev-parse --path-format=relative --show-toplevel [2ms]
2026-07-05 05:24:16.335 [info] > git rev-parse --show-toplevel [2ms]
2026-07-05 05:24:16.339 [info] > git rev-parse --path-format=relative --show-toplevel [1ms]
2026-07-05 05:24:16.344 [info] [Model][doInitialScan] Initial repository scan completed - repositories (0), closed repositories (0), parent repositories (1), unsafe repositories (0)
2026-07-05 05:24:17.692 [info] > git rev-parse --show-toplevel [123ms]
2026-07-05 05:24:17.750 [info] > git rev-parse --path-format=relative --show-toplevel [53ms]
2026-07-05 05:24:17.762 [info] > git rev-parse --show-toplevel [5ms]
2026-07-05 05:24:17.855 [info] > git rev-parse --path-format=relative --show-toplevel [89ms]
2026-07-05 05:24:17.917 [info] > git rev-parse --show-toplevel [3ms]
2026-07-05 05:24:17.950 [info] > git rev-parse --path-format=relative --show-toplevel [29ms]
2026-07-05 05:24:17.964 [info] > git rev-parse --show-toplevel [3ms]
2026-07-05 05:24:18.014 [info] > git rev-parse --path-format=relative --show-toplevel [45ms]
2026-07-05 05:24:18.084 [info] > git rev-parse --show-toplevel [3ms]
2026-07-05 05:24:18.089 [info] > git rev-parse --path-format=relative --show-toplevel [2ms]
2026-07-05 05:24:18.093 [info] > git rev-parse --show-toplevel [0ms]
2026-07-05 05:24:18.099 [info] > git rev-parse --path-format=relative --show-toplevel [2ms]
2026-07-05 05:24:18.105 [info] > git rev-parse --show-toplevel [1ms]
2026-07-05 05:24:18.110 [info] > git rev-parse --path-format=relative --show-toplevel [1ms]
2026-07-05 05:24:18.115 [info] > git rev-parse --show-toplevel [1ms]
2026-07-05 05:24:18.120 [info] > git rev-parse --path-format=relative --show-toplevel [1ms]
2026-07-05 05:24:18.127 [info] > git rev-parse --show-toplevel [1ms]
2026-07-05 05:24:18.133 [info] > git rev-parse --path-format=relative --show-toplevel [1ms]
2026-07-05 05:24:19.009 [info] > git rev-parse --show-toplevel [265ms]
2026-07-05 05:24:19.027 [info] > git rev-parse --path-format=relative --show-toplevel [14ms]
2026-07-05 05:24:19.370 [info] > git rev-parse --show-toplevel [5ms]
2026-07-05 05:24:19.370 [info] fatal: not a git repository (or any parent up to mount point /)
Stopping at filesystem boundary (GIT_DISCOVERY_ACROSS_FILESYSTEM not set).
2026-07-05 05:24:19.370 [info] > git rev-parse --show-toplevel [1ms]
2026-07-05 05:24:19.370 [info] fatal: not a git repository (or any parent up to mount point /)
Stopping at filesystem boundary (GIT_DISCOVERY_ACROSS_FILESYSTEM not set).
2026-07-05 05:46:33.161 [info] > git rev-parse --show-toplevel [1ms]
2026-07-05 05:46:33.168 [info] > git rev-parse --path-format=relative --show-toplevel [3ms]
2026-07-05 05:46:33.767 [info] > git rev-parse --show-toplevel [1ms]
2026-07-05 05:46:33.774 [info] > git rev-parse --path-format=relative --show-toplevel [1ms]
2026-07-05 05:46:34.242 [info] > git rev-parse --show-toplevel [2ms]
2026-07-05 05:46:34.249 [info] > git rev-parse --path-format=relative --show-toplevel [0ms]
2026-07-05 05:49:09.927 [info] > git rev-parse --show-toplevel [1ms]
2026-07-05 05:49:09.932 [info] > git rev-parse --path-format=relative --show-toplevel [1ms]
2026-07-05 05:49:10.790 [info] > git rev-parse --show-toplevel [1ms]
2026-07-05 05:49:10.796 [info] > git rev-parse --path-format=relative --show-toplevel [1ms]
2026-07-05 05:49:40.195 [info] > git rev-parse --show-toplevel [3ms]
2026-07-05 05:49:40.203 [info] > git rev-parse --path-format=relative --show-toplevel [1ms]
2026-07-05 05:49:51.941 [info] > git rev-parse --show-toplevel [1ms]
2026-07-05 05:49:51.947 [info] > git rev-parse --path-format=relative --show-toplevel [2ms]
2026-07-05 06:01:14.805 [info] > git rev-parse --show-toplevel [3ms]
2026-07-05 06:01:14.811 [info] > git rev-parse --path-format=relative --show-toplevel [2ms]
2026-07-05 06:10:06.569 [info] > git rev-parse --show-toplevel [1ms]
2026-07-05 06:10:06.576 [info] > git rev-parse --path-format=relative --show-toplevel [0ms]
2026-07-05 06:10:07.798 [info] > git rev-parse --show-toplevel [2ms]
2026-07-05 06:10:07.811 [info] > git rev-parse --path-format=relative --show-toplevel [2ms]
2026-07-05 07:27:56.317 [info] > git rev-parse --show-toplevel [1ms]
2026-07-05 07:27:56.324 [info] > git rev-parse --path-format=relative --show-toplevel [1ms]
2026-07-05 07:28:01.667 [info] > git rev-parse --show-toplevel [2ms]
2026-07-05 07:28:01.676 [info] > git rev-parse --path-format=relative --show-toplevel [0ms]
2026-07-05 07:28:24.651 [info] > git rev-parse --show-toplevel [2ms]
2026-07-05 07:28:24.657 [info] > git rev-parse --path-format=relative --show-toplevel [1ms]
2026-07-05 07:29:19.008 [info] > git rev-parse --show-toplevel [8ms]
2026-07-05 07:29:19.015 [info] > git rev-parse --path-format=relative --show-toplevel [0ms]
2026-07-05 07:29:19.659 [info] > git rev-parse --show-toplevel [1ms]
2026-07-05 07:29:19.674 [info] > git rev-parse --path-format=relative --show-toplevel [4ms]
2026-07-05 07:29:20.075 [info] > git rev-parse --show-toplevel [2ms]
2026-07-05 07:29:20.081 [info] > git rev-parse --path-format=relative --show-toplevel [1ms]
2026-07-05 07:29:20.532 [info] > git rev-parse --show-toplevel [3ms]
2026-07-05 07:29:20.539 [info] > git rev-parse --path-format=relative --show-toplevel [1ms]
2026-07-05 07:29:20.984 [info] > git rev-parse --show-toplevel [5ms]
2026-07-05 07:29:20.998 [info] > git rev-parse --path-format=relative --show-toplevel [3ms]
