2026-07-05 10:56:18.285 [info] StorageMainService: creating application shared storage
2026-07-05 10:56:18.348 [info] [shared storage] Creating shared storage database at '/home/taianlux/.vscode-shared/sharedStorage/state.vscdb' (wasCreated: false)
2026-07-05 10:56:18.349 [info] [shared storage] Initializing fallback application storage (path: /home/taianlux/.config/Code/User/globalStorage/state.vscdb)
2026-07-05 10:56:18.361 [info] [shared storage] Fallback application storage initialized with 139 items
2026-07-05 10:56:18.363 [info] update#setState idle
2026-07-05 10:56:28.377 [info] Extension host with pid 3071 exited with code: 0, signal: unknown.
2026-07-05 10:56:48.364 [info] update#setState checking for updates
2026-07-05 10:56:48.727 [info] update#setState idle
2026-07-05 11:56:48.367 [info] update#setState checking for updates
2026-07-05 11:56:49.586 [info] update#setState idle
2026-07-05 12:56:48.369 [info] update#setState checking for updates
2026-07-05 12:56:49.344 [info] update#setState idle
2026-07-05 13:56:48.370 [info] update#setState checking for updates
2026-07-05 13:56:49.347 [info] update#setState idle
2026-07-05 14:56:48.372 [info] update#setState checking for updates
2026-07-05 14:56:49.350 [info] update#setState idle
2026-07-05 15:56:48.373 [info] update#setState checking for updates
2026-07-05 15:56:49.350 [info] update#setState idle
2026-07-05 16:56:48.375 [info] update#setState checking for updates
2026-07-05 16:56:49.451 [info] update#setState idle
2026-07-05 17:56:48.378 [info] update#setState checking for updates
2026-07-05 17:56:49.244 [info] update#setState idle
2026-07-05 18:56:48.378 [info] update#setState checking for updates
2026-07-05 18:56:49.450 [info] update#setState idle
2026-07-05 19:56:48.762 [info] update#setState checking for updates
2026-07-05 19:56:50.966 [info] update#setState idle
2026-07-05 20:56:48.764 [info] update#setState checking for updates
2026-07-05 20:56:50.058 [info] update#setState idle
2026-07-05 21:56:48.766 [info] update#setState checking for updates
2026-07-05 21:56:51.993 [info] update#setState idle
2026-07-05 22:56:48.769 [info] update#setState checking for updates
2026-07-05 22:56:49.769 [info] update#setState idle
