2026-07-04 11:32:21.703 [info] [main] Log level: Info
2026-07-04 11:32:21.703 [info] [main] Validating found git in: "git"
2026-07-04 11:32:21.703 [info] [main] Using git "2.55.0" from "git"
2026-07-04 11:32:21.703 [info] [Model][doInitialScan] Initial repository scan started
2026-07-04 11:32:21.703 [info] > git rev-parse --show-toplevel [8ms]
2026-07-04 11:32:21.703 [info] fatal: not a git repository (or any parent up to mount point /)
Stopping at filesystem boundary (GIT_DISCOVERY_ACROSS_FILESYSTEM not set).
2026-07-04 11:32:21.703 [info] > git rev-parse --show-toplevel [5ms]
2026-07-04 11:32:21.703 [info] fatal: not a git repository (or any parent up to mount point /)
Stopping at filesystem boundary (GIT_DISCOVERY_ACROSS_FILESYSTEM not set).
2026-07-04 11:32:21.711 [info] > git rev-parse --show-toplevel [2ms]
2026-07-04 11:32:21.711 [info] fatal: not a git repository (or any parent up to mount point /)
Stopping at filesystem boundary (GIT_DISCOVERY_ACROSS_FILESYSTEM not set).
2026-07-04 11:32:23.188 [info] > git rev-parse --show-toplevel [1473ms]
2026-07-04 11:32:23.188 [info] fatal: not a git repository (or any parent up to mount point /)
Stopping at filesystem boundary (GIT_DISCOVERY_ACROSS_FILESYSTEM not set).
2026-07-04 11:32:23.460 [info] > git rev-parse --show-toplevel [113ms]
2026-07-04 11:32:23.460 [info] fatal: not a git repository (or any parent up to mount point /)
Stopping at filesystem boundary (GIT_DISCOVERY_ACROSS_FILESYSTEM not set).
2026-07-04 11:32:23.578 [info] > git rev-parse --show-toplevel [56ms]
2026-07-04 11:32:23.578 [info] fatal: not a git repository (or any parent up to mount point /)
Stopping at filesystem boundary (GIT_DISCOVERY_ACROSS_FILESYSTEM not set).
2026-07-04 11:32:23.623 [info] > git rev-parse --show-toplevel [11ms]
2026-07-04 11:32:23.623 [info] fatal: not a git repository (or any parent up to mount point /)
Stopping at filesystem boundary (GIT_DISCOVERY_ACROSS_FILESYSTEM not set).
2026-07-04 11:32:23.626 [info] [Model][doInitialScan] Initial repository scan completed - repositories (0), closed repositories (0), parent repositories (0), unsafe repositories (0)
2026-07-04 11:32:23.732 [info] > git rev-parse --show-toplevel [96ms]
2026-07-04 11:32:23.732 [info] fatal: not a git repository (or any parent up to mount point /)
Stopping at filesystem boundary (GIT_DISCOVERY_ACROSS_FILESYSTEM not set).
2026-07-04 11:32:23.800 [info] > git rev-parse --show-toplevel [7ms]
2026-07-04 11:32:23.800 [info] fatal: not a git repository (or any parent up to mount point /)
Stopping at filesystem boundary (GIT_DISCOVERY_ACROSS_FILESYSTEM not set).
2026-07-04 11:32:23.854 [info] > git rev-parse --show-toplevel [5ms]
2026-07-04 11:32:23.855 [info] fatal: not a git repository (or any parent up to mount point /)
Stopping at filesystem boundary (GIT_DISCOVERY_ACROSS_FILESYSTEM not set).
2026-07-04 11:32:23.867 [info] > git rev-parse --show-toplevel [1ms]
2026-07-04 11:32:23.867 [info] fatal: not a git repository (or any parent up to mount point /)
Stopping at filesystem boundary (GIT_DISCOVERY_ACROSS_FILESYSTEM not set).
2026-07-04 11:32:23.876 [info] > git rev-parse --show-toplevel [2ms]
2026-07-04 11:32:23.876 [info] fatal: not a git repository (or any parent up to mount point /)
Stopping at filesystem boundary (GIT_DISCOVERY_ACROSS_FILESYSTEM not set).
2026-07-04 11:32:24.000 [info] > git rev-parse --show-toplevel [27ms]
2026-07-04 11:32:24.000 [info] fatal: not a git repository (or any parent up to mount point /)
Stopping at filesystem boundary (GIT_DISCOVERY_ACROSS_FILESYSTEM not set).
2026-07-04 11:32:24.012 [info] > git rev-parse --show-toplevel [2ms]
2026-07-04 11:32:24.012 [info] fatal: not a git repository (or any parent up to mount point /)
Stopping at filesystem boundary (GIT_DISCOVERY_ACROSS_FILESYSTEM not set).
2026-07-04 11:32:25.339 [info] > git rev-parse --show-toplevel [67ms]
2026-07-04 11:32:25.340 [info] fatal: not a git repository (or any parent up to mount point /)
Stopping at filesystem boundary (GIT_DISCOVERY_ACROSS_FILESYSTEM not set).
2026-07-04 11:32:25.715 [info] > git rev-parse --show-toplevel [1ms]
2026-07-04 11:32:25.715 [info] fatal: not a git repository (or any parent up to mount point /)
Stopping at filesystem boundary (GIT_DISCOVERY_ACROSS_FILESYSTEM not set).
2026-07-04 11:32:25.730 [info] > git rev-parse --show-toplevel [1ms]
2026-07-04 11:32:25.730 [info] fatal: not a git repository (or any parent up to mount point /)
Stopping at filesystem boundary (GIT_DISCOVERY_ACROSS_FILESYSTEM not set).
2026-07-04 11:55:41.155 [info] > git rev-parse --show-toplevel [1ms]
2026-07-04 11:55:41.155 [info] fatal: not a git repository (or any parent up to mount point /)
Stopping at filesystem boundary (GIT_DISCOVERY_ACROSS_FILESYSTEM not set).
2026-07-04 11:55:43.611 [info] > git rev-parse --show-toplevel [1ms]
2026-07-04 11:55:43.611 [info] fatal: not a git repository (or any parent up to mount point /)
Stopping at filesystem boundary (GIT_DISCOVERY_ACROSS_FILESYSTEM not set).
2026-07-04 12:00:00.836 [info] > git rev-parse --show-toplevel [2ms]
2026-07-04 12:00:00.836 [info] fatal: not a git repository (or any parent up to mount point /)
Stopping at filesystem boundary (GIT_DISCOVERY_ACROSS_FILESYSTEM not set).
2026-07-04 12:00:03.207 [info] > git rev-parse --show-toplevel [2ms]
2026-07-04 12:00:03.207 [info] fatal: not a git repository (or any parent up to mount point /)
Stopping at filesystem boundary (GIT_DISCOVERY_ACROSS_FILESYSTEM not set).
2026-07-04 12:14:35.246 [info] > git rev-parse --show-toplevel [1ms]
2026-07-04 12:14:35.246 [info] fatal: not a git repository (or any parent up to mount point /)
Stopping at filesystem boundary (GIT_DISCOVERY_ACROSS_FILESYSTEM not set).
2026-07-04 12:14:45.451 [info] > git rev-parse --show-toplevel [4ms]
2026-07-04 12:14:45.451 [info] fatal: not a git repository (or any parent up to mount point /)
Stopping at filesystem boundary (GIT_DISCOVERY_ACROSS_FILESYSTEM not set).
2026-07-04 12:14:51.944 [info] > git rev-parse --show-toplevel [3ms]
2026-07-04 12:14:51.944 [info] fatal: not a git repository (or any parent up to mount point /)
Stopping at filesystem boundary (GIT_DISCOVERY_ACROSS_FILESYSTEM not set).
2026-07-04 12:14:56.413 [info] > git rev-parse --show-toplevel [2ms]
2026-07-04 12:14:56.413 [info] fatal: not a git repository (or any parent up to mount point /)
Stopping at filesystem boundary (GIT_DISCOVERY_ACROSS_FILESYSTEM not set).
2026-07-04 12:14:59.279 [info] > git rev-parse --show-toplevel [3ms]
2026-07-04 12:14:59.279 [info] fatal: not a git repository (or any parent up to mount point /)
Stopping at filesystem boundary (GIT_DISCOVERY_ACROSS_FILESYSTEM not set).
2026-07-04 12:15:17.111 [info] > git rev-parse --show-toplevel [2ms]
2026-07-04 12:15:17.111 [info] fatal: not a git repository (or any parent up to mount point /)
Stopping at filesystem boundary (GIT_DISCOVERY_ACROSS_FILESYSTEM not set).
2026-07-04 12:15:18.935 [info] > git rev-parse --show-toplevel [3ms]
2026-07-04 12:15:18.935 [info] fatal: not a git repository (or any parent up to mount point /)
Stopping at filesystem boundary (GIT_DISCOVERY_ACROSS_FILESYSTEM not set).
2026-07-04 12:15:37.204 [info] > git rev-parse --show-toplevel [3ms]
2026-07-04 12:15:37.204 [info] fatal: not a git repository (or any parent up to mount point /)
Stopping at filesystem boundary (GIT_DISCOVERY_ACROSS_FILESYSTEM not set).
2026-07-04 12:22:33.227 [info] > git rev-parse --show-toplevel [2ms]
2026-07-04 12:22:33.228 [info] fatal: not a git repository (or any parent up to mount point /)
Stopping at filesystem boundary (GIT_DISCOVERY_ACROSS_FILESYSTEM not set).
2026-07-04 12:22:54.500 [info] > git rev-parse --show-toplevel [1ms]
2026-07-04 12:22:54.500 [info] fatal: not a git repository (or any parent up to mount point /)
Stopping at filesystem boundary (GIT_DISCOVERY_ACROSS_FILESYSTEM not set).
2026-07-04 12:22:55.701 [info] > git rev-parse --show-toplevel [2ms]
2026-07-04 12:22:55.701 [info] fatal: not a git repository (or any parent up to mount point /)
Stopping at filesystem boundary (GIT_DISCOVERY_ACROSS_FILESYSTEM not set).
2026-07-04 12:23:05.136 [info] > git rev-parse --show-toplevel [1ms]
2026-07-04 12:23:05.136 [info] fatal: not a git repository (or any parent up to mount point /)
Stopping at filesystem boundary (GIT_DISCOVERY_ACROSS_FILESYSTEM not set).
2026-07-04 12:23:06.484 [info] > git rev-parse --show-toplevel [2ms]
2026-07-04 12:23:06.484 [info] fatal: not a git repository (or any parent up to mount point /)
Stopping at filesystem boundary (GIT_DISCOVERY_ACROSS_FILESYSTEM not set).
2026-07-04 12:23:28.139 [info] > git rev-parse --show-toplevel [1ms]
2026-07-04 12:23:28.140 [info] fatal: not a git repository (or any parent up to mount point /)
Stopping at filesystem boundary (GIT_DISCOVERY_ACROSS_FILESYSTEM not set).
2026-07-04 12:23:56.610 [info] > git rev-parse --show-toplevel [6ms]
2026-07-04 12:23:56.610 [info] fatal: not a git repository (or any parent up to mount point /)
Stopping at filesystem boundary (GIT_DISCOVERY_ACROSS_FILESYSTEM not set).
2026-07-04 12:24:07.711 [info] > git rev-parse --show-toplevel [2ms]
2026-07-04 12:24:07.711 [info] fatal: not a git repository (or any parent up to mount point /)
Stopping at filesystem boundary (GIT_DISCOVERY_ACROSS_FILESYSTEM not set).
2026-07-04 12:24:14.809 [info] > git rev-parse --show-toplevel [3ms]
2026-07-04 12:24:14.809 [info] fatal: not a git repository (or any parent up to mount point /)
Stopping at filesystem boundary (GIT_DISCOVERY_ACROSS_FILESYSTEM not set).
2026-07-04 12:24:21.031 [info] > git rev-parse --show-toplevel [2ms]
2026-07-04 12:24:21.031 [info] fatal: not a git repository (or any parent up to mount point /)
Stopping at filesystem boundary (GIT_DISCOVERY_ACROSS_FILESYSTEM not set).
2026-07-04 12:24:21.571 [info] > git rev-parse --show-toplevel [1ms]
2026-07-04 12:24:21.571 [info] fatal: not a git repository (or any parent up to mount point /)
Stopping at filesystem boundary (GIT_DISCOVERY_ACROSS_FILESYSTEM not set).
2026-07-04 12:25:53.532 [info] > git rev-parse --show-toplevel [3ms]
2026-07-04 12:25:53.532 [info] fatal: not a git repository (or any parent up to mount point /)
Stopping at filesystem boundary (GIT_DISCOVERY_ACROSS_FILESYSTEM not set).
2026-07-04 12:26:39.603 [info] > git rev-parse --show-toplevel [3ms]
2026-07-04 12:26:39.603 [info] fatal: not a git repository (or any parent up to mount point /)
Stopping at filesystem boundary (GIT_DISCOVERY_ACROSS_FILESYSTEM not set).
2026-07-04 12:27:44.901 [info] > git rev-parse --show-toplevel [2ms]
2026-07-04 12:27:44.901 [info] fatal: not a git repository (or any parent up to mount point /)
Stopping at filesystem boundary (GIT_DISCOVERY_ACROSS_FILESYSTEM not set).
2026-07-04 12:27:58.503 [info] > git rev-parse --show-toplevel [2ms]
2026-07-04 12:27:58.503 [info] fatal: not a git repository (or any parent up to mount point /)
Stopping at filesystem boundary (GIT_DISCOVERY_ACROSS_FILESYSTEM not set).
2026-07-04 12:27:59.962 [info] > git rev-parse --show-toplevel [3ms]
2026-07-04 12:27:59.962 [info] fatal: not a git repository (or any parent up to mount point /)
Stopping at filesystem boundary (GIT_DISCOVERY_ACROSS_FILESYSTEM not set).
2026-07-04 12:28:23.180 [info] > git rev-parse --show-toplevel [1ms]
2026-07-04 12:28:23.180 [info] fatal: not a git repository (or any parent up to mount point /)
Stopping at filesystem boundary (GIT_DISCOVERY_ACROSS_FILESYSTEM not set).
2026-07-04 12:28:35.144 [info] > git rev-parse --show-toplevel [3ms]
2026-07-04 12:28:35.144 [info] fatal: not a git repository (or any parent up to mount point /)
Stopping at filesystem boundary (GIT_DISCOVERY_ACROSS_FILESYSTEM not set).
2026-07-04 12:28:36.454 [info] > git rev-parse --show-toplevel [2ms]
2026-07-04 12:28:36.454 [info] fatal: not a git repository (or any parent up to mount point /)
Stopping at filesystem boundary (GIT_DISCOVERY_ACROSS_FILESYSTEM not set).
2026-07-04 12:28:53.528 [info] > git rev-parse --show-toplevel [2ms]
2026-07-04 12:28:53.528 [info] fatal: not a git repository (or any parent up to mount point /)
Stopping at filesystem boundary (GIT_DISCOVERY_ACROSS_FILESYSTEM not set).
2026-07-04 12:29:12.674 [info] > git rev-parse --show-toplevel [3ms]
2026-07-04 12:29:12.674 [info] fatal: not a git repository (or any parent up to mount point /)
Stopping at filesystem boundary (GIT_DISCOVERY_ACROSS_FILESYSTEM not set).
2026-07-04 12:37:44.186 [info] > git rev-parse --show-toplevel [1ms]
2026-07-04 12:37:44.187 [info] fatal: not a git repository (or any parent up to mount point /)
Stopping at filesystem boundary (GIT_DISCOVERY_ACROSS_FILESYSTEM not set).
2026-07-04 12:37:47.609 [info] > git rev-parse --show-toplevel [1ms]
2026-07-04 12:37:47.609 [info] fatal: not a git repository (or any parent up to mount point /)
Stopping at filesystem boundary (GIT_DISCOVERY_ACROSS_FILESYSTEM not set).
2026-07-04 12:38:50.742 [info] > git rev-parse --show-toplevel [3ms]
2026-07-04 12:38:50.742 [info] fatal: not a git repository (or any parent up to mount point /)
Stopping at filesystem boundary (GIT_DISCOVERY_ACROSS_FILESYSTEM not set).
2026-07-04 12:39:25.787 [info] > git rev-parse --show-toplevel [2ms]
2026-07-04 12:39:25.787 [info] fatal: not a git repository (or any parent up to mount point /)
Stopping at filesystem boundary (GIT_DISCOVERY_ACROSS_FILESYSTEM not set).
2026-07-04 12:39:27.256 [info] > git rev-parse --show-toplevel [2ms]
2026-07-04 12:39:27.256 [info] fatal: not a git repository (or any parent up to mount point /)
Stopping at filesystem boundary (GIT_DISCOVERY_ACROSS_FILESYSTEM not set).
2026-07-04 12:40:50.173 [info] > git rev-parse --show-toplevel [1ms]
2026-07-04 12:40:50.173 [info] fatal: not a git repository (or any parent up to mount point /)
Stopping at filesystem boundary (GIT_DISCOVERY_ACROSS_FILESYSTEM not set).
2026-07-04 12:40:51.749 [info] > git rev-parse --show-toplevel [3ms]
2026-07-04 12:40:51.749 [info] fatal: not a git repository (or any parent up to mount point /)
Stopping at filesystem boundary (GIT_DISCOVERY_ACROSS_FILESYSTEM not set).
2026-07-04 12:40:53.204 [info] > git rev-parse --show-toplevel [2ms]
2026-07-04 12:40:53.205 [info] fatal: not a git repository (or any parent up to mount point /)
Stopping at filesystem boundary (GIT_DISCOVERY_ACROSS_FILESYSTEM not set).
2026-07-04 12:40:59.239 [info] > git rev-parse --show-toplevel [2ms]
2026-07-04 12:40:59.239 [info] fatal: not a git repository (or any parent up to mount point /)
Stopping at filesystem boundary (GIT_DISCOVERY_ACROSS_FILESYSTEM not set).
2026-07-04 12:42:35.958 [info] > git rev-parse --show-toplevel [1ms]
2026-07-04 12:42:35.958 [info] fatal: not a git repository (or any parent up to mount point /)
Stopping at filesystem boundary (GIT_DISCOVERY_ACROSS_FILESYSTEM not set).
