2026-06-10 18:51:43.065 [info] Reading sessions from keychain...
2026-06-10 18:51:43.065 [info] Getting sessions for all scopes...
2026-06-10 18:51:43.330 [info] Got stored sessions!
2026-06-10 18:51:43.330 [info] Got 1 verified sessions.
2026-06-10 18:51:43.330 [info] Got 1 sessions for ...
2026-06-10 18:51:43.330 [info] Getting sessions for all scopes...
2026-06-10 18:51:43.330 [info] Got 1 sessions for ...
2026-06-10 18:51:43.436 [info] Getting sessions for all scopes...
2026-06-10 18:51:43.436 [info] Got 1 sessions for ...
2026-06-10 18:51:44.868 [info] Getting sessions for all scopes...
2026-06-10 18:51:44.868 [info] Got 1 sessions for ...
2026-06-10 18:51:44.903 [info] Getting sessions for all scopes...
2026-06-10 18:51:44.903 [info] Got 1 sessions for ...
2026-06-10 18:51:45.033 [info] Getting sessions for all scopes...
2026-06-10 18:51:45.033 [info] Got 1 sessions for ...
2026-06-10 18:51:45.033 [info] Getting sessions for all scopes...
2026-06-10 18:51:45.033 [info] Got 1 sessions for ...
2026-06-10 18:51:45.164 [info] Getting sessions for read:user,repo,user:email,workflow...
2026-06-10 18:51:45.164 [info] Got 1 sessions for read:user,repo,user:email,workflow...
2026-06-10 18:51:45.324 [info] Getting sessions for all scopes...
2026-06-10 18:51:45.324 [info] Got 1 sessions for ...
2026-06-10 18:51:45.337 [info] Getting sessions for read:user,repo,user:email,workflow...
2026-06-10 18:51:45.337 [info] Got 1 sessions for read:user,repo,user:email,workflow...
2026-06-10 18:51:45.644 [info] FetcherService: Electron fetch failed with status: 429 
2026-06-10 18:51:45.656 [info] Unable to resolve optional EDU details. Status: 429 
2026-06-10 18:51:46.743 [info] Getting sessions for all scopes...
2026-06-10 18:51:46.743 [info] Got 1 sessions for ...
2026-06-10 18:51:46.744 [info] Getting sessions for all scopes...
2026-06-10 18:51:46.744 [info] Got 1 sessions for ...
2026-06-10 18:51:46.797 [info] Getting sessions for read:user,repo,user:email,workflow...
2026-06-10 18:51:46.797 [info] Got 1 sessions for read:user,repo,user:email,workflow...
2026-06-10 18:51:47.277 [info] Getting sessions for all scopes...
2026-06-10 18:51:47.277 [info] Got 1 sessions for ...
2026-06-10 18:51:47.290 [info] Getting sessions for all scopes...
2026-06-10 18:51:47.290 [info] Got 1 sessions for ...
2026-06-10 18:51:47.290 [info] Getting sessions for all scopes...
2026-06-10 18:51:47.290 [info] Got 1 sessions for ...
2026-06-10 18:51:47.291 [info] Getting sessions for all scopes...
2026-06-10 18:51:47.291 [info] Got 1 sessions for ...
2026-06-10 18:51:47.305 [info] Getting sessions for read:user,repo,user:email,workflow...
2026-06-10 18:51:47.305 [info] Got 1 sessions for read:user,repo,user:email,workflow...
2026-06-10 18:51:47.457 [info] Getting sessions for all scopes...
2026-06-10 18:51:47.457 [info] Got 1 sessions for ...
2026-06-10 18:51:47.459 [info] Getting sessions for read:user,repo,user:email,workflow...
2026-06-10 18:51:47.459 [info] Got 1 sessions for read:user,repo,user:email,workflow...
2026-06-10 18:51:47.607 [info] Getting sessions for all scopes...
2026-06-10 18:51:47.607 [info] Got 1 sessions for ...
2026-06-10 18:51:47.608 [info] Getting sessions for read:user,repo,user:email,workflow...
2026-06-10 18:51:47.608 [info] Got 1 sessions for read:user,repo,user:email,workflow...
2026-06-10 18:51:57.444 [info] Getting sessions for all scopes...
2026-06-10 18:51:57.444 [info] Got 1 sessions for ...
2026-06-10 18:51:57.444 [info] Getting sessions for all scopes...
2026-06-10 18:51:57.445 [info] Got 1 sessions for ...
2026-06-10 19:02:34.257 [info] Getting sessions for all scopes...
2026-06-10 19:02:34.257 [info] Got 1 sessions for ...
2026-06-10 19:02:34.257 [info] Getting sessions for all scopes...
2026-06-10 19:02:34.257 [info] Got 1 sessions for ...
2026-06-10 19:04:17.435 [info] Getting sessions for all scopes...
2026-06-10 19:04:17.435 [info] Got 1 sessions for ...
2026-06-10 19:04:17.435 [info] Getting sessions for all scopes...
2026-06-10 19:04:17.435 [info] Got 1 sessions for ...
2026-06-10 19:04:19.290 [info] Getting sessions for all scopes...
2026-06-10 19:04:19.290 [info] Got 1 sessions for ...
2026-06-10 19:04:19.291 [info] Getting sessions for all scopes...
2026-06-10 19:04:19.291 [info] Got 1 sessions for ...
2026-06-10 19:16:37.321 [info] Getting sessions for all scopes...
2026-06-10 19:16:37.321 [info] Got 1 sessions for ...
2026-06-10 19:16:37.322 [info] Getting sessions for all scopes...
2026-06-10 19:16:37.322 [info] Got 1 sessions for ...
2026-06-10 19:21:11.267 [info] Getting sessions for all scopes...
2026-06-10 19:21:11.267 [info] Got 1 sessions for ...
2026-06-10 19:21:11.268 [info] Getting sessions for all scopes...
2026-06-10 19:21:11.268 [info] Got 1 sessions for ...
2026-06-10 19:21:18.716 [info] Getting sessions for all scopes...
2026-06-10 19:21:18.716 [info] Got 1 sessions for ...
2026-06-10 19:21:18.716 [info] Getting sessions for all scopes...
2026-06-10 19:21:18.716 [info] Got 1 sessions for ...
2026-06-10 19:21:20.248 [info] Getting sessions for all scopes...
2026-06-10 19:21:20.249 [info] Got 1 sessions for ...
2026-06-10 19:21:20.249 [info] Getting sessions for all scopes...
2026-06-10 19:21:20.249 [info] Got 1 sessions for ...
2026-06-10 19:21:21.646 [info] Getting sessions for all scopes...
2026-06-10 19:21:21.647 [info] Got 1 sessions for ...
2026-06-10 19:21:21.647 [info] Getting sessions for all scopes...
2026-06-10 19:21:21.647 [info] Got 1 sessions for ...
2026-06-10 19:46:47.613 [info] Getting sessions for all scopes...
2026-06-10 19:46:47.613 [info] Got 1 sessions for ...
2026-06-10 19:46:47.616 [info] Getting sessions for read:user,repo,user:email,workflow...
2026-06-10 19:46:47.616 [info] Got 1 sessions for read:user,repo,user:email,workflow...
2026-06-10 19:46:48.400 [info] Getting sessions for all scopes...
2026-06-10 19:46:48.401 [info] Got 1 sessions for ...
2026-06-10 19:46:48.401 [info] Getting sessions for all scopes...
2026-06-10 19:46:48.401 [info] Got 1 sessions for ...
2026-06-10 19:46:48.402 [info] Getting sessions for read:user,repo,user:email,workflow...
2026-06-10 19:46:48.402 [info] Got 1 sessions for read:user,repo,user:email,workflow...
2026-06-10 19:46:48.413 [info] Getting sessions for all scopes...
2026-06-10 19:46:48.413 [info] Got 1 sessions for ...
2026-06-10 19:46:48.414 [info] Getting sessions for all scopes...
2026-06-10 19:46:48.414 [info] Got 1 sessions for ...
2026-06-10 19:46:48.415 [info] Getting sessions for read:user,repo,user:email,workflow...
2026-06-10 19:46:48.415 [info] Got 1 sessions for read:user,repo,user:email,workflow...
2026-06-10 19:52:39.261 [info] Getting sessions for all scopes...
2026-06-10 19:52:39.261 [info] Got 1 sessions for ...
2026-06-10 19:52:39.264 [info] Getting sessions for all scopes...
2026-06-10 19:52:39.264 [info] Got 1 sessions for ...
2026-06-10 22:25:02.378 [info] Getting sessions for all scopes...
2026-06-10 22:25:02.378 [info] Got 1 sessions for ...
2026-06-10 22:25:02.381 [info] Getting sessions for read:user,repo,user:email,workflow...
2026-06-10 22:25:02.381 [info] Got 1 sessions for read:user,repo,user:email,workflow...
2026-06-10 22:25:02.577 [info] Getting sessions for all scopes...
2026-06-10 22:25:02.577 [info] Got 1 sessions for ...
2026-06-10 22:25:02.577 [info] Getting sessions for all scopes...
2026-06-10 22:25:02.577 [info] Got 1 sessions for ...
2026-06-10 22:25:02.699 [info] Getting sessions for read:user,repo,user:email,workflow...
2026-06-10 22:25:02.699 [info] Got 1 sessions for read:user,repo,user:email,workflow...
