2026-06-10 09:05:40.734 [info] [main] Log level: Info
2026-06-10 09:05:40.734 [info] [main] Validating found git in: "git"
2026-06-10 09:05:40.734 [info] [main] Using git "2.54.0" from "git"
2026-06-10 09:05:40.734 [info] [Model][doInitialScan] Initial repository scan started
2026-06-10 09:05:40.734 [info] > git rev-parse --show-toplevel [14ms]
2026-06-10 09:05:40.734 [info] fatal: not a git repository (or any parent up to mount point /)
Stopping at filesystem boundary (GIT_DISCOVERY_ACROSS_FILESYSTEM not set).
2026-06-10 09:05:40.734 [info] > git rev-parse --show-toplevel [5ms]
2026-06-10 09:05:40.734 [info] fatal: not a git repository (or any parent up to mount point /)
Stopping at filesystem boundary (GIT_DISCOVERY_ACROSS_FILESYSTEM not set).
2026-06-10 09:05:40.746 [info] > git rev-parse --show-toplevel [97ms]
2026-06-10 09:05:40.746 [info] fatal: not a git repository (or any parent up to mount point /)
Stopping at filesystem boundary (GIT_DISCOVERY_ACROSS_FILESYSTEM not set).
2026-06-10 09:05:40.905 [info] > git rev-parse --show-toplevel [117ms]
2026-06-10 09:05:40.905 [info] fatal: not a git repository (or any parent up to mount point /)
Stopping at filesystem boundary (GIT_DISCOVERY_ACROSS_FILESYSTEM not set).
2026-06-10 09:05:40.933 [info] > git rev-parse --show-toplevel [12ms]
2026-06-10 09:05:40.933 [info] fatal: not a git repository (or any parent up to mount point /)
Stopping at filesystem boundary (GIT_DISCOVERY_ACROSS_FILESYSTEM not set).
2026-06-10 09:05:40.940 [info] > git rev-parse --show-toplevel [2ms]
2026-06-10 09:05:40.940 [info] fatal: not a git repository (or any parent up to mount point /)
Stopping at filesystem boundary (GIT_DISCOVERY_ACROSS_FILESYSTEM not set).
2026-06-10 09:05:40.998 [info] > git rev-parse --show-toplevel [2ms]
2026-06-10 09:05:40.998 [info] fatal: not a git repository (or any parent up to mount point /)
Stopping at filesystem boundary (GIT_DISCOVERY_ACROSS_FILESYSTEM not set).
2026-06-10 09:05:41.009 [info] > git rev-parse --show-toplevel [2ms]
2026-06-10 09:05:41.009 [info] fatal: not a git repository (or any parent up to mount point /)
Stopping at filesystem boundary (GIT_DISCOVERY_ACROSS_FILESYSTEM not set).
2026-06-10 09:05:41.037 [info] > git rev-parse --show-toplevel [1ms]
2026-06-10 09:05:41.037 [info] fatal: not a git repository (or any parent up to mount point /)
Stopping at filesystem boundary (GIT_DISCOVERY_ACROSS_FILESYSTEM not set).
2026-06-10 09:05:41.049 [info] > git rev-parse --show-toplevel [2ms]
2026-06-10 09:05:41.049 [info] fatal: not a git repository (or any parent up to mount point /)
Stopping at filesystem boundary (GIT_DISCOVERY_ACROSS_FILESYSTEM not set).
2026-06-10 09:05:41.084 [info] > git rev-parse --show-toplevel [29ms]
2026-06-10 09:05:41.084 [info] fatal: not a git repository (or any parent up to mount point /)
Stopping at filesystem boundary (GIT_DISCOVERY_ACROSS_FILESYSTEM not set).
2026-06-10 09:05:41.095 [info] > git rev-parse --show-toplevel [4ms]
2026-06-10 09:05:41.095 [info] fatal: not a git repository (or any parent up to mount point /)
Stopping at filesystem boundary (GIT_DISCOVERY_ACROSS_FILESYSTEM not set).
2026-06-10 09:05:41.097 [info] [Model][doInitialScan] Initial repository scan completed - repositories (0), closed repositories (0), parent repositories (0), unsafe repositories (0)
2026-06-10 09:05:42.276 [info] > git rev-parse --show-toplevel [20ms]
2026-06-10 09:05:42.276 [info] fatal: not a git repository (or any parent up to mount point /)
Stopping at filesystem boundary (GIT_DISCOVERY_ACROSS_FILESYSTEM not set).
2026-06-10 09:05:43.076 [info] > git rev-parse --show-toplevel [1ms]
2026-06-10 09:05:43.076 [info] fatal: not a git repository (or any parent up to mount point /)
Stopping at filesystem boundary (GIT_DISCOVERY_ACROSS_FILESYSTEM not set).
2026-06-10 09:05:43.617 [info] > git rev-parse --show-toplevel [6ms]
2026-06-10 09:05:43.617 [info] fatal: not a git repository (or any parent up to mount point /)
Stopping at filesystem boundary (GIT_DISCOVERY_ACROSS_FILESYSTEM not set).
2026-06-10 09:06:51.306 [info] > git rev-parse --show-toplevel [5ms]
2026-06-10 09:06:51.306 [info] fatal: not a git repository (or any parent up to mount point /)
Stopping at filesystem boundary (GIT_DISCOVERY_ACROSS_FILESYSTEM not set).
2026-06-10 09:06:53.109 [info] > git rev-parse --show-toplevel [1ms]
2026-06-10 09:06:53.109 [info] fatal: not a git repository (or any parent up to mount point /)
Stopping at filesystem boundary (GIT_DISCOVERY_ACROSS_FILESYSTEM not set).
2026-06-10 11:43:53.137 [info] > git rev-parse --show-toplevel [0ms]
2026-06-10 11:43:53.138 [info] fatal: not a git repository (or any parent up to mount point /)
Stopping at filesystem boundary (GIT_DISCOVERY_ACROSS_FILESYSTEM not set).
2026-06-10 11:47:57.520 [info] > git rev-parse --show-toplevel [1ms]
2026-06-10 11:47:57.520 [info] fatal: not a git repository (or any parent up to mount point /)
Stopping at filesystem boundary (GIT_DISCOVERY_ACROSS_FILESYSTEM not set).
