2026-06-07 19:26:13.180 [info] Reading sessions from keychain...
2026-06-07 19:26:13.180 [info] Getting sessions for all scopes...
2026-06-07 19:26:13.266 [info] Got stored sessions!
2026-06-07 19:26:13.266 [info] Got 1 verified sessions.
2026-06-07 19:26:13.266 [info] Got 1 sessions for ...
2026-06-07 19:26:13.266 [info] Getting sessions for all scopes...
2026-06-07 19:26:13.266 [info] Got 1 sessions for ...
2026-06-07 19:26:13.347 [info] Getting sessions for all scopes...
2026-06-07 19:26:13.347 [info] Got 1 sessions for ...
2026-06-07 19:26:13.368 [info] Getting sessions for all scopes...
2026-06-07 19:26:13.368 [info] Got 1 sessions for ...
2026-06-07 19:26:14.689 [info] Getting sessions for all scopes...
2026-06-07 19:26:14.689 [info] Got 1 sessions for ...
2026-06-07 19:26:14.813 [info] Getting sessions for all scopes...
2026-06-07 19:26:14.813 [info] Got 1 sessions for ...
2026-06-07 19:26:14.813 [info] Getting sessions for all scopes...
2026-06-07 19:26:14.813 [info] Got 1 sessions for ...
2026-06-07 19:26:14.913 [info] Getting sessions for read:user,repo,user:email,workflow...
2026-06-07 19:26:14.913 [info] Got 1 sessions for read:user,repo,user:email,workflow...
2026-06-07 19:26:15.053 [info] FetcherService: Electron fetch failed with status: 429 
2026-06-07 19:26:15.061 [info] Unable to resolve optional EDU details. Status: 429 
2026-06-07 19:26:15.107 [info] Getting sessions for all scopes...
2026-06-07 19:26:15.107 [info] Got 1 sessions for ...
2026-06-07 19:26:15.107 [info] Getting sessions for read:user,repo,user:email,workflow...
2026-06-07 19:26:15.107 [info] Got 1 sessions for read:user,repo,user:email,workflow...
2026-06-07 19:26:16.300 [info] Getting sessions for all scopes...
2026-06-07 19:26:16.300 [info] Got 1 sessions for ...
2026-06-07 19:26:16.301 [info] Getting sessions for all scopes...
2026-06-07 19:26:16.301 [info] Got 1 sessions for ...
2026-06-07 19:26:16.416 [info] Getting sessions for read:user,repo,user:email,workflow...
2026-06-07 19:26:16.416 [info] Got 1 sessions for read:user,repo,user:email,workflow...
2026-06-07 19:26:16.539 [info] Getting sessions for all scopes...
2026-06-07 19:26:16.539 [info] Got 1 sessions for ...
2026-06-07 19:26:16.539 [info] Getting sessions for all scopes...
2026-06-07 19:26:16.539 [info] Got 1 sessions for ...
2026-06-07 19:26:16.542 [info] Getting sessions for read:user,repo,user:email,workflow...
2026-06-07 19:26:16.542 [info] Got 1 sessions for read:user,repo,user:email,workflow...
2026-06-07 19:26:16.597 [info] Getting sessions for all scopes...
2026-06-07 19:26:16.597 [info] Got 1 sessions for ...
2026-06-07 19:26:16.597 [info] Getting sessions for all scopes...
2026-06-07 19:26:16.597 [info] Got 1 sessions for ...
2026-06-07 19:26:16.776 [info] Getting sessions for all scopes...
2026-06-07 19:26:16.776 [info] Got 1 sessions for ...
2026-06-07 19:26:16.777 [info] Getting sessions for read:user,repo,user:email,workflow...
2026-06-07 19:26:16.777 [info] Got 1 sessions for read:user,repo,user:email,workflow...
2026-06-07 19:26:16.892 [info] Getting sessions for all scopes...
2026-06-07 19:26:16.892 [info] Got 1 sessions for ...
2026-06-07 19:26:16.893 [info] Getting sessions for read:user,repo,user:email,workflow...
2026-06-07 19:26:16.893 [info] Got 1 sessions for read:user,repo,user:email,workflow...
2026-06-07 19:26:19.324 [info] Getting sessions for all scopes...
2026-06-07 19:26:19.324 [info] Got 1 sessions for ...
2026-06-07 19:26:19.325 [info] Getting sessions for all scopes...
2026-06-07 19:26:19.325 [info] Got 1 sessions for ...
2026-06-07 19:26:22.501 [info] Getting sessions for all scopes...
2026-06-07 19:26:22.501 [info] Got 1 sessions for ...
2026-06-07 19:26:22.503 [info] Getting sessions for all scopes...
2026-06-07 19:26:22.503 [info] Got 1 sessions for ...
2026-06-07 19:26:22.956 [info] Getting sessions for all scopes...
2026-06-07 19:26:22.956 [info] Got 1 sessions for ...
2026-06-07 19:26:22.956 [info] Getting sessions for all scopes...
2026-06-07 19:26:22.956 [info] Got 1 sessions for ...
2026-06-07 19:26:24.426 [info] Getting sessions for all scopes...
2026-06-07 19:26:24.426 [info] Got 1 sessions for ...
2026-06-07 19:26:24.427 [info] Getting sessions for all scopes...
2026-06-07 19:26:24.427 [info] Got 1 sessions for ...
2026-06-07 19:26:29.776 [info] Getting sessions for all scopes...
2026-06-07 19:26:29.776 [info] Got 1 sessions for ...
2026-06-07 19:26:29.777 [info] Getting sessions for all scopes...
2026-06-07 19:26:29.777 [info] Got 1 sessions for ...
2026-06-07 19:27:09.569 [info] Getting sessions for all scopes...
2026-06-07 19:27:09.569 [info] Got 1 sessions for ...
2026-06-07 19:27:09.569 [info] Getting sessions for all scopes...
2026-06-07 19:27:09.569 [info] Got 1 sessions for ...
2026-06-07 19:27:21.583 [info] Getting sessions for all scopes...
2026-06-07 19:27:21.583 [info] Got 1 sessions for ...
2026-06-07 19:27:21.584 [info] Getting sessions for all scopes...
2026-06-07 19:27:21.584 [info] Got 1 sessions for ...
2026-06-07 19:27:25.430 [info] Getting sessions for all scopes...
2026-06-07 19:27:25.430 [info] Got 1 sessions for ...
2026-06-07 19:27:25.430 [info] Getting sessions for all scopes...
2026-06-07 19:27:25.430 [info] Got 1 sessions for ...
2026-06-07 19:27:32.332 [info] Getting sessions for all scopes...
2026-06-07 19:27:32.332 [info] Got 1 sessions for ...
2026-06-07 19:27:32.333 [info] Getting sessions for all scopes...
2026-06-07 19:27:32.333 [info] Got 1 sessions for ...
2026-06-07 19:27:35.611 [info] Getting sessions for all scopes...
2026-06-07 19:27:35.611 [info] Got 1 sessions for ...
2026-06-07 19:27:35.612 [info] Getting sessions for all scopes...
2026-06-07 19:27:35.612 [info] Got 1 sessions for ...
2026-06-07 19:30:08.510 [info] Getting sessions for all scopes...
2026-06-07 19:30:08.510 [info] Got 1 sessions for ...
2026-06-07 19:30:08.517 [info] Getting sessions for all scopes...
2026-06-07 19:30:08.517 [info] Got 1 sessions for ...
2026-06-07 19:30:54.998 [info] Getting sessions for all scopes...
2026-06-07 19:30:54.998 [info] Got 1 sessions for ...
2026-06-07 19:30:54.998 [info] Getting sessions for all scopes...
2026-06-07 19:30:54.998 [info] Got 1 sessions for ...
2026-06-07 19:32:28.800 [info] Getting sessions for all scopes...
2026-06-07 19:32:28.800 [info] Got 1 sessions for ...
2026-06-07 19:32:28.824 [info] Getting sessions for all scopes...
2026-06-07 19:32:28.824 [info] Got 1 sessions for ...
2026-06-07 19:32:29.078 [info] Getting sessions for all scopes...
2026-06-07 19:32:29.079 [info] Got 1 sessions for ...
2026-06-07 19:32:29.079 [info] Getting sessions for all scopes...
2026-06-07 19:32:29.079 [info] Got 1 sessions for ...
2026-06-07 19:32:29.346 [info] Getting sessions for all scopes...
2026-06-07 19:32:29.346 [info] Got 1 sessions for ...
2026-06-07 19:32:29.347 [info] Getting sessions for all scopes...
2026-06-07 19:32:29.347 [info] Got 1 sessions for ...
2026-06-07 19:33:43.353 [info] Getting sessions for all scopes...
2026-06-07 19:33:43.353 [info] Got 1 sessions for ...
2026-06-07 19:33:43.354 [info] Getting sessions for all scopes...
2026-06-07 19:33:43.354 [info] Got 1 sessions for ...
2026-06-07 19:35:34.425 [info] Getting sessions for all scopes...
2026-06-07 19:35:34.425 [info] Got 1 sessions for ...
2026-06-07 19:35:34.427 [info] Getting sessions for all scopes...
2026-06-07 19:35:34.427 [info] Got 1 sessions for ...
2026-06-07 19:35:40.576 [info] Getting sessions for all scopes...
2026-06-07 19:35:40.576 [info] Got 1 sessions for ...
2026-06-07 19:35:40.576 [info] Getting sessions for all scopes...
2026-06-07 19:35:40.576 [info] Got 1 sessions for ...
2026-06-07 19:35:45.405 [info] Getting sessions for all scopes...
2026-06-07 19:35:45.406 [info] Got 1 sessions for ...
2026-06-07 19:35:45.407 [info] Getting sessions for all scopes...
2026-06-07 19:35:45.407 [info] Got 1 sessions for ...
2026-06-07 19:35:51.091 [info] Getting sessions for all scopes...
2026-06-07 19:35:51.091 [info] Got 1 sessions for ...
2026-06-07 19:35:51.091 [info] Getting sessions for all scopes...
2026-06-07 19:35:51.091 [info] Got 1 sessions for ...
2026-06-07 19:35:56.315 [info] Getting sessions for all scopes...
2026-06-07 19:35:56.315 [info] Got 1 sessions for ...
2026-06-07 19:35:56.315 [info] Getting sessions for all scopes...
2026-06-07 19:35:56.315 [info] Got 1 sessions for ...
2026-06-07 19:36:22.789 [info] Getting sessions for all scopes...
2026-06-07 19:36:22.789 [info] Got 1 sessions for ...
2026-06-07 19:36:22.789 [info] Getting sessions for all scopes...
2026-06-07 19:36:22.790 [info] Got 1 sessions for ...
2026-06-07 19:36:50.805 [info] Getting sessions for all scopes...
2026-06-07 19:36:50.805 [info] Got 1 sessions for ...
2026-06-07 19:36:50.807 [info] Getting sessions for all scopes...
2026-06-07 19:36:50.807 [info] Got 1 sessions for ...
2026-06-07 19:36:55.759 [info] Getting sessions for all scopes...
2026-06-07 19:36:55.759 [info] Got 1 sessions for ...
2026-06-07 19:36:55.760 [info] Getting sessions for all scopes...
2026-06-07 19:36:55.760 [info] Got 1 sessions for ...
2026-06-07 19:36:58.509 [info] Getting sessions for all scopes...
2026-06-07 19:36:58.509 [info] Got 1 sessions for ...
2026-06-07 19:36:58.509 [info] Getting sessions for all scopes...
2026-06-07 19:36:58.509 [info] Got 1 sessions for ...
2026-06-07 19:37:16.815 [info] Getting sessions for all scopes...
2026-06-07 19:37:16.815 [info] Got 1 sessions for ...
2026-06-07 19:37:16.815 [info] Getting sessions for all scopes...
2026-06-07 19:37:16.815 [info] Got 1 sessions for ...
2026-06-07 19:37:25.582 [info] Getting sessions for all scopes...
2026-06-07 19:37:25.582 [info] Got 1 sessions for ...
2026-06-07 19:37:25.582 [info] Getting sessions for all scopes...
2026-06-07 19:37:25.583 [info] Got 1 sessions for ...
2026-06-07 19:37:27.644 [info] Getting sessions for all scopes...
2026-06-07 19:37:27.644 [info] Got 1 sessions for ...
2026-06-07 19:37:27.645 [info] Getting sessions for all scopes...
2026-06-07 19:37:27.645 [info] Got 1 sessions for ...
2026-06-07 19:37:32.939 [info] Getting sessions for all scopes...
2026-06-07 19:37:32.939 [info] Got 1 sessions for ...
2026-06-07 19:37:32.940 [info] Getting sessions for all scopes...
2026-06-07 19:37:32.940 [info] Got 1 sessions for ...
2026-06-07 19:37:51.596 [info] Getting sessions for all scopes...
2026-06-07 19:37:51.596 [info] Got 1 sessions for ...
2026-06-07 19:37:51.599 [info] Getting sessions for all scopes...
2026-06-07 19:37:51.599 [info] Got 1 sessions for ...
2026-06-07 19:38:06.751 [info] Getting sessions for all scopes...
2026-06-07 19:38:06.751 [info] Got 1 sessions for ...
2026-06-07 19:38:06.754 [info] Getting sessions for all scopes...
2026-06-07 19:38:06.754 [info] Got 1 sessions for ...
2026-06-07 19:38:15.652 [info] Getting sessions for all scopes...
2026-06-07 19:38:15.652 [info] Got 1 sessions for ...
2026-06-07 19:38:15.652 [info] Getting sessions for all scopes...
2026-06-07 19:38:15.652 [info] Got 1 sessions for ...
2026-06-07 19:38:32.133 [info] Getting sessions for all scopes...
2026-06-07 19:38:32.133 [info] Got 1 sessions for ...
2026-06-07 19:38:32.133 [info] Getting sessions for all scopes...
2026-06-07 19:38:32.133 [info] Got 1 sessions for ...
2026-06-07 19:38:33.974 [info] Getting sessions for all scopes...
2026-06-07 19:38:33.974 [info] Got 1 sessions for ...
2026-06-07 19:38:33.974 [info] Getting sessions for all scopes...
2026-06-07 19:38:33.974 [info] Got 1 sessions for ...
2026-06-07 19:38:36.229 [info] Getting sessions for all scopes...
2026-06-07 19:38:36.229 [info] Got 1 sessions for ...
2026-06-07 19:38:36.230 [info] Getting sessions for all scopes...
2026-06-07 19:38:36.230 [info] Got 1 sessions for ...
2026-06-07 19:39:35.008 [info] Getting sessions for all scopes...
2026-06-07 19:39:35.008 [info] Got 1 sessions for ...
2026-06-07 19:39:35.009 [info] Getting sessions for all scopes...
2026-06-07 19:39:35.009 [info] Got 1 sessions for ...
2026-06-07 19:39:42.211 [info] Getting sessions for all scopes...
2026-06-07 19:39:42.211 [info] Got 1 sessions for ...
2026-06-07 19:39:42.212 [info] Getting sessions for all scopes...
2026-06-07 19:39:42.212 [info] Got 1 sessions for ...
2026-06-07 19:39:49.749 [info] Getting sessions for all scopes...
2026-06-07 19:39:49.749 [info] Got 1 sessions for ...
2026-06-07 19:39:49.749 [info] Getting sessions for all scopes...
2026-06-07 19:39:49.749 [info] Got 1 sessions for ...
2026-06-07 19:40:03.511 [info] Getting sessions for all scopes...
2026-06-07 19:40:03.511 [info] Got 1 sessions for ...
2026-06-07 19:40:03.512 [info] Getting sessions for all scopes...
2026-06-07 19:40:03.512 [info] Got 1 sessions for ...
2026-06-07 19:40:23.697 [info] Getting sessions for all scopes...
2026-06-07 19:40:23.697 [info] Got 1 sessions for ...
2026-06-07 19:40:23.699 [info] Getting sessions for all scopes...
2026-06-07 19:40:23.699 [info] Got 1 sessions for ...
2026-06-07 19:40:31.207 [info] Getting sessions for all scopes...
2026-06-07 19:40:31.207 [info] Got 1 sessions for ...
2026-06-07 19:40:31.209 [info] Getting sessions for all scopes...
2026-06-07 19:40:31.209 [info] Got 1 sessions for ...
2026-06-07 19:41:56.871 [info] Getting sessions for all scopes...
2026-06-07 19:41:56.871 [info] Got 1 sessions for ...
2026-06-07 19:41:56.874 [info] Getting sessions for all scopes...
2026-06-07 19:41:56.874 [info] Got 1 sessions for ...
2026-06-07 19:42:20.169 [info] Getting sessions for all scopes...
2026-06-07 19:42:20.170 [info] Got 1 sessions for ...
2026-06-07 19:42:20.205 [info] Getting sessions for all scopes...
2026-06-07 19:42:20.205 [info] Got 1 sessions for ...
2026-06-07 19:42:23.454 [info] Getting sessions for all scopes...
2026-06-07 19:42:23.454 [info] Got 1 sessions for ...
2026-06-07 19:42:23.455 [info] Getting sessions for all scopes...
2026-06-07 19:42:23.455 [info] Got 1 sessions for ...
2026-06-07 19:42:32.679 [info] Getting sessions for all scopes...
2026-06-07 19:42:32.679 [info] Got 1 sessions for ...
2026-06-07 19:42:32.680 [info] Getting sessions for all scopes...
2026-06-07 19:42:32.680 [info] Got 1 sessions for ...
2026-06-07 19:42:42.552 [info] Getting sessions for all scopes...
2026-06-07 19:42:42.552 [info] Got 1 sessions for ...
2026-06-07 19:42:42.555 [info] Getting sessions for all scopes...
2026-06-07 19:42:42.555 [info] Got 1 sessions for ...
2026-06-07 19:42:51.709 [info] Getting sessions for all scopes...
2026-06-07 19:42:51.709 [info] Got 1 sessions for ...
2026-06-07 19:42:51.710 [info] Getting sessions for all scopes...
2026-06-07 19:42:51.710 [info] Got 1 sessions for ...
2026-06-07 19:42:55.122 [info] Getting sessions for all scopes...
2026-06-07 19:42:55.122 [info] Got 1 sessions for ...
2026-06-07 19:42:55.125 [info] Getting sessions for all scopes...
2026-06-07 19:42:55.125 [info] Got 1 sessions for ...
2026-06-07 19:44:26.576 [info] Getting sessions for all scopes...
2026-06-07 19:44:26.576 [info] Got 1 sessions for ...
2026-06-07 19:44:26.576 [info] Getting sessions for all scopes...
2026-06-07 19:44:26.576 [info] Got 1 sessions for ...
