2026-06-28 06:51:30.947 [info] [main] Log level: Info
2026-06-28 06:51:30.947 [info] [main] Validating found git in: "git"
2026-06-28 06:51:30.947 [info] [main] Using git "2.54.0" from "git"
2026-06-28 06:51:30.947 [info] [Model][doInitialScan] Initial repository scan started
2026-06-28 06:51:30.947 [info] > git rev-parse --show-toplevel [23ms]
2026-06-28 06:51:30.947 [info] fatal: not a git repository (or any parent up to mount point /)
Stopping at filesystem boundary (GIT_DISCOVERY_ACROSS_FILESYSTEM not set).
2026-06-28 06:51:30.947 [info] > git rev-parse --show-toplevel [234ms]
2026-06-28 06:51:30.947 [info] fatal: not a git repository (or any parent up to mount point /)
Stopping at filesystem boundary (GIT_DISCOVERY_ACROSS_FILESYSTEM not set).
2026-06-28 06:51:30.951 [info] > git rev-parse --show-toplevel [10ms]
2026-06-28 06:51:30.951 [info] fatal: not a git repository (or any parent up to mount point /)
Stopping at filesystem boundary (GIT_DISCOVERY_ACROSS_FILESYSTEM not set).
2026-06-28 06:51:30.966 [info] > git rev-parse --show-toplevel [8ms]
2026-06-28 06:51:30.966 [info] fatal: not a git repository (or any parent up to mount point /)
Stopping at filesystem boundary (GIT_DISCOVERY_ACROSS_FILESYSTEM not set).
2026-06-28 06:51:31.117 [info] > git rev-parse --show-toplevel [126ms]
2026-06-28 06:51:31.117 [info] fatal: not a git repository (or any parent up to mount point /)
Stopping at filesystem boundary (GIT_DISCOVERY_ACROSS_FILESYSTEM not set).
2026-06-28 06:51:31.247 [info] > git rev-parse --show-toplevel [61ms]
2026-06-28 06:51:31.247 [info] fatal: not a git repository (or any parent up to mount point /)
Stopping at filesystem boundary (GIT_DISCOVERY_ACROSS_FILESYSTEM not set).
2026-06-28 06:51:31.336 [info] > git rev-parse --show-toplevel [4ms]
2026-06-28 06:51:31.336 [info] fatal: not a git repository (or any parent up to mount point /)
Stopping at filesystem boundary (GIT_DISCOVERY_ACROSS_FILESYSTEM not set).
2026-06-28 06:51:31.384 [info] > git rev-parse --show-toplevel [41ms]
2026-06-28 06:51:31.384 [info] fatal: not a git repository (or any parent up to mount point /)
Stopping at filesystem boundary (GIT_DISCOVERY_ACROSS_FILESYSTEM not set).
2026-06-28 06:51:31.394 [info] > git rev-parse --show-toplevel [3ms]
2026-06-28 06:51:31.395 [info] fatal: not a git repository (or any parent up to mount point /)
Stopping at filesystem boundary (GIT_DISCOVERY_ACROSS_FILESYSTEM not set).
2026-06-28 06:51:31.408 [info] > git rev-parse --show-toplevel [4ms]
2026-06-28 06:51:31.408 [info] fatal: not a git repository (or any parent up to mount point /)
Stopping at filesystem boundary (GIT_DISCOVERY_ACROSS_FILESYSTEM not set).
2026-06-28 06:51:31.417 [info] > git rev-parse --show-toplevel [2ms]
2026-06-28 06:51:31.417 [info] fatal: not a git repository (or any parent up to mount point /)
Stopping at filesystem boundary (GIT_DISCOVERY_ACROSS_FILESYSTEM not set).
2026-06-28 06:51:31.426 [info] > git rev-parse --show-toplevel [2ms]
2026-06-28 06:51:31.426 [info] fatal: not a git repository (or any parent up to mount point /)
Stopping at filesystem boundary (GIT_DISCOVERY_ACROSS_FILESYSTEM not set).
2026-06-28 06:51:31.429 [info] [Model][doInitialScan] Initial repository scan completed - repositories (0), closed repositories (0), parent repositories (0), unsafe repositories (0)
2026-06-28 06:51:32.815 [info] > git rev-parse --show-toplevel [34ms]
2026-06-28 06:51:32.815 [info] fatal: not a git repository (or any parent up to mount point /)
Stopping at filesystem boundary (GIT_DISCOVERY_ACROSS_FILESYSTEM not set).
2026-06-28 06:51:33.248 [info] > git rev-parse --show-toplevel [7ms]
2026-06-28 06:51:33.248 [info] fatal: not a git repository (or any parent up to mount point /)
Stopping at filesystem boundary (GIT_DISCOVERY_ACROSS_FILESYSTEM not set).
2026-06-28 06:51:33.250 [info] > git rev-parse --show-toplevel [3ms]
2026-06-28 06:51:33.250 [info] fatal: not a git repository (or any parent up to mount point /)
Stopping at filesystem boundary (GIT_DISCOVERY_ACROSS_FILESYSTEM not set).
2026-06-28 06:51:34.884 [info] > git rev-parse --show-toplevel [1ms]
2026-06-28 06:51:34.884 [info] fatal: not a git repository (or any parent up to mount point /)
Stopping at filesystem boundary (GIT_DISCOVERY_ACROSS_FILESYSTEM not set).
2026-06-28 07:08:45.336 [info] > git rev-parse --show-toplevel [2ms]
2026-06-28 07:08:45.336 [info] fatal: not a git repository (or any parent up to mount point /)
Stopping at filesystem boundary (GIT_DISCOVERY_ACROSS_FILESYSTEM not set).
2026-06-28 07:09:10.668 [info] > git rev-parse --show-toplevel [2ms]
2026-06-28 07:09:10.668 [info] fatal: not a git repository (or any parent up to mount point /)
Stopping at filesystem boundary (GIT_DISCOVERY_ACROSS_FILESYSTEM not set).
2026-06-28 07:09:13.418 [info] > git rev-parse --show-toplevel [1ms]
2026-06-28 07:09:13.419 [info] fatal: not a git repository (or any parent up to mount point /)
Stopping at filesystem boundary (GIT_DISCOVERY_ACROSS_FILESYSTEM not set).
2026-06-28 07:10:27.932 [info] > git rev-parse --show-toplevel [1ms]
2026-06-28 07:10:27.932 [info] fatal: not a git repository (or any parent up to mount point /)
Stopping at filesystem boundary (GIT_DISCOVERY_ACROSS_FILESYSTEM not set).
2026-06-28 07:10:32.820 [info] > git rev-parse --show-toplevel [1ms]
2026-06-28 07:10:32.820 [info] fatal: not a git repository (or any parent up to mount point /)
Stopping at filesystem boundary (GIT_DISCOVERY_ACROSS_FILESYSTEM not set).
2026-06-28 07:11:49.346 [info] > git rev-parse --show-toplevel [2ms]
2026-06-28 07:11:49.346 [info] fatal: not a git repository (or any parent up to mount point /)
Stopping at filesystem boundary (GIT_DISCOVERY_ACROSS_FILESYSTEM not set).
2026-06-28 07:12:00.176 [info] > git rev-parse --show-toplevel [2ms]
2026-06-28 07:12:00.176 [info] fatal: not a git repository (or any parent up to mount point /)
Stopping at filesystem boundary (GIT_DISCOVERY_ACROSS_FILESYSTEM not set).
2026-06-28 07:15:37.202 [info] > git rev-parse --show-toplevel [1ms]
2026-06-28 07:15:37.202 [info] fatal: not a git repository (or any parent up to mount point /)
Stopping at filesystem boundary (GIT_DISCOVERY_ACROSS_FILESYSTEM not set).
2026-06-28 07:15:38.188 [info] > git rev-parse --show-toplevel [2ms]
2026-06-28 07:15:38.188 [info] fatal: not a git repository (or any parent up to mount point /)
Stopping at filesystem boundary (GIT_DISCOVERY_ACROSS_FILESYSTEM not set).
2026-06-28 07:15:39.070 [info] > git rev-parse --show-toplevel [1ms]
2026-06-28 07:15:39.070 [info] fatal: not a git repository (or any parent up to mount point /)
Stopping at filesystem boundary (GIT_DISCOVERY_ACROSS_FILESYSTEM not set).
2026-06-28 07:15:39.521 [info] > git rev-parse --show-toplevel [1ms]
2026-06-28 07:15:39.521 [info] fatal: not a git repository (or any parent up to mount point /)
Stopping at filesystem boundary (GIT_DISCOVERY_ACROSS_FILESYSTEM not set).
2026-06-28 07:15:40.227 [info] > git rev-parse --show-toplevel [1ms]
2026-06-28 07:15:40.227 [info] fatal: not a git repository (or any parent up to mount point /)
Stopping at filesystem boundary (GIT_DISCOVERY_ACROSS_FILESYSTEM not set).
2026-06-28 07:19:22.615 [info] > git rev-parse --show-toplevel [2ms]
2026-06-28 07:19:22.615 [info] fatal: not a git repository (or any parent up to mount point /)
Stopping at filesystem boundary (GIT_DISCOVERY_ACROSS_FILESYSTEM not set).
2026-06-28 07:23:01.768 [info] > git rev-parse --show-toplevel [0ms]
2026-06-28 07:23:01.768 [info] fatal: not a git repository (or any parent up to mount point /)
Stopping at filesystem boundary (GIT_DISCOVERY_ACROSS_FILESYSTEM not set).
2026-06-28 07:25:34.808 [info] > git rev-parse --show-toplevel [1ms]
2026-06-28 07:25:34.808 [info] fatal: not a git repository (or any parent up to mount point /)
Stopping at filesystem boundary (GIT_DISCOVERY_ACROSS_FILESYSTEM not set).
2026-06-28 07:25:37.216 [info] > git rev-parse --show-toplevel [2ms]
2026-06-28 07:25:37.216 [info] fatal: not a git repository (or any parent up to mount point /)
Stopping at filesystem boundary (GIT_DISCOVERY_ACROSS_FILESYSTEM not set).
2026-06-28 07:25:38.478 [info] > git rev-parse --show-toplevel [1ms]
2026-06-28 07:25:38.478 [info] fatal: not a git repository (or any parent up to mount point /)
Stopping at filesystem boundary (GIT_DISCOVERY_ACROSS_FILESYSTEM not set).
2026-06-28 08:29:04.278 [info] > git rev-parse --show-toplevel [1ms]
2026-06-28 08:29:04.278 [info] fatal: not a git repository (or any parent up to mount point /)
Stopping at filesystem boundary (GIT_DISCOVERY_ACROSS_FILESYSTEM not set).
2026-06-28 08:29:27.441 [info] > git rev-parse --show-toplevel [1ms]
2026-06-28 08:29:27.441 [info] fatal: not a git repository (or any parent up to mount point /)
Stopping at filesystem boundary (GIT_DISCOVERY_ACROSS_FILESYSTEM not set).
2026-06-28 08:29:37.492 [info] > git rev-parse --show-toplevel [3ms]
2026-06-28 08:29:37.492 [info] fatal: not a git repository (or any parent up to mount point /)
Stopping at filesystem boundary (GIT_DISCOVERY_ACROSS_FILESYSTEM not set).
2026-06-28 08:29:42.989 [info] > git rev-parse --show-toplevel [2ms]
2026-06-28 08:29:42.989 [info] fatal: not a git repository (or any parent up to mount point /)
Stopping at filesystem boundary (GIT_DISCOVERY_ACROSS_FILESYSTEM not set).
2026-06-28 08:29:47.618 [info] > git rev-parse --show-toplevel [1ms]
2026-06-28 08:29:47.618 [info] fatal: not a git repository (or any parent up to mount point /)
Stopping at filesystem boundary (GIT_DISCOVERY_ACROSS_FILESYSTEM not set).
2026-06-28 08:30:02.654 [info] > git rev-parse --show-toplevel [1ms]
2026-06-28 08:30:02.654 [info] fatal: not a git repository (or any parent up to mount point /)
Stopping at filesystem boundary (GIT_DISCOVERY_ACROSS_FILESYSTEM not set).
2026-06-28 08:30:33.133 [info] > git rev-parse --show-toplevel [1ms]
2026-06-28 08:30:33.133 [info] fatal: not a git repository (or any parent up to mount point /)
Stopping at filesystem boundary (GIT_DISCOVERY_ACROSS_FILESYSTEM not set).
2026-06-28 08:30:34.174 [info] > git rev-parse --show-toplevel [1ms]
2026-06-28 08:30:34.174 [info] fatal: not a git repository (or any parent up to mount point /)
Stopping at filesystem boundary (GIT_DISCOVERY_ACROSS_FILESYSTEM not set).
2026-06-28 08:30:37.767 [info] > git rev-parse --show-toplevel [1ms]
2026-06-28 08:30:37.767 [info] fatal: not a git repository (or any parent up to mount point /)
Stopping at filesystem boundary (GIT_DISCOVERY_ACROSS_FILESYSTEM not set).
2026-06-28 08:39:14.607 [info] > git rev-parse --show-toplevel [2ms]
2026-06-28 08:39:14.607 [info] fatal: not a git repository (or any parent up to mount point /)
Stopping at filesystem boundary (GIT_DISCOVERY_ACROSS_FILESYSTEM not set).
2026-06-28 08:39:17.670 [info] > git rev-parse --show-toplevel [1ms]
2026-06-28 08:39:17.670 [info] fatal: not a git repository (or any parent up to mount point /)
Stopping at filesystem boundary (GIT_DISCOVERY_ACROSS_FILESYSTEM not set).
2026-06-28 08:39:26.963 [info] > git rev-parse --show-toplevel [1ms]
2026-06-28 08:39:26.963 [info] fatal: not a git repository (or any parent up to mount point /)
Stopping at filesystem boundary (GIT_DISCOVERY_ACROSS_FILESYSTEM not set).
2026-06-28 08:39:27.830 [info] > git rev-parse --show-toplevel [1ms]
2026-06-28 08:39:27.830 [info] fatal: not a git repository (or any parent up to mount point /)
Stopping at filesystem boundary (GIT_DISCOVERY_ACROSS_FILESYSTEM not set).
2026-06-28 09:03:08.263 [info] > git rev-parse --show-toplevel [1ms]
2026-06-28 09:03:08.263 [info] fatal: not a git repository (or any parent up to mount point /)
Stopping at filesystem boundary (GIT_DISCOVERY_ACROSS_FILESYSTEM not set).
2026-06-28 09:52:38.578 [info] > git rev-parse --show-toplevel [2ms]
2026-06-28 09:52:38.578 [info] fatal: not a git repository (or any parent up to mount point /)
Stopping at filesystem boundary (GIT_DISCOVERY_ACROSS_FILESYSTEM not set).
2026-06-28 09:52:43.847 [info] > git rev-parse --show-toplevel [1ms]
2026-06-28 09:52:43.847 [info] fatal: not a git repository (or any parent up to mount point /)
Stopping at filesystem boundary (GIT_DISCOVERY_ACROSS_FILESYSTEM not set).
2026-06-28 09:53:10.415 [info] > git rev-parse --show-toplevel [1ms]
2026-06-28 09:53:10.415 [info] fatal: not a git repository (or any parent up to mount point /)
Stopping at filesystem boundary (GIT_DISCOVERY_ACROSS_FILESYSTEM not set).
2026-06-28 09:53:31.226 [info] > git rev-parse --show-toplevel [1ms]
2026-06-28 09:53:31.226 [info] fatal: not a git repository (or any parent up to mount point /)
Stopping at filesystem boundary (GIT_DISCOVERY_ACROSS_FILESYSTEM not set).
2026-06-28 09:53:57.961 [info] > git rev-parse --show-toplevel [1ms]
2026-06-28 09:53:57.961 [info] fatal: not a git repository (or any parent up to mount point /)
Stopping at filesystem boundary (GIT_DISCOVERY_ACROSS_FILESYSTEM not set).
2026-06-28 09:56:07.953 [info] > git rev-parse --show-toplevel [1ms]
2026-06-28 09:56:07.953 [info] fatal: not a git repository (or any parent up to mount point /)
Stopping at filesystem boundary (GIT_DISCOVERY_ACROSS_FILESYSTEM not set).
2026-06-28 09:56:10.604 [info] > git rev-parse --show-toplevel [1ms]
2026-06-28 09:56:10.604 [info] fatal: not a git repository (or any parent up to mount point /)
Stopping at filesystem boundary (GIT_DISCOVERY_ACROSS_FILESYSTEM not set).
2026-06-28 09:56:39.115 [info] > git rev-parse --show-toplevel [2ms]
2026-06-28 09:56:39.115 [info] fatal: not a git repository (or any parent up to mount point /)
Stopping at filesystem boundary (GIT_DISCOVERY_ACROSS_FILESYSTEM not set).
2026-06-28 09:56:39.872 [info] > git rev-parse --show-toplevel [1ms]
2026-06-28 09:56:39.872 [info] fatal: not a git repository (or any parent up to mount point /)
Stopping at filesystem boundary (GIT_DISCOVERY_ACROSS_FILESYSTEM not set).
2026-06-28 09:56:40.913 [info] > git rev-parse --show-toplevel [15ms]
2026-06-28 09:56:40.914 [info] fatal: not a git repository (or any parent up to mount point /)
Stopping at filesystem boundary (GIT_DISCOVERY_ACROSS_FILESYSTEM not set).
2026-06-28 09:56:42.097 [info] > git rev-parse --show-toplevel [2ms]
2026-06-28 09:56:42.097 [info] fatal: not a git repository (or any parent up to mount point /)
Stopping at filesystem boundary (GIT_DISCOVERY_ACROSS_FILESYSTEM not set).
2026-06-28 09:56:42.767 [info] > git rev-parse --show-toplevel [1ms]
2026-06-28 09:56:42.767 [info] fatal: not a git repository (or any parent up to mount point /)
Stopping at filesystem boundary (GIT_DISCOVERY_ACROSS_FILESYSTEM not set).
2026-06-28 09:57:35.682 [info] > git rev-parse --show-toplevel [1ms]
2026-06-28 09:57:35.682 [info] fatal: not a git repository (or any parent up to mount point /)
Stopping at filesystem boundary (GIT_DISCOVERY_ACROSS_FILESYSTEM not set).
2026-06-28 09:57:42.451 [info] > git rev-parse --show-toplevel [1ms]
2026-06-28 09:57:42.451 [info] fatal: not a git repository (or any parent up to mount point /)
Stopping at filesystem boundary (GIT_DISCOVERY_ACROSS_FILESYSTEM not set).
2026-06-28 09:58:09.767 [info] > git rev-parse --show-toplevel [1ms]
2026-06-28 09:58:09.768 [info] fatal: not a git repository (or any parent up to mount point /)
Stopping at filesystem boundary (GIT_DISCOVERY_ACROSS_FILESYSTEM not set).
2026-06-28 09:58:13.173 [info] > git rev-parse --show-toplevel [1ms]
2026-06-28 09:58:13.173 [info] fatal: not a git repository (or any parent up to mount point /)
Stopping at filesystem boundary (GIT_DISCOVERY_ACROSS_FILESYSTEM not set).
2026-06-28 10:14:33.073 [info] > git rev-parse --show-toplevel [1ms]
2026-06-28 10:14:33.073 [info] fatal: not a git repository (or any parent up to mount point /)
Stopping at filesystem boundary (GIT_DISCOVERY_ACROSS_FILESYSTEM not set).
2026-06-28 10:14:35.784 [info] > git rev-parse --show-toplevel [1ms]
2026-06-28 10:14:35.784 [info] fatal: not a git repository (or any parent up to mount point /)
Stopping at filesystem boundary (GIT_DISCOVERY_ACROSS_FILESYSTEM not set).
2026-06-28 10:14:36.310 [info] > git rev-parse --show-toplevel [1ms]
2026-06-28 10:14:36.310 [info] fatal: not a git repository (or any parent up to mount point /)
Stopping at filesystem boundary (GIT_DISCOVERY_ACROSS_FILESYSTEM not set).
2026-06-28 10:15:23.577 [info] > git rev-parse --show-toplevel [2ms]
2026-06-28 10:15:23.577 [info] fatal: not a git repository (or any parent up to mount point /)
Stopping at filesystem boundary (GIT_DISCOVERY_ACROSS_FILESYSTEM not set).
2026-06-28 10:17:00.310 [info] > git rev-parse --show-toplevel [1ms]
2026-06-28 10:17:00.310 [info] fatal: not a git repository (or any parent up to mount point /)
Stopping at filesystem boundary (GIT_DISCOVERY_ACROSS_FILESYSTEM not set).
2026-06-28 10:17:18.721 [info] > git rev-parse --show-toplevel [1ms]
2026-06-28 10:17:18.721 [info] fatal: not a git repository (or any parent up to mount point /)
Stopping at filesystem boundary (GIT_DISCOVERY_ACROSS_FILESYSTEM not set).
2026-06-28 10:20:34.203 [info] > git rev-parse --show-toplevel [0ms]
2026-06-28 10:20:34.204 [info] fatal: not a git repository (or any parent up to mount point /)
Stopping at filesystem boundary (GIT_DISCOVERY_ACROSS_FILESYSTEM not set).
2026-06-28 10:22:33.759 [info] > git rev-parse --show-toplevel [1ms]
2026-06-28 10:22:33.759 [info] fatal: not a git repository (or any parent up to mount point /)
Stopping at filesystem boundary (GIT_DISCOVERY_ACROSS_FILESYSTEM not set).
2026-06-28 10:32:28.419 [info] > git rev-parse --show-toplevel [4ms]
2026-06-28 10:32:28.419 [info] fatal: not a git repository (or any parent up to mount point /)
Stopping at filesystem boundary (GIT_DISCOVERY_ACROSS_FILESYSTEM not set).
2026-06-28 11:03:25.482 [info] > git rev-parse --show-toplevel [1ms]
2026-06-28 11:03:25.482 [info] fatal: not a git repository (or any parent up to mount point /)
Stopping at filesystem boundary (GIT_DISCOVERY_ACROSS_FILESYSTEM not set).
2026-06-28 11:03:45.249 [info] > git rev-parse --show-toplevel [1ms]
2026-06-28 11:03:45.249 [info] fatal: not a git repository (or any parent up to mount point /)
Stopping at filesystem boundary (GIT_DISCOVERY_ACROSS_FILESYSTEM not set).
2026-06-28 11:06:27.609 [info] > git rev-parse --show-toplevel [1ms]
2026-06-28 11:06:27.609 [info] fatal: not a git repository (or any parent up to mount point /)
Stopping at filesystem boundary (GIT_DISCOVERY_ACROSS_FILESYSTEM not set).
2026-06-28 11:06:36.700 [info] > git rev-parse --show-toplevel [1ms]
2026-06-28 11:06:36.700 [info] fatal: not a git repository (or any parent up to mount point /)
Stopping at filesystem boundary (GIT_DISCOVERY_ACROSS_FILESYSTEM not set).
2026-06-28 11:06:37.182 [info] > git rev-parse --show-toplevel [1ms]
2026-06-28 11:06:37.182 [info] fatal: not a git repository (or any parent up to mount point /)
Stopping at filesystem boundary (GIT_DISCOVERY_ACROSS_FILESYSTEM not set).
2026-06-28 11:07:03.098 [info] > git rev-parse --show-toplevel [1ms]
2026-06-28 11:07:03.098 [info] fatal: not a git repository (or any parent up to mount point /)
Stopping at filesystem boundary (GIT_DISCOVERY_ACROSS_FILESYSTEM not set).
2026-06-28 11:07:04.106 [info] > git rev-parse --show-toplevel [1ms]
2026-06-28 11:07:04.106 [info] fatal: not a git repository (or any parent up to mount point /)
Stopping at filesystem boundary (GIT_DISCOVERY_ACROSS_FILESYSTEM not set).
2026-06-28 11:07:15.711 [info] > git rev-parse --show-toplevel [1ms]
2026-06-28 11:07:15.711 [info] fatal: not a git repository (or any parent up to mount point /)
Stopping at filesystem boundary (GIT_DISCOVERY_ACROSS_FILESYSTEM not set).
2026-06-28 11:07:25.714 [info] > git rev-parse --show-toplevel [1ms]
2026-06-28 11:07:25.714 [info] fatal: not a git repository (or any parent up to mount point /)
Stopping at filesystem boundary (GIT_DISCOVERY_ACROSS_FILESYSTEM not set).
2026-06-28 11:07:28.177 [info] > git rev-parse --show-toplevel [1ms]
2026-06-28 11:07:28.177 [info] fatal: not a git repository (or any parent up to mount point /)
Stopping at filesystem boundary (GIT_DISCOVERY_ACROSS_FILESYSTEM not set).
2026-06-28 11:07:29.124 [info] > git rev-parse --show-toplevel [1ms]
2026-06-28 11:07:29.124 [info] fatal: not a git repository (or any parent up to mount point /)
Stopping at filesystem boundary (GIT_DISCOVERY_ACROSS_FILESYSTEM not set).
2026-06-28 11:08:02.289 [info] > git rev-parse --show-toplevel [1ms]
2026-06-28 11:08:02.289 [info] fatal: not a git repository (or any parent up to mount point /)
Stopping at filesystem boundary (GIT_DISCOVERY_ACROSS_FILESYSTEM not set).
2026-06-28 11:12:52.301 [info] > git rev-parse --show-toplevel [1ms]
2026-06-28 11:12:52.301 [info] fatal: not a git repository (or any parent up to mount point /)
Stopping at filesystem boundary (GIT_DISCOVERY_ACROSS_FILESYSTEM not set).
2026-06-28 17:18:25.771 [info] > git rev-parse --show-toplevel [5ms]
2026-06-28 17:18:25.772 [info] fatal: not a git repository (or any parent up to mount point /)
Stopping at filesystem boundary (GIT_DISCOVERY_ACROSS_FILESYSTEM not set).
2026-06-28 17:31:46.570 [info] > git rev-parse --show-toplevel [1ms]
2026-06-28 17:31:46.570 [info] fatal: not a git repository (or any parent up to mount point /)
Stopping at filesystem boundary (GIT_DISCOVERY_ACROSS_FILESYSTEM not set).
2026-06-28 17:33:25.832 [info] > git rev-parse --show-toplevel [1ms]
2026-06-28 17:33:25.832 [info] fatal: not a git repository (or any parent up to mount point /)
Stopping at filesystem boundary (GIT_DISCOVERY_ACROSS_FILESYSTEM not set).
2026-06-28 17:33:27.869 [info] > git rev-parse --show-toplevel [1ms]
2026-06-28 17:33:27.869 [info] fatal: not a git repository (or any parent up to mount point /)
Stopping at filesystem boundary (GIT_DISCOVERY_ACROSS_FILESYSTEM not set).
2026-06-28 17:41:08.714 [info] > git rev-parse --show-toplevel [1ms]
2026-06-28 17:41:08.714 [info] fatal: not a git repository (or any parent up to mount point /)
Stopping at filesystem boundary (GIT_DISCOVERY_ACROSS_FILESYSTEM not set).
2026-06-28 17:41:34.175 [info] > git rev-parse --show-toplevel [1ms]
2026-06-28 17:41:34.175 [info] fatal: not a git repository (or any parent up to mount point /)
Stopping at filesystem boundary (GIT_DISCOVERY_ACROSS_FILESYSTEM not set).
2026-06-28 17:59:14.065 [info] > git rev-parse --show-toplevel [1ms]
2026-06-28 17:59:14.065 [info] fatal: not a git repository (or any parent up to mount point /)
Stopping at filesystem boundary (GIT_DISCOVERY_ACROSS_FILESYSTEM not set).
2026-06-28 19:04:40.067 [info] > git rev-parse --show-toplevel [1ms]
2026-06-28 19:04:40.067 [info] fatal: not a git repository (or any parent up to mount point /)
Stopping at filesystem boundary (GIT_DISCOVERY_ACROSS_FILESYSTEM not set).
2026-06-28 19:04:55.398 [info] > git rev-parse --show-toplevel [2ms]
2026-06-28 19:04:55.398 [info] fatal: not a git repository (or any parent up to mount point /)
Stopping at filesystem boundary (GIT_DISCOVERY_ACROSS_FILESYSTEM not set).
2026-06-28 19:04:57.942 [info] > git rev-parse --show-toplevel [1ms]
2026-06-28 19:04:57.942 [info] fatal: not a git repository (or any parent up to mount point /)
Stopping at filesystem boundary (GIT_DISCOVERY_ACROSS_FILESYSTEM not set).
2026-06-28 19:41:39.697 [info] > git rev-parse --show-toplevel [1ms]
2026-06-28 19:41:39.697 [info] fatal: not a git repository (or any parent up to mount point /)
Stopping at filesystem boundary (GIT_DISCOVERY_ACROSS_FILESYSTEM not set).
2026-06-28 19:42:06.923 [info] > git rev-parse --show-toplevel [3ms]
2026-06-28 19:42:06.923 [info] fatal: not a git repository (or any parent up to mount point /)
Stopping at filesystem boundary (GIT_DISCOVERY_ACROSS_FILESYSTEM not set).
2026-06-28 19:43:24.945 [info] > git rev-parse --show-toplevel [4ms]
2026-06-28 19:43:24.945 [info] fatal: not a git repository (or any parent up to mount point /)
Stopping at filesystem boundary (GIT_DISCOVERY_ACROSS_FILESYSTEM not set).
2026-06-28 19:43:53.892 [info] > git rev-parse --show-toplevel [1ms]
2026-06-28 19:43:53.892 [info] fatal: not a git repository (or any parent up to mount point /)
Stopping at filesystem boundary (GIT_DISCOVERY_ACROSS_FILESYSTEM not set).
2026-06-28 19:45:31.358 [info] > git rev-parse --show-toplevel [2ms]
2026-06-28 19:45:31.358 [info] fatal: not a git repository (or any parent up to mount point /)
Stopping at filesystem boundary (GIT_DISCOVERY_ACROSS_FILESYSTEM not set).
2026-06-28 19:45:37.295 [info] > git rev-parse --show-toplevel [1ms]
2026-06-28 19:45:37.295 [info] fatal: not a git repository (or any parent up to mount point /)
Stopping at filesystem boundary (GIT_DISCOVERY_ACROSS_FILESYSTEM not set).
2026-06-28 19:48:34.835 [info] > git rev-parse --show-toplevel [0ms]
2026-06-28 19:48:34.835 [info] fatal: not a git repository (or any parent up to mount point /)
Stopping at filesystem boundary (GIT_DISCOVERY_ACROSS_FILESYSTEM not set).
2026-06-28 19:49:04.615 [info] > git rev-parse --show-toplevel [2ms]
2026-06-28 19:49:04.615 [info] fatal: not a git repository (or any parent up to mount point /)
Stopping at filesystem boundary (GIT_DISCOVERY_ACROSS_FILESYSTEM not set).
2026-06-28 19:50:30.688 [info] > git rev-parse --show-toplevel [1ms]
2026-06-28 19:50:30.688 [info] fatal: not a git repository (or any parent up to mount point /)
Stopping at filesystem boundary (GIT_DISCOVERY_ACROSS_FILESYSTEM not set).
2026-06-28 19:50:32.570 [info] > git rev-parse --show-toplevel [1ms]
2026-06-28 19:50:32.570 [info] fatal: not a git repository (or any parent up to mount point /)
Stopping at filesystem boundary (GIT_DISCOVERY_ACROSS_FILESYSTEM not set).
2026-06-28 19:50:40.020 [info] > git rev-parse --show-toplevel [2ms]
2026-06-28 19:50:40.020 [info] fatal: not a git repository (or any parent up to mount point /)
Stopping at filesystem boundary (GIT_DISCOVERY_ACROSS_FILESYSTEM not set).
2026-06-28 19:50:41.984 [info] > git rev-parse --show-toplevel [1ms]
2026-06-28 19:50:41.984 [info] fatal: not a git repository (or any parent up to mount point /)
Stopping at filesystem boundary (GIT_DISCOVERY_ACROSS_FILESYSTEM not set).
2026-06-28 19:50:42.438 [info] > git rev-parse --show-toplevel [2ms]
2026-06-28 19:50:42.438 [info] fatal: not a git repository (or any parent up to mount point /)
Stopping at filesystem boundary (GIT_DISCOVERY_ACROSS_FILESYSTEM not set).
2026-06-28 19:50:44.320 [info] > git rev-parse --show-toplevel [1ms]
2026-06-28 19:50:44.320 [info] fatal: not a git repository (or any parent up to mount point /)
Stopping at filesystem boundary (GIT_DISCOVERY_ACROSS_FILESYSTEM not set).
2026-06-28 19:50:44.822 [info] > git rev-parse --show-toplevel [1ms]
2026-06-28 19:50:44.822 [info] fatal: not a git repository (or any parent up to mount point /)
Stopping at filesystem boundary (GIT_DISCOVERY_ACROSS_FILESYSTEM not set).
2026-06-28 19:50:46.332 [info] > git rev-parse --show-toplevel [1ms]
2026-06-28 19:50:46.332 [info] fatal: not a git repository (or any parent up to mount point /)
Stopping at filesystem boundary (GIT_DISCOVERY_ACROSS_FILESYSTEM not set).
2026-06-28 19:50:47.246 [info] > git rev-parse --show-toplevel [1ms]
2026-06-28 19:50:47.246 [info] fatal: not a git repository (or any parent up to mount point /)
Stopping at filesystem boundary (GIT_DISCOVERY_ACROSS_FILESYSTEM not set).
2026-06-28 19:50:57.295 [info] > git rev-parse --show-toplevel [1ms]
2026-06-28 19:50:57.295 [info] fatal: not a git repository (or any parent up to mount point /)
Stopping at filesystem boundary (GIT_DISCOVERY_ACROSS_FILESYSTEM not set).
2026-06-28 19:50:57.729 [info] > git rev-parse --show-toplevel [1ms]
2026-06-28 19:50:57.729 [info] fatal: not a git repository (or any parent up to mount point /)
Stopping at filesystem boundary (GIT_DISCOVERY_ACROSS_FILESYSTEM not set).
2026-06-28 19:51:08.901 [info] > git rev-parse --show-toplevel [1ms]
2026-06-28 19:51:08.901 [info] fatal: not a git repository (or any parent up to mount point /)
Stopping at filesystem boundary (GIT_DISCOVERY_ACROSS_FILESYSTEM not set).
2026-06-28 19:51:14.399 [info] > git rev-parse --show-toplevel [1ms]
2026-06-28 19:51:14.399 [info] fatal: not a git repository (or any parent up to mount point /)
Stopping at filesystem boundary (GIT_DISCOVERY_ACROSS_FILESYSTEM not set).
2026-06-28 19:51:17.360 [info] > git rev-parse --show-toplevel [1ms]
2026-06-28 19:51:17.360 [info] fatal: not a git repository (or any parent up to mount point /)
Stopping at filesystem boundary (GIT_DISCOVERY_ACROSS_FILESYSTEM not set).
2026-06-28 19:51:18.084 [info] > git rev-parse --show-toplevel [1ms]
2026-06-28 19:51:18.084 [info] fatal: not a git repository (or any parent up to mount point /)
Stopping at filesystem boundary (GIT_DISCOVERY_ACROSS_FILESYSTEM not set).
2026-06-28 19:51:57.932 [info] > git rev-parse --show-toplevel [1ms]
2026-06-28 19:51:57.932 [info] fatal: not a git repository (or any parent up to mount point /)
Stopping at filesystem boundary (GIT_DISCOVERY_ACROSS_FILESYSTEM not set).
2026-06-28 20:04:05.804 [info] > git rev-parse --show-toplevel [1ms]
2026-06-28 20:04:05.804 [info] fatal: not a git repository (or any parent up to mount point /)
Stopping at filesystem boundary (GIT_DISCOVERY_ACROSS_FILESYSTEM not set).
2026-06-28 20:04:46.852 [info] > git rev-parse --show-toplevel [2ms]
2026-06-28 20:04:46.852 [info] fatal: not a git repository (or any parent up to mount point /)
Stopping at filesystem boundary (GIT_DISCOVERY_ACROSS_FILESYSTEM not set).
2026-06-28 20:05:00.990 [info] > git rev-parse --show-toplevel [1ms]
2026-06-28 20:05:00.990 [info] fatal: not a git repository (or any parent up to mount point /)
Stopping at filesystem boundary (GIT_DISCOVERY_ACROSS_FILESYSTEM not set).
2026-06-28 20:05:17.783 [info] > git rev-parse --show-toplevel [1ms]
2026-06-28 20:05:17.783 [info] fatal: not a git repository (or any parent up to mount point /)
Stopping at filesystem boundary (GIT_DISCOVERY_ACROSS_FILESYSTEM not set).
2026-06-28 20:05:22.208 [info] > git rev-parse --show-toplevel [1ms]
2026-06-28 20:05:22.208 [info] fatal: not a git repository (or any parent up to mount point /)
Stopping at filesystem boundary (GIT_DISCOVERY_ACROSS_FILESYSTEM not set).
2026-06-28 20:05:26.633 [info] > git rev-parse --show-toplevel [1ms]
2026-06-28 20:05:26.634 [info] fatal: not a git repository (or any parent up to mount point /)
Stopping at filesystem boundary (GIT_DISCOVERY_ACROSS_FILESYSTEM not set).
2026-06-28 20:05:34.725 [info] > git rev-parse --show-toplevel [1ms]
2026-06-28 20:05:34.725 [info] fatal: not a git repository (or any parent up to mount point /)
Stopping at filesystem boundary (GIT_DISCOVERY_ACROSS_FILESYSTEM not set).
2026-06-28 20:05:47.871 [info] > git rev-parse --show-toplevel [1ms]
2026-06-28 20:05:47.871 [info] fatal: not a git repository (or any parent up to mount point /)
Stopping at filesystem boundary (GIT_DISCOVERY_ACROSS_FILESYSTEM not set).
2026-06-28 20:05:58.721 [info] > git rev-parse --show-toplevel [1ms]
2026-06-28 20:05:58.721 [info] fatal: not a git repository (or any parent up to mount point /)
Stopping at filesystem boundary (GIT_DISCOVERY_ACROSS_FILESYSTEM not set).
2026-06-28 20:06:00.178 [info] > git rev-parse --show-toplevel [3ms]
2026-06-28 20:06:00.178 [info] fatal: not a git repository (or any parent up to mount point /)
Stopping at filesystem boundary (GIT_DISCOVERY_ACROSS_FILESYSTEM not set).
2026-06-28 20:06:21.167 [info] > git rev-parse --show-toplevel [1ms]
2026-06-28 20:06:21.167 [info] fatal: not a git repository (or any parent up to mount point /)
Stopping at filesystem boundary (GIT_DISCOVERY_ACROSS_FILESYSTEM not set).
2026-06-28 20:06:24.299 [info] > git rev-parse --show-toplevel [1ms]
2026-06-28 20:06:24.299 [info] fatal: not a git repository (or any parent up to mount point /)
Stopping at filesystem boundary (GIT_DISCOVERY_ACROSS_FILESYSTEM not set).
2026-06-28 20:07:00.600 [info] > git rev-parse --show-toplevel [1ms]
2026-06-28 20:07:00.600 [info] fatal: not a git repository (or any parent up to mount point /)
Stopping at filesystem boundary (GIT_DISCOVERY_ACROSS_FILESYSTEM not set).
2026-06-28 20:07:02.602 [info] > git rev-parse --show-toplevel [0ms]
2026-06-28 20:07:02.602 [info] fatal: not a git repository (or any parent up to mount point /)
Stopping at filesystem boundary (GIT_DISCOVERY_ACROSS_FILESYSTEM not set).
2026-06-28 20:07:04.287 [info] > git rev-parse --show-toplevel [1ms]
2026-06-28 20:07:04.287 [info] fatal: not a git repository (or any parent up to mount point /)
Stopping at filesystem boundary (GIT_DISCOVERY_ACROSS_FILESYSTEM not set).
2026-06-28 20:07:06.309 [info] > git rev-parse --show-toplevel [1ms]
2026-06-28 20:07:06.309 [info] fatal: not a git repository (or any parent up to mount point /)
Stopping at filesystem boundary (GIT_DISCOVERY_ACROSS_FILESYSTEM not set).
2026-06-28 20:07:06.818 [info] > git rev-parse --show-toplevel [1ms]
2026-06-28 20:07:06.818 [info] fatal: not a git repository (or any parent up to mount point /)
Stopping at filesystem boundary (GIT_DISCOVERY_ACROSS_FILESYSTEM not set).
2026-06-28 20:07:07.342 [info] > git rev-parse --show-toplevel [1ms]
2026-06-28 20:07:07.342 [info] fatal: not a git repository (or any parent up to mount point /)
Stopping at filesystem boundary (GIT_DISCOVERY_ACROSS_FILESYSTEM not set).
2026-06-28 20:07:07.822 [info] > git rev-parse --show-toplevel [1ms]
2026-06-28 20:07:07.822 [info] fatal: not a git repository (or any parent up to mount point /)
Stopping at filesystem boundary (GIT_DISCOVERY_ACROSS_FILESYSTEM not set).
2026-06-28 20:07:08.579 [info] > git rev-parse --show-toplevel [1ms]
2026-06-28 20:07:08.579 [info] fatal: not a git repository (or any parent up to mount point /)
Stopping at filesystem boundary (GIT_DISCOVERY_ACROSS_FILESYSTEM not set).
2026-06-28 20:07:09.022 [info] > git rev-parse --show-toplevel [1ms]
2026-06-28 20:07:09.022 [info] fatal: not a git repository (or any parent up to mount point /)
Stopping at filesystem boundary (GIT_DISCOVERY_ACROSS_FILESYSTEM not set).
2026-06-28 20:07:36.908 [info] > git rev-parse --show-toplevel [2ms]
2026-06-28 20:07:36.908 [info] fatal: not a git repository (or any parent up to mount point /)
Stopping at filesystem boundary (GIT_DISCOVERY_ACROSS_FILESYSTEM not set).
2026-06-28 20:07:58.355 [info] > git rev-parse --show-toplevel [1ms]
2026-06-28 20:07:58.355 [info] fatal: not a git repository (or any parent up to mount point /)
Stopping at filesystem boundary (GIT_DISCOVERY_ACROSS_FILESYSTEM not set).
2026-06-28 20:08:30.162 [info] > git rev-parse --show-toplevel [1ms]
2026-06-28 20:08:30.162 [info] fatal: not a git repository (or any parent up to mount point /)
Stopping at filesystem boundary (GIT_DISCOVERY_ACROSS_FILESYSTEM not set).
2026-06-28 20:09:12.108 [info] > git rev-parse --show-toplevel [1ms]
2026-06-28 20:09:12.108 [info] fatal: not a git repository (or any parent up to mount point /)
Stopping at filesystem boundary (GIT_DISCOVERY_ACROSS_FILESYSTEM not set).
2026-06-28 20:09:21.649 [info] > git rev-parse --show-toplevel [2ms]
2026-06-28 20:09:21.649 [info] fatal: not a git repository (or any parent up to mount point /)
Stopping at filesystem boundary (GIT_DISCOVERY_ACROSS_FILESYSTEM not set).
2026-06-28 20:10:42.773 [info] > git rev-parse --show-toplevel [1ms]
2026-06-28 20:10:42.773 [info] fatal: not a git repository (or any parent up to mount point /)
Stopping at filesystem boundary (GIT_DISCOVERY_ACROSS_FILESYSTEM not set).
2026-06-28 20:10:43.321 [info] > git rev-parse --show-toplevel [1ms]
2026-06-28 20:10:43.321 [info] fatal: not a git repository (or any parent up to mount point /)
Stopping at filesystem boundary (GIT_DISCOVERY_ACROSS_FILESYSTEM not set).
2026-06-28 20:10:44.837 [info] > git rev-parse --show-toplevel [0ms]
2026-06-28 20:10:44.837 [info] fatal: not a git repository (or any parent up to mount point /)
Stopping at filesystem boundary (GIT_DISCOVERY_ACROSS_FILESYSTEM not set).
2026-06-28 20:10:45.299 [info] > git rev-parse --show-toplevel [1ms]
2026-06-28 20:10:45.299 [info] fatal: not a git repository (or any parent up to mount point /)
Stopping at filesystem boundary (GIT_DISCOVERY_ACROSS_FILESYSTEM not set).
2026-06-28 20:10:45.758 [info] > git rev-parse --show-toplevel [1ms]
2026-06-28 20:10:45.758 [info] fatal: not a git repository (or any parent up to mount point /)
Stopping at filesystem boundary (GIT_DISCOVERY_ACROSS_FILESYSTEM not set).
2026-06-28 20:11:03.372 [info] > git rev-parse --show-toplevel [1ms]
2026-06-28 20:11:03.372 [info] fatal: not a git repository (or any parent up to mount point /)
Stopping at filesystem boundary (GIT_DISCOVERY_ACROSS_FILESYSTEM not set).
2026-06-28 20:11:04.246 [info] > git rev-parse --show-toplevel [14ms]
2026-06-28 20:11:04.246 [info] fatal: not a git repository (or any parent up to mount point /)
Stopping at filesystem boundary (GIT_DISCOVERY_ACROSS_FILESYSTEM not set).
2026-06-28 20:11:06.275 [info] > git rev-parse --show-toplevel [18ms]
2026-06-28 20:11:06.275 [info] fatal: not a git repository (or any parent up to mount point /)
Stopping at filesystem boundary (GIT_DISCOVERY_ACROSS_FILESYSTEM not set).
2026-06-28 20:11:13.073 [info] > git rev-parse --show-toplevel [1ms]
2026-06-28 20:11:13.073 [info] fatal: not a git repository (or any parent up to mount point /)
Stopping at filesystem boundary (GIT_DISCOVERY_ACROSS_FILESYSTEM not set).
2026-06-28 20:11:28.037 [info] > git rev-parse --show-toplevel [1ms]
2026-06-28 20:11:28.037 [info] fatal: not a git repository (or any parent up to mount point /)
Stopping at filesystem boundary (GIT_DISCOVERY_ACROSS_FILESYSTEM not set).
2026-06-28 20:11:29.786 [info] > git rev-parse --show-toplevel [1ms]
2026-06-28 20:11:29.786 [info] fatal: not a git repository (or any parent up to mount point /)
Stopping at filesystem boundary (GIT_DISCOVERY_ACROSS_FILESYSTEM not set).
2026-06-28 20:11:59.128 [info] > git rev-parse --show-toplevel [1ms]
2026-06-28 20:11:59.128 [info] fatal: not a git repository (or any parent up to mount point /)
Stopping at filesystem boundary (GIT_DISCOVERY_ACROSS_FILESYSTEM not set).
2026-06-28 20:12:20.430 [info] > git rev-parse --show-toplevel [1ms]
2026-06-28 20:12:20.430 [info] fatal: not a git repository (or any parent up to mount point /)
Stopping at filesystem boundary (GIT_DISCOVERY_ACROSS_FILESYSTEM not set).
2026-06-28 20:12:32.336 [info] > git rev-parse --show-toplevel [1ms]
2026-06-28 20:12:32.336 [info] fatal: not a git repository (or any parent up to mount point /)
Stopping at filesystem boundary (GIT_DISCOVERY_ACROSS_FILESYSTEM not set).
2026-06-28 20:13:58.410 [info] > git rev-parse --show-toplevel [1ms]
2026-06-28 20:13:58.410 [info] fatal: not a git repository (or any parent up to mount point /)
Stopping at filesystem boundary (GIT_DISCOVERY_ACROSS_FILESYSTEM not set).
2026-06-28 20:13:58.419 [info] > git rev-parse --show-toplevel [2ms]
2026-06-28 20:13:58.419 [info] fatal: not a git repository (or any parent up to mount point /)
Stopping at filesystem boundary (GIT_DISCOVERY_ACROSS_FILESYSTEM not set).
2026-06-28 20:13:59.998 [info] > git rev-parse --show-toplevel [1ms]
2026-06-28 20:13:59.998 [info] fatal: not a git repository (or any parent up to mount point /)
Stopping at filesystem boundary (GIT_DISCOVERY_ACROSS_FILESYSTEM not set).
2026-06-28 20:15:02.206 [info] > git rev-parse --show-toplevel [1ms]
2026-06-28 20:15:02.206 [info] fatal: not a git repository (or any parent up to mount point /)
Stopping at filesystem boundary (GIT_DISCOVERY_ACROSS_FILESYSTEM not set).
2026-06-28 20:15:13.119 [info] > git rev-parse --show-toplevel [1ms]
2026-06-28 20:15:13.119 [info] fatal: not a git repository (or any parent up to mount point /)
Stopping at filesystem boundary (GIT_DISCOVERY_ACROSS_FILESYSTEM not set).
2026-06-28 20:15:16.352 [info] > git rev-parse --show-toplevel [1ms]
2026-06-28 20:15:16.352 [info] fatal: not a git repository (or any parent up to mount point /)
Stopping at filesystem boundary (GIT_DISCOVERY_ACROSS_FILESYSTEM not set).
2026-06-28 20:18:23.452 [info] > git rev-parse --show-toplevel [1ms]
2026-06-28 20:18:23.453 [info] fatal: not a git repository (or any parent up to mount point /)
Stopping at filesystem boundary (GIT_DISCOVERY_ACROSS_FILESYSTEM not set).
2026-06-28 23:09:06.727 [info] > git rev-parse --show-toplevel [2ms]
2026-06-28 23:09:06.727 [info] fatal: not a git repository (or any parent up to mount point /)
Stopping at filesystem boundary (GIT_DISCOVERY_ACROSS_FILESYSTEM not set).
2026-06-28 23:09:08.266 [info] > git rev-parse --show-toplevel [2ms]
2026-06-28 23:09:08.266 [info] fatal: not a git repository (or any parent up to mount point /)
Stopping at filesystem boundary (GIT_DISCOVERY_ACROSS_FILESYSTEM not set).
2026-06-28 23:09:08.756 [info] > git rev-parse --show-toplevel [2ms]
2026-06-28 23:09:08.756 [info] fatal: not a git repository (or any parent up to mount point /)
Stopping at filesystem boundary (GIT_DISCOVERY_ACROSS_FILESYSTEM not set).
2026-06-28 23:09:10.148 [info] > git rev-parse --show-toplevel [1ms]
2026-06-28 23:09:10.148 [info] fatal: not a git repository (or any parent up to mount point /)
Stopping at filesystem boundary (GIT_DISCOVERY_ACROSS_FILESYSTEM not set).
2026-06-28 23:09:10.883 [info] > git rev-parse --show-toplevel [2ms]
2026-06-28 23:09:10.883 [info] fatal: not a git repository (or any parent up to mount point /)
Stopping at filesystem boundary (GIT_DISCOVERY_ACROSS_FILESYSTEM not set).
2026-06-28 23:09:22.728 [info] > git rev-parse --show-toplevel [2ms]
2026-06-28 23:09:22.728 [info] fatal: not a git repository (or any parent up to mount point /)
Stopping at filesystem boundary (GIT_DISCOVERY_ACROSS_FILESYSTEM not set).
2026-06-28 23:09:24.547 [info] > git rev-parse --show-toplevel [1ms]
2026-06-28 23:09:24.547 [info] fatal: not a git repository (or any parent up to mount point /)
Stopping at filesystem boundary (GIT_DISCOVERY_ACROSS_FILESYSTEM not set).
2026-06-28 23:09:27.101 [info] > git rev-parse --show-toplevel [1ms]
2026-06-28 23:09:27.101 [info] fatal: not a git repository (or any parent up to mount point /)
Stopping at filesystem boundary (GIT_DISCOVERY_ACROSS_FILESYSTEM not set).
