2026-07-04 12:43:49.916 [info] [aebc6443-996d-45c2-90f0-388ff96faa56] Native Broker enabled: false
2026-07-04 12:43:49.960 [info] [getSessions] [all] starting
2026-07-04 12:43:49.960 [info] [getSessions] [all] returned 0 session(s)
2026-07-04 12:43:49.960 [info] [getSessions] [all] starting
2026-07-04 12:43:49.960 [info] [getSessions] [all] returned 0 session(s)
2026-07-04 12:43:49.961 [info] [getSessions] [all] starting
2026-07-04 12:43:49.961 [info] [getSessions] [all] returned 0 session(s)
2026-07-04 12:43:49.964 [info] [getSessions] [499b84ac-1321-427f-aa17-267ca6975798/.default offline_access] starting
2026-07-04 12:43:49.964 [info] [aebc6443-996d-45c2-90f0-388ff96faa56] Native Broker enabled: false
2026-07-04 12:43:49.975 [info] [getSessions] [499b84ac-1321-427f-aa17-267ca6975798/.default offline_access] returned 0 session(s)
2026-07-04 12:43:51.443 [info] [getSessions] [499b84ac-1321-427f-aa17-267ca6975798/.default offline_access] starting
2026-07-04 12:43:51.444 [info] [getSessions] [499b84ac-1321-427f-aa17-267ca6975798/.default offline_access] returned 0 session(s)
2026-07-04 13:04:51.984 [info] [getSessions] [499b84ac-1321-427f-aa17-267ca6975798/.default offline_access] starting
2026-07-04 13:04:51.984 [info] [getSessions] [499b84ac-1321-427f-aa17-267ca6975798/.default offline_access] returned 0 session(s)
2026-07-04 13:38:35.269 [info] [getSessions] [499b84ac-1321-427f-aa17-267ca6975798/.default offline_access] starting
2026-07-04 13:38:35.270 [info] [getSessions] [499b84ac-1321-427f-aa17-267ca6975798/.default offline_access] returned 0 session(s)
2026-07-04 13:38:36.160 [info] [getSessions] [499b84ac-1321-427f-aa17-267ca6975798/.default offline_access] starting
2026-07-04 13:38:36.160 [info] [getSessions] [499b84ac-1321-427f-aa17-267ca6975798/.default offline_access] returned 0 session(s)
2026-07-04 14:01:57.884 [info] [getSessions] [499b84ac-1321-427f-aa17-267ca6975798/.default offline_access] starting
2026-07-04 14:01:57.885 [info] [getSessions] [499b84ac-1321-427f-aa17-267ca6975798/.default offline_access] returned 0 session(s)
2026-07-04 14:33:52.882 [info] [getSessions] [499b84ac-1321-427f-aa17-267ca6975798/.default offline_access] starting
2026-07-04 14:33:52.882 [info] [getSessions] [499b84ac-1321-427f-aa17-267ca6975798/.default offline_access] returned 0 session(s)
2026-07-04 19:38:55.663 [info] [getSessions] [499b84ac-1321-427f-aa17-267ca6975798/.default offline_access] starting
2026-07-04 19:38:55.663 [info] [getSessions] [499b84ac-1321-427f-aa17-267ca6975798/.default offline_access] returned 0 session(s)
2026-07-04 19:38:57.331 [info] [getSessions] [499b84ac-1321-427f-aa17-267ca6975798/.default offline_access] starting
2026-07-04 19:38:57.331 [info] [getSessions] [499b84ac-1321-427f-aa17-267ca6975798/.default offline_access] returned 0 session(s)
2026-07-04 20:16:12.959 [info] [getSessions] [499b84ac-1321-427f-aa17-267ca6975798/.default offline_access] starting
2026-07-04 20:16:12.960 [info] [getSessions] [499b84ac-1321-427f-aa17-267ca6975798/.default offline_access] returned 0 session(s)
2026-07-04 21:58:32.840 [info] [getSessions] [499b84ac-1321-427f-aa17-267ca6975798/.default offline_access] starting
2026-07-04 21:58:32.840 [info] [getSessions] [499b84ac-1321-427f-aa17-267ca6975798/.default offline_access] returned 0 session(s)
2026-07-04 23:03:28.777 [info] Microsoft Authentication is deactivating...
