2026-07-01 22:12:20.418 [info] [main] Log level: Info
2026-07-01 22:12:20.418 [info] [main] Validating found git in: "git"
2026-07-01 22:12:20.418 [info] [main] Using git "2.55.0" from "git"
2026-07-01 22:12:20.418 [info] [Model][doInitialScan] Initial repository scan started
2026-07-01 22:12:20.418 [info] > git rev-parse --show-toplevel [3ms]
2026-07-01 22:12:20.418 [info] fatal: not a git repository (or any parent up to mount point /)
Stopping at filesystem boundary (GIT_DISCOVERY_ACROSS_FILESYSTEM not set).
2026-07-01 22:12:20.418 [info] > git rev-parse --show-toplevel [6ms]
2026-07-01 22:12:20.418 [info] fatal: not a git repository (or any parent up to mount point /)
Stopping at filesystem boundary (GIT_DISCOVERY_ACROSS_FILESYSTEM not set).
2026-07-01 22:12:20.429 [info] > git rev-parse --show-toplevel [3ms]
2026-07-01 22:12:20.429 [info] fatal: not a git repository (or any parent up to mount point /)
Stopping at filesystem boundary (GIT_DISCOVERY_ACROSS_FILESYSTEM not set).
2026-07-01 22:12:20.439 [info] > git rev-parse --show-toplevel [4ms]
2026-07-01 22:12:20.439 [info] fatal: not a git repository (or any parent up to mount point /)
Stopping at filesystem boundary (GIT_DISCOVERY_ACROSS_FILESYSTEM not set).
2026-07-01 22:12:20.445 [info] > git rev-parse --show-toplevel [1ms]
2026-07-01 22:12:20.445 [info] fatal: not a git repository (or any parent up to mount point /)
Stopping at filesystem boundary (GIT_DISCOVERY_ACROSS_FILESYSTEM not set).
2026-07-01 22:12:21.968 [info] > git rev-parse --show-toplevel [228ms]
2026-07-01 22:12:21.968 [info] fatal: not a git repository (or any parent up to mount point /)
Stopping at filesystem boundary (GIT_DISCOVERY_ACROSS_FILESYSTEM not set).
2026-07-01 22:12:22.207 [info] > git rev-parse --show-toplevel [119ms]
2026-07-01 22:12:22.207 [info] fatal: not a git repository (or any parent up to mount point /)
Stopping at filesystem boundary (GIT_DISCOVERY_ACROSS_FILESYSTEM not set).
2026-07-01 22:12:22.210 [info] [Model][doInitialScan] Initial repository scan completed - repositories (0), closed repositories (0), parent repositories (0), unsafe repositories (0)
2026-07-01 22:12:22.370 [info] > git rev-parse --show-toplevel [68ms]
2026-07-01 22:12:22.370 [info] fatal: not a git repository (or any parent up to mount point /)
Stopping at filesystem boundary (GIT_DISCOVERY_ACROSS_FILESYSTEM not set).
2026-07-01 22:12:22.388 [info] > git rev-parse --show-toplevel [6ms]
2026-07-01 22:12:22.388 [info] fatal: not a git repository (or any parent up to mount point /)
Stopping at filesystem boundary (GIT_DISCOVERY_ACROSS_FILESYSTEM not set).
2026-07-01 22:12:22.510 [info] > git rev-parse --show-toplevel [6ms]
2026-07-01 22:12:22.510 [info] fatal: not a git repository (or any parent up to mount point /)
Stopping at filesystem boundary (GIT_DISCOVERY_ACROSS_FILESYSTEM not set).
2026-07-01 22:12:22.584 [info] > git rev-parse --show-toplevel [3ms]
2026-07-01 22:12:22.584 [info] fatal: not a git repository (or any parent up to mount point /)
Stopping at filesystem boundary (GIT_DISCOVERY_ACROSS_FILESYSTEM not set).
2026-07-01 22:12:22.643 [info] > git rev-parse --show-toplevel [13ms]
2026-07-01 22:12:22.643 [info] fatal: not a git repository (or any parent up to mount point /)
Stopping at filesystem boundary (GIT_DISCOVERY_ACROSS_FILESYSTEM not set).
2026-07-01 22:12:22.685 [info] > git rev-parse --show-toplevel [35ms]
2026-07-01 22:12:22.685 [info] fatal: not a git repository (or any parent up to mount point /)
Stopping at filesystem boundary (GIT_DISCOVERY_ACROSS_FILESYSTEM not set).
2026-07-01 22:12:22.695 [info] > git rev-parse --show-toplevel [3ms]
2026-07-01 22:12:22.695 [info] fatal: not a git repository (or any parent up to mount point /)
Stopping at filesystem boundary (GIT_DISCOVERY_ACROSS_FILESYSTEM not set).
2026-07-01 22:12:23.982 [info] > git rev-parse --show-toplevel [37ms]
2026-07-01 22:12:23.982 [info] fatal: not a git repository (or any parent up to mount point /)
Stopping at filesystem boundary (GIT_DISCOVERY_ACROSS_FILESYSTEM not set).
2026-07-01 22:12:24.367 [info] > git rev-parse --show-toplevel [1ms]
2026-07-01 22:12:24.367 [info] fatal: not a git repository (or any parent up to mount point /)
Stopping at filesystem boundary (GIT_DISCOVERY_ACROSS_FILESYSTEM not set).
2026-07-01 22:12:24.397 [info] > git rev-parse --show-toplevel [14ms]
2026-07-01 22:12:24.397 [info] fatal: not a git repository (or any parent up to mount point /)
Stopping at filesystem boundary (GIT_DISCOVERY_ACROSS_FILESYSTEM not set).
2026-07-01 22:28:48.915 [info] > git rev-parse --show-toplevel [1ms]
2026-07-01 22:28:48.915 [info] fatal: not a git repository (or any parent up to mount point /)
Stopping at filesystem boundary (GIT_DISCOVERY_ACROSS_FILESYSTEM not set).
2026-07-01 22:29:22.105 [info] > git rev-parse --show-toplevel [4ms]
2026-07-01 22:29:22.105 [info] fatal: not a git repository (or any parent up to mount point /)
Stopping at filesystem boundary (GIT_DISCOVERY_ACROSS_FILESYSTEM not set).
2026-07-01 22:29:38.230 [info] > git rev-parse --show-toplevel [4ms]
2026-07-01 22:29:38.230 [info] fatal: not a git repository (or any parent up to mount point /)
Stopping at filesystem boundary (GIT_DISCOVERY_ACROSS_FILESYSTEM not set).
2026-07-01 22:29:40.631 [info] > git rev-parse --show-toplevel [4ms]
2026-07-01 22:29:40.631 [info] fatal: not a git repository (or any parent up to mount point /)
Stopping at filesystem boundary (GIT_DISCOVERY_ACROSS_FILESYSTEM not set).
2026-07-01 22:32:06.037 [info] > git rev-parse --show-toplevel [1ms]
2026-07-01 22:32:06.037 [info] fatal: not a git repository (or any parent up to mount point /)
Stopping at filesystem boundary (GIT_DISCOVERY_ACROSS_FILESYSTEM not set).
2026-07-01 22:32:33.281 [info] > git rev-parse --show-toplevel [1ms]
2026-07-01 22:32:33.281 [info] fatal: not a git repository (or any parent up to mount point /)
Stopping at filesystem boundary (GIT_DISCOVERY_ACROSS_FILESYSTEM not set).
2026-07-01 22:33:26.494 [info] > git rev-parse --show-toplevel [1ms]
2026-07-01 22:33:26.494 [info] fatal: not a git repository (or any parent up to mount point /)
Stopping at filesystem boundary (GIT_DISCOVERY_ACROSS_FILESYSTEM not set).
2026-07-01 22:36:11.169 [info] > git rev-parse --show-toplevel [1ms]
2026-07-01 22:36:11.169 [info] fatal: not a git repository (or any parent up to mount point /)
Stopping at filesystem boundary (GIT_DISCOVERY_ACROSS_FILESYSTEM not set).
2026-07-01 22:46:17.269 [info] > git rev-parse --show-toplevel [1ms]
2026-07-01 22:46:17.269 [info] fatal: not a git repository (or any parent up to mount point /)
Stopping at filesystem boundary (GIT_DISCOVERY_ACROSS_FILESYSTEM not set).
