qt.languageserver.server: Did Setup
Using the build directories found in the .qmlls.ini file. Your build folder might not be found if no .qmlls.ini files are present in the root source folder.
Argument "/usr/lib/x86_64-linux-gnu/qt6/qml" passed to -I does not exist.
Using import directories passed by -I: "/usr/lib/qt6/qml", "/usr/lib/x86_64-linux-gnu/qt6/qml".
Using 1 job for CMake, you can increase that value with the QMLLS_CMAKE_JOBS environment variable or the --cmake-jobs option.
qt.languageserver.server: Ignoring cancellation of non in progress request QJsonValue(double, 1)
qt.languageserver.server: Ignoring cancellation of non in progress request QJsonValue(double, 6)
qt.languageserver.server: Ignoring cancellation of non in progress request QJsonValue(double, 7)
qt.languageserver.server: Ignoring cancellation of non in progress request QJsonValue(double, 8)
qt.languageserver.server: Ignoring cancellation of non in progress request QJsonValue(double, 9)
qt.languageserver.server: Ignoring cancellation of non in progress request QJsonValue(double, 10)
qt.languageserver.server: Ignoring cancellation of non in progress request QJsonValue(double, 11)
qt.languageserver.server: Ignoring cancellation of non in progress request QJsonValue(double, 15)
qt.languageserver.server: Ignoring cancellation of non in progress request QJsonValue(double, 17)
qt.languageserver.server: Ignoring cancellation of non in progress request QJsonValue(double, 18)
qt.languageserver.server: Ignoring cancellation of non in progress request QJsonValue(double, 20)
qt.languageserver.server: Ignoring cancellation of non in progress request QJsonValue(double, 21)
qt.languageserver.server: Ignoring cancellation of non in progress request QJsonValue(double, 19)
qt.languageserver.server: Ignoring cancellation of non in progress request QJsonValue(double, 16)
qt.languageserver.server: Ignoring cancellation of non in progress request QJsonValue(double, 22)
qt.languageserver.server: Ignoring cancellation of non in progress request QJsonValue(double, 23)
qt.languageserver.server: Ignoring cancellation of non in progress request QJsonValue(double, 26)
qt.languageserver.server: Ignoring cancellation of non in progress request QJsonValue(double, 27)
qt.languageserver.server: Ignoring cancellation of non in progress request QJsonValue(double, 24)
qt.languageserver.server: Ignoring cancellation of non in progress request QJsonValue(double, 28)
qt.languageserver.server: Ignoring cancellation of non in progress request QJsonValue(double, 31)
qt.languageserver.server: Ignoring cancellation of non in progress request QJsonValue(double, 30)
qt.languageserver.server: Ignoring cancellation of non in progress request QJsonValue(double, 32)
qt.languageserver.server: Ignoring cancellation of non in progress request QJsonValue(double, 29)
qt.languageserver.server: Ignoring cancellation of non in progress request QJsonValue(double, 33)
qt.languageserver.server: Ignoring cancellation of non in progress request QJsonValue(double, 35)
qt.languageserver.server: Ignoring cancellation of non in progress request QJsonValue(double, 36)
qt.languageserver.server: Ignoring cancellation of non in progress request QJsonValue(double, 37)
qt.languageserver.server: Ignoring cancellation of non in progress request QJsonValue(double, 38)
qt.languageserver.server: Ignoring cancellation of non in progress request QJsonValue(double, 39)
qt.languageserver.server: Ignoring cancellation of non in progress request QJsonValue(double, 40)
qt.languageserver.server: Ignoring cancellation of non in progress request QJsonValue(double, 41)
qt.languageserver.server: Ignoring cancellation of non in progress request QJsonValue(double, 42)
qt.languageserver.server: Ignoring cancellation of non in progress request QJsonValue(double, 43)
qt.languageserver.server: Ignoring cancellation of non in progress request QJsonValue(double, 44)
qt.languageserver.server: Ignoring cancellation of non in progress request QJsonValue(double, 45)
qt.languageserver.server: Ignoring cancellation of non in progress request QJsonValue(double, 46)
qt.languageserver.server: Ignoring cancellation of non in progress request QJsonValue(double, 47)
qt.languageserver.server: Ignoring cancellation of non in progress request QJsonValue(double, 49)
qt.languageserver.server: Ignoring cancellation of non in progress request QJsonValue(double, 48)
qt.languageserver.server: Ignoring cancellation of non in progress request QJsonValue(double, 50)
qt.languageserver.server: Ignoring cancellation of non in progress request QJsonValue(double, 51)
qt.languageserver.server: Ignoring cancellation of non in progress request QJsonValue(double, 54)
qt.languageserver.server: Ignoring cancellation of non in progress request QJsonValue(double, 55)
qt.languageserver.server: Ignoring cancellation of non in progress request QJsonValue(double, 56)
qt.qmldom: Parsed invalid file /home/taianlux/.config/quickshell/Translate/translate.qml/home/taianlux/.config/quickshell/Translate/translate.qml:188:32: [Dom][QmlFile][Parsing] Error: Expected token `:' for .currentItem
/home/taianlux/.config/quickshell/Translate/translate.qml:188:21: [Dom][QmlFile][Parsing] Warning: Ignored annotation for .currentItem
/home/taianlux/.config/quickshell/Translate/translate.qml:188:9: [Dom][QmlFile][Parsing] Error: Unexpected token `return' for .currentItem
/home/taianlux/.config/quickshell/Translate/translate.qml:23:1: [Dom][QmlFile][Parsing] Error: Unexpected token `{' for .currentItem

qt.languageserver.server: avoid update of validDoc to  3 of document "file:///home/taianlux/.config/quickshell/Translate/translate.qml" as it is invalid
qt.qmldom: Parsed invalid file /home/taianlux/.config/quickshell/Translate/translate.qml/home/taianlux/.config/quickshell/Translate/translate.qml:23:1: [Dom][QmlFile][Parsing] Error: Unexpected token `{' for .currentItem

qt.languageserver.server: avoid update of validDoc to  4 of document "file:///home/taianlux/.config/quickshell/Translate/translate.qml" as it is invalid
qt.qmldom: Parsed invalid file /home/taianlux/.config/quickshell/Translate/translate.qml/home/taianlux/.config/quickshell/Translate/translate.qml:23:1: [Dom][QmlFile][Parsing] Error: Unexpected token `{' for .currentItem

qt.languageserver.server: avoid update of validDoc to  5 of document "file:///home/taianlux/.config/quickshell/Translate/translate.qml" as it is invalid
qt.qmldom: Parsed invalid file /home/taianlux/.config/quickshell/Translate/translate.qml/home/taianlux/.config/quickshell/Translate/translate.qml:23:5: [Dom][QmlFile][Parsing] Error: Unexpected token `{' for .currentItem

qt.languageserver.server: avoid update of validDoc to  6 of document "file:///home/taianlux/.config/quickshell/Translate/translate.qml" as it is invalid
qt.languageserver.server: Ignoring cancellation of non in progress request QJsonValue(double, 180)
qt.qmldom: Parsed invalid file /home/taianlux/.config/quickshell/Translate/translate.qml/home/taianlux/.config/quickshell/Translate/translate.qml:[Dom][QmlFile][Parsing] Error: Expected token `}' for .currentItem
/home/taianlux/.config/quickshell/Translate/translate.qml:270:17: [Dom][QmlFile][Parsing] Error: Unexpected token `}' for .currentItem

qt.languageserver.server: avoid update of validDoc to  47 of document "file:///home/taianlux/.config/quickshell/Translate/translate.qml" as it is invalid
qt.qmldom: Parsed invalid file /home/taianlux/.config/quickshell/Translate/translate.qml/home/taianlux/.config/quickshell/Translate/translate.qml:269:45: [Dom][QmlFile][Parsing] Error: Expected token `,' for .currentItem

qt.languageserver.server: avoid update of validDoc to  48 of document "file:///home/taianlux/.config/quickshell/Translate/translate.qml" as it is invalid
qt.languageserver.server: Ignoring cancellation of non in progress request QJsonValue(double, 289)
qt.qmldom: Parsed invalid file /home/taianlux/.config/quickshell/Translate/translate.qml/home/taianlux/.config/quickshell/Translate/translate.qml:[Dom][QmlFile][Parsing] Error: Expected token `}' for .currentItem
/home/taianlux/.config/quickshell/Translate/translate.qml:253:17: [Dom][QmlFile][Parsing] Error: Unexpected token `}' for .currentItem

qt.languageserver.server: avoid update of validDoc to  77 of document "file:///home/taianlux/.config/quickshell/Translate/translate.qml" as it is invalid
qt.languageserver.server: Version 79 of document "file:///home/taianlux/.config/quickshell/Translate/translate.qml" is not the latest anymore
qt.languageserver.server: Ignoring cancellation of non in progress request QJsonValue(double, 337)
qt.languageserver.utils: "Couldn't find the C++ file 'private/qqmlbuiltinfunctions_p.h'."
qt.languageserver.utils: "Couldn't find the C++ file 'private/qqmlbuiltinfunctions_p.h'."
qt.languageserver.utils: "Couldn't find the C++ file 'private/qqmlbuiltinfunctions_p.h'."
qt.languageserver.utils: "Couldn't find the C++ file 'qquickitem.h'."
qt.languageserver.utils: "Couldn't find the C++ file 'private/qquickrectangle_p.h'."
qt.languageserver.server: Ignoring cancellation of non in progress request QJsonValue(double, 373)
qt.languageserver.server: Ignoring cancellation of non in progress request QJsonValue(double, 374)
qt.languageserver.utils: "Couldn't find the C++ file 'private/qquicklayout_p.h'."
qt.languageserver.server: Ignoring cancellation of non in progress request QJsonValue(double, 375)
qt.languageserver.utils: "Couldn't find the C++ file 'private/qquicklayout_p.h'."
qt.languageserver.utils: "Couldn't find the C++ file 'qquickitem.h'."
qt.qmldom: Parsed invalid file /home/taianlux/.config/quickshell/Translate/translate.qml/home/taianlux/.config/quickshell/Translate/translate.qml:225:9: [Dom][QmlFile][Parsing] Error: Expected token `)' for .currentItem

qt.languageserver.server: avoid update of validDoc to  92 of document "file:///home/taianlux/.config/quickshell/Translate/translate.qml" as it is invalid
qt.qmldom: Parsed invalid file /home/taianlux/.config/quickshell/Translate/translate.qml/home/taianlux/.config/quickshell/Translate/translate.qml:225:9: [Dom][QmlFile][Parsing] Error: Expected token `)' for .currentItem

qt.languageserver.server: avoid update of validDoc to  93 of document "file:///home/taianlux/.config/quickshell/Translate/translate.qml" as it is invalid
qt.qmldom: Parsed invalid file /home/taianlux/.config/quickshell/Translate/translate.qml/home/taianlux/.config/quickshell/Translate/translate.qml:225:9: [Dom][QmlFile][Parsing] Error: Expected token `)' for .currentItem

qt.languageserver.server: avoid update of validDoc to  94 of document "file:///home/taianlux/.config/quickshell/Translate/translate.qml" as it is invalid
qt.qmldom: Parsed invalid file /home/taianlux/.config/quickshell/Translate/translate.qml/home/taianlux/.config/quickshell/Translate/translate.qml:225:9: [Dom][QmlFile][Parsing] Error: Expected token `)' for .currentItem
/home/taianlux/.config/quickshell/Translate/translate.qml:219:60: [Dom][QmlFile][Parsing] Error: Unexpected token `,' for .currentItem

qt.languageserver.server: avoid update of validDoc to  95 of document "file:///home/taianlux/.config/quickshell/Translate/translate.qml" as it is invalid
qt.qmldom: Parsed invalid file /home/taianlux/.config/quickshell/Translate/translate.qml/home/taianlux/.config/quickshell/Translate/translate.qml:223:9: [Dom][QmlFile][Parsing] Error: Expected token `)' for .currentItem

qt.languageserver.server: avoid update of validDoc to  96 of document "file:///home/taianlux/.config/quickshell/Translate/translate.qml" as it is invalid
qt.qmldom: Parsed invalid file /home/taianlux/.config/quickshell/Translate/translate.qml/home/taianlux/.config/quickshell/Translate/translate.qml:223:9: [Dom][QmlFile][Parsing] Error: Expected token `)' for .currentItem

qt.languageserver.server: avoid update of validDoc to  97 of document "file:///home/taianlux/.config/quickshell/Translate/translate.qml" as it is invalid
qt.qmldom: Parsed invalid file /home/taianlux/.config/quickshell/Translate/translate.qml/home/taianlux/.config/quickshell/Translate/translate.qml:223:9: [Dom][QmlFile][Parsing] Error: Expected token `)' for .currentItem

qt.languageserver.server: avoid update of validDoc to  98 of document "file:///home/taianlux/.config/quickshell/Translate/translate.qml" as it is invalid
qt.qmldom: Parsed invalid file /home/taianlux/.config/quickshell/Translate/translate.qml/home/taianlux/.config/quickshell/Translate/translate.qml:219:25: [Dom][QmlFile][Parsing] Error: Expected token `)' for .currentItem

qt.languageserver.server: avoid update of validDoc to  99 of document "file:///home/taianlux/.config/quickshell/Translate/translate.qml" as it is invalid
qt.qmldom: Parsed invalid file /home/taianlux/.config/quickshell/Translate/translate.qml/home/taianlux/.config/quickshell/Translate/translate.qml:223:9: [Dom][QmlFile][Parsing] Error: Expected token `)' for .currentItem

qt.languageserver.server: avoid update of validDoc to  100 of document "file:///home/taianlux/.config/quickshell/Translate/translate.qml" as it is invalid
qt.qmldom: Parsed invalid file /home/taianlux/.config/quickshell/Translate/translate.qml/home/taianlux/.config/quickshell/Translate/translate.qml:223:9: [Dom][QmlFile][Parsing] Error: Expected token `)' for .currentItem

qt.languageserver.server: avoid update of validDoc to  101 of document "file:///home/taianlux/.config/quickshell/Translate/translate.qml" as it is invalid
qt.qmldom: Parsed invalid file /home/taianlux/.config/quickshell/Translate/translate.qml/home/taianlux/.config/quickshell/Translate/translate.qml:223:9: [Dom][QmlFile][Parsing] Error: Expected token `)' for .currentItem

qt.languageserver.server: avoid update of validDoc to  102 of document "file:///home/taianlux/.config/quickshell/Translate/translate.qml" as it is invalid
qt.qmldom: Parsed invalid file /home/taianlux/.config/quickshell/Translate/translate.qml/home/taianlux/.config/quickshell/Translate/translate.qml:223:9: [Dom][QmlFile][Parsing] Error: Expected token `)' for .currentItem

qt.languageserver.server: avoid update of validDoc to  103 of document "file:///home/taianlux/.config/quickshell/Translate/translate.qml" as it is invalid
qt.qmldom: Parsed invalid file /home/taianlux/.config/quickshell/Translate/translate.qml/home/taianlux/.config/quickshell/Translate/translate.qml:223:9: [Dom][QmlFile][Parsing] Error: Expected token `)' for .currentItem

qt.languageserver.server: avoid update of validDoc to  104 of document "file:///home/taianlux/.config/quickshell/Translate/translate.qml" as it is invalid
qt.qmldom: Parsed invalid file /home/taianlux/.config/quickshell/Translate/translate.qml/home/taianlux/.config/quickshell/Translate/translate.qml:223:9: [Dom][QmlFile][Parsing] Error: Expected token `)' for .currentItem

qt.languageserver.server: avoid update of validDoc to  105 of document "file:///home/taianlux/.config/quickshell/Translate/translate.qml" as it is invalid
qt.qmldom: Parsed invalid file /home/taianlux/.config/quickshell/Translate/translate.qml/home/taianlux/.config/quickshell/Translate/translate.qml:223:9: [Dom][QmlFile][Parsing] Error: Expected token `)' for .currentItem

qt.languageserver.server: avoid update of validDoc to  106 of document "file:///home/taianlux/.config/quickshell/Translate/translate.qml" as it is invalid
qt.qmldom: Parsed invalid file /home/taianlux/.config/quickshell/Translate/translate.qml/home/taianlux/.config/quickshell/Translate/translate.qml:223:9: [Dom][QmlFile][Parsing] Error: Expected token `)' for .currentItem

qt.languageserver.server: avoid update of validDoc to  107 of document "file:///home/taianlux/.config/quickshell/Translate/translate.qml" as it is invalid
qt.qmldom: Parsed invalid file /home/taianlux/.config/quickshell/Translate/translate.qml/home/taianlux/.config/quickshell/Translate/translate.qml:223:9: [Dom][QmlFile][Parsing] Error: Expected token `)' for .currentItem

qt.languageserver.server: avoid update of validDoc to  108 of document "file:///home/taianlux/.config/quickshell/Translate/translate.qml" as it is invalid
qt.qmldom: Parsed invalid file /home/taianlux/.config/quickshell/Translate/translate.qml/home/taianlux/.config/quickshell/Translate/translate.qml:223:9: [Dom][QmlFile][Parsing] Error: Expected token `)' for .currentItem

qt.languageserver.server: avoid update of validDoc to  109 of document "file:///home/taianlux/.config/quickshell/Translate/translate.qml" as it is invalid
qt.qmldom: Parsed invalid file /home/taianlux/.config/quickshell/Translate/translate.qml/home/taianlux/.config/quickshell/Translate/translate.qml:223:9: [Dom][QmlFile][Parsing] Error: Expected token `)' for .currentItem

qt.languageserver.server: avoid update of validDoc to  110 of document "file:///home/taianlux/.config/quickshell/Translate/translate.qml" as it is invalid
qt.qmldom: Parsed invalid file /home/taianlux/.config/quickshell/Translate/translate.qml/home/taianlux/.config/quickshell/Translate/translate.qml:223:9: [Dom][QmlFile][Parsing] Error: Expected token `)' for .currentItem

qt.languageserver.server: avoid update of validDoc to  111 of document "file:///home/taianlux/.config/quickshell/Translate/translate.qml" as it is invalid
qt.qmldom: Parsed invalid file /home/taianlux/.config/quickshell/Translate/translate.qml/home/taianlux/.config/quickshell/Translate/translate.qml:223:9: [Dom][QmlFile][Parsing] Error: Expected token `)' for .currentItem

qt.languageserver.server: avoid update of validDoc to  112 of document "file:///home/taianlux/.config/quickshell/Translate/translate.qml" as it is invalid
qt.qmldom: Parsed invalid file /home/taianlux/.config/quickshell/Translate/translate.qml/home/taianlux/.config/quickshell/Translate/translate.qml:223:9: [Dom][QmlFile][Parsing] Error: Expected token `)' for .currentItem

qt.languageserver.server: avoid update of validDoc to  113 of document "file:///home/taianlux/.config/quickshell/Translate/translate.qml" as it is invalid
qt.qmldom: Parsed invalid file /home/taianlux/.config/quickshell/Translate/translate.qml/home/taianlux/.config/quickshell/Translate/translate.qml:223:9: [Dom][QmlFile][Parsing] Error: Expected token `)' for .currentItem

qt.languageserver.server: avoid update of validDoc to  114 of document "file:///home/taianlux/.config/quickshell/Translate/translate.qml" as it is invalid
qt.qmldom: Parsed invalid file /home/taianlux/.config/quickshell/Translate/translate.qml/home/taianlux/.config/quickshell/Translate/translate.qml:223:9: [Dom][QmlFile][Parsing] Error: Expected token `)' for .currentItem

qt.languageserver.server: avoid update of validDoc to  115 of document "file:///home/taianlux/.config/quickshell/Translate/translate.qml" as it is invalid
qt.qmldom: Parsed invalid file /home/taianlux/.config/quickshell/Translate/translate.qml/home/taianlux/.config/quickshell/Translate/translate.qml:223:9: [Dom][QmlFile][Parsing] Error: Expected token `)' for .currentItem

qt.languageserver.server: avoid update of validDoc to  116 of document "file:///home/taianlux/.config/quickshell/Translate/translate.qml" as it is invalid
qt.qmldom: Parsed invalid file /home/taianlux/.config/quickshell/Translate/translate.qml/home/taianlux/.config/quickshell/Translate/translate.qml:223:9: [Dom][QmlFile][Parsing] Error: Expected token `)' for .currentItem

qt.languageserver.server: avoid update of validDoc to  117 of document "file:///home/taianlux/.config/quickshell/Translate/translate.qml" as it is invalid
qt.qmldom: Parsed invalid file /home/taianlux/.config/quickshell/Translate/translate.qml/home/taianlux/.config/quickshell/Translate/translate.qml:223:9: [Dom][QmlFile][Parsing] Error: Expected token `)' for .currentItem

qt.languageserver.server: avoid update of validDoc to  118 of document "file:///home/taianlux/.config/quickshell/Translate/translate.qml" as it is invalid
qt.qmldom: Parsed invalid file /home/taianlux/.config/quickshell/Translate/translate.qml/home/taianlux/.config/quickshell/Translate/translate.qml:223:9: [Dom][QmlFile][Parsing] Error: Expected token `)' for .currentItem

qt.languageserver.server: avoid update of validDoc to  119 of document "file:///home/taianlux/.config/quickshell/Translate/translate.qml" as it is invalid
qt.qmldom: Parsed invalid file /home/taianlux/.config/quickshell/Translate/translate.qml/home/taianlux/.config/quickshell/Translate/translate.qml:223:9: [Dom][QmlFile][Parsing] Error: Expected token `)' for .currentItem

qt.languageserver.server: avoid update of validDoc to  120 of document "file:///home/taianlux/.config/quickshell/Translate/translate.qml" as it is invalid
qt.qmldom: Parsed invalid file /home/taianlux/.config/quickshell/Translate/translate.qml/home/taianlux/.config/quickshell/Translate/translate.qml:223:9: [Dom][QmlFile][Parsing] Error: Expected token `)' for .currentItem

qt.languageserver.server: avoid update of validDoc to  121 of document "file:///home/taianlux/.config/quickshell/Translate/translate.qml" as it is invalid
qt.qmldom: Parsed invalid file /home/taianlux/.config/quickshell/Translate/translate.qml/home/taianlux/.config/quickshell/Translate/translate.qml:223:9: [Dom][QmlFile][Parsing] Error: Expected token `)' for .currentItem

qt.languageserver.server: avoid update of validDoc to  122 of document "file:///home/taianlux/.config/quickshell/Translate/translate.qml" as it is invalid
qt.qmldom: Parsed invalid file /home/taianlux/.config/quickshell/Translate/translate.qml/home/taianlux/.config/quickshell/Translate/translate.qml:223:9: [Dom][QmlFile][Parsing] Error: Expected token `)' for .currentItem

qt.languageserver.server: avoid update of validDoc to  123 of document "file:///home/taianlux/.config/quickshell/Translate/translate.qml" as it is invalid
qt.qmldom: Parsed invalid file /home/taianlux/.config/quickshell/Translate/translate.qml/home/taianlux/.config/quickshell/Translate/translate.qml:223:9: [Dom][QmlFile][Parsing] Error: Expected token `)' for .currentItem

qt.languageserver.server: avoid update of validDoc to  124 of document "file:///home/taianlux/.config/quickshell/Translate/translate.qml" as it is invalid
qt.qmldom: Parsed invalid file /home/taianlux/.config/quickshell/Translate/translate.qml/home/taianlux/.config/quickshell/Translate/translate.qml:223:9: [Dom][QmlFile][Parsing] Error: Expected token `)' for .currentItem

qt.languageserver.server: avoid update of validDoc to  125 of document "file:///home/taianlux/.config/quickshell/Translate/translate.qml" as it is invalid
qt.qmldom: Parsed invalid file /home/taianlux/.config/quickshell/Translate/translate.qml/home/taianlux/.config/quickshell/Translate/translate.qml:223:9: [Dom][QmlFile][Parsing] Error: Expected token `)' for .currentItem

qt.languageserver.server: avoid update of validDoc to  126 of document "file:///home/taianlux/.config/quickshell/Translate/translate.qml" as it is invalid
qt.qmldom: Parsed invalid file /home/taianlux/.config/quickshell/Translate/translate.qml/home/taianlux/.config/quickshell/Translate/translate.qml:223:9: [Dom][QmlFile][Parsing] Error: Expected token `)' for .currentItem

qt.languageserver.server: avoid update of validDoc to  127 of document "file:///home/taianlux/.config/quickshell/Translate/translate.qml" as it is invalid
qt.qmldom: Parsed invalid file /home/taianlux/.config/quickshell/Translate/translate.qml/home/taianlux/.config/quickshell/Translate/translate.qml:223:9: [Dom][QmlFile][Parsing] Error: Expected token `)' for .currentItem

qt.languageserver.server: avoid update of validDoc to  128 of document "file:///home/taianlux/.config/quickshell/Translate/translate.qml" as it is invalid
qt.qmldom: Parsed invalid file /home/taianlux/.config/quickshell/Translate/translate.qml/home/taianlux/.config/quickshell/Translate/translate.qml:223:9: [Dom][QmlFile][Parsing] Error: Expected token `)' for .currentItem

qt.languageserver.server: avoid update of validDoc to  129 of document "file:///home/taianlux/.config/quickshell/Translate/translate.qml" as it is invalid
qt.qmldom: Parsed invalid file /home/taianlux/.config/quickshell/Translate/translate.qml/home/taianlux/.config/quickshell/Translate/translate.qml:223:9: [Dom][QmlFile][Parsing] Error: Expected token `)' for .currentItem

qt.languageserver.server: avoid update of validDoc to  130 of document "file:///home/taianlux/.config/quickshell/Translate/translate.qml" as it is invalid
qt.languageserver.completions: No valid document for completions for  "file:///home/taianlux/.config/quickshell/Translate/translate.qml"
qt.qmldom: Parsed invalid file /home/taianlux/.config/quickshell/Translate/translate.qml/home/taianlux/.config/quickshell/Translate/translate.qml:223:9: [Dom][QmlFile][Parsing] Error: Expected token `)' for .currentItem

qt.languageserver.server: avoid update of validDoc to  131 of document "file:///home/taianlux/.config/quickshell/Translate/translate.qml" as it is invalid
qt.qmldom: Parsed invalid file /home/taianlux/.config/quickshell/Translate/translate.qml/home/taianlux/.config/quickshell/Translate/translate.qml:223:9: [Dom][QmlFile][Parsing] Error: Expected token `)' for .currentItem

qt.languageserver.server: avoid update of validDoc to  132 of document "file:///home/taianlux/.config/quickshell/Translate/translate.qml" as it is invalid
qt.languageserver.server: Ignoring cancellation of non in progress request QJsonValue(double, 514)
qt.qmldom: Parsed invalid file /home/taianlux/.config/quickshell/Translate/translate.qml/home/taianlux/.config/quickshell/Translate/translate.qml:189:12: [Dom][QmlFile][Parsing] Error: Expected token `;' for .currentItem

qt.languageserver.server: avoid update of validDoc to  150 of document "file:///home/taianlux/.config/quickshell/Translate/translate.qml" as it is invalid
qt.languageserver.server: Ignoring cancellation of non in progress request QJsonValue(double, 577)
