2026-06-14 15:50:42.369 [info] Reading sessions from keychain...
2026-06-14 15:50:42.369 [info] Getting sessions for all scopes...
2026-06-14 15:50:42.681 [info] Got stored sessions!
2026-06-14 15:50:42.682 [info] Got 1 verified sessions.
2026-06-14 15:50:42.682 [info] Got 1 sessions for ...
2026-06-14 15:50:42.682 [info] Getting sessions for all scopes...
2026-06-14 15:50:42.682 [info] Got 1 sessions for ...
2026-06-14 15:50:42.806 [info] Getting sessions for all scopes...
2026-06-14 15:50:42.806 [info] Got 1 sessions for ...
2026-06-14 15:50:42.858 [info] Getting sessions for all scopes...
2026-06-14 15:50:42.858 [info] Got 1 sessions for ...
2026-06-14 15:50:45.011 [info] Getting sessions for all scopes...
2026-06-14 15:50:45.011 [info] Got 1 sessions for ...
2026-06-14 15:50:45.213 [info] Getting sessions for all scopes...
2026-06-14 15:50:45.214 [info] Got 1 sessions for ...
2026-06-14 15:50:45.214 [info] Getting sessions for all scopes...
2026-06-14 15:50:45.214 [info] Got 1 sessions for ...
2026-06-14 15:50:45.412 [info] Getting sessions for read:user,repo,user:email,workflow...
2026-06-14 15:50:45.412 [info] Got 1 sessions for read:user,repo,user:email,workflow...
2026-06-14 15:50:45.531 [info] FetcherService: Electron fetch failed with status: 429 
2026-06-14 15:50:45.542 [info] Unable to resolve optional EDU details. Status: 429 
2026-06-14 15:50:45.756 [info] Getting sessions for all scopes...
2026-06-14 15:50:45.756 [info] Got 1 sessions for ...
2026-06-14 15:50:45.759 [info] Getting sessions for read:user,repo,user:email,workflow...
2026-06-14 15:50:45.759 [info] Got 1 sessions for read:user,repo,user:email,workflow...
2026-06-14 15:50:47.329 [info] Getting sessions for all scopes...
2026-06-14 15:50:47.329 [info] Got 1 sessions for ...
2026-06-14 15:50:47.330 [info] Getting sessions for all scopes...
2026-06-14 15:50:47.330 [info] Got 1 sessions for ...
2026-06-14 15:50:47.406 [info] Getting sessions for read:user,repo,user:email,workflow...
2026-06-14 15:50:47.406 [info] Got 1 sessions for read:user,repo,user:email,workflow...
2026-06-14 15:50:47.750 [info] Getting sessions for all scopes...
2026-06-14 15:50:47.750 [info] Got 1 sessions for ...
2026-06-14 15:50:47.750 [info] Getting sessions for all scopes...
2026-06-14 15:50:47.750 [info] Got 1 sessions for ...
2026-06-14 15:50:47.751 [info] Getting sessions for all scopes...
2026-06-14 15:50:47.751 [info] Got 1 sessions for ...
2026-06-14 15:50:47.780 [info] Getting sessions for all scopes...
2026-06-14 15:50:47.780 [info] Got 1 sessions for ...
2026-06-14 15:50:47.880 [info] Getting sessions for read:user,repo,user:email,workflow...
2026-06-14 15:50:47.880 [info] Got 1 sessions for read:user,repo,user:email,workflow...
2026-06-14 15:50:48.116 [info] Getting sessions for all scopes...
2026-06-14 15:50:48.116 [info] Got 1 sessions for ...
2026-06-14 15:50:48.117 [info] Getting sessions for read:user,repo,user:email,workflow...
2026-06-14 15:50:48.117 [info] Got 1 sessions for read:user,repo,user:email,workflow...
2026-06-14 15:50:48.836 [info] Getting sessions for all scopes...
2026-06-14 15:50:48.836 [info] Got 1 sessions for ...
2026-06-14 15:50:48.837 [info] Getting sessions for read:user,repo,user:email,workflow...
2026-06-14 15:50:48.837 [info] Got 1 sessions for read:user,repo,user:email,workflow...
2026-06-14 15:50:52.582 [info] Getting sessions for all scopes...
2026-06-14 15:50:52.582 [info] Got 1 sessions for ...
2026-06-14 15:50:52.583 [info] Getting sessions for all scopes...
2026-06-14 15:50:52.583 [info] Got 1 sessions for ...
2026-06-14 15:54:10.402 [info] Getting sessions for all scopes...
2026-06-14 15:54:10.403 [info] Got 1 sessions for ...
2026-06-14 15:54:10.403 [info] Getting sessions for all scopes...
2026-06-14 15:54:10.404 [info] Got 1 sessions for ...
2026-06-14 15:55:50.763 [info] Getting sessions for all scopes...
2026-06-14 15:55:50.763 [info] Got 1 sessions for ...
2026-06-14 15:55:50.763 [info] Getting sessions for all scopes...
2026-06-14 15:55:50.763 [info] Got 1 sessions for ...
2026-06-14 15:55:51.746 [info] Getting sessions for all scopes...
2026-06-14 15:55:51.746 [info] Got 1 sessions for ...
2026-06-14 15:55:51.748 [info] Getting sessions for all scopes...
2026-06-14 15:55:51.748 [info] Got 1 sessions for ...
2026-06-14 15:56:49.709 [info] Getting sessions for all scopes...
2026-06-14 15:56:49.709 [info] Got 1 sessions for ...
2026-06-14 15:56:49.710 [info] Getting sessions for all scopes...
2026-06-14 15:56:49.710 [info] Got 1 sessions for ...
2026-06-14 15:56:50.785 [info] Getting sessions for all scopes...
2026-06-14 15:56:50.785 [info] Got 1 sessions for ...
2026-06-14 15:56:50.786 [info] Getting sessions for all scopes...
2026-06-14 15:56:50.786 [info] Got 1 sessions for ...
2026-06-14 15:57:58.528 [info] Getting sessions for all scopes...
2026-06-14 15:57:58.528 [info] Got 1 sessions for ...
2026-06-14 15:57:58.529 [info] Getting sessions for all scopes...
2026-06-14 15:57:58.529 [info] Got 1 sessions for ...
2026-06-14 15:58:09.198 [info] Getting sessions for all scopes...
2026-06-14 15:58:09.198 [info] Got 1 sessions for ...
2026-06-14 15:58:09.199 [info] Getting sessions for all scopes...
2026-06-14 15:58:09.199 [info] Got 1 sessions for ...
2026-06-14 16:01:15.701 [info] Getting sessions for all scopes...
2026-06-14 16:01:15.701 [info] Got 1 sessions for ...
2026-06-14 16:01:15.702 [info] Getting sessions for all scopes...
2026-06-14 16:01:15.702 [info] Got 1 sessions for ...
2026-06-14 16:01:19.650 [info] Getting sessions for all scopes...
2026-06-14 16:01:19.650 [info] Got 1 sessions for ...
2026-06-14 16:01:19.651 [info] Getting sessions for all scopes...
2026-06-14 16:01:19.651 [info] Got 1 sessions for ...
2026-06-14 16:03:49.863 [info] Getting sessions for all scopes...
2026-06-14 16:03:49.864 [info] Got 1 sessions for ...
2026-06-14 16:03:49.864 [info] Getting sessions for all scopes...
2026-06-14 16:03:49.864 [info] Got 1 sessions for ...
2026-06-14 16:14:17.903 [info] Getting sessions for all scopes...
2026-06-14 16:14:17.903 [info] Got 1 sessions for ...
2026-06-14 16:14:17.904 [info] Getting sessions for all scopes...
2026-06-14 16:14:17.904 [info] Got 1 sessions for ...
2026-06-14 16:14:22.937 [info] Getting sessions for all scopes...
2026-06-14 16:14:22.938 [info] Got 1 sessions for ...
2026-06-14 16:14:22.938 [info] Getting sessions for all scopes...
2026-06-14 16:14:22.938 [info] Got 1 sessions for ...
2026-06-14 16:46:48.833 [info] Getting sessions for all scopes...
2026-06-14 16:46:48.833 [info] Got 1 sessions for ...
2026-06-14 16:46:48.836 [info] Getting sessions for read:user,repo,user:email,workflow...
2026-06-14 16:46:48.836 [info] Got 1 sessions for read:user,repo,user:email,workflow...
2026-06-14 16:46:49.732 [info] Getting sessions for all scopes...
2026-06-14 16:46:49.732 [info] Got 1 sessions for ...
2026-06-14 16:46:49.732 [info] Getting sessions for all scopes...
2026-06-14 16:46:49.732 [info] Got 1 sessions for ...
2026-06-14 16:46:49.734 [info] Getting sessions for read:user,repo,user:email,workflow...
2026-06-14 16:46:49.734 [info] Got 1 sessions for read:user,repo,user:email,workflow...
2026-06-14 16:46:49.754 [info] Getting sessions for all scopes...
2026-06-14 16:46:49.754 [info] Got 1 sessions for ...
2026-06-14 16:46:49.799 [info] Getting sessions for all scopes...
2026-06-14 16:46:49.799 [info] Got 1 sessions for ...
2026-06-14 16:46:49.803 [info] Getting sessions for read:user,repo,user:email,workflow...
2026-06-14 16:46:49.803 [info] Got 1 sessions for read:user,repo,user:email,workflow...
2026-06-14 17:42:49.755 [info] Getting sessions for all scopes...
2026-06-14 17:42:49.755 [info] Got 1 sessions for ...
2026-06-14 17:42:49.758 [info] Getting sessions for read:user,repo,user:email,workflow...
2026-06-14 17:42:49.758 [info] Got 1 sessions for read:user,repo,user:email,workflow...
2026-06-14 17:42:50.429 [info] Getting sessions for all scopes...
2026-06-14 17:42:50.429 [info] Got 1 sessions for ...
2026-06-14 17:42:50.429 [info] Getting sessions for all scopes...
2026-06-14 17:42:50.429 [info] Got 1 sessions for ...
2026-06-14 17:42:50.430 [info] Getting sessions for read:user,repo,user:email,workflow...
2026-06-14 17:42:50.431 [info] Got 1 sessions for read:user,repo,user:email,workflow...
2026-06-14 17:42:50.446 [info] Getting sessions for all scopes...
2026-06-14 17:42:50.446 [info] Got 1 sessions for ...
2026-06-14 17:42:50.491 [info] Getting sessions for all scopes...
2026-06-14 17:42:50.491 [info] Got 1 sessions for ...
2026-06-14 17:42:50.492 [info] Getting sessions for read:user,repo,user:email,workflow...
2026-06-14 17:42:50.492 [info] Got 1 sessions for read:user,repo,user:email,workflow...
2026-06-14 18:38:50.464 [info] Getting sessions for all scopes...
2026-06-14 18:38:50.465 [info] Got 1 sessions for ...
2026-06-14 18:38:50.467 [info] Getting sessions for read:user,repo,user:email,workflow...
2026-06-14 18:38:50.467 [info] Got 1 sessions for read:user,repo,user:email,workflow...
2026-06-14 18:38:51.490 [info] Getting sessions for all scopes...
2026-06-14 18:38:51.491 [info] Got 1 sessions for ...
2026-06-14 18:38:51.491 [info] Getting sessions for all scopes...
2026-06-14 18:38:51.491 [info] Got 1 sessions for ...
2026-06-14 18:38:51.492 [info] Getting sessions for read:user,repo,user:email,workflow...
2026-06-14 18:38:51.492 [info] Got 1 sessions for read:user,repo,user:email,workflow...
2026-06-14 18:38:51.506 [info] Getting sessions for all scopes...
2026-06-14 18:38:51.506 [info] Got 1 sessions for ...
2026-06-14 18:38:51.507 [info] Getting sessions for all scopes...
2026-06-14 18:38:51.507 [info] Got 1 sessions for ...
2026-06-14 18:38:51.507 [info] Getting sessions for read:user,repo,user:email,workflow...
2026-06-14 18:38:51.507 [info] Got 1 sessions for read:user,repo,user:email,workflow...
2026-06-14 19:34:51.531 [info] Getting sessions for all scopes...
2026-06-14 19:34:51.531 [info] Got 1 sessions for ...
2026-06-14 19:34:51.534 [info] Getting sessions for read:user,repo,user:email,workflow...
2026-06-14 19:34:51.534 [info] Got 1 sessions for read:user,repo,user:email,workflow...
2026-06-14 19:34:52.303 [info] Getting sessions for all scopes...
2026-06-14 19:34:52.303 [info] Got 1 sessions for ...
2026-06-14 19:34:52.303 [info] Getting sessions for all scopes...
2026-06-14 19:34:52.303 [info] Got 1 sessions for ...
2026-06-14 19:34:52.304 [info] Getting sessions for read:user,repo,user:email,workflow...
2026-06-14 19:34:52.304 [info] Got 1 sessions for read:user,repo,user:email,workflow...
2026-06-14 19:34:52.318 [info] Getting sessions for all scopes...
2026-06-14 19:34:52.318 [info] Got 1 sessions for ...
2026-06-14 19:34:52.319 [info] Getting sessions for all scopes...
2026-06-14 19:34:52.319 [info] Got 1 sessions for ...
2026-06-14 19:34:52.320 [info] Getting sessions for read:user,repo,user:email,workflow...
2026-06-14 19:34:52.320 [info] Got 1 sessions for read:user,repo,user:email,workflow...
2026-06-14 22:08:53.567 [info] Getting sessions for all scopes...
2026-06-14 22:08:53.567 [info] Got 1 sessions for ...
2026-06-14 22:08:53.571 [info] Getting sessions for read:user,repo,user:email,workflow...
2026-06-14 22:08:53.571 [info] Got 1 sessions for read:user,repo,user:email,workflow...
2026-06-14 22:08:54.081 [info] Getting sessions for all scopes...
2026-06-14 22:08:54.081 [info] Got 1 sessions for ...
2026-06-14 22:08:54.082 [info] Getting sessions for all scopes...
2026-06-14 22:08:54.082 [info] Got 1 sessions for ...
2026-06-14 22:08:54.196 [info] Getting sessions for read:user,repo,user:email,workflow...
2026-06-14 22:08:54.196 [info] Got 1 sessions for read:user,repo,user:email,workflow...
2026-06-14 22:08:54.202 [info] Getting sessions for all scopes...
2026-06-14 22:08:54.202 [info] Got 1 sessions for ...
2026-06-14 22:08:54.206 [info] Getting sessions for read:user,repo,user:email,workflow...
2026-06-14 22:08:54.206 [info] Got 1 sessions for read:user,repo,user:email,workflow...
2026-06-14 22:08:54.206 [info] Getting sessions for all scopes...
2026-06-14 22:08:54.206 [info] Got 1 sessions for ...
2026-06-14 22:08:54.211 [info] Getting sessions for read:user,repo,user:email,workflow...
2026-06-14 22:08:54.211 [info] Got 1 sessions for read:user,repo,user:email,workflow...
2026-06-14 22:08:54.563 [info] Getting sessions for all scopes...
2026-06-14 22:08:54.563 [info] Got 1 sessions for ...
2026-06-14 22:08:54.563 [info] Getting sessions for all scopes...
2026-06-14 22:08:54.563 [info] Got 1 sessions for ...
2026-06-14 22:08:54.564 [info] Getting sessions for all scopes...
2026-06-14 22:08:54.564 [info] Got 1 sessions for ...
2026-06-14 22:08:54.565 [info] Getting sessions for read:user,repo,user:email,workflow...
2026-06-14 22:08:54.565 [info] Got 1 sessions for read:user,repo,user:email,workflow...
2026-06-14 22:08:54.907 [info] Getting sessions for all scopes...
2026-06-14 22:08:54.907 [info] Got 1 sessions for ...
2026-06-14 22:08:54.911 [info] Getting sessions for all scopes...
2026-06-14 22:08:54.911 [info] Got 1 sessions for ...
2026-06-14 22:08:54.912 [info] Getting sessions for read:user,repo,user:email,workflow...
2026-06-14 22:08:54.912 [info] Got 1 sessions for read:user,repo,user:email,workflow...
2026-06-14 22:09:10.104 [info] Getting sessions for all scopes...
2026-06-14 22:09:10.104 [info] Got 1 sessions for ...
2026-06-14 22:09:10.105 [info] Getting sessions for all scopes...
2026-06-14 22:09:10.105 [info] Got 1 sessions for ...
