qt.languageserver.server: Did Setup
Using the build directories found in the .qmlls.ini file. Your build folder might not be found if no .qmlls.ini files are present in the root source folder.
Argument "/usr/lib/x86_64-linux-gnu/qt6/qml" passed to -I does not exist.
Using import directories passed by -I: "/usr/lib/qt6/qml", "/usr/lib/x86_64-linux-gnu/qt6/qml".
Using 1 job for CMake, you can increase that value with the QMLLS_CMAKE_JOBS environment variable or the --cmake-jobs option.
qt.languageserver.server: Ignoring cancellation of non in progress request QJsonValue(double, 5)
qt.qmldom: Parsed invalid file /home/taianlux/.config/quickshell/components/date/DateWidget.qml/home/taianlux/.config/quickshell/components/date/DateWidget.qml:[Dom][QmlFile][Parsing] Error: Expected token `numeric literal' for .currentItem

qt.languageserver.server: avoid update of validDoc to  1 of document "file:///home/taianlux/.config/quickshell/components/date/DateWidget.qml" as it is invalid
qt.qmldom: Parsed invalid file /home/taianlux/.config/quickshell/components/date/DateWidget.qml/home/taianlux/.config/quickshell/components/date/DateWidget.qml:[Dom][QmlFile][Parsing] Error: Expected token `numeric literal' for .currentItem

qt.languageserver.server: avoid update of validDoc to  3 of document "file:///home/taianlux/.config/quickshell/components/date/DateWidget.qml" as it is invalid
qt.languageserver.utils: "Couldn't find the C++ file 'private/qquickanchors_p.h'."
qt.languageserver.utils: "Couldn't find the C++ file 'private/qquickanchors_p.h'."
qt.languageserver.server: Ignoring cancellation of non in progress request QJsonValue(double, 94)
qt.languageserver.server: Ignoring cancellation of non in progress request QJsonValue(double, 165)
qt.qmldom: Parsed invalid file /home/taianlux/.config/quickshell/modules/Bar.qml/home/taianlux/.config/quickshell/modules/Bar.qml:57:35: [Dom][QmlFile][Parsing] Error: Expected token `,' for .currentItem

qt.languageserver.server: avoid update of validDoc to  42 of document "file:///home/taianlux/.config/quickshell/modules/Bar.qml" as it is invalid
qt.languageserver.server: Ignoring cancellation of non in progress request QJsonValue(double, 204)
qt.languageserver.utils: "Couldn't find the C++ file 'qquickitem.h'."
qt.languageserver.utils: "Couldn't find the C++ file 'qquickitem.h'."
qt.languageserver.server: Ignoring cancellation of non in progress request QJsonValue(double, 232)
qt.qmldom: Parsed invalid file /home/taianlux/.config/quickshell/components/date/DateWidget.qml/home/taianlux/.config/quickshell/components/date/DateWidget.qml:[Dom][QmlFile][Parsing] Error: Expected token `numeric literal' for .currentItem

qt.languageserver.server: avoid update of validDoc to  7 of document "file:///home/taianlux/.config/quickshell/components/date/DateWidget.qml" as it is invalid
qt.languageserver.utils: "Couldn't find the C++ file 'private/qqmlbuiltinfunctions_p.h'."
qt.qmldom: Parsed invalid file /home/taianlux/.config/quickshell/components/date/DatePopup.qml/home/taianlux/.config/quickshell/components/date/DatePopup.qml:[Dom][QmlFile][Parsing] Error: Expected token `numeric literal' for .currentItem

qt.languageserver.server: avoid update of validDoc to  1 of document "file:///home/taianlux/.config/quickshell/components/date/DatePopup.qml" as it is invalid
qt.qmldom: Parsed invalid file /home/taianlux/.config/quickshell/components/date/DatePopup.qml/home/taianlux/.config/quickshell/components/date/DatePopup.qml:161:155: [Dom][QmlFile][Parsing] Error: Unexpected token `;' for .currentItem
/home/taianlux/.config/quickshell/components/date/DatePopup.qml:161:71: [Dom][QmlFile][Parsing] Error: Unexpected token `;' for .currentItem
/home/taianlux/.config/quickshell/components/date/DatePopup.qml:160:155: [Dom][QmlFile][Parsing] Error: Unexpected token `;' for .currentItem
/home/taianlux/.config/quickshell/components/date/DatePopup.qml:160:71: [Dom][QmlFile][Parsing] Error: Unexpected token `;' for .currentItem

qt.languageserver.server: avoid update of validDoc to  2 of document "file:///home/taianlux/.config/quickshell/components/date/DatePopup.qml" as it is invalid
[Error - 9:31:03 a.m.] Request textDocument/definition failed.
  Message: Cannot proceed: current QML document is invalid! Fix all the errors in your QML code and try again.
  Code: 0 
[Error - 9:31:03 a.m.] Request textDocument/definition failed.
  Message: Cannot proceed: current QML document is invalid! Fix all the errors in your QML code and try again.
  Code: 0 
[Error - 9:31:03 a.m.] Request textDocument/definition failed.
  Message: Cannot proceed: current QML document is invalid! Fix all the errors in your QML code and try again.
  Code: 0 
[Error - 9:31:03 a.m.] Request textDocument/definition failed.
  Message: Cannot proceed: current QML document is invalid! Fix all the errors in your QML code and try again.
  Code: 0 
[Error - 9:31:03 a.m.] Request textDocument/definition failed.
  Message: Cannot proceed: current QML document is invalid! Fix all the errors in your QML code and try again.
  Code: 0 
[Error - 9:31:03 a.m.] Request textDocument/definition failed.
  Message: Cannot proceed: current QML document is invalid! Fix all the errors in your QML code and try again.
  Code: 0 
[Error - 9:31:03 a.m.] Request textDocument/definition failed.
  Message: Cannot proceed: current QML document is invalid! Fix all the errors in your QML code and try again.
  Code: 0 
qt.qmldom: Parsed invalid file /home/taianlux/.config/quickshell/components/date/DateWidget.qml/home/taianlux/.config/quickshell/components/date/DateWidget.qml:[Dom][QmlFile][Parsing] Error: Expected token `numeric literal' for .currentItem

qt.languageserver.server: avoid update of validDoc to  9 of document "file:///home/taianlux/.config/quickshell/components/date/DateWidget.qml" as it is invalid
qt.qmldom: Parsed invalid file /home/taianlux/.config/quickshell/components/date/DateWidget.qml/home/taianlux/.config/quickshell/components/date/DateWidget.qml:[Dom][QmlFile][Parsing] Error: Expected token `numeric literal' for .currentItem

qt.languageserver.server: avoid update of validDoc to  11 of document "file:///home/taianlux/.config/quickshell/components/date/DateWidget.qml" as it is invalid
[Error - 9:32:46 a.m.] Request textDocument/definition failed.
  Message: Cannot proceed: current QML document is invalid! Fix all the errors in your QML code and try again.
  Code: 0 
qt.qmldom: Parsed invalid file /home/taianlux/.config/quickshell/components/date/DatePopup.qml/home/taianlux/.config/quickshell/components/date/DatePopup.qml:1:1: [Dom][QmlFile][Parsing] Error: Expected token `numeric literal' for .currentItem

qt.languageserver.server: avoid update of validDoc to  3 of document "file:///home/taianlux/.config/quickshell/components/date/DatePopup.qml" as it is invalid
qt.qmldom: Parsed invalid file /home/taianlux/.config/quickshell/components/date/DatePopup.qml/home/taianlux/.config/quickshell/components/date/DatePopup.qml:161:155: [Dom][QmlFile][Parsing] Error: Unexpected token `;' for .currentItem
/home/taianlux/.config/quickshell/components/date/DatePopup.qml:161:71: [Dom][QmlFile][Parsing] Error: Unexpected token `;' for .currentItem
/home/taianlux/.config/quickshell/components/date/DatePopup.qml:160:155: [Dom][QmlFile][Parsing] Error: Unexpected token `;' for .currentItem
/home/taianlux/.config/quickshell/components/date/DatePopup.qml:160:71: [Dom][QmlFile][Parsing] Error: Unexpected token `;' for .currentItem

qt.languageserver.server: avoid update of validDoc to  4 of document "file:///home/taianlux/.config/quickshell/components/date/DatePopup.qml" as it is invalid
qt.qmldom: Parsed invalid file /home/taianlux/.config/quickshell/components/date/DatePopup.qml/home/taianlux/.config/quickshell/components/date/DatePopup.qml:[Dom][QmlFile][Parsing] Error: Expected token `numeric literal' for .currentItem

qt.languageserver.server: avoid update of validDoc to  5 of document "file:///home/taianlux/.config/quickshell/components/date/DatePopup.qml" as it is invalid
qt.qmldom: Parsed invalid file /home/taianlux/.config/quickshell/components/date/DatePopup.qml/home/taianlux/.config/quickshell/components/date/DatePopup.qml:161:155: [Dom][QmlFile][Parsing] Error: Unexpected token `;' for .currentItem
/home/taianlux/.config/quickshell/components/date/DatePopup.qml:161:71: [Dom][QmlFile][Parsing] Error: Unexpected token `;' for .currentItem
/home/taianlux/.config/quickshell/components/date/DatePopup.qml:160:155: [Dom][QmlFile][Parsing] Error: Unexpected token `;' for .currentItem
/home/taianlux/.config/quickshell/components/date/DatePopup.qml:160:71: [Dom][QmlFile][Parsing] Error: Unexpected token `;' for .currentItem

qt.languageserver.server: avoid update of validDoc to  6 of document "file:///home/taianlux/.config/quickshell/components/date/DatePopup.qml" as it is invalid
[Error - 9:32:57 a.m.] Request textDocument/definition failed.
  Message: Cannot proceed: current QML document is invalid! Fix all the errors in your QML code and try again.
  Code: 0 
[Error - 9:34:32 a.m.] Request textDocument/definition failed.
  Message: Cannot proceed: current QML document is invalid! Fix all the errors in your QML code and try again.
  Code: 0 
[Error - 9:34:33 a.m.] Request textDocument/definition failed.
  Message: Cannot proceed: current QML document is invalid! Fix all the errors in your QML code and try again.
  Code: 0 
[Error - 9:34:33 a.m.] Request textDocument/definition failed.
  Message: Cannot proceed: current QML document is invalid! Fix all the errors in your QML code and try again.
  Code: 0 
[Error - 9:34:33 a.m.] Request textDocument/definition failed.
  Message: Cannot proceed: current QML document is invalid! Fix all the errors in your QML code and try again.
  Code: 0 
[Error - 9:34:35 a.m.] Request textDocument/definition failed.
  Message: Cannot proceed: current QML document is invalid! Fix all the errors in your QML code and try again.
  Code: 0 
[Error - 9:34:57 a.m.] Request textDocument/definition failed.
  Message: Cannot proceed: current QML document is invalid! Fix all the errors in your QML code and try again.
  Code: 0 
qt.languageserver.server: avoid update of validDoc to  6 of document "file:///home/taianlux/.config/quickshell/components/date/DatePopup.qml" as it is invalid
qt.qmldom: Parsed invalid file /home/taianlux/.config/quickshell/components/date/DateWidget.qml/home/taianlux/.config/quickshell/components/date/DateWidget.qml:[Dom][QmlFile][Parsing] Error: Expected token `numeric literal' for .currentItem

qt.languageserver.server: avoid update of validDoc to  13 of document "file:///home/taianlux/.config/quickshell/components/date/DateWidget.qml" as it is invalid
qt.languageserver.utils: "Couldn't find the C++ file 'private/qquickanimation_p.h'."
qt.languageserver.utils: "Couldn't find the C++ file 'private/qquickanimation_p.h'."
qt.qmldom: Parsed invalid file /home/taianlux/.config/quickshell/components/date/DateWidget.qml/home/taianlux/.config/quickshell/components/date/DateWidget.qml:[Dom][QmlFile][Parsing] Error: Expected token `numeric literal' for .currentItem

qt.languageserver.server: avoid update of validDoc to  15 of document "file:///home/taianlux/.config/quickshell/components/date/DateWidget.qml" as it is invalid
qt.qmldom: Parsed invalid file /home/taianlux/.config/quickshell/components/date/DateWidget.qml/home/taianlux/.config/quickshell/components/date/DateWidget.qml:[Dom][QmlFile][Parsing] Error: Expected token `numeric literal' for .currentItem

qt.languageserver.server: avoid update of validDoc to  17 of document "file:///home/taianlux/.config/quickshell/components/date/DateWidget.qml" as it is invalid
qt.languageserver.server: Ignoring cancellation of non in progress request QJsonValue(double, 420)
qt.qmldom: Parsed invalid file /home/taianlux/.config/quickshell/components/date/DateWidget.qml/home/taianlux/.config/quickshell/components/date/DateWidget.qml:[Dom][QmlFile][Parsing] Error: Expected token `numeric literal' for .currentItem

qt.languageserver.server: avoid update of validDoc to  19 of document "file:///home/taianlux/.config/quickshell/components/date/DateWidget.qml" as it is invalid
qt.qmldom: Parsed invalid file /home/taianlux/.config/quickshell/components/date/DataPopup.qml/home/taianlux/.config/quickshell/components/date/DataPopup.qml:[Dom][QmlFile][Parsing] Error: Expected token `numeric literal' for .currentItem

qt.languageserver.server: avoid update of validDoc to  1 of document "file:///home/taianlux/.config/quickshell/components/date/DataPopup.qml" as it is invalid
qt.qmldom: Parsed invalid file /home/taianlux/.config/quickshell/components/date/DateWidget.qml/home/taianlux/.config/quickshell/components/date/DateWidget.qml:6:1: [Dom][QmlFile][Parsing] Error: Unexpected token `identifier' for .currentItem

qt.languageserver.server: avoid update of validDoc to  21 of document "file:///home/taianlux/.config/quickshell/components/date/DateWidget.qml" as it is invalid
qt.qmldom: Parsed invalid file /home/taianlux/.config/quickshell/components/date/DateWidget.qml/home/taianlux/.config/quickshell/components/date/DateWidget.qml:6:1: [Dom][QmlFile][Parsing] Error: Unexpected token `identifier' for .currentItem

qt.languageserver.server: avoid update of validDoc to  22 of document "file:///home/taianlux/.config/quickshell/components/date/DateWidget.qml" as it is invalid
qt.qmldom: Parsed invalid file /home/taianlux/.config/quickshell/components/date/DateWidget.qml/home/taianlux/.config/quickshell/components/date/DateWidget.qml:6:1: [Dom][QmlFile][Parsing] Error: Unexpected token `identifier' for .currentItem

qt.languageserver.server: avoid update of validDoc to  23 of document "file:///home/taianlux/.config/quickshell/components/date/DateWidget.qml" as it is invalid
qt.qmldom: Parsed invalid file /home/taianlux/.config/quickshell/components/date/DateWidget.qml/home/taianlux/.config/quickshell/components/date/DateWidget.qml:6:1: [Dom][QmlFile][Parsing] Error: Unexpected token `identifier' for .currentItem

qt.languageserver.server: avoid update of validDoc to  24 of document "file:///home/taianlux/.config/quickshell/components/date/DateWidget.qml" as it is invalid
qt.qmldom: Parsed invalid file /home/taianlux/.config/quickshell/components/date/DateWidget.qml/home/taianlux/.config/quickshell/components/date/DateWidget.qml:6:1: [Dom][QmlFile][Parsing] Error: Unexpected token `identifier' for .currentItem

qt.languageserver.server: avoid update of validDoc to  25 of document "file:///home/taianlux/.config/quickshell/components/date/DateWidget.qml" as it is invalid
qt.qmldom: Parsed invalid file /home/taianlux/.config/quickshell/components/date/DateWidget.qml/home/taianlux/.config/quickshell/components/date/DateWidget.qml:6:11: [Dom][QmlFile][Parsing] Error: Expected token `;' for .currentItem

qt.languageserver.server: avoid update of validDoc to  26 of document "file:///home/taianlux/.config/quickshell/components/date/DateWidget.qml" as it is invalid
qt.qmldom: Parsed invalid file /home/taianlux/.config/quickshell/components/date/DateWidget.qml/home/taianlux/.config/quickshell/components/date/DateWidget.qml:6:11: [Dom][QmlFile][Parsing] Error: Expected token `;' for .currentItem

qt.languageserver.server: avoid update of validDoc to  27 of document "file:///home/taianlux/.config/quickshell/components/date/DateWidget.qml" as it is invalid
[Dom] Error: Non existing path to load: ''
[Dom] Error: Non existing path to load: '/home/taianlux/.config/quickshell/components/date/d'
[Dom] Error: Non existing path to load: ''
[Dom] Error: Non existing path to load: '/home/taianlux/.config/quickshell/components/date/D'
[Dom] Error: Non existing path to load: '/home/taianlux/.config/quickshell/components/date/DatePopup.qml'
[Dom] Error: Non existing path to load: '/home/taianlux/.config/quickshell/components/date/DatePopup.qml'
qt.qmldom: Parsed invalid file /home/taianlux/.config/quickshell/components/date/DatePopup.qml/home/taianlux/.config/quickshell/components/date/DatePopup.qml:[Dom][QmlFile][Parsing] Error: Expected token `numeric literal' for .currentItem

qt.languageserver.server: avoid update of validDoc to  2 of document "file:///home/taianlux/.config/quickshell/components/date/DatePopup.qml" as it is invalid
qt.languageserver.utils: "Couldn't find the C++ file 'panelinterface.hpp'."
qt.qmldom: Parsed invalid file /home/taianlux/.config/quickshell/components/date/DatePopup.qml/home/taianlux/.config/quickshell/components/date/DatePopup.qml:[Dom][QmlFile][Parsing] Error: Expected token `numeric literal' for .currentItem

qt.languageserver.server: avoid update of validDoc to  4 of document "file:///home/taianlux/.config/quickshell/components/date/DatePopup.qml" as it is invalid
qt.languageserver.utils: "Couldn't find the C++ file 'private/qqmlbuiltinfunctions_p.h'."
qt.languageserver.server: Ignoring cancellation of non in progress request QJsonValue(double, 537)
qt.qmldom: Parsed invalid file /home/taianlux/.config/quickshell/components/date/DatePopup.qml/home/taianlux/.config/quickshell/components/date/DatePopup.qml:[Dom][QmlFile][Parsing] Error: Expected token `}' for .currentItem

qt.languageserver.server: avoid update of validDoc to  6 of document "file:///home/taianlux/.config/quickshell/components/date/DatePopup.qml" as it is invalid
qt.qmldom: Parsed invalid file /home/taianlux/.config/quickshell/components/date/DatePopup.qml/home/taianlux/.config/quickshell/components/date/DatePopup.qml:[Dom][QmlFile][Parsing] Error: Expected token `numeric literal' for .currentItem

qt.languageserver.server: avoid update of validDoc to  8 of document "file:///home/taianlux/.config/quickshell/components/date/DatePopup.qml" as it is invalid
qt.qmldom: Parsed invalid file /home/taianlux/.config/quickshell/components/date/DateWidget.qml/home/taianlux/.config/quickshell/components/date/DateWidget.qml:51:22: [Dom][QmlFile][Parsing] Error: Expected token `,' for .currentItem

qt.languageserver.server: avoid update of validDoc to  37 of document "file:///home/taianlux/.config/quickshell/components/date/DateWidget.qml" as it is invalid
qt.qmldom: Parsed invalid file /home/taianlux/.config/quickshell/components/date/CalendarTab.qml/home/taianlux/.config/quickshell/components/date/CalendarTab.qml:[Dom][QmlFile][Parsing] Error: Expected token `numeric literal' for .currentItem

qt.languageserver.server: avoid update of validDoc to  1 of document "file:///home/taianlux/.config/quickshell/components/date/CalendarTab.qml" as it is invalid
qt.languageserver.utils: "Couldn't find the C++ file 'private/qquicklinearlayout_p.h'."
qt.languageserver.utils: "Couldn't find the C++ file 'private/qquicklinearlayout_p.h'."
qt.languageserver.utils: "Couldn't find the C++ file 'qquickitem.h'."
qt.languageserver.utils: "Couldn't find the C++ file 'qquickitem.h'."
qt.languageserver.utils: "Couldn't find the C++ file 'qquickitem.h'."
qt.languageserver.utils: "Couldn't find the C++ file 'qquickitem.h'."
qt.languageserver.utils: "Couldn't find the C++ file 'qquickitem.h'."
qt.languageserver.utils: "Couldn't find the C++ file 'qquickitem.h'."
qt.languageserver.utils: "Couldn't find the C++ file 'qquickitem.h'."
qt.languageserver.utils: "Couldn't find the C++ file 'qquickitem.h'."
qt.qmldom: Parsed invalid file /home/taianlux/.config/quickshell/components/date/StopWatch.qml/home/taianlux/.config/quickshell/components/date/StopWatch.qml:[Dom][QmlFile][Parsing] Error: Expected token `numeric literal' for .currentItem

qt.languageserver.server: avoid update of validDoc to  1 of document "file:///home/taianlux/.config/quickshell/components/date/StopWatch.qml" as it is invalid
qt.qmldom: Parsed invalid file /home/taianlux/.config/quickshell/components/date/DatePopup.qml/home/taianlux/.config/quickshell/components/date/DatePopup.qml:[Dom][QmlFile][Parsing] Error: Expected token `numeric literal' for .currentItem

qt.languageserver.server: avoid update of validDoc to  10 of document "file:///home/taianlux/.config/quickshell/components/date/DatePopup.qml" as it is invalid
qt.languageserver.utils: "Couldn't find the C++ file 'private/qquickrectangle_p.h'."
qt.languageserver.utils: "Couldn't find the C++ file 'private/qquickrectangle_p.h'."
qt.languageserver.utils: "Couldn't find the C++ file 'qquickitem.h'."
qt.qmldom: Parsed invalid file /home/taianlux/.config/quickshell/components/date/DatePopup.qml/home/taianlux/.config/quickshell/components/date/DatePopup.qml:[Dom][QmlFile][Parsing] Error: Expected token `numeric literal' for .currentItem

qt.languageserver.server: avoid update of validDoc to  12 of document "file:///home/taianlux/.config/quickshell/components/date/DatePopup.qml" as it is invalid
qt.qmldom: Parsed invalid file /home/taianlux/.config/quickshell/components/date/DatePopup.qml/home/taianlux/.config/quickshell/components/date/DatePopup.qml:[Dom][QmlFile][Parsing] Error: Expected token `}' for .currentItem

qt.languageserver.server: avoid update of validDoc to  16 of document "file:///home/taianlux/.config/quickshell/components/date/DatePopup.qml" as it is invalid
qt.qmldom: Parsed invalid file /home/taianlux/.config/quickshell/components/date/DateWidget.qml/home/taianlux/.config/quickshell/components/date/DateWidget.qml:[Dom][QmlFile][Parsing] Error: Expected token `numeric literal' for .currentItem

qt.languageserver.server: avoid update of validDoc to  40 of document "file:///home/taianlux/.config/quickshell/components/date/DateWidget.qml" as it is invalid
qt.qmldom: Parsed invalid file /home/taianlux/.config/quickshell/components/date/DatePopup.qml/home/taianlux/.config/quickshell/components/date/DatePopup.qml:[Dom][QmlFile][Parsing] Error: Expected token `numeric literal' for .currentItem

qt.languageserver.server: avoid update of validDoc to  17 of document "file:///home/taianlux/.config/quickshell/components/date/DatePopup.qml" as it is invalid
qt.qmldom: Parsed invalid file /home/taianlux/.config/quickshell/components/date/StopwatchTab.qml/home/taianlux/.config/quickshell/components/date/StopwatchTab.qml:[Dom][QmlFile][Parsing] Error: Expected token `numeric literal' for .currentItem

qt.languageserver.server: avoid update of validDoc to  2 of document "file:///home/taianlux/.config/quickshell/components/date/StopwatchTab.qml" as it is invalid
qt.qmldom: Parsed invalid file /home/taianlux/.config/quickshell/components/date/TimerTab.qml/home/taianlux/.config/quickshell/components/date/TimerTab.qml:[Dom][QmlFile][Parsing] Error: Expected token `numeric literal' for .currentItem

qt.languageserver.server: avoid update of validDoc to  2 of document "file:///home/taianlux/.config/quickshell/components/date/TimerTab.qml" as it is invalid
qt.languageserver.utils: "Couldn't find the C++ file 'private/qquickrectangle_p.h'."
qt.qmldom: Parsed invalid file /home/taianlux/.config/quickshell/components/date/DateWidget.qml/home/taianlux/.config/quickshell/components/date/DateWidget.qml:[Dom][QmlFile][Parsing] Error: Expected token `numeric literal' for .currentItem

qt.languageserver.server: avoid update of validDoc to  42 of document "file:///home/taianlux/.config/quickshell/components/date/DateWidget.qml" as it is invalid
qt.qmldom: Parsed invalid file /home/taianlux/.config/quickshell/components/date/DateWidget.qml/home/taianlux/.config/quickshell/components/date/DateWidget.qml:236:212: [Dom][QmlFile][Parsing] Error: Unexpected token `;' for .currentItem
/home/taianlux/.config/quickshell/components/date/DateWidget.qml:235:168: [Dom][QmlFile][Parsing] Error: Unexpected token `;' for .currentItem
/home/taianlux/.config/quickshell/components/date/DateWidget.qml:221:212: [Dom][QmlFile][Parsing] Error: Unexpected token `;' for .currentItem
/home/taianlux/.config/quickshell/components/date/DateWidget.qml:220:169: [Dom][QmlFile][Parsing] Error: Unexpected token `;' for .currentItem
/home/taianlux/.config/quickshell/components/date/DateWidget.qml:217:194: [Dom][QmlFile][Parsing] Error: Unexpected token `;' for .currentItem

qt.languageserver.server: avoid update of validDoc to  43 of document "file:///home/taianlux/.config/quickshell/components/date/DateWidget.qml" as it is invalid
qt.qmldom: Parsed invalid file /home/taianlux/.config/quickshell/components/date/DateWidget.qml/home/taianlux/.config/quickshell/components/date/DateWidget.qml:[Dom][QmlFile][Parsing] Error: Expected token `numeric literal' for .currentItem

qt.languageserver.server: avoid update of validDoc to  44 of document "file:///home/taianlux/.config/quickshell/components/date/DateWidget.qml" as it is invalid
qt.qmldom: Parsed invalid file /home/taianlux/.config/quickshell/components/date/DateWidget.qml/home/taianlux/.config/quickshell/components/date/DateWidget.qml:[Dom][QmlFile][Parsing] Error: Expected token `numeric literal' for .currentItem

qt.languageserver.server: avoid update of validDoc to  46 of document "file:///home/taianlux/.config/quickshell/components/date/DateWidget.qml" as it is invalid
qt.qmldom: Parsed invalid file /home/taianlux/.config/quickshell/components/date/DateWidget.qml/home/taianlux/.config/quickshell/components/date/DateWidget.qml:236:212: [Dom][QmlFile][Parsing] Error: Unexpected token `;' for .currentItem
/home/taianlux/.config/quickshell/components/date/DateWidget.qml:235:168: [Dom][QmlFile][Parsing] Error: Unexpected token `;' for .currentItem
/home/taianlux/.config/quickshell/components/date/DateWidget.qml:221:212: [Dom][QmlFile][Parsing] Error: Unexpected token `;' for .currentItem
/home/taianlux/.config/quickshell/components/date/DateWidget.qml:220:169: [Dom][QmlFile][Parsing] Error: Unexpected token `;' for .currentItem
/home/taianlux/.config/quickshell/components/date/DateWidget.qml:217:194: [Dom][QmlFile][Parsing] Error: Unexpected token `;' for .currentItem

qt.languageserver.server: avoid update of validDoc to  47 of document "file:///home/taianlux/.config/quickshell/components/date/DateWidget.qml" as it is invalid
qt.qmldom: Parsed invalid file /home/taianlux/.config/quickshell/components/date/DatePopup.qml/home/taianlux/.config/quickshell/components/date/DatePopup.qml:[Dom][QmlFile][Parsing] Error: Expected token `numeric literal' for .currentItem

qt.languageserver.server: avoid update of validDoc to  19 of document "file:///home/taianlux/.config/quickshell/components/date/DatePopup.qml" as it is invalid
qt.languageserver.utils: "Couldn't find the C++ file 'qquickitem.h'."
qt.languageserver.utils: "Couldn't find the C++ file 'private/qquickanchors_p.h'."
qt.qmldom: Parsed invalid file /home/taianlux/.config/quickshell/components/date/DatePopup.qml/home/taianlux/.config/quickshell/components/date/DatePopup.qml:[Dom][QmlFile][Parsing] Error: Expected token `numeric literal' for .currentItem

qt.languageserver.server: avoid update of validDoc to  21 of document "file:///home/taianlux/.config/quickshell/components/date/DatePopup.qml" as it is invalid
qt.qmldom: Parsed invalid file /home/taianlux/.config/quickshell/components/date/TimerTab.qml/home/taianlux/.config/quickshell/components/date/TimerTab.qml:[Dom][QmlFile][Parsing] Error: Expected token `numeric literal' for .currentItem

qt.languageserver.server: avoid update of validDoc to  4 of document "file:///home/taianlux/.config/quickshell/components/date/TimerTab.qml" as it is invalid
qt.languageserver.utils: "Couldn't find the C++ file 'qquickitem.h'."
qt.languageserver.utils: "Couldn't find the C++ file 'qquickitem.h'."
qt.languageserver.utils: "Couldn't find the C++ file 'qquickitem.h'."
qt.languageserver.utils: "Couldn't find the C++ file 'private/qquickanchors_p.h'."
qt.languageserver.utils: "Couldn't find the C++ file 'qquickitem.h'."
qt.qmldom: Parsed invalid file /home/taianlux/.config/quickshell/components/date/DatePopup.qml/home/taianlux/.config/quickshell/components/date/DatePopup.qml:[Dom][QmlFile][Parsing] Error: Expected token `numeric literal' for .currentItem

qt.languageserver.server: avoid update of validDoc to  23 of document "file:///home/taianlux/.config/quickshell/components/date/DatePopup.qml" as it is invalid
qt.qmldom: Parsed invalid file /home/taianlux/.config/quickshell/components/date/DateWidget.qml/home/taianlux/.config/quickshell/components/date/DateWidget.qml:[Dom][QmlFile][Parsing] Error: Expected token `numeric literal' for .currentItem

qt.languageserver.server: avoid update of validDoc to  48 of document "file:///home/taianlux/.config/quickshell/components/date/DateWidget.qml" as it is invalid
qt.languageserver.server: Ignoring cancellation of non in progress request QJsonValue(double, 965)
qt.qmldom: Parsed invalid file /home/taianlux/.config/quickshell/components/date/DateWidget.qml/home/taianlux/.config/quickshell/components/date/DateWidget.qml:195:57: [Dom][QmlFile][Parsing] Error: Expected token `;' for .currentItem

qt.languageserver.server: avoid update of validDoc to  53 of document "file:///home/taianlux/.config/quickshell/components/date/DateWidget.qml" as it is invalid
qt.qmldom: Parsed invalid file /home/taianlux/.config/quickshell/components/date/DateWidget.qml/home/taianlux/.config/quickshell/components/date/DateWidget.qml:195:57: [Dom][QmlFile][Parsing] Error: Expected token `;' for .currentItem

qt.languageserver.server: avoid update of validDoc to  54 of document "file:///home/taianlux/.config/quickshell/components/date/DateWidget.qml" as it is invalid
qt.qmldom: Parsed invalid file /home/taianlux/.config/quickshell/components/date/DateWidget.qml/home/taianlux/.config/quickshell/components/date/DateWidget.qml:195:57: [Dom][QmlFile][Parsing] Error: Expected token `;' for .currentItem

qt.languageserver.server: avoid update of validDoc to  55 of document "file:///home/taianlux/.config/quickshell/components/date/DateWidget.qml" as it is invalid
qt.qmldom: Parsed invalid file /home/taianlux/.config/quickshell/components/date/DateWidget.qml/home/taianlux/.config/quickshell/components/date/DateWidget.qml:195:57: [Dom][QmlFile][Parsing] Error: Expected token `;' for .currentItem

qt.languageserver.server: avoid update of validDoc to  56 of document "file:///home/taianlux/.config/quickshell/components/date/DateWidget.qml" as it is invalid
qt.qmldom: Parsed invalid file /home/taianlux/.config/quickshell/components/date/DateWidget.qml/home/taianlux/.config/quickshell/components/date/DateWidget.qml:195:57: [Dom][QmlFile][Parsing] Error: Expected token `;' for .currentItem

qt.languageserver.server: avoid update of validDoc to  57 of document "file:///home/taianlux/.config/quickshell/components/date/DateWidget.qml" as it is invalid
qt.qmldom: Parsed invalid file /home/taianlux/.config/quickshell/components/date/DateWidget.qml/home/taianlux/.config/quickshell/components/date/DateWidget.qml:195:57: [Dom][QmlFile][Parsing] Error: Expected token `;' for .currentItem

qt.languageserver.server: avoid update of validDoc to  58 of document "file:///home/taianlux/.config/quickshell/components/date/DateWidget.qml" as it is invalid
qt.qmldom: Parsed invalid file /home/taianlux/.config/quickshell/components/date/DateWidget.qml/home/taianlux/.config/quickshell/components/date/DateWidget.qml:191:17: [Dom][QmlFile][Parsing] Error: Expected token `numeric literal' for .currentItem

qt.languageserver.server: avoid update of validDoc to  59 of document "file:///home/taianlux/.config/quickshell/components/date/DateWidget.qml" as it is invalid
qt.qmldom: Parsed invalid file /home/taianlux/.config/quickshell/components/date/DateWidget.qml/home/taianlux/.config/quickshell/components/date/DateWidget.qml:191:17: [Dom][QmlFile][Parsing] Error: Expected token `;' for .currentItem

qt.languageserver.server: avoid update of validDoc to  63 of document "file:///home/taianlux/.config/quickshell/components/date/DateWidget.qml" as it is invalid
qt.languageserver.server: Ignoring cancellation of non in progress request QJsonValue(double, 966)
qt.languageserver.server: Ignoring cancellation of non in progress request QJsonValue(double, 968)
qt.qmldom: Parsed invalid file /home/taianlux/.config/quickshell/components/date/DateWidget.qml/home/taianlux/.config/quickshell/components/date/DateWidget.qml:191:17: [Dom][QmlFile][Parsing] Error: Expected token `;' for .currentItem

qt.languageserver.server: avoid update of validDoc to  69 of document "file:///home/taianlux/.config/quickshell/components/date/DateWidget.qml" as it is invalid
qt.qmldom: Parsed invalid file /home/taianlux/.config/quickshell/components/date/DateWidget.qml/home/taianlux/.config/quickshell/components/date/DateWidget.qml:191:17: [Dom][QmlFile][Parsing] Error: Expected token `numeric literal' for .currentItem

qt.languageserver.server: avoid update of validDoc to  73 of document "file:///home/taianlux/.config/quickshell/components/date/DateWidget.qml" as it is invalid
qt.qmldom: Parsed invalid file /home/taianlux/.config/quickshell/components/date/DateWidget.qml/home/taianlux/.config/quickshell/components/date/DateWidget.qml:195:57: [Dom][QmlFile][Parsing] Error: Expected token `;' for .currentItem

qt.languageserver.server: avoid update of validDoc to  74 of document "file:///home/taianlux/.config/quickshell/components/date/DateWidget.qml" as it is invalid
qt.qmldom: Parsed invalid file /home/taianlux/.config/quickshell/components/date/DateWidget.qml/home/taianlux/.config/quickshell/components/date/DateWidget.qml:195:57: [Dom][QmlFile][Parsing] Error: Expected token `;' for .currentItem

qt.languageserver.server: avoid update of validDoc to  75 of document "file:///home/taianlux/.config/quickshell/components/date/DateWidget.qml" as it is invalid
qt.qmldom: Parsed invalid file /home/taianlux/.config/quickshell/components/date/DateWidget.qml/home/taianlux/.config/quickshell/components/date/DateWidget.qml:195:57: [Dom][QmlFile][Parsing] Error: Expected token `;' for .currentItem

qt.languageserver.server: avoid update of validDoc to  76 of document "file:///home/taianlux/.config/quickshell/components/date/DateWidget.qml" as it is invalid
qt.qmldom: Parsed invalid file /home/taianlux/.config/quickshell/components/date/DateWidget.qml/home/taianlux/.config/quickshell/components/date/DateWidget.qml:195:57: [Dom][QmlFile][Parsing] Error: Expected token `;' for .currentItem

qt.languageserver.server: avoid update of validDoc to  77 of document "file:///home/taianlux/.config/quickshell/components/date/DateWidget.qml" as it is invalid
qt.qmldom: Parsed invalid file /home/taianlux/.config/quickshell/components/date/DateWidget.qml/home/taianlux/.config/quickshell/components/date/DateWidget.qml:195:57: [Dom][QmlFile][Parsing] Error: Expected token `;' for .currentItem

qt.languageserver.server: avoid update of validDoc to  78 of document "file:///home/taianlux/.config/quickshell/components/date/DateWidget.qml" as it is invalid
qt.qmldom: Parsed invalid file /home/taianlux/.config/quickshell/components/date/DateWidget.qml/home/taianlux/.config/quickshell/components/date/DateWidget.qml:195:57: [Dom][QmlFile][Parsing] Error: Expected token `;' for .currentItem

qt.languageserver.server: avoid update of validDoc to  79 of document "file:///home/taianlux/.config/quickshell/components/date/DateWidget.qml" as it is invalid
qt.qmldom: Parsed invalid file /home/taianlux/.config/quickshell/components/date/DateWidget.qml/home/taianlux/.config/quickshell/components/date/DateWidget.qml:195:57: [Dom][QmlFile][Parsing] Error: Expected token `;' for .currentItem

qt.languageserver.server: avoid update of validDoc to  80 of document "file:///home/taianlux/.config/quickshell/components/date/DateWidget.qml" as it is invalid
qt.qmldom: Parsed invalid file /home/taianlux/.config/quickshell/components/date/DateWidget.qml/home/taianlux/.config/quickshell/components/date/DateWidget.qml:191:17: [Dom][QmlFile][Parsing] Error: Expected token `numeric literal' for .currentItem

qt.languageserver.server: avoid update of validDoc to  81 of document "file:///home/taianlux/.config/quickshell/components/date/DateWidget.qml" as it is invalid
qt.qmldom: Parsed invalid file /home/taianlux/.config/quickshell/components/date/DateWidget.qml/home/taianlux/.config/quickshell/components/date/DateWidget.qml:191:17: [Dom][QmlFile][Parsing] Error: Expected token `;' for .currentItem

qt.languageserver.server: avoid update of validDoc to  85 of document "file:///home/taianlux/.config/quickshell/components/date/DateWidget.qml" as it is invalid
qt.languageserver.server: Ignoring cancellation of non in progress request QJsonValue(double, 1002)
qt.languageserver.server: Ignoring cancellation of non in progress request QJsonValue(double, 1043)
qt.languageserver.server: Ignoring cancellation of non in progress request QJsonValue(double, 1044)
qt.qmldom: Parsed invalid file /home/taianlux/.config/quickshell/components/date/DateWidget.qml/home/taianlux/.config/quickshell/components/date/DateWidget.qml:[Dom][QmlFile][Parsing] Error: Expected token `numeric literal' for .currentItem

qt.languageserver.server: avoid update of validDoc to  102 of document "file:///home/taianlux/.config/quickshell/components/date/DateWidget.qml" as it is invalid
qt.languageserver.utils: "Couldn't find the C++ file 'private/qquicklayout_p.h'."
qt.languageserver.utils: "Couldn't find the C++ file 'private/qquickimage_p.h'."
qt.languageserver.utils: "Couldn't find the C++ file 'private/qquickvaluetypes_p.h'."
qt.languageserver.utils: "Couldn't find the C++ file 'private/qquickvaluetypes_p.h'."
qt.languageserver.utils: "Couldn't find the C++ file 'private/qquickvaluetypes_p.h'."
qt.languageserver.utils: "Couldn't find the C++ file 'private/qquickvaluetypes_p.h'."
qt.languageserver.utils: "Couldn't find the C++ file 'private/qquickvaluetypes_p.h'."
qt.languageserver.utils: "Couldn't find the C++ file 'private/qquickvaluetypes_p.h'."
qt.qmldom: Parsed invalid file /home/taianlux/.config/quickshell/components/date/DateWidget.qml/home/taianlux/.config/quickshell/components/date/DateWidget.qml:[Dom][QmlFile][Parsing] Error: Expected token `numeric literal' for .currentItem

qt.languageserver.server: avoid update of validDoc to  104 of document "file:///home/taianlux/.config/quickshell/components/date/DateWidget.qml" as it is invalid
qt.qmldom: Parsed invalid file /home/taianlux/.config/quickshell/components/date/DateWidget.qml/home/taianlux/.config/quickshell/components/date/DateWidget.qml:270:212: [Dom][QmlFile][Parsing] Error: Unexpected token `;' for .currentItem
/home/taianlux/.config/quickshell/components/date/DateWidget.qml:269:168: [Dom][QmlFile][Parsing] Error: Unexpected token `;' for .currentItem
/home/taianlux/.config/quickshell/components/date/DateWidget.qml:255:212: [Dom][QmlFile][Parsing] Error: Unexpected token `;' for .currentItem
/home/taianlux/.config/quickshell/components/date/DateWidget.qml:254:169: [Dom][QmlFile][Parsing] Error: Unexpected token `;' for .currentItem

qt.languageserver.server: avoid update of validDoc to  105 of document "file:///home/taianlux/.config/quickshell/components/date/DateWidget.qml" as it is invalid
[Error - 12:26:13 p.m.] Request textDocument/definition failed.
  Message: Cannot proceed: current QML document is invalid! Fix all the errors in your QML code and try again.
  Code: 0 
[Error - 12:26:13 p.m.] Request textDocument/definition failed.
  Message: Cannot proceed: current QML document is invalid! Fix all the errors in your QML code and try again.
  Code: 0 
[Error - 12:26:13 p.m.] Request textDocument/definition failed.
  Message: Cannot proceed: current QML document is invalid! Fix all the errors in your QML code and try again.
  Code: 0 
[Error - 12:26:13 p.m.] Request textDocument/definition failed.
  Message: Cannot proceed: current QML document is invalid! Fix all the errors in your QML code and try again.
  Code: 0 
[Error - 12:26:13 p.m.] Request textDocument/definition failed.
  Message: Cannot proceed: current QML document is invalid! Fix all the errors in your QML code and try again.
  Code: 0 
[Error - 12:26:14 p.m.] Request textDocument/definition failed.
  Message: Cannot proceed: current QML document is invalid! Fix all the errors in your QML code and try again.
  Code: 0 
qt.qmldom: Parsed invalid file /home/taianlux/.config/quickshell/components/date/DateWidget.qml/home/taianlux/.config/quickshell/components/date/DateWidget.qml:[Dom][QmlFile][Parsing] Error: Expected token `numeric literal' for .currentItem

qt.languageserver.server: avoid update of validDoc to  106 of document "file:///home/taianlux/.config/quickshell/components/date/DateWidget.qml" as it is invalid
qt.languageserver.utils: "Couldn't find the C++ file 'private/qqmltimer_p.h'."
qt.languageserver.utils: "Couldn't find the C++ file 'private/qqmlbuiltinfunctions_p.h'."
qt.languageserver.utils: "Couldn't find the C++ file 'private/qqmlbuiltinfunctions_p.h'."
qt.qmldom: Parsed invalid file /home/taianlux/.config/quickshell/components/date/TimerTab.qml/home/taianlux/.config/quickshell/components/date/TimerTab.qml:[Dom][QmlFile][Parsing] Error: Expected token `numeric literal' for .currentItem

qt.languageserver.server: avoid update of validDoc to  6 of document "file:///home/taianlux/.config/quickshell/components/date/TimerTab.qml" as it is invalid
qt.languageserver.utils: "Couldn't find the C++ file 'qquickitem.h'."
qt.languageserver.utils: "Couldn't find the C++ file 'qquickitem.h'."
qt.languageserver.utils: "Couldn't find the C++ file 'qquickitem.h'."
qt.languageserver.utils: "Couldn't find the C++ file 'qquickitem.h'."
qt.languageserver.utils: "Couldn't find the C++ file 'qquickitem.h'."
qt.languageserver.utils: "Couldn't find the C++ file 'qquickitem.h'."
qt.languageserver.utils: "Couldn't find the C++ file 'qquickitem.h'."
qt.languageserver.utils: "Couldn't find the C++ file 'private/qquicklinearlayout_p.h'."
qt.languageserver.utils: "Couldn't find the C++ file 'private/qquicklinearlayout_p.h'."
qt.languageserver.utils: "Couldn't find the C++ file 'private/qquicklinearlayout_p.h'."
qt.languageserver.utils: "Couldn't find the C++ file 'private/qqmlbuiltins_p.h'."
qt.languageserver.utils: "Couldn't find the C++ file 'private/qqmlbuiltins_p.h'."
qt.languageserver.utils: "Couldn't find the C++ file 'private/qqmlbuiltins_p.h'."
qt.qmldom: Parsed invalid file /home/taianlux/.config/quickshell/components/date/TimerTab.qml/home/taianlux/.config/quickshell/components/date/TimerTab.qml:[Dom][QmlFile][Parsing] Error: Expected token `}' for .currentItem

qt.languageserver.server: avoid update of validDoc to  8 of document "file:///home/taianlux/.config/quickshell/components/date/TimerTab.qml" as it is invalid
qt.qmldom: Parsed invalid file /home/taianlux/.config/quickshell/components/date/TimerTab.qml/home/taianlux/.config/quickshell/components/date/TimerTab.qml:[Dom][QmlFile][Parsing] Error: Expected token `}' for .currentItem

qt.languageserver.server: avoid update of validDoc to  9 of document "file:///home/taianlux/.config/quickshell/components/date/TimerTab.qml" as it is invalid
qt.qmldom: Parsed invalid file /home/taianlux/.config/quickshell/components/date/TimerTab.qml/home/taianlux/.config/quickshell/components/date/TimerTab.qml:[Dom][QmlFile][Parsing] Error: Expected token `}' for .currentItem

qt.languageserver.server: avoid update of validDoc to  10 of document "file:///home/taianlux/.config/quickshell/components/date/TimerTab.qml" as it is invalid
qt.qmldom: Parsed invalid file /home/taianlux/.config/quickshell/components/date/TimerTab.qml/home/taianlux/.config/quickshell/components/date/TimerTab.qml:[Dom][QmlFile][Parsing] Error: Expected token `numeric literal' for .currentItem

qt.languageserver.server: avoid update of validDoc to  12 of document "file:///home/taianlux/.config/quickshell/components/date/TimerTab.qml" as it is invalid
qt.languageserver.utils: "Couldn't find the C++ file 'private/qquicklinearlayout_p.h'."
qt.languageserver.utils: "Couldn't find the C++ file 'private/qquicklinearlayout_p.h'."
qt.languageserver.utils: "Couldn't find the C++ file 'private/qquicklinearlayout_p.h'."
qt.languageserver.utils: "Couldn't find the C++ file 'private/qquicklinearlayout_p.h'."
qt.languageserver.utils: "Couldn't find the C++ file 'private/qquicklinearlayout_p.h'."
qt.languageserver.utils: "Couldn't find the C++ file 'private/qquicklinearlayout_p.h'."
qt.languageserver.utils: "Couldn't find the C++ file 'private/qquicklinearlayout_p.h'."
qt.languageserver.utils: "Couldn't find the C++ file 'private/qqmlbuiltins_p.h'."
qt.qmldom: Parsed invalid file /home/taianlux/.config/quickshell/components/date/TimerTab.qml/home/taianlux/.config/quickshell/components/date/TimerTab.qml:[Dom][QmlFile][Parsing] Error: Expected token `}' for .currentItem

qt.languageserver.server: avoid update of validDoc to  14 of document "file:///home/taianlux/.config/quickshell/components/date/TimerTab.qml" as it is invalid
qt.languageserver.server: Ignoring cancellation of non in progress request QJsonValue(double, 1209)
qt.qmldom: Parsed invalid file /home/taianlux/.config/quickshell/components/date/DatePopup.qml/home/taianlux/.config/quickshell/components/date/DatePopup.qml:[Dom][QmlFile][Parsing] Error: Expected token `numeric literal' for .currentItem

qt.languageserver.server: avoid update of validDoc to  25 of document "file:///home/taianlux/.config/quickshell/components/date/DatePopup.qml" as it is invalid
qt.languageserver.utils: "Couldn't find the C++ file 'qquickitem.h'."
qt.languageserver.utils: "Couldn't find the C++ file 'qquickitem.h'."
qt.qmldom: Parsed invalid file /home/taianlux/.config/quickshell/components/date/StopwatchTab.qml/home/taianlux/.config/quickshell/components/date/StopwatchTab.qml:[Dom][QmlFile][Parsing] Error: Expected token `numeric literal' for .currentItem

qt.languageserver.server: avoid update of validDoc to  4 of document "file:///home/taianlux/.config/quickshell/components/date/StopwatchTab.qml" as it is invalid
qt.languageserver.utils: "Couldn't find the C++ file 'private/qqmlbuiltinfunctions_p.h'."
qt.qmldom: Parsed invalid file /home/taianlux/.config/quickshell/components/date/StopwatchTab.qml/home/taianlux/.config/quickshell/components/date/StopwatchTab.qml:[Dom][QmlFile][Parsing] Error: Expected token `numeric literal' for .currentItem

qt.languageserver.server: avoid update of validDoc to  6 of document "file:///home/taianlux/.config/quickshell/components/date/StopwatchTab.qml" as it is invalid
qt.languageserver.utils: "Couldn't find the C++ file 'private/qquickmousearea_p.h'."
qt.languageserver.utils: "Couldn't find the C++ file 'private/qquickmousearea_p.h'."
qt.languageserver.utils: "Couldn't find the C++ file 'private/qquickmousearea_p.h'."
qt.languageserver.utils: "Couldn't find the C++ file 'private/qqmlbuiltinfunctions_p.h'."
