2026-07-03 06:46:41.482 [info] Reading sessions from keychain...
2026-07-03 06:46:41.482 [info] Getting sessions for all scopes...
2026-07-03 06:46:41.665 [info] Got stored sessions!
2026-07-03 06:46:41.666 [info] Got 1 verified sessions.
2026-07-03 06:46:41.666 [info] Got 1 sessions for ...
2026-07-03 06:46:41.666 [info] Getting sessions for all scopes...
2026-07-03 06:46:41.666 [info] Got 1 sessions for ...
2026-07-03 06:46:41.936 [info] Getting sessions for all scopes...
2026-07-03 06:46:41.936 [info] Got 1 sessions for ...
2026-07-03 06:46:43.690 [info] Getting sessions for all scopes...
2026-07-03 06:46:43.690 [info] Got 1 sessions for ...
2026-07-03 06:46:43.843 [info] Getting sessions for all scopes...
2026-07-03 06:46:43.843 [info] Got 1 sessions for ...
2026-07-03 06:46:43.843 [info] Getting sessions for all scopes...
2026-07-03 06:46:43.843 [info] Got 1 sessions for ...
2026-07-03 06:46:44.015 [info] Getting sessions for read:user,repo,user:email,workflow...
2026-07-03 06:46:44.015 [info] Got 1 sessions for read:user,repo,user:email,workflow...
2026-07-03 06:46:44.083 [info] Getting sessions for all scopes...
2026-07-03 06:46:44.083 [info] Got 1 sessions for ...
2026-07-03 06:46:44.123 [info] FetcherService: Electron fetch failed with status: 429 
2026-07-03 06:46:44.131 [info] Unable to resolve optional EDU details. Status: 429 
2026-07-03 06:46:44.185 [info] Getting sessions for all scopes...
2026-07-03 06:46:44.185 [info] Got 1 sessions for ...
2026-07-03 06:46:44.186 [info] Getting sessions for read:user,repo,user:email,workflow...
2026-07-03 06:46:44.186 [info] Got 1 sessions for read:user,repo,user:email,workflow...
2026-07-03 06:46:44.899 [info] Getting sessions for all scopes...
2026-07-03 06:46:44.899 [info] Got 1 sessions for ...
2026-07-03 06:46:44.900 [info] Getting sessions for all scopes...
2026-07-03 06:46:44.900 [info] Got 1 sessions for ...
2026-07-03 06:46:45.137 [info] Getting sessions for read:user,repo,user:email,workflow...
2026-07-03 06:46:45.137 [info] Got 1 sessions for read:user,repo,user:email,workflow...
2026-07-03 06:46:45.432 [info] Getting sessions for all scopes...
2026-07-03 06:46:45.432 [info] Got 1 sessions for ...
2026-07-03 06:46:45.439 [info] Getting sessions for all scopes...
2026-07-03 06:46:45.439 [info] Got 1 sessions for ...
2026-07-03 06:46:45.445 [info] Getting sessions for all scopes...
2026-07-03 06:46:45.445 [info] Got 1 sessions for ...
2026-07-03 06:46:45.445 [info] Getting sessions for read:user,repo,user:email,workflow...
2026-07-03 06:46:45.445 [info] Got 1 sessions for read:user,repo,user:email,workflow...
2026-07-03 06:46:45.963 [info] Getting sessions for all scopes...
2026-07-03 06:46:45.963 [info] Got 1 sessions for ...
2026-07-03 06:46:45.964 [info] Getting sessions for read:user,repo,user:email,workflow...
2026-07-03 06:46:45.964 [info] Got 1 sessions for read:user,repo,user:email,workflow...
2026-07-03 06:46:58.373 [info] Getting sessions for all scopes...
2026-07-03 06:46:58.373 [info] Got 1 sessions for ...
2026-07-03 06:46:58.373 [info] Getting sessions for all scopes...
2026-07-03 06:46:58.373 [info] Got 1 sessions for ...
2026-07-03 06:46:58.686 [info] Getting sessions for all scopes...
2026-07-03 06:46:58.686 [info] Got 1 sessions for ...
2026-07-03 06:46:58.686 [info] Getting sessions for all scopes...
2026-07-03 06:46:58.686 [info] Got 1 sessions for ...
2026-07-03 06:46:59.197 [info] Getting sessions for all scopes...
2026-07-03 06:46:59.198 [info] Got 1 sessions for ...
2026-07-03 06:46:59.198 [info] Getting sessions for all scopes...
2026-07-03 06:46:59.198 [info] Got 1 sessions for ...
2026-07-03 06:47:00.961 [info] Getting sessions for all scopes...
2026-07-03 06:47:00.961 [info] Got 1 sessions for ...
2026-07-03 06:47:00.961 [info] Getting sessions for all scopes...
2026-07-03 06:47:00.961 [info] Got 1 sessions for ...
2026-07-03 06:47:08.034 [info] Getting sessions for all scopes...
2026-07-03 06:47:08.034 [info] Got 1 sessions for ...
2026-07-03 06:47:08.035 [info] Getting sessions for all scopes...
2026-07-03 06:47:08.035 [info] Got 1 sessions for ...
2026-07-03 06:47:20.910 [info] Getting sessions for all scopes...
2026-07-03 06:47:20.910 [info] Got 1 sessions for ...
2026-07-03 06:47:20.910 [info] Getting sessions for all scopes...
2026-07-03 06:47:20.910 [info] Got 1 sessions for ...
2026-07-03 06:49:49.587 [info] Getting sessions for all scopes...
2026-07-03 06:49:49.587 [info] Got 1 sessions for ...
2026-07-03 06:49:49.589 [info] Getting sessions for all scopes...
2026-07-03 06:49:49.589 [info] Got 1 sessions for ...
2026-07-03 06:49:49.923 [info] Getting sessions for all scopes...
2026-07-03 06:49:49.923 [info] Got 1 sessions for ...
2026-07-03 06:49:49.923 [info] Getting sessions for all scopes...
2026-07-03 06:49:49.923 [info] Got 1 sessions for ...
2026-07-03 06:57:41.268 [info] Getting sessions for all scopes...
2026-07-03 06:57:41.268 [info] Got 1 sessions for ...
2026-07-03 06:57:41.268 [info] Getting sessions for all scopes...
2026-07-03 06:57:41.268 [info] Got 1 sessions for ...
2026-07-03 06:57:41.867 [info] Getting sessions for all scopes...
2026-07-03 06:57:41.867 [info] Got 1 sessions for ...
2026-07-03 06:57:41.868 [info] Getting sessions for all scopes...
2026-07-03 06:57:41.868 [info] Got 1 sessions for ...
2026-07-03 06:57:42.515 [info] Getting sessions for all scopes...
2026-07-03 06:57:42.515 [info] Got 1 sessions for ...
2026-07-03 06:57:42.516 [info] Getting sessions for all scopes...
2026-07-03 06:57:42.516 [info] Got 1 sessions for ...
2026-07-03 06:57:43.182 [info] Getting sessions for all scopes...
2026-07-03 06:57:43.182 [info] Got 1 sessions for ...
2026-07-03 06:57:43.182 [info] Getting sessions for all scopes...
2026-07-03 06:57:43.182 [info] Got 1 sessions for ...
2026-07-03 06:58:25.146 [info] Getting sessions for all scopes...
2026-07-03 06:58:25.146 [info] Got 1 sessions for ...
2026-07-03 06:58:25.147 [info] Getting sessions for all scopes...
2026-07-03 06:58:25.147 [info] Got 1 sessions for ...
2026-07-03 06:58:59.147 [info] Getting sessions for all scopes...
2026-07-03 06:58:59.147 [info] Got 1 sessions for ...
2026-07-03 06:58:59.150 [info] Getting sessions for all scopes...
2026-07-03 06:58:59.150 [info] Got 1 sessions for ...
2026-07-03 06:59:04.864 [info] Getting sessions for all scopes...
2026-07-03 06:59:04.864 [info] Got 1 sessions for ...
2026-07-03 06:59:04.864 [info] Getting sessions for all scopes...
2026-07-03 06:59:04.864 [info] Got 1 sessions for ...
2026-07-03 06:59:52.399 [info] Getting sessions for all scopes...
2026-07-03 06:59:52.399 [info] Got 1 sessions for ...
2026-07-03 06:59:52.399 [info] Getting sessions for all scopes...
2026-07-03 06:59:52.399 [info] Got 1 sessions for ...
2026-07-03 07:01:21.141 [info] Getting sessions for all scopes...
2026-07-03 07:01:21.141 [info] Got 1 sessions for ...
2026-07-03 07:01:21.177 [info] Getting sessions for all scopes...
2026-07-03 07:01:21.177 [info] Got 1 sessions for ...
2026-07-03 07:02:14.151 [info] Getting sessions for all scopes...
2026-07-03 07:02:14.151 [info] Got 1 sessions for ...
2026-07-03 07:02:14.152 [info] Getting sessions for all scopes...
2026-07-03 07:02:14.153 [info] Got 1 sessions for ...
2026-07-03 07:02:30.067 [info] Getting sessions for all scopes...
2026-07-03 07:02:30.067 [info] Got 1 sessions for ...
2026-07-03 07:02:30.067 [info] Getting sessions for all scopes...
2026-07-03 07:02:30.067 [info] Got 1 sessions for ...
2026-07-03 07:02:32.122 [info] Getting sessions for all scopes...
2026-07-03 07:02:32.122 [info] Got 1 sessions for ...
2026-07-03 07:02:32.133 [info] Getting sessions for all scopes...
2026-07-03 07:02:32.133 [info] Got 1 sessions for ...
2026-07-03 07:02:39.981 [info] Getting sessions for all scopes...
2026-07-03 07:02:39.981 [info] Got 1 sessions for ...
2026-07-03 07:02:39.981 [info] Getting sessions for all scopes...
2026-07-03 07:02:39.981 [info] Got 1 sessions for ...
2026-07-03 07:02:42.545 [info] Getting sessions for all scopes...
2026-07-03 07:02:42.545 [info] Got 1 sessions for ...
2026-07-03 07:02:42.547 [info] Getting sessions for all scopes...
2026-07-03 07:02:42.547 [info] Got 1 sessions for ...
2026-07-03 07:02:42.903 [info] Getting sessions for all scopes...
2026-07-03 07:02:42.903 [info] Got 1 sessions for ...
2026-07-03 07:02:42.904 [info] Getting sessions for all scopes...
2026-07-03 07:02:42.904 [info] Got 1 sessions for ...
2026-07-03 07:02:43.404 [info] Getting sessions for all scopes...
2026-07-03 07:02:43.405 [info] Got 1 sessions for ...
2026-07-03 07:02:43.413 [info] Getting sessions for all scopes...
2026-07-03 07:02:43.413 [info] Got 1 sessions for ...
2026-07-03 07:02:45.963 [info] Getting sessions for all scopes...
2026-07-03 07:02:45.963 [info] Got 1 sessions for ...
2026-07-03 07:02:45.964 [info] Getting sessions for all scopes...
2026-07-03 07:02:45.964 [info] Got 1 sessions for ...
2026-07-03 07:02:46.521 [info] Getting sessions for all scopes...
2026-07-03 07:02:46.521 [info] Got 1 sessions for ...
2026-07-03 07:02:46.522 [info] Getting sessions for all scopes...
2026-07-03 07:02:46.522 [info] Got 1 sessions for ...
2026-07-03 07:03:37.326 [info] Getting sessions for all scopes...
2026-07-03 07:03:37.326 [info] Got 1 sessions for ...
2026-07-03 07:03:37.327 [info] Getting sessions for all scopes...
2026-07-03 07:03:37.327 [info] Got 1 sessions for ...
2026-07-03 07:03:38.207 [info] Getting sessions for all scopes...
2026-07-03 07:03:38.208 [info] Got 1 sessions for ...
2026-07-03 07:03:38.209 [info] Getting sessions for all scopes...
2026-07-03 07:03:38.209 [info] Got 1 sessions for ...
2026-07-03 07:03:40.321 [info] Getting sessions for all scopes...
2026-07-03 07:03:40.321 [info] Got 1 sessions for ...
2026-07-03 07:03:40.321 [info] Getting sessions for all scopes...
2026-07-03 07:03:40.321 [info] Got 1 sessions for ...
2026-07-03 07:03:41.096 [info] Getting sessions for all scopes...
2026-07-03 07:03:41.096 [info] Got 1 sessions for ...
2026-07-03 07:03:41.097 [info] Getting sessions for all scopes...
2026-07-03 07:03:41.097 [info] Got 1 sessions for ...
2026-07-03 07:03:41.711 [info] Getting sessions for all scopes...
2026-07-03 07:03:41.711 [info] Got 1 sessions for ...
2026-07-03 07:03:41.712 [info] Getting sessions for all scopes...
2026-07-03 07:03:41.712 [info] Got 1 sessions for ...
2026-07-03 07:06:32.833 [info] Getting sessions for all scopes...
2026-07-03 07:06:32.833 [info] Got 1 sessions for ...
2026-07-03 07:06:32.834 [info] Getting sessions for all scopes...
2026-07-03 07:06:32.834 [info] Got 1 sessions for ...
2026-07-03 07:10:22.713 [info] Getting sessions for all scopes...
2026-07-03 07:10:22.713 [info] Got 1 sessions for ...
2026-07-03 07:10:22.714 [info] Getting sessions for all scopes...
2026-07-03 07:10:22.714 [info] Got 1 sessions for ...
2026-07-03 07:10:51.329 [info] Getting sessions for all scopes...
2026-07-03 07:10:51.329 [info] Got 1 sessions for ...
2026-07-03 07:10:51.329 [info] Getting sessions for all scopes...
2026-07-03 07:10:51.329 [info] Got 1 sessions for ...
2026-07-03 07:11:07.267 [info] Getting sessions for all scopes...
2026-07-03 07:11:07.267 [info] Got 1 sessions for ...
2026-07-03 07:11:07.268 [info] Getting sessions for all scopes...
2026-07-03 07:11:07.269 [info] Got 1 sessions for ...
2026-07-03 07:12:31.038 [info] Getting sessions for all scopes...
2026-07-03 07:12:31.038 [info] Got 1 sessions for ...
2026-07-03 07:12:31.040 [info] Getting sessions for all scopes...
2026-07-03 07:12:31.040 [info] Got 1 sessions for ...
2026-07-03 07:12:35.691 [info] Getting sessions for all scopes...
2026-07-03 07:12:35.691 [info] Got 1 sessions for ...
2026-07-03 07:12:35.693 [info] Getting sessions for read:user,repo,user:email,workflow...
2026-07-03 07:12:35.693 [info] Got 1 sessions for read:user,repo,user:email,workflow...
2026-07-03 07:12:36.440 [info] Getting sessions for all scopes...
2026-07-03 07:12:36.440 [info] Got 1 sessions for ...
2026-07-03 07:12:36.440 [info] Getting sessions for all scopes...
2026-07-03 07:12:36.440 [info] Got 1 sessions for ...
2026-07-03 07:12:36.442 [info] Getting sessions for read:user,repo,user:email,workflow...
2026-07-03 07:12:36.442 [info] Got 1 sessions for read:user,repo,user:email,workflow...
2026-07-03 07:12:46.576 [info] Getting sessions for all scopes...
2026-07-03 07:12:46.577 [info] Got 1 sessions for ...
2026-07-03 07:12:46.577 [info] Getting sessions for all scopes...
2026-07-03 07:12:46.577 [info] Got 1 sessions for ...
2026-07-03 07:14:54.253 [info] Getting sessions for all scopes...
2026-07-03 07:14:54.253 [info] Got 1 sessions for ...
2026-07-03 07:14:54.271 [info] Getting sessions for all scopes...
2026-07-03 07:14:54.271 [info] Got 1 sessions for ...
2026-07-03 07:15:38.990 [info] Getting sessions for all scopes...
2026-07-03 07:15:38.990 [info] Got 1 sessions for ...
2026-07-03 07:15:38.991 [info] Getting sessions for all scopes...
2026-07-03 07:15:38.991 [info] Got 1 sessions for ...
2026-07-03 07:15:39.580 [info] Getting sessions for all scopes...
2026-07-03 07:15:39.580 [info] Got 1 sessions for ...
2026-07-03 07:15:39.581 [info] Getting sessions for all scopes...
2026-07-03 07:15:39.581 [info] Got 1 sessions for ...
2026-07-03 07:18:34.622 [info] Getting sessions for all scopes...
2026-07-03 07:18:34.622 [info] Got 1 sessions for ...
2026-07-03 07:18:34.644 [info] Getting sessions for all scopes...
2026-07-03 07:18:34.644 [info] Got 1 sessions for ...
2026-07-03 07:18:36.503 [info] Getting sessions for all scopes...
2026-07-03 07:18:36.503 [info] Got 1 sessions for ...
2026-07-03 07:18:36.503 [info] Getting sessions for all scopes...
2026-07-03 07:18:36.503 [info] Got 1 sessions for ...
2026-07-03 07:20:03.432 [info] Getting sessions for all scopes...
2026-07-03 07:20:03.432 [info] Got 1 sessions for ...
2026-07-03 07:20:03.433 [info] Getting sessions for all scopes...
2026-07-03 07:20:03.433 [info] Got 1 sessions for ...
2026-07-03 07:21:10.201 [info] Getting sessions for all scopes...
2026-07-03 07:21:10.202 [info] Got 1 sessions for ...
2026-07-03 07:21:10.203 [info] Getting sessions for all scopes...
2026-07-03 07:21:10.203 [info] Got 1 sessions for ...
2026-07-03 07:21:10.641 [info] Getting sessions for all scopes...
2026-07-03 07:21:10.641 [info] Got 1 sessions for ...
2026-07-03 07:21:10.641 [info] Getting sessions for all scopes...
2026-07-03 07:21:10.641 [info] Got 1 sessions for ...
2026-07-03 07:21:15.071 [info] Getting sessions for all scopes...
2026-07-03 07:21:15.071 [info] Got 1 sessions for ...
2026-07-03 07:21:15.073 [info] Getting sessions for all scopes...
2026-07-03 07:21:15.073 [info] Got 1 sessions for ...
