2026-06-29 10:26:06.704 [info] Reading sessions from keychain...
2026-06-29 10:26:06.704 [info] Getting sessions for all scopes...
2026-06-29 10:26:06.704 [info] Got stored sessions!
2026-06-29 10:26:06.704 [info] Got 1 verified sessions.
2026-06-29 10:26:06.704 [info] Got 1 sessions for ...
2026-06-29 10:26:06.704 [info] Getting sessions for all scopes...
2026-06-29 10:26:06.704 [info] Got 1 sessions for ...
2026-06-29 10:26:06.764 [info] Getting sessions for all scopes...
2026-06-29 10:26:06.764 [info] Got 1 sessions for ...
2026-06-29 10:26:07.384 [info] Getting sessions for all scopes...
2026-06-29 10:26:07.384 [info] Got 1 sessions for ...
2026-06-29 10:26:08.720 [info] Getting sessions for all scopes...
2026-06-29 10:26:08.720 [info] Got 1 sessions for ...
2026-06-29 10:26:08.720 [info] Getting sessions for all scopes...
2026-06-29 10:26:08.720 [info] Got 1 sessions for ...
2026-06-29 10:26:08.807 [info] Getting sessions for all scopes...
2026-06-29 10:26:08.807 [info] Got 1 sessions for ...
2026-06-29 10:26:08.841 [info] Getting sessions for read:user,repo,user:email,workflow...
2026-06-29 10:26:08.841 [info] Got 1 sessions for read:user,repo,user:email,workflow...
2026-06-29 10:26:08.996 [info] FetcherService: Electron fetch failed with status: 429 
2026-06-29 10:26:09.004 [info] Unable to resolve optional EDU details. Status: 429 
2026-06-29 10:26:09.098 [info] Getting sessions for all scopes...
2026-06-29 10:26:09.099 [info] Got 1 sessions for ...
2026-06-29 10:26:09.099 [info] Getting sessions for read:user,repo,user:email,workflow...
2026-06-29 10:26:09.099 [info] Got 1 sessions for read:user,repo,user:email,workflow...
2026-06-29 10:26:10.100 [info] Getting sessions for all scopes...
2026-06-29 10:26:10.100 [info] Got 1 sessions for ...
2026-06-29 10:26:10.100 [info] Getting sessions for all scopes...
2026-06-29 10:26:10.100 [info] Got 1 sessions for ...
2026-06-29 10:26:10.165 [info] Getting sessions for all scopes...
2026-06-29 10:26:10.165 [info] Got 1 sessions for ...
2026-06-29 10:26:10.250 [info] Getting sessions for all scopes...
2026-06-29 10:26:10.250 [info] Got 1 sessions for ...
2026-06-29 10:26:10.252 [info] Getting sessions for read:user,repo,user:email,workflow...
2026-06-29 10:26:10.252 [info] Got 1 sessions for read:user,repo,user:email,workflow...
2026-06-29 10:26:10.533 [info] Getting sessions for all scopes...
2026-06-29 10:26:10.533 [info] Got 1 sessions for ...
2026-06-29 10:26:10.534 [info] Getting sessions for read:user,repo,user:email,workflow...
2026-06-29 10:26:10.534 [info] Got 1 sessions for read:user,repo,user:email,workflow...
2026-06-29 10:26:11.062 [info] Getting sessions for all scopes...
2026-06-29 10:26:11.062 [info] Got 1 sessions for ...
2026-06-29 10:26:11.070 [info] Getting sessions for read:user,repo,user:email,workflow...
2026-06-29 10:26:11.070 [info] Got 1 sessions for read:user,repo,user:email,workflow...
2026-06-29 10:26:12.666 [info] Getting sessions for all scopes...
2026-06-29 10:26:12.667 [info] Got 1 sessions for ...
2026-06-29 10:26:12.668 [info] Getting sessions for all scopes...
2026-06-29 10:26:12.668 [info] Got 1 sessions for ...
2026-06-29 10:29:54.940 [info] Getting sessions for all scopes...
2026-06-29 10:29:54.940 [info] Got 1 sessions for ...
2026-06-29 10:29:54.941 [info] Getting sessions for all scopes...
2026-06-29 10:29:54.941 [info] Got 1 sessions for ...
2026-06-29 10:31:41.734 [info] Getting sessions for all scopes...
2026-06-29 10:31:41.734 [info] Got 1 sessions for ...
2026-06-29 10:31:41.735 [info] Getting sessions for all scopes...
2026-06-29 10:31:41.735 [info] Got 1 sessions for ...
2026-06-29 10:31:42.169 [info] Getting sessions for all scopes...
2026-06-29 10:31:42.169 [info] Got 1 sessions for ...
2026-06-29 10:31:42.174 [info] Getting sessions for all scopes...
2026-06-29 10:31:42.174 [info] Got 1 sessions for ...
2026-06-29 10:31:42.468 [info] Getting sessions for all scopes...
2026-06-29 10:31:42.468 [info] Got 1 sessions for ...
2026-06-29 10:31:42.469 [info] Getting sessions for all scopes...
2026-06-29 10:31:42.469 [info] Got 1 sessions for ...
2026-06-29 10:35:04.077 [info] Getting sessions for all scopes...
2026-06-29 10:35:04.077 [info] Got 1 sessions for ...
2026-06-29 10:35:04.077 [info] Getting sessions for all scopes...
2026-06-29 10:35:04.077 [info] Got 1 sessions for ...
2026-06-29 10:37:27.513 [info] Getting sessions for all scopes...
2026-06-29 10:37:27.513 [info] Got 1 sessions for ...
2026-06-29 10:37:27.514 [info] Getting sessions for all scopes...
2026-06-29 10:37:27.514 [info] Got 1 sessions for ...
2026-06-29 10:37:51.420 [info] Getting sessions for all scopes...
2026-06-29 10:37:51.420 [info] Got 1 sessions for ...
2026-06-29 10:37:51.421 [info] Getting sessions for all scopes...
2026-06-29 10:37:51.421 [info] Got 1 sessions for ...
2026-06-29 10:38:17.728 [info] Getting sessions for all scopes...
2026-06-29 10:38:17.728 [info] Got 1 sessions for ...
2026-06-29 10:38:17.729 [info] Getting sessions for all scopes...
2026-06-29 10:38:17.729 [info] Got 1 sessions for ...
2026-06-29 10:38:30.612 [info] Getting sessions for all scopes...
2026-06-29 10:38:30.612 [info] Got 1 sessions for ...
2026-06-29 10:38:30.626 [info] Getting sessions for all scopes...
2026-06-29 10:38:30.628 [info] Got 1 sessions for ...
2026-06-29 10:38:36.028 [info] Getting sessions for all scopes...
2026-06-29 10:38:36.028 [info] Got 1 sessions for ...
2026-06-29 10:38:36.029 [info] Getting sessions for all scopes...
2026-06-29 10:38:36.029 [info] Got 1 sessions for ...
2026-06-29 10:41:50.518 [info] Getting sessions for all scopes...
2026-06-29 10:41:50.518 [info] Got 1 sessions for ...
2026-06-29 10:41:50.521 [info] Getting sessions for all scopes...
2026-06-29 10:41:50.521 [info] Got 1 sessions for ...
2026-06-29 10:41:57.639 [info] Getting sessions for all scopes...
2026-06-29 10:41:57.640 [info] Got 1 sessions for ...
2026-06-29 10:41:57.640 [info] Getting sessions for all scopes...
2026-06-29 10:41:57.640 [info] Got 1 sessions for ...
2026-06-29 10:45:26.209 [info] Getting sessions for all scopes...
2026-06-29 10:45:26.209 [info] Got 1 sessions for ...
2026-06-29 10:45:26.210 [info] Getting sessions for all scopes...
2026-06-29 10:45:26.210 [info] Got 1 sessions for ...
2026-06-29 10:46:24.348 [info] Getting sessions for all scopes...
2026-06-29 10:46:24.348 [info] Got 1 sessions for ...
2026-06-29 10:46:24.360 [info] Getting sessions for all scopes...
2026-06-29 10:46:24.360 [info] Got 1 sessions for ...
2026-06-29 10:51:41.386 [info] Getting sessions for all scopes...
2026-06-29 10:51:41.386 [info] Got 1 sessions for ...
2026-06-29 10:51:41.406 [info] Getting sessions for all scopes...
2026-06-29 10:51:41.406 [info] Got 1 sessions for ...
2026-06-29 10:51:41.622 [info] Getting sessions for all scopes...
2026-06-29 10:51:41.622 [info] Got 1 sessions for ...
2026-06-29 10:51:41.623 [info] Getting sessions for all scopes...
2026-06-29 10:51:41.623 [info] Got 1 sessions for ...
2026-06-29 10:51:41.874 [info] Getting sessions for all scopes...
2026-06-29 10:51:41.875 [info] Got 1 sessions for ...
2026-06-29 10:51:41.876 [info] Getting sessions for all scopes...
2026-06-29 10:51:41.876 [info] Got 1 sessions for ...
2026-06-29 10:51:42.151 [info] Getting sessions for all scopes...
2026-06-29 10:51:42.151 [info] Got 1 sessions for ...
2026-06-29 10:51:42.160 [info] Getting sessions for all scopes...
2026-06-29 10:51:42.160 [info] Got 1 sessions for ...
2026-06-29 10:53:40.733 [info] Getting sessions for all scopes...
2026-06-29 10:53:40.733 [info] Got 1 sessions for ...
2026-06-29 10:53:40.754 [info] Getting sessions for all scopes...
2026-06-29 10:53:40.754 [info] Got 1 sessions for ...
2026-06-29 10:53:42.175 [info] Getting sessions for all scopes...
2026-06-29 10:53:42.175 [info] Got 1 sessions for ...
2026-06-29 10:53:42.182 [info] Getting sessions for all scopes...
2026-06-29 10:53:42.182 [info] Got 1 sessions for ...
2026-06-29 10:54:02.327 [info] Getting sessions for all scopes...
2026-06-29 10:54:02.327 [info] Got 1 sessions for ...
2026-06-29 10:54:02.327 [info] Getting sessions for all scopes...
2026-06-29 10:54:02.327 [info] Got 1 sessions for ...
2026-06-29 10:54:02.658 [info] Getting sessions for all scopes...
2026-06-29 10:54:02.658 [info] Got 1 sessions for ...
2026-06-29 10:54:02.659 [info] Getting sessions for all scopes...
2026-06-29 10:54:02.659 [info] Got 1 sessions for ...
2026-06-29 10:54:02.962 [info] Getting sessions for all scopes...
2026-06-29 10:54:02.962 [info] Got 1 sessions for ...
2026-06-29 10:54:02.963 [info] Getting sessions for all scopes...
2026-06-29 10:54:02.963 [info] Got 1 sessions for ...
2026-06-29 10:54:03.404 [info] Getting sessions for all scopes...
2026-06-29 10:54:03.404 [info] Got 1 sessions for ...
2026-06-29 10:54:03.459 [info] Getting sessions for all scopes...
2026-06-29 10:54:03.459 [info] Got 1 sessions for ...
2026-06-29 10:54:03.674 [info] Getting sessions for all scopes...
2026-06-29 10:54:03.674 [info] Got 1 sessions for ...
2026-06-29 10:54:03.675 [info] Getting sessions for all scopes...
2026-06-29 10:54:03.675 [info] Got 1 sessions for ...
2026-06-29 10:54:10.871 [info] Getting sessions for all scopes...
2026-06-29 10:54:10.872 [info] Got 1 sessions for ...
2026-06-29 10:54:10.872 [info] Getting sessions for all scopes...
2026-06-29 10:54:10.872 [info] Got 1 sessions for ...
2026-06-29 10:54:11.303 [info] Getting sessions for all scopes...
2026-06-29 10:54:11.303 [info] Got 1 sessions for ...
2026-06-29 10:54:11.304 [info] Getting sessions for all scopes...
2026-06-29 10:54:11.304 [info] Got 1 sessions for ...
2026-06-29 10:54:11.779 [info] Getting sessions for all scopes...
2026-06-29 10:54:11.779 [info] Got 1 sessions for ...
2026-06-29 10:54:11.780 [info] Getting sessions for all scopes...
2026-06-29 10:54:11.780 [info] Got 1 sessions for ...
2026-06-29 10:54:12.231 [info] Getting sessions for all scopes...
2026-06-29 10:54:12.231 [info] Got 1 sessions for ...
2026-06-29 10:54:12.232 [info] Getting sessions for all scopes...
2026-06-29 10:54:12.232 [info] Got 1 sessions for ...
2026-06-29 10:54:12.593 [info] Getting sessions for all scopes...
2026-06-29 10:54:12.593 [info] Got 1 sessions for ...
2026-06-29 10:54:12.593 [info] Getting sessions for all scopes...
2026-06-29 10:54:12.593 [info] Got 1 sessions for ...
2026-06-29 10:54:28.974 [info] Getting sessions for all scopes...
2026-06-29 10:54:28.974 [info] Got 1 sessions for ...
2026-06-29 10:54:28.976 [info] Getting sessions for all scopes...
2026-06-29 10:54:28.976 [info] Got 1 sessions for ...
2026-06-29 10:54:33.422 [info] Getting sessions for all scopes...
2026-06-29 10:54:33.422 [info] Got 1 sessions for ...
2026-06-29 10:54:33.427 [info] Getting sessions for all scopes...
2026-06-29 10:54:33.427 [info] Got 1 sessions for ...
2026-06-29 10:54:38.600 [info] Getting sessions for all scopes...
2026-06-29 10:54:38.600 [info] Got 1 sessions for ...
2026-06-29 10:54:38.601 [info] Getting sessions for all scopes...
2026-06-29 10:54:38.601 [info] Got 1 sessions for ...
2026-06-29 10:56:27.554 [info] Getting sessions for all scopes...
2026-06-29 10:56:27.554 [info] Got 1 sessions for ...
2026-06-29 10:56:27.634 [info] Getting sessions for all scopes...
2026-06-29 10:56:27.634 [info] Got 1 sessions for ...
2026-06-29 10:56:28.292 [info] Getting sessions for all scopes...
2026-06-29 10:56:28.292 [info] Got 1 sessions for ...
2026-06-29 10:56:28.294 [info] Getting sessions for all scopes...
2026-06-29 10:56:28.294 [info] Got 1 sessions for ...
2026-06-29 10:56:29.693 [info] Getting sessions for all scopes...
2026-06-29 10:56:29.693 [info] Got 1 sessions for ...
2026-06-29 10:56:29.697 [info] Getting sessions for all scopes...
2026-06-29 10:56:29.697 [info] Got 1 sessions for ...
2026-06-29 10:56:53.977 [info] Getting sessions for all scopes...
2026-06-29 10:56:53.977 [info] Got 1 sessions for ...
2026-06-29 10:56:53.978 [info] Getting sessions for all scopes...
2026-06-29 10:56:53.978 [info] Got 1 sessions for ...
2026-06-29 10:57:06.960 [info] Getting sessions for all scopes...
2026-06-29 10:57:06.960 [info] Got 1 sessions for ...
2026-06-29 10:57:06.966 [info] Getting sessions for all scopes...
2026-06-29 10:57:06.966 [info] Got 1 sessions for ...
2026-06-29 10:57:12.586 [info] Getting sessions for all scopes...
2026-06-29 10:57:12.586 [info] Got 1 sessions for ...
2026-06-29 10:57:12.592 [info] Getting sessions for all scopes...
2026-06-29 10:57:12.592 [info] Got 1 sessions for ...
2026-06-29 10:57:30.779 [info] Getting sessions for all scopes...
2026-06-29 10:57:30.779 [info] Got 1 sessions for ...
2026-06-29 10:57:30.791 [info] Getting sessions for all scopes...
2026-06-29 10:57:30.791 [info] Got 1 sessions for ...
2026-06-29 10:57:55.915 [info] Getting sessions for all scopes...
2026-06-29 10:57:55.915 [info] Got 1 sessions for ...
2026-06-29 10:57:55.918 [info] Getting sessions for all scopes...
2026-06-29 10:57:55.918 [info] Got 1 sessions for ...
2026-06-29 10:58:01.032 [info] Getting sessions for all scopes...
2026-06-29 10:58:01.032 [info] Got 1 sessions for ...
2026-06-29 10:58:01.041 [info] Getting sessions for all scopes...
2026-06-29 10:58:01.041 [info] Got 1 sessions for ...
2026-06-29 10:58:04.232 [info] Getting sessions for all scopes...
2026-06-29 10:58:04.232 [info] Got 1 sessions for ...
2026-06-29 10:58:04.234 [info] Getting sessions for all scopes...
2026-06-29 10:58:04.235 [info] Got 1 sessions for ...
2026-06-29 10:58:12.499 [info] Getting sessions for all scopes...
2026-06-29 10:58:12.499 [info] Got 1 sessions for ...
2026-06-29 10:58:12.499 [info] Getting sessions for all scopes...
2026-06-29 10:58:12.499 [info] Got 1 sessions for ...
2026-06-29 10:58:28.811 [info] Getting sessions for all scopes...
2026-06-29 10:58:28.811 [info] Got 1 sessions for ...
2026-06-29 10:58:28.822 [info] Getting sessions for all scopes...
2026-06-29 10:58:28.822 [info] Got 1 sessions for ...
2026-06-29 10:58:35.214 [info] Getting sessions for all scopes...
2026-06-29 10:58:35.214 [info] Got 1 sessions for ...
2026-06-29 10:58:35.216 [info] Getting sessions for all scopes...
2026-06-29 10:58:35.216 [info] Got 1 sessions for ...
2026-06-29 10:58:37.013 [info] Getting sessions for all scopes...
2026-06-29 10:58:37.013 [info] Got 1 sessions for ...
2026-06-29 10:58:37.014 [info] Getting sessions for all scopes...
2026-06-29 10:58:37.014 [info] Got 1 sessions for ...
2026-06-29 11:02:55.363 [info] Getting sessions for all scopes...
2026-06-29 11:02:55.363 [info] Got 1 sessions for ...
2026-06-29 11:02:55.364 [info] Getting sessions for all scopes...
2026-06-29 11:02:55.364 [info] Got 1 sessions for ...
2026-06-29 11:05:01.701 [info] Getting sessions for all scopes...
2026-06-29 11:05:01.702 [info] Got 1 sessions for ...
2026-06-29 11:05:01.702 [info] Getting sessions for all scopes...
2026-06-29 11:05:01.702 [info] Got 1 sessions for ...
2026-06-29 11:05:31.860 [info] Getting sessions for all scopes...
2026-06-29 11:05:31.860 [info] Got 1 sessions for ...
2026-06-29 11:05:31.861 [info] Getting sessions for all scopes...
2026-06-29 11:05:31.861 [info] Got 1 sessions for ...
2026-06-29 11:05:32.664 [info] Getting sessions for all scopes...
2026-06-29 11:05:32.664 [info] Got 1 sessions for ...
2026-06-29 11:05:32.664 [info] Getting sessions for all scopes...
2026-06-29 11:05:32.664 [info] Got 1 sessions for ...
2026-06-29 11:06:14.272 [info] Getting sessions for all scopes...
2026-06-29 11:06:14.272 [info] Got 1 sessions for ...
2026-06-29 11:06:14.275 [info] Getting sessions for all scopes...
2026-06-29 11:06:14.275 [info] Got 1 sessions for ...
2026-06-29 11:06:50.271 [info] Getting sessions for all scopes...
2026-06-29 11:06:50.271 [info] Got 1 sessions for ...
2026-06-29 11:06:50.272 [info] Getting sessions for all scopes...
2026-06-29 11:06:50.272 [info] Got 1 sessions for ...
2026-06-29 11:06:56.421 [info] Getting sessions for all scopes...
2026-06-29 11:06:56.421 [info] Got 1 sessions for ...
2026-06-29 11:06:56.438 [info] Getting sessions for all scopes...
2026-06-29 11:06:56.438 [info] Got 1 sessions for ...
2026-06-29 11:07:13.760 [info] Getting sessions for all scopes...
2026-06-29 11:07:13.760 [info] Got 1 sessions for ...
2026-06-29 11:07:13.760 [info] Getting sessions for all scopes...
2026-06-29 11:07:13.760 [info] Got 1 sessions for ...
2026-06-29 11:07:18.655 [info] Getting sessions for all scopes...
2026-06-29 11:07:18.655 [info] Got 1 sessions for ...
2026-06-29 11:07:18.673 [info] Getting sessions for all scopes...
2026-06-29 11:07:18.673 [info] Got 1 sessions for ...
2026-06-29 11:07:21.013 [info] Getting sessions for all scopes...
2026-06-29 11:07:21.014 [info] Got 1 sessions for ...
2026-06-29 11:07:21.015 [info] Getting sessions for all scopes...
2026-06-29 11:07:21.015 [info] Got 1 sessions for ...
2026-06-29 11:07:38.049 [info] Getting sessions for all scopes...
2026-06-29 11:07:38.049 [info] Got 1 sessions for ...
2026-06-29 11:07:38.050 [info] Getting sessions for all scopes...
2026-06-29 11:07:38.050 [info] Got 1 sessions for ...
2026-06-29 11:07:40.138 [info] Getting sessions for all scopes...
2026-06-29 11:07:40.138 [info] Got 1 sessions for ...
2026-06-29 11:07:40.148 [info] Getting sessions for all scopes...
2026-06-29 11:07:40.148 [info] Got 1 sessions for ...
2026-06-29 11:07:52.027 [info] Getting sessions for all scopes...
2026-06-29 11:07:52.027 [info] Got 1 sessions for ...
2026-06-29 11:07:52.027 [info] Getting sessions for all scopes...
2026-06-29 11:07:52.027 [info] Got 1 sessions for ...
2026-06-29 11:08:17.331 [info] Getting sessions for all scopes...
2026-06-29 11:08:17.332 [info] Got 1 sessions for ...
2026-06-29 11:08:17.333 [info] Getting sessions for all scopes...
2026-06-29 11:08:17.333 [info] Got 1 sessions for ...
2026-06-29 11:09:59.733 [info] Getting sessions for all scopes...
2026-06-29 11:09:59.733 [info] Got 1 sessions for ...
2026-06-29 11:09:59.735 [info] Getting sessions for all scopes...
2026-06-29 11:09:59.735 [info] Got 1 sessions for ...
2026-06-29 11:10:33.172 [info] Getting sessions for all scopes...
2026-06-29 11:10:33.172 [info] Got 1 sessions for ...
2026-06-29 11:10:33.186 [info] Getting sessions for all scopes...
2026-06-29 11:10:33.186 [info] Got 1 sessions for ...
2026-06-29 11:11:07.675 [info] Getting sessions for all scopes...
2026-06-29 11:11:07.675 [info] Got 1 sessions for ...
2026-06-29 11:11:07.681 [info] Getting sessions for all scopes...
2026-06-29 11:11:07.681 [info] Got 1 sessions for ...
2026-06-29 11:11:09.647 [info] Getting sessions for all scopes...
2026-06-29 11:11:09.647 [info] Got 1 sessions for ...
2026-06-29 11:11:09.654 [info] Getting sessions for read:user,repo,user:email,workflow...
2026-06-29 11:11:09.654 [info] Got 1 sessions for read:user,repo,user:email,workflow...
2026-06-29 11:11:10.325 [info] Getting sessions for all scopes...
2026-06-29 11:11:10.325 [info] Got 1 sessions for ...
2026-06-29 11:11:10.325 [info] Getting sessions for all scopes...
2026-06-29 11:11:10.325 [info] Got 1 sessions for ...
2026-06-29 11:11:10.327 [info] Getting sessions for read:user,repo,user:email,workflow...
2026-06-29 11:11:10.327 [info] Got 1 sessions for read:user,repo,user:email,workflow...
2026-06-29 11:16:01.974 [info] Getting sessions for all scopes...
2026-06-29 11:16:01.975 [info] Got 1 sessions for ...
2026-06-29 11:16:01.976 [info] Getting sessions for all scopes...
2026-06-29 11:16:01.976 [info] Got 1 sessions for ...
2026-06-29 11:16:05.697 [info] Getting sessions for all scopes...
2026-06-29 11:16:05.697 [info] Got 1 sessions for ...
2026-06-29 11:16:05.698 [info] Getting sessions for all scopes...
2026-06-29 11:16:05.698 [info] Got 1 sessions for ...
2026-06-29 11:16:29.300 [info] Getting sessions for all scopes...
2026-06-29 11:16:29.300 [info] Got 1 sessions for ...
2026-06-29 11:16:29.301 [info] Getting sessions for all scopes...
2026-06-29 11:16:29.301 [info] Got 1 sessions for ...
2026-06-29 11:17:21.224 [info] Getting sessions for all scopes...
2026-06-29 11:17:21.224 [info] Got 1 sessions for ...
2026-06-29 11:17:21.232 [info] Getting sessions for all scopes...
2026-06-29 11:17:21.232 [info] Got 1 sessions for ...
2026-06-29 11:19:03.793 [info] Getting sessions for all scopes...
2026-06-29 11:19:03.793 [info] Got 1 sessions for ...
2026-06-29 11:19:03.808 [info] Getting sessions for all scopes...
2026-06-29 11:19:03.808 [info] Got 1 sessions for ...
2026-06-29 11:19:05.603 [info] Getting sessions for all scopes...
2026-06-29 11:19:05.603 [info] Got 1 sessions for ...
2026-06-29 11:19:05.624 [info] Getting sessions for all scopes...
2026-06-29 11:19:05.624 [info] Got 1 sessions for ...
2026-06-29 11:19:05.855 [info] Getting sessions for all scopes...
2026-06-29 11:19:05.855 [info] Got 1 sessions for ...
2026-06-29 11:19:05.865 [info] Getting sessions for all scopes...
2026-06-29 11:19:05.865 [info] Got 1 sessions for ...
2026-06-29 11:19:07.850 [info] Getting sessions for all scopes...
2026-06-29 11:19:07.850 [info] Got 1 sessions for ...
2026-06-29 11:19:07.861 [info] Getting sessions for all scopes...
2026-06-29 11:19:07.861 [info] Got 1 sessions for ...
2026-06-29 11:19:38.452 [info] Getting sessions for all scopes...
2026-06-29 11:19:38.452 [info] Got 1 sessions for ...
2026-06-29 11:19:38.471 [info] Getting sessions for all scopes...
2026-06-29 11:19:38.471 [info] Got 1 sessions for ...
2026-06-29 11:21:22.362 [info] Getting sessions for all scopes...
2026-06-29 11:21:22.362 [info] Got 1 sessions for ...
2026-06-29 11:21:22.362 [info] Getting sessions for all scopes...
2026-06-29 11:21:22.362 [info] Got 1 sessions for ...
2026-06-29 11:21:58.415 [info] Getting sessions for all scopes...
2026-06-29 11:21:58.415 [info] Got 1 sessions for ...
2026-06-29 11:21:58.416 [info] Getting sessions for all scopes...
2026-06-29 11:21:58.416 [info] Got 1 sessions for ...
2026-06-29 11:22:09.423 [info] Getting sessions for all scopes...
2026-06-29 11:22:09.423 [info] Got 1 sessions for ...
2026-06-29 11:22:09.423 [info] Getting sessions for all scopes...
2026-06-29 11:22:09.423 [info] Got 1 sessions for ...
2026-06-29 11:22:36.407 [info] Getting sessions for all scopes...
2026-06-29 11:22:36.407 [info] Got 1 sessions for ...
2026-06-29 11:22:36.407 [info] Getting sessions for all scopes...
2026-06-29 11:22:36.407 [info] Got 1 sessions for ...
2026-06-29 11:23:14.905 [info] Getting sessions for all scopes...
2026-06-29 11:23:14.905 [info] Got 1 sessions for ...
2026-06-29 11:23:14.907 [info] Getting sessions for all scopes...
2026-06-29 11:23:14.907 [info] Got 1 sessions for ...
2026-06-29 11:23:18.592 [info] Getting sessions for all scopes...
2026-06-29 11:23:18.592 [info] Got 1 sessions for ...
2026-06-29 11:23:18.592 [info] Getting sessions for all scopes...
2026-06-29 11:23:18.592 [info] Got 1 sessions for ...
2026-06-29 11:28:20.504 [info] Getting sessions for all scopes...
2026-06-29 11:28:20.504 [info] Got 1 sessions for ...
2026-06-29 11:28:20.507 [info] Getting sessions for all scopes...
2026-06-29 11:28:20.507 [info] Got 1 sessions for ...
2026-06-29 11:28:24.938 [info] Getting sessions for all scopes...
2026-06-29 11:28:24.938 [info] Got 1 sessions for ...
2026-06-29 11:28:24.939 [info] Getting sessions for all scopes...
2026-06-29 11:28:24.939 [info] Got 1 sessions for ...
2026-06-29 11:29:45.585 [info] Getting sessions for all scopes...
2026-06-29 11:29:45.585 [info] Got 1 sessions for ...
2026-06-29 11:29:45.586 [info] Getting sessions for all scopes...
2026-06-29 11:29:45.586 [info] Got 1 sessions for ...
2026-06-29 11:31:13.811 [info] Getting sessions for all scopes...
2026-06-29 11:31:13.812 [info] Got 1 sessions for ...
2026-06-29 11:31:13.821 [info] Getting sessions for all scopes...
2026-06-29 11:31:13.821 [info] Got 1 sessions for ...
2026-06-29 11:31:34.478 [info] Getting sessions for all scopes...
2026-06-29 11:31:34.478 [info] Got 1 sessions for ...
2026-06-29 11:31:34.479 [info] Getting sessions for all scopes...
2026-06-29 11:31:34.479 [info] Got 1 sessions for ...
2026-06-29 11:31:35.125 [info] Getting sessions for all scopes...
2026-06-29 11:31:35.125 [info] Got 1 sessions for ...
2026-06-29 11:31:35.126 [info] Getting sessions for all scopes...
2026-06-29 11:31:35.126 [info] Got 1 sessions for ...
2026-06-29 11:31:46.315 [info] Getting sessions for all scopes...
2026-06-29 11:31:46.315 [info] Got 1 sessions for ...
2026-06-29 11:31:46.316 [info] Getting sessions for all scopes...
2026-06-29 11:31:46.316 [info] Got 1 sessions for ...
2026-06-29 11:31:52.990 [info] Getting sessions for all scopes...
2026-06-29 11:31:52.990 [info] Got 1 sessions for ...
2026-06-29 11:31:52.994 [info] Getting sessions for all scopes...
2026-06-29 11:31:52.994 [info] Got 1 sessions for ...
2026-06-29 11:32:17.761 [info] Getting sessions for all scopes...
2026-06-29 11:32:17.761 [info] Got 1 sessions for ...
2026-06-29 11:32:17.762 [info] Getting sessions for all scopes...
2026-06-29 11:32:17.762 [info] Got 1 sessions for ...
2026-06-29 11:32:48.134 [info] Getting sessions for all scopes...
2026-06-29 11:32:48.134 [info] Got 1 sessions for ...
2026-06-29 11:33:58.740 [info] Getting sessions for all scopes...
2026-06-29 11:33:58.740 [info] Got 1 sessions for ...
2026-06-29 11:33:58.750 [info] Getting sessions for all scopes...
2026-06-29 11:33:58.750 [info] Got 1 sessions for ...
2026-06-29 11:34:15.508 [info] Getting sessions for all scopes...
2026-06-29 11:34:15.509 [info] Got 1 sessions for ...
2026-06-29 11:34:15.509 [info] Getting sessions for all scopes...
2026-06-29 11:34:15.509 [info] Got 1 sessions for ...
2026-06-29 11:34:47.844 [info] Getting sessions for all scopes...
2026-06-29 11:34:47.844 [info] Got 1 sessions for ...
2026-06-29 11:34:47.847 [info] Getting sessions for all scopes...
2026-06-29 11:34:47.847 [info] Got 1 sessions for ...
2026-06-29 11:34:56.457 [info] Getting sessions for all scopes...
2026-06-29 11:34:56.457 [info] Got 1 sessions for ...
2026-06-29 11:34:56.458 [info] Getting sessions for all scopes...
2026-06-29 11:34:56.459 [info] Got 1 sessions for ...
2026-06-29 11:36:19.985 [info] Getting sessions for all scopes...
2026-06-29 11:36:19.985 [info] Got 1 sessions for ...
2026-06-29 11:36:20.010 [info] Getting sessions for all scopes...
2026-06-29 11:36:20.010 [info] Got 1 sessions for ...
2026-06-29 11:36:56.786 [info] Getting sessions for all scopes...
2026-06-29 11:36:56.786 [info] Got 1 sessions for ...
2026-06-29 11:36:56.797 [info] Getting sessions for all scopes...
2026-06-29 11:36:56.797 [info] Got 1 sessions for ...
2026-06-29 11:37:23.385 [info] Getting sessions for all scopes...
2026-06-29 11:37:23.385 [info] Got 1 sessions for ...
2026-06-29 11:37:23.387 [info] Getting sessions for all scopes...
2026-06-29 11:37:23.387 [info] Got 1 sessions for ...
2026-06-29 11:38:09.272 [info] Getting sessions for all scopes...
2026-06-29 11:38:09.272 [info] Got 1 sessions for ...
2026-06-29 11:38:09.280 [info] Getting sessions for all scopes...
2026-06-29 11:38:09.281 [info] Got 1 sessions for ...
2026-06-29 11:40:36.482 [info] Getting sessions for all scopes...
2026-06-29 11:40:36.482 [info] Got 1 sessions for ...
2026-06-29 11:40:36.494 [info] Getting sessions for all scopes...
2026-06-29 11:40:36.494 [info] Got 1 sessions for ...
2026-06-29 11:40:39.477 [info] Getting sessions for all scopes...
2026-06-29 11:40:39.477 [info] Got 1 sessions for ...
2026-06-29 11:40:39.478 [info] Getting sessions for all scopes...
2026-06-29 11:40:39.478 [info] Got 1 sessions for ...
2026-06-29 11:40:46.754 [info] Getting sessions for all scopes...
2026-06-29 11:40:46.754 [info] Got 1 sessions for ...
2026-06-29 11:40:46.754 [info] Getting sessions for all scopes...
2026-06-29 11:40:46.754 [info] Got 1 sessions for ...
2026-06-29 11:42:15.084 [info] Getting sessions for all scopes...
2026-06-29 11:42:15.084 [info] Got 1 sessions for ...
2026-06-29 11:42:15.085 [info] Getting sessions for all scopes...
2026-06-29 11:42:15.085 [info] Got 1 sessions for ...
2026-06-29 11:42:16.055 [info] Getting sessions for all scopes...
2026-06-29 11:42:16.055 [info] Got 1 sessions for ...
2026-06-29 11:42:16.058 [info] Getting sessions for all scopes...
2026-06-29 11:42:16.058 [info] Got 1 sessions for ...
2026-06-29 11:42:16.597 [info] Getting sessions for all scopes...
2026-06-29 11:42:16.598 [info] Got 1 sessions for ...
2026-06-29 11:42:16.598 [info] Getting sessions for all scopes...
2026-06-29 11:42:16.599 [info] Got 1 sessions for ...
2026-06-29 11:42:17.204 [info] Getting sessions for all scopes...
2026-06-29 11:42:17.204 [info] Got 1 sessions for ...
2026-06-29 11:42:17.206 [info] Getting sessions for all scopes...
2026-06-29 11:42:17.206 [info] Got 1 sessions for ...
2026-06-29 11:42:17.773 [info] Getting sessions for all scopes...
2026-06-29 11:42:17.773 [info] Got 1 sessions for ...
2026-06-29 11:42:17.774 [info] Getting sessions for all scopes...
2026-06-29 11:42:17.774 [info] Got 1 sessions for ...
2026-06-29 11:42:18.536 [info] Getting sessions for all scopes...
2026-06-29 11:42:18.536 [info] Got 1 sessions for ...
2026-06-29 11:42:18.538 [info] Getting sessions for all scopes...
2026-06-29 11:42:18.538 [info] Got 1 sessions for ...
2026-06-29 11:45:13.946 [info] Getting sessions for all scopes...
2026-06-29 11:45:13.946 [info] Got 1 sessions for ...
2026-06-29 11:45:13.997 [info] Getting sessions for all scopes...
2026-06-29 11:45:13.997 [info] Got 1 sessions for ...
2026-06-29 11:47:19.535 [info] Getting sessions for all scopes...
2026-06-29 11:47:19.535 [info] Got 1 sessions for ...
2026-06-29 11:47:19.537 [info] Getting sessions for all scopes...
2026-06-29 11:47:19.537 [info] Got 1 sessions for ...
2026-06-29 11:47:38.956 [info] Getting sessions for all scopes...
2026-06-29 11:47:38.956 [info] Got 1 sessions for ...
2026-06-29 11:47:38.978 [info] Getting sessions for all scopes...
2026-06-29 11:47:38.978 [info] Got 1 sessions for ...
2026-06-29 11:47:49.225 [info] Getting sessions for all scopes...
2026-06-29 11:47:49.226 [info] Got 1 sessions for ...
2026-06-29 11:47:49.226 [info] Getting sessions for all scopes...
2026-06-29 11:47:49.226 [info] Got 1 sessions for ...
2026-06-29 11:47:58.820 [info] Getting sessions for all scopes...
2026-06-29 11:47:58.820 [info] Got 1 sessions for ...
2026-06-29 11:47:58.820 [info] Getting sessions for all scopes...
2026-06-29 11:47:58.820 [info] Got 1 sessions for ...
2026-06-29 11:48:55.484 [info] Getting sessions for all scopes...
2026-06-29 11:48:55.484 [info] Got 1 sessions for ...
2026-06-29 11:48:55.503 [info] Getting sessions for all scopes...
2026-06-29 11:48:55.503 [info] Got 1 sessions for ...
2026-06-29 11:51:54.842 [info] Getting sessions for all scopes...
2026-06-29 11:51:54.842 [info] Got 1 sessions for ...
2026-06-29 11:51:54.844 [info] Getting sessions for all scopes...
2026-06-29 11:51:54.844 [info] Got 1 sessions for ...
2026-06-29 11:53:13.063 [info] Getting sessions for all scopes...
2026-06-29 11:53:13.063 [info] Got 1 sessions for ...
2026-06-29 11:53:13.066 [info] Getting sessions for all scopes...
2026-06-29 11:53:13.066 [info] Got 1 sessions for ...
2026-06-29 11:54:07.600 [info] Getting sessions for all scopes...
2026-06-29 11:54:07.600 [info] Got 1 sessions for ...
2026-06-29 11:54:07.607 [info] Getting sessions for all scopes...
2026-06-29 11:54:07.607 [info] Got 1 sessions for ...
2026-06-29 11:54:08.014 [info] Getting sessions for all scopes...
2026-06-29 11:54:08.014 [info] Got 1 sessions for ...
2026-06-29 11:54:08.033 [info] Getting sessions for all scopes...
2026-06-29 11:54:08.033 [info] Got 1 sessions for ...
2026-06-29 11:55:10.107 [info] Getting sessions for all scopes...
2026-06-29 11:55:10.107 [info] Got 1 sessions for ...
2026-06-29 11:55:10.108 [info] Getting sessions for all scopes...
2026-06-29 11:55:10.109 [info] Got 1 sessions for ...
2026-06-29 11:55:10.773 [info] Getting sessions for all scopes...
2026-06-29 11:55:10.773 [info] Got 1 sessions for ...
2026-06-29 11:55:10.817 [info] Getting sessions for all scopes...
2026-06-29 11:55:10.817 [info] Got 1 sessions for ...
2026-06-29 11:55:28.502 [info] Getting sessions for all scopes...
2026-06-29 11:55:28.502 [info] Got 1 sessions for ...
2026-06-29 11:55:28.505 [info] Getting sessions for all scopes...
2026-06-29 11:55:28.505 [info] Got 1 sessions for ...
2026-06-29 11:55:33.506 [info] Getting sessions for all scopes...
2026-06-29 11:55:33.506 [info] Got 1 sessions for ...
2026-06-29 11:55:33.520 [info] Getting sessions for all scopes...
2026-06-29 11:55:33.520 [info] Got 1 sessions for ...
2026-06-29 11:55:35.642 [info] Getting sessions for all scopes...
2026-06-29 11:55:35.642 [info] Got 1 sessions for ...
2026-06-29 11:55:35.643 [info] Getting sessions for all scopes...
2026-06-29 11:55:35.643 [info] Got 1 sessions for ...
2026-06-29 11:56:03.736 [info] Getting sessions for all scopes...
2026-06-29 11:56:03.736 [info] Got 1 sessions for ...
2026-06-29 11:56:03.736 [info] Getting sessions for all scopes...
2026-06-29 11:56:03.736 [info] Got 1 sessions for ...
2026-06-29 11:56:13.890 [info] Getting sessions for all scopes...
2026-06-29 11:56:13.890 [info] Got 1 sessions for ...
2026-06-29 11:56:13.898 [info] Getting sessions for all scopes...
2026-06-29 11:56:13.898 [info] Got 1 sessions for ...
2026-06-29 11:56:22.270 [info] Getting sessions for all scopes...
2026-06-29 11:56:22.270 [info] Got 1 sessions for ...
2026-06-29 11:56:22.287 [info] Getting sessions for all scopes...
2026-06-29 11:56:22.287 [info] Got 1 sessions for ...
2026-06-29 11:56:29.803 [info] Getting sessions for all scopes...
2026-06-29 11:56:29.803 [info] Got 1 sessions for ...
2026-06-29 11:56:29.806 [info] Getting sessions for all scopes...
2026-06-29 11:56:29.806 [info] Got 1 sessions for ...
2026-06-29 11:57:36.090 [info] Getting sessions for all scopes...
2026-06-29 11:57:36.090 [info] Got 1 sessions for ...
2026-06-29 11:57:36.090 [info] Getting sessions for all scopes...
2026-06-29 11:57:36.090 [info] Got 1 sessions for ...
2026-06-29 11:57:45.549 [info] Getting sessions for all scopes...
2026-06-29 11:57:45.550 [info] Got 1 sessions for ...
2026-06-29 11:57:45.562 [info] Getting sessions for all scopes...
2026-06-29 11:57:45.562 [info] Got 1 sessions for ...
2026-06-29 11:58:31.316 [info] Getting sessions for all scopes...
2026-06-29 11:58:31.316 [info] Got 1 sessions for ...
2026-06-29 11:58:31.317 [info] Getting sessions for all scopes...
2026-06-29 11:58:31.317 [info] Got 1 sessions for ...
2026-06-29 11:59:16.489 [info] Getting sessions for all scopes...
2026-06-29 11:59:16.489 [info] Got 1 sessions for ...
2026-06-29 11:59:16.492 [info] Getting sessions for all scopes...
2026-06-29 11:59:16.492 [info] Got 1 sessions for ...
2026-06-29 11:59:25.224 [info] Getting sessions for all scopes...
2026-06-29 11:59:25.225 [info] Got 1 sessions for ...
2026-06-29 11:59:25.243 [info] Getting sessions for all scopes...
2026-06-29 11:59:25.243 [info] Got 1 sessions for ...
2026-06-29 11:59:35.295 [info] Getting sessions for all scopes...
2026-06-29 11:59:35.295 [info] Got 1 sessions for ...
2026-06-29 11:59:35.296 [info] Getting sessions for all scopes...
2026-06-29 11:59:35.296 [info] Got 1 sessions for ...
2026-06-29 11:59:38.519 [info] Getting sessions for all scopes...
2026-06-29 11:59:38.519 [info] Got 1 sessions for ...
2026-06-29 11:59:38.540 [info] Getting sessions for all scopes...
2026-06-29 11:59:38.541 [info] Got 1 sessions for ...
2026-06-29 11:59:53.194 [info] Getting sessions for all scopes...
2026-06-29 11:59:53.194 [info] Got 1 sessions for ...
2026-06-29 11:59:53.201 [info] Getting sessions for all scopes...
2026-06-29 11:59:53.201 [info] Got 1 sessions for ...
2026-06-29 11:59:54.291 [info] Getting sessions for all scopes...
2026-06-29 11:59:54.291 [info] Got 1 sessions for ...
2026-06-29 11:59:54.297 [info] Getting sessions for all scopes...
2026-06-29 11:59:54.297 [info] Got 1 sessions for ...
2026-06-29 12:01:13.236 [info] Getting sessions for all scopes...
2026-06-29 12:01:13.237 [info] Got 1 sessions for ...
2026-06-29 12:01:13.252 [info] Getting sessions for all scopes...
2026-06-29 12:01:13.252 [info] Got 1 sessions for ...
2026-06-29 12:01:14.653 [info] Getting sessions for all scopes...
2026-06-29 12:01:14.653 [info] Got 1 sessions for ...
2026-06-29 12:01:14.654 [info] Getting sessions for all scopes...
2026-06-29 12:01:14.654 [info] Got 1 sessions for ...
2026-06-29 12:01:55.037 [info] Getting sessions for all scopes...
2026-06-29 12:01:55.037 [info] Got 1 sessions for ...
2026-06-29 12:01:55.039 [info] Getting sessions for all scopes...
2026-06-29 12:01:55.039 [info] Got 1 sessions for ...
2026-06-29 12:02:00.249 [info] Getting sessions for all scopes...
2026-06-29 12:02:00.249 [info] Got 1 sessions for ...
2026-06-29 12:02:00.252 [info] Getting sessions for all scopes...
2026-06-29 12:02:00.252 [info] Got 1 sessions for ...
2026-06-29 12:02:03.074 [info] Getting sessions for all scopes...
2026-06-29 12:02:03.074 [info] Got 1 sessions for ...
2026-06-29 12:02:03.074 [info] Getting sessions for all scopes...
2026-06-29 12:02:03.074 [info] Got 1 sessions for ...
2026-06-29 12:32:57.962 [info] Getting sessions for all scopes...
2026-06-29 12:32:57.962 [info] Got 1 sessions for ...
2026-06-29 12:32:57.962 [info] Getting sessions for all scopes...
2026-06-29 12:32:57.962 [info] Got 1 sessions for ...
2026-06-29 12:33:01.172 [info] Getting sessions for all scopes...
2026-06-29 12:33:01.172 [info] Got 1 sessions for ...
2026-06-29 12:33:01.173 [info] Getting sessions for all scopes...
2026-06-29 12:33:01.173 [info] Got 1 sessions for ...
2026-06-29 15:20:47.070 [info] Getting sessions for all scopes...
2026-06-29 15:20:47.071 [info] Got 1 sessions for ...
2026-06-29 15:20:47.106 [info] Getting sessions for all scopes...
2026-06-29 15:20:47.106 [info] Got 1 sessions for ...
2026-06-29 15:20:50.437 [info] Getting sessions for all scopes...
2026-06-29 15:20:50.438 [info] Got 1 sessions for ...
2026-06-29 15:20:50.439 [info] Getting sessions for all scopes...
2026-06-29 15:20:50.439 [info] Got 1 sessions for ...
2026-06-29 15:21:13.679 [info] Getting sessions for all scopes...
2026-06-29 15:21:13.679 [info] Got 1 sessions for ...
2026-06-29 15:21:13.753 [info] Getting sessions for all scopes...
2026-06-29 15:21:13.753 [info] Got 1 sessions for ...
2026-06-29 15:21:14.269 [info] Getting sessions for all scopes...
2026-06-29 15:21:14.269 [info] Got 1 sessions for ...
2026-06-29 15:21:14.293 [info] Getting sessions for all scopes...
2026-06-29 15:21:14.294 [info] Got 1 sessions for ...
2026-06-29 15:22:27.735 [info] Getting sessions for all scopes...
2026-06-29 15:22:27.735 [info] Got 1 sessions for ...
2026-06-29 15:22:27.749 [info] Getting sessions for all scopes...
2026-06-29 15:22:27.749 [info] Got 1 sessions for ...
2026-06-29 15:22:56.938 [info] Getting sessions for all scopes...
2026-06-29 15:22:56.938 [info] Got 1 sessions for ...
2026-06-29 15:22:56.939 [info] Getting sessions for all scopes...
2026-06-29 15:22:56.939 [info] Got 1 sessions for ...
2026-06-29 15:22:58.185 [info] Getting sessions for all scopes...
2026-06-29 15:22:58.185 [info] Got 1 sessions for ...
2026-06-29 15:22:58.185 [info] Getting sessions for all scopes...
2026-06-29 15:22:58.186 [info] Got 1 sessions for ...
2026-06-29 15:23:15.399 [info] Getting sessions for all scopes...
2026-06-29 15:23:15.399 [info] Got 1 sessions for ...
2026-06-29 15:23:15.413 [info] Getting sessions for all scopes...
2026-06-29 15:23:15.413 [info] Got 1 sessions for ...
2026-06-29 15:23:36.216 [info] Getting sessions for all scopes...
2026-06-29 15:23:36.216 [info] Got 1 sessions for ...
2026-06-29 15:23:36.216 [info] Getting sessions for all scopes...
2026-06-29 15:23:36.216 [info] Got 1 sessions for ...
2026-06-29 15:28:27.552 [info] Getting sessions for all scopes...
2026-06-29 15:28:27.552 [info] Got 1 sessions for ...
2026-06-29 15:28:27.578 [info] Getting sessions for all scopes...
2026-06-29 15:28:27.578 [info] Got 1 sessions for ...
2026-06-29 15:28:42.815 [info] Getting sessions for all scopes...
2026-06-29 15:28:42.816 [info] Got 1 sessions for ...
2026-06-29 15:28:42.823 [info] Getting sessions for all scopes...
2026-06-29 15:28:42.823 [info] Got 1 sessions for ...
2026-06-29 15:28:47.345 [info] Getting sessions for all scopes...
2026-06-29 15:28:47.345 [info] Got 1 sessions for ...
2026-06-29 15:28:47.354 [info] Getting sessions for all scopes...
2026-06-29 15:28:47.354 [info] Got 1 sessions for ...
2026-06-29 15:29:24.547 [info] Getting sessions for all scopes...
2026-06-29 15:29:24.547 [info] Got 1 sessions for ...
2026-06-29 15:29:24.548 [info] Getting sessions for all scopes...
2026-06-29 15:29:24.548 [info] Got 1 sessions for ...
2026-06-29 15:29:25.060 [info] Getting sessions for all scopes...
2026-06-29 15:29:25.060 [info] Got 1 sessions for ...
2026-06-29 15:29:25.061 [info] Getting sessions for all scopes...
2026-06-29 15:29:25.061 [info] Got 1 sessions for ...
2026-06-29 15:30:22.899 [info] Getting sessions for all scopes...
2026-06-29 15:30:22.899 [info] Got 1 sessions for ...
2026-06-29 15:30:22.899 [info] Getting sessions for all scopes...
2026-06-29 15:30:22.899 [info] Got 1 sessions for ...
2026-06-29 15:31:11.965 [info] Getting sessions for all scopes...
2026-06-29 15:31:11.965 [info] Got 1 sessions for ...
2026-06-29 15:31:11.966 [info] Getting sessions for all scopes...
2026-06-29 15:31:11.966 [info] Got 1 sessions for ...
2026-06-29 15:31:15.008 [info] Getting sessions for all scopes...
2026-06-29 15:31:15.008 [info] Got 1 sessions for ...
2026-06-29 15:31:15.041 [info] Getting sessions for all scopes...
2026-06-29 15:31:15.041 [info] Got 1 sessions for ...
2026-06-29 15:31:18.243 [info] Getting sessions for all scopes...
2026-06-29 15:31:18.243 [info] Got 1 sessions for ...
2026-06-29 15:31:18.245 [info] Getting sessions for all scopes...
2026-06-29 15:31:18.245 [info] Got 1 sessions for ...
2026-06-29 15:31:22.152 [info] Getting sessions for all scopes...
2026-06-29 15:31:22.152 [info] Got 1 sessions for ...
2026-06-29 15:31:22.271 [info] Getting sessions for all scopes...
2026-06-29 15:31:22.271 [info] Got 1 sessions for ...
2026-06-29 15:31:34.626 [info] Getting sessions for all scopes...
2026-06-29 15:31:34.626 [info] Got 1 sessions for ...
2026-06-29 15:31:34.635 [info] Getting sessions for all scopes...
2026-06-29 15:31:34.635 [info] Got 1 sessions for ...
2026-06-29 15:31:47.579 [info] Getting sessions for all scopes...
2026-06-29 15:31:47.579 [info] Got 1 sessions for ...
2026-06-29 15:31:47.607 [info] Getting sessions for all scopes...
2026-06-29 15:31:47.607 [info] Got 1 sessions for ...
2026-06-29 15:32:07.464 [info] Getting sessions for all scopes...
2026-06-29 15:32:07.464 [info] Got 1 sessions for ...
2026-06-29 15:32:07.466 [info] Getting sessions for all scopes...
2026-06-29 15:32:07.466 [info] Got 1 sessions for ...
2026-06-29 15:32:08.164 [info] Getting sessions for all scopes...
2026-06-29 15:32:08.164 [info] Got 1 sessions for ...
2026-06-29 15:32:08.189 [info] Getting sessions for all scopes...
2026-06-29 15:32:08.189 [info] Got 1 sessions for ...
2026-06-29 15:32:09.312 [info] Getting sessions for all scopes...
2026-06-29 15:32:09.312 [info] Got 1 sessions for ...
2026-06-29 15:32:09.609 [info] Getting sessions for all scopes...
2026-06-29 15:32:09.609 [info] Got 1 sessions for ...
2026-06-29 15:32:10.137 [info] Getting sessions for all scopes...
2026-06-29 15:32:10.137 [info] Got 1 sessions for ...
2026-06-29 15:32:10.191 [info] Getting sessions for all scopes...
2026-06-29 15:32:10.191 [info] Got 1 sessions for ...
2026-06-29 15:32:10.876 [info] Getting sessions for all scopes...
2026-06-29 15:32:10.876 [info] Got 1 sessions for ...
2026-06-29 15:32:10.915 [info] Getting sessions for all scopes...
2026-06-29 15:32:10.915 [info] Got 1 sessions for ...
2026-06-29 15:32:13.776 [info] Getting sessions for all scopes...
2026-06-29 15:32:13.776 [info] Got 1 sessions for ...
2026-06-29 15:32:13.781 [info] Getting sessions for all scopes...
2026-06-29 15:32:13.781 [info] Got 1 sessions for ...
2026-06-29 15:32:29.004 [info] Getting sessions for all scopes...
2026-06-29 15:32:29.004 [info] Got 1 sessions for ...
2026-06-29 15:32:29.005 [info] Getting sessions for all scopes...
2026-06-29 15:32:29.005 [info] Got 1 sessions for ...
2026-06-29 15:32:31.591 [info] Getting sessions for all scopes...
2026-06-29 15:32:31.591 [info] Got 1 sessions for ...
2026-06-29 15:32:31.621 [info] Getting sessions for all scopes...
2026-06-29 15:32:31.621 [info] Got 1 sessions for ...
2026-06-29 15:32:34.324 [info] Getting sessions for all scopes...
2026-06-29 15:32:34.324 [info] Got 1 sessions for ...
2026-06-29 15:32:34.332 [info] Getting sessions for all scopes...
2026-06-29 15:32:34.332 [info] Got 1 sessions for ...
2026-06-29 15:32:40.220 [info] Getting sessions for all scopes...
2026-06-29 15:32:40.220 [info] Got 1 sessions for ...
2026-06-29 15:32:40.255 [info] Getting sessions for all scopes...
2026-06-29 15:32:40.255 [info] Got 1 sessions for ...
2026-06-29 15:32:54.544 [info] Getting sessions for all scopes...
2026-06-29 15:32:54.544 [info] Got 1 sessions for ...
2026-06-29 15:32:54.570 [info] Getting sessions for all scopes...
2026-06-29 15:32:54.570 [info] Got 1 sessions for ...
2026-06-29 15:33:18.257 [info] Getting sessions for all scopes...
2026-06-29 15:33:18.257 [info] Got 1 sessions for ...
2026-06-29 15:33:18.263 [info] Getting sessions for all scopes...
2026-06-29 15:33:18.263 [info] Got 1 sessions for ...
2026-06-29 15:34:01.385 [info] Getting sessions for all scopes...
2026-06-29 15:34:01.385 [info] Got 1 sessions for ...
2026-06-29 15:34:01.392 [info] Getting sessions for all scopes...
2026-06-29 15:34:01.392 [info] Got 1 sessions for ...
2026-06-29 15:34:08.320 [info] Getting sessions for all scopes...
2026-06-29 15:34:08.320 [info] Got 1 sessions for ...
2026-06-29 15:34:08.364 [info] Getting sessions for all scopes...
2026-06-29 15:34:08.364 [info] Got 1 sessions for ...
2026-06-29 15:34:11.434 [info] Getting sessions for all scopes...
2026-06-29 15:34:11.434 [info] Got 1 sessions for ...
2026-06-29 15:34:11.481 [info] Getting sessions for all scopes...
2026-06-29 15:34:11.481 [info] Got 1 sessions for ...
2026-06-29 15:34:23.571 [info] Getting sessions for all scopes...
2026-06-29 15:34:23.572 [info] Got 1 sessions for ...
2026-06-29 15:34:23.574 [info] Getting sessions for all scopes...
2026-06-29 15:34:23.574 [info] Got 1 sessions for ...
2026-06-29 15:35:49.356 [info] Getting sessions for all scopes...
2026-06-29 15:35:49.357 [info] Got 1 sessions for ...
2026-06-29 15:35:49.359 [info] Getting sessions for all scopes...
2026-06-29 15:35:49.359 [info] Got 1 sessions for ...
2026-06-29 15:36:40.337 [info] Getting sessions for all scopes...
2026-06-29 15:36:40.337 [info] Got 1 sessions for ...
2026-06-29 15:36:40.341 [info] Getting sessions for all scopes...
2026-06-29 15:36:40.341 [info] Got 1 sessions for ...
2026-06-29 15:36:53.781 [info] Getting sessions for all scopes...
2026-06-29 15:36:53.781 [info] Got 1 sessions for ...
2026-06-29 15:36:53.794 [info] Getting sessions for all scopes...
2026-06-29 15:36:53.794 [info] Got 1 sessions for ...
2026-06-29 15:37:11.357 [info] Getting sessions for all scopes...
2026-06-29 15:37:11.357 [info] Got 1 sessions for ...
2026-06-29 15:37:11.368 [info] Getting sessions for all scopes...
2026-06-29 15:37:11.368 [info] Got 1 sessions for ...
2026-06-29 15:37:36.195 [info] Getting sessions for all scopes...
2026-06-29 15:37:36.195 [info] Got 1 sessions for ...
2026-06-29 15:37:36.291 [info] Getting sessions for all scopes...
2026-06-29 15:37:36.291 [info] Got 1 sessions for ...
2026-06-29 16:11:42.508 [info] Getting sessions for all scopes...
2026-06-29 16:11:42.508 [info] Got 1 sessions for ...
2026-06-29 16:11:42.523 [info] Getting sessions for all scopes...
2026-06-29 16:11:42.523 [info] Got 1 sessions for ...
2026-06-29 16:11:45.693 [info] Getting sessions for all scopes...
2026-06-29 16:11:45.693 [info] Got 1 sessions for ...
2026-06-29 16:11:45.694 [info] Getting sessions for all scopes...
2026-06-29 16:11:45.694 [info] Got 1 sessions for ...
2026-06-29 16:13:38.634 [info] Getting sessions for all scopes...
2026-06-29 16:13:38.634 [info] Got 1 sessions for ...
2026-06-29 16:13:38.635 [info] Getting sessions for all scopes...
2026-06-29 16:13:38.635 [info] Got 1 sessions for ...
2026-06-29 16:13:46.544 [info] Getting sessions for all scopes...
2026-06-29 16:13:46.544 [info] Got 1 sessions for ...
2026-06-29 16:13:46.545 [info] Getting sessions for all scopes...
2026-06-29 16:13:46.545 [info] Got 1 sessions for ...
2026-06-29 16:14:02.665 [info] Getting sessions for all scopes...
2026-06-29 16:14:02.665 [info] Got 1 sessions for ...
2026-06-29 16:14:02.669 [info] Getting sessions for all scopes...
2026-06-29 16:14:02.669 [info] Got 1 sessions for ...
2026-06-29 16:14:30.142 [info] Getting sessions for all scopes...
2026-06-29 16:14:30.142 [info] Got 1 sessions for ...
2026-06-29 16:14:30.143 [info] Getting sessions for all scopes...
2026-06-29 16:14:30.143 [info] Got 1 sessions for ...
2026-06-29 16:17:32.666 [info] Getting sessions for all scopes...
2026-06-29 16:17:32.666 [info] Got 1 sessions for ...
2026-06-29 16:17:32.671 [info] Getting sessions for all scopes...
2026-06-29 16:17:32.671 [info] Got 1 sessions for ...
2026-06-29 16:22:55.123 [info] Getting sessions for all scopes...
2026-06-29 16:22:55.123 [info] Got 1 sessions for ...
2026-06-29 16:22:55.124 [info] Getting sessions for all scopes...
2026-06-29 16:22:55.124 [info] Got 1 sessions for ...
2026-06-29 16:23:18.285 [info] Getting sessions for all scopes...
2026-06-29 16:23:18.285 [info] Got 1 sessions for ...
2026-06-29 16:23:18.305 [info] Getting sessions for all scopes...
2026-06-29 16:23:18.305 [info] Got 1 sessions for ...
2026-06-29 16:26:15.037 [info] Getting sessions for all scopes...
2026-06-29 16:26:15.037 [info] Got 1 sessions for ...
2026-06-29 16:26:15.045 [info] Getting sessions for all scopes...
2026-06-29 16:26:15.045 [info] Got 1 sessions for ...
2026-06-29 16:26:33.507 [info] Getting sessions for all scopes...
2026-06-29 16:26:33.507 [info] Got 1 sessions for ...
2026-06-29 16:26:33.508 [info] Getting sessions for all scopes...
2026-06-29 16:26:33.508 [info] Got 1 sessions for ...
2026-06-29 16:26:44.529 [info] Getting sessions for all scopes...
2026-06-29 16:26:44.529 [info] Got 1 sessions for ...
2026-06-29 16:26:44.559 [info] Getting sessions for all scopes...
2026-06-29 16:26:44.559 [info] Got 1 sessions for ...
2026-06-29 16:27:06.993 [info] Getting sessions for all scopes...
2026-06-29 16:27:06.993 [info] Got 1 sessions for ...
2026-06-29 16:27:07.009 [info] Getting sessions for all scopes...
2026-06-29 16:27:07.009 [info] Got 1 sessions for ...
2026-06-29 16:27:31.102 [info] Getting sessions for all scopes...
2026-06-29 16:27:31.102 [info] Got 1 sessions for ...
2026-06-29 16:27:31.139 [info] Getting sessions for all scopes...
2026-06-29 16:27:31.139 [info] Got 1 sessions for ...
2026-06-29 16:27:34.105 [info] Getting sessions for all scopes...
2026-06-29 16:27:34.105 [info] Got 1 sessions for ...
2026-06-29 16:27:34.106 [info] Getting sessions for all scopes...
2026-06-29 16:27:34.106 [info] Got 1 sessions for ...
2026-06-29 16:27:38.127 [info] Getting sessions for all scopes...
2026-06-29 16:27:38.127 [info] Got 1 sessions for ...
2026-06-29 16:27:38.131 [info] Getting sessions for all scopes...
2026-06-29 16:27:38.131 [info] Got 1 sessions for ...
2026-06-29 16:27:47.616 [info] Getting sessions for all scopes...
2026-06-29 16:27:47.616 [info] Got 1 sessions for ...
2026-06-29 16:27:47.621 [info] Getting sessions for all scopes...
2026-06-29 16:27:47.621 [info] Got 1 sessions for ...
2026-06-29 16:28:53.263 [info] Getting sessions for all scopes...
2026-06-29 16:28:53.263 [info] Got 1 sessions for ...
2026-06-29 16:28:53.263 [info] Getting sessions for all scopes...
2026-06-29 16:28:53.263 [info] Got 1 sessions for ...
2026-06-29 16:28:55.026 [info] Getting sessions for all scopes...
2026-06-29 16:28:55.026 [info] Got 1 sessions for ...
2026-06-29 16:28:55.091 [info] Getting sessions for all scopes...
2026-06-29 16:28:55.091 [info] Got 1 sessions for ...
2026-06-29 16:29:04.782 [info] Getting sessions for all scopes...
2026-06-29 16:29:04.783 [info] Got 1 sessions for ...
2026-06-29 16:29:04.784 [info] Getting sessions for read:user,repo,user:email,workflow...
2026-06-29 16:29:04.784 [info] Got 1 sessions for read:user,repo,user:email,workflow...
2026-06-29 16:29:05.930 [info] Getting sessions for all scopes...
2026-06-29 16:29:05.930 [info] Got 1 sessions for ...
2026-06-29 16:29:05.930 [info] Getting sessions for all scopes...
2026-06-29 16:29:05.930 [info] Got 1 sessions for ...
2026-06-29 16:29:05.931 [info] Getting sessions for read:user,repo,user:email,workflow...
2026-06-29 16:29:05.931 [info] Got 1 sessions for read:user,repo,user:email,workflow...
2026-06-29 16:29:24.991 [info] Getting sessions for all scopes...
2026-06-29 16:29:24.991 [info] Got 1 sessions for ...
2026-06-29 16:29:24.992 [info] Getting sessions for all scopes...
2026-06-29 16:29:24.992 [info] Got 1 sessions for ...
2026-06-29 16:44:10.825 [info] Getting sessions for all scopes...
2026-06-29 16:44:10.826 [info] Got 1 sessions for ...
2026-06-29 16:44:10.828 [info] Getting sessions for all scopes...
2026-06-29 16:44:10.828 [info] Got 1 sessions for ...
2026-06-29 16:44:13.922 [info] Getting sessions for all scopes...
2026-06-29 16:44:13.922 [info] Got 1 sessions for ...
2026-06-29 16:44:13.925 [info] Getting sessions for all scopes...
2026-06-29 16:44:13.925 [info] Got 1 sessions for ...
2026-06-29 16:44:31.723 [info] Getting sessions for all scopes...
2026-06-29 16:44:31.723 [info] Got 1 sessions for ...
2026-06-29 16:44:31.724 [info] Getting sessions for all scopes...
2026-06-29 16:44:31.725 [info] Got 1 sessions for ...
2026-06-29 16:44:32.862 [info] Getting sessions for all scopes...
2026-06-29 16:44:32.862 [info] Got 1 sessions for ...
2026-06-29 16:44:32.868 [info] Getting sessions for all scopes...
2026-06-29 16:44:32.868 [info] Got 1 sessions for ...
2026-06-29 16:45:17.408 [info] Getting sessions for all scopes...
2026-06-29 16:45:17.409 [info] Got 1 sessions for ...
2026-06-29 16:45:17.425 [info] Getting sessions for all scopes...
2026-06-29 16:45:17.425 [info] Got 1 sessions for ...
2026-06-29 16:46:02.152 [info] Getting sessions for all scopes...
2026-06-29 16:46:02.152 [info] Got 1 sessions for ...
2026-06-29 16:46:02.157 [info] Getting sessions for all scopes...
2026-06-29 16:46:02.157 [info] Got 1 sessions for ...
2026-06-29 16:46:30.358 [info] Getting sessions for all scopes...
2026-06-29 16:46:30.358 [info] Got 1 sessions for ...
2026-06-29 16:46:30.428 [info] Getting sessions for all scopes...
2026-06-29 16:46:30.428 [info] Got 1 sessions for ...
2026-06-29 16:46:47.281 [info] Getting sessions for all scopes...
2026-06-29 16:46:47.281 [info] Got 1 sessions for ...
2026-06-29 16:46:47.337 [info] Getting sessions for all scopes...
2026-06-29 16:46:47.337 [info] Got 1 sessions for ...
2026-06-29 16:46:52.146 [info] Getting sessions for all scopes...
2026-06-29 16:46:52.146 [info] Got 1 sessions for ...
2026-06-29 16:46:52.189 [info] Getting sessions for all scopes...
2026-06-29 16:46:52.189 [info] Got 1 sessions for ...
2026-06-29 16:46:53.163 [info] Getting sessions for all scopes...
2026-06-29 16:46:53.163 [info] Got 1 sessions for ...
2026-06-29 16:46:53.178 [info] Getting sessions for all scopes...
2026-06-29 16:46:53.178 [info] Got 1 sessions for ...
2026-06-29 16:47:34.231 [info] Getting sessions for all scopes...
2026-06-29 16:47:34.231 [info] Got 1 sessions for ...
2026-06-29 16:47:34.233 [info] Getting sessions for all scopes...
2026-06-29 16:47:34.233 [info] Got 1 sessions for ...
2026-06-29 16:47:36.612 [info] Getting sessions for all scopes...
2026-06-29 16:47:36.612 [info] Got 1 sessions for ...
2026-06-29 16:47:36.614 [info] Getting sessions for all scopes...
2026-06-29 16:47:36.614 [info] Got 1 sessions for ...
2026-06-29 16:47:38.685 [info] Getting sessions for all scopes...
2026-06-29 16:47:38.685 [info] Got 1 sessions for ...
2026-06-29 16:47:38.686 [info] Getting sessions for all scopes...
2026-06-29 16:47:38.686 [info] Got 1 sessions for ...
2026-06-29 16:48:09.901 [info] Getting sessions for all scopes...
2026-06-29 16:48:09.901 [info] Got 1 sessions for ...
2026-06-29 16:48:09.903 [info] Getting sessions for all scopes...
2026-06-29 16:48:09.903 [info] Got 1 sessions for ...
2026-06-29 16:48:39.820 [info] Getting sessions for all scopes...
2026-06-29 16:48:39.820 [info] Got 1 sessions for ...
2026-06-29 16:48:39.850 [info] Getting sessions for all scopes...
2026-06-29 16:48:39.850 [info] Got 1 sessions for ...
2026-06-29 16:50:48.696 [info] Getting sessions for all scopes...
2026-06-29 16:50:48.696 [info] Got 1 sessions for ...
2026-06-29 16:50:48.699 [info] Getting sessions for all scopes...
2026-06-29 16:50:48.699 [info] Got 1 sessions for ...
2026-06-29 16:51:02.239 [info] Getting sessions for all scopes...
2026-06-29 16:51:02.239 [info] Got 1 sessions for ...
2026-06-29 16:51:02.266 [info] Getting sessions for all scopes...
2026-06-29 16:51:02.266 [info] Got 1 sessions for ...
2026-06-29 16:51:17.321 [info] Getting sessions for all scopes...
2026-06-29 16:51:17.321 [info] Got 1 sessions for ...
2026-06-29 16:51:17.330 [info] Getting sessions for all scopes...
2026-06-29 16:51:17.330 [info] Got 1 sessions for ...
2026-06-29 16:51:23.205 [info] Getting sessions for all scopes...
2026-06-29 16:51:23.205 [info] Got 1 sessions for ...
2026-06-29 16:51:23.208 [info] Getting sessions for all scopes...
2026-06-29 16:51:23.208 [info] Got 1 sessions for ...
2026-06-29 16:51:25.039 [info] Getting sessions for all scopes...
2026-06-29 16:51:25.040 [info] Got 1 sessions for ...
2026-06-29 16:51:25.044 [info] Getting sessions for all scopes...
2026-06-29 16:51:25.044 [info] Got 1 sessions for ...
2026-06-29 16:51:26.925 [info] Getting sessions for all scopes...
2026-06-29 16:51:26.925 [info] Got 1 sessions for ...
2026-06-29 16:51:26.925 [info] Getting sessions for all scopes...
2026-06-29 16:51:26.925 [info] Got 1 sessions for ...
2026-06-29 16:51:37.050 [info] Getting sessions for all scopes...
2026-06-29 16:51:37.050 [info] Got 1 sessions for ...
2026-06-29 16:51:37.058 [info] Getting sessions for all scopes...
2026-06-29 16:51:37.058 [info] Got 1 sessions for ...
2026-06-29 16:51:37.516 [info] Getting sessions for all scopes...
2026-06-29 16:51:37.516 [info] Got 1 sessions for ...
2026-06-29 16:51:37.517 [info] Getting sessions for all scopes...
2026-06-29 16:51:37.517 [info] Got 1 sessions for ...
2026-06-29 16:51:53.344 [info] Getting sessions for all scopes...
2026-06-29 16:51:53.344 [info] Got 1 sessions for ...
2026-06-29 16:51:53.344 [info] Getting sessions for all scopes...
2026-06-29 16:51:53.344 [info] Got 1 sessions for ...
2026-06-29 16:53:08.350 [info] Getting sessions for all scopes...
2026-06-29 16:53:08.350 [info] Got 1 sessions for ...
2026-06-29 16:53:08.351 [info] Getting sessions for all scopes...
2026-06-29 16:53:08.351 [info] Got 1 sessions for ...
2026-06-29 16:53:12.970 [info] Getting sessions for all scopes...
2026-06-29 16:53:12.970 [info] Got 1 sessions for ...
2026-06-29 16:53:12.971 [info] Getting sessions for all scopes...
2026-06-29 16:53:12.971 [info] Got 1 sessions for ...
2026-06-29 16:53:15.427 [info] Getting sessions for all scopes...
2026-06-29 16:53:15.427 [info] Got 1 sessions for ...
2026-06-29 16:53:15.427 [info] Getting sessions for all scopes...
2026-06-29 16:53:15.427 [info] Got 1 sessions for ...
2026-06-29 16:53:36.683 [info] Getting sessions for all scopes...
2026-06-29 16:53:36.683 [info] Got 1 sessions for ...
2026-06-29 16:53:36.689 [info] Getting sessions for all scopes...
2026-06-29 16:53:36.689 [info] Got 1 sessions for ...
2026-06-29 16:53:40.648 [info] Getting sessions for all scopes...
2026-06-29 16:53:40.648 [info] Got 1 sessions for ...
2026-06-29 16:53:40.649 [info] Getting sessions for all scopes...
2026-06-29 16:53:40.649 [info] Got 1 sessions for ...
2026-06-29 16:54:52.412 [info] Getting sessions for all scopes...
2026-06-29 16:54:52.412 [info] Got 1 sessions for ...
2026-06-29 16:54:52.420 [info] Getting sessions for all scopes...
2026-06-29 16:54:52.420 [info] Got 1 sessions for ...
2026-06-29 16:55:14.366 [info] Getting sessions for all scopes...
2026-06-29 16:55:14.366 [info] Got 1 sessions for ...
2026-06-29 16:55:14.366 [info] Getting sessions for all scopes...
2026-06-29 16:55:14.366 [info] Got 1 sessions for ...
2026-06-29 16:55:33.955 [info] Getting sessions for all scopes...
2026-06-29 16:55:33.955 [info] Got 1 sessions for ...
2026-06-29 16:55:33.956 [info] Getting sessions for all scopes...
2026-06-29 16:55:33.956 [info] Got 1 sessions for ...
2026-06-29 16:55:43.849 [info] Getting sessions for all scopes...
2026-06-29 16:55:43.849 [info] Got 1 sessions for ...
2026-06-29 16:55:43.850 [info] Getting sessions for all scopes...
2026-06-29 16:55:43.850 [info] Got 1 sessions for ...
2026-06-29 16:55:58.100 [info] Getting sessions for all scopes...
2026-06-29 16:55:58.100 [info] Got 1 sessions for ...
2026-06-29 16:55:58.100 [info] Getting sessions for all scopes...
2026-06-29 16:55:58.100 [info] Got 1 sessions for ...
2026-06-29 16:56:47.011 [info] Getting sessions for all scopes...
2026-06-29 16:56:47.011 [info] Got 1 sessions for ...
2026-06-29 16:56:47.012 [info] Getting sessions for all scopes...
2026-06-29 16:56:47.012 [info] Got 1 sessions for ...
2026-06-29 16:57:02.742 [info] Getting sessions for all scopes...
2026-06-29 16:57:02.742 [info] Got 1 sessions for ...
2026-06-29 16:57:02.765 [info] Getting sessions for all scopes...
2026-06-29 16:57:02.765 [info] Got 1 sessions for ...
2026-06-29 16:57:22.519 [info] Getting sessions for all scopes...
2026-06-29 16:57:22.519 [info] Got 1 sessions for ...
2026-06-29 16:57:22.560 [info] Getting sessions for all scopes...
2026-06-29 16:57:22.560 [info] Got 1 sessions for ...
2026-06-29 16:57:28.128 [info] Getting sessions for all scopes...
2026-06-29 16:57:28.128 [info] Got 1 sessions for ...
2026-06-29 16:57:28.128 [info] Getting sessions for all scopes...
2026-06-29 16:57:28.128 [info] Got 1 sessions for ...
2026-06-29 16:57:50.232 [info] Getting sessions for all scopes...
2026-06-29 16:57:50.232 [info] Got 1 sessions for ...
2026-06-29 16:57:50.234 [info] Getting sessions for all scopes...
2026-06-29 16:57:50.234 [info] Got 1 sessions for ...
2026-06-29 16:58:07.613 [info] Getting sessions for all scopes...
2026-06-29 16:58:07.613 [info] Got 1 sessions for ...
2026-06-29 16:58:07.625 [info] Getting sessions for all scopes...
2026-06-29 16:58:07.625 [info] Got 1 sessions for ...
2026-06-29 16:59:12.903 [info] Getting sessions for all scopes...
2026-06-29 16:59:12.903 [info] Got 1 sessions for ...
2026-06-29 16:59:12.905 [info] Getting sessions for all scopes...
2026-06-29 16:59:12.905 [info] Got 1 sessions for ...
2026-06-29 16:59:20.952 [info] Getting sessions for all scopes...
2026-06-29 16:59:20.952 [info] Got 1 sessions for ...
2026-06-29 16:59:20.952 [info] Getting sessions for all scopes...
2026-06-29 16:59:20.952 [info] Got 1 sessions for ...
2026-06-29 16:59:37.117 [info] Getting sessions for all scopes...
2026-06-29 16:59:37.117 [info] Got 1 sessions for ...
2026-06-29 16:59:37.168 [info] Getting sessions for all scopes...
2026-06-29 16:59:37.168 [info] Got 1 sessions for ...
2026-06-29 17:00:08.097 [info] Getting sessions for all scopes...
2026-06-29 17:00:08.097 [info] Got 1 sessions for ...
2026-06-29 17:00:08.098 [info] Getting sessions for all scopes...
2026-06-29 17:00:08.098 [info] Got 1 sessions for ...
2026-06-29 17:00:10.533 [info] Getting sessions for all scopes...
2026-06-29 17:00:10.533 [info] Got 1 sessions for ...
2026-06-29 17:00:10.534 [info] Getting sessions for all scopes...
2026-06-29 17:00:10.534 [info] Got 1 sessions for ...
2026-06-29 17:01:15.775 [info] Getting sessions for all scopes...
2026-06-29 17:01:15.775 [info] Got 1 sessions for ...
2026-06-29 17:01:15.776 [info] Getting sessions for all scopes...
2026-06-29 17:01:15.776 [info] Got 1 sessions for ...
2026-06-29 17:03:54.078 [info] Getting sessions for all scopes...
2026-06-29 17:03:54.078 [info] Got 1 sessions for ...
2026-06-29 17:03:54.086 [info] Getting sessions for all scopes...
2026-06-29 17:03:54.086 [info] Got 1 sessions for ...
2026-06-29 17:05:10.652 [info] Getting sessions for all scopes...
2026-06-29 17:05:10.652 [info] Got 1 sessions for ...
2026-06-29 17:05:10.682 [info] Getting sessions for all scopes...
2026-06-29 17:05:10.682 [info] Got 1 sessions for ...
2026-06-29 17:06:34.618 [info] Getting sessions for all scopes...
2026-06-29 17:06:34.618 [info] Got 1 sessions for ...
2026-06-29 17:06:34.624 [info] Getting sessions for all scopes...
2026-06-29 17:06:34.624 [info] Got 1 sessions for ...
2026-06-29 17:07:00.330 [info] Getting sessions for all scopes...
2026-06-29 17:07:00.330 [info] Got 1 sessions for ...
2026-06-29 17:07:00.330 [info] Getting sessions for all scopes...
2026-06-29 17:07:00.330 [info] Got 1 sessions for ...
2026-06-29 17:07:16.895 [info] Getting sessions for all scopes...
2026-06-29 17:07:16.895 [info] Got 1 sessions for ...
2026-06-29 17:07:16.901 [info] Getting sessions for all scopes...
2026-06-29 17:07:16.901 [info] Got 1 sessions for ...
2026-06-29 17:10:31.302 [info] Getting sessions for all scopes...
2026-06-29 17:10:31.302 [info] Got 1 sessions for ...
2026-06-29 17:10:31.307 [info] Getting sessions for all scopes...
2026-06-29 17:10:31.307 [info] Got 1 sessions for ...
2026-06-29 17:10:34.060 [info] Getting sessions for all scopes...
2026-06-29 17:10:34.060 [info] Got 1 sessions for ...
2026-06-29 17:10:34.061 [info] Getting sessions for all scopes...
2026-06-29 17:10:34.061 [info] Got 1 sessions for ...
2026-06-29 17:10:38.079 [info] Getting sessions for all scopes...
2026-06-29 17:10:38.079 [info] Got 1 sessions for ...
2026-06-29 17:10:38.080 [info] Getting sessions for all scopes...
2026-06-29 17:10:38.080 [info] Got 1 sessions for ...
2026-06-29 17:10:48.373 [info] Getting sessions for all scopes...
2026-06-29 17:10:48.373 [info] Got 1 sessions for ...
2026-06-29 17:10:48.374 [info] Getting sessions for all scopes...
2026-06-29 17:10:48.374 [info] Got 1 sessions for ...
2026-06-29 17:11:14.786 [info] Getting sessions for all scopes...
2026-06-29 17:11:14.786 [info] Got 1 sessions for ...
2026-06-29 17:11:14.786 [info] Getting sessions for all scopes...
2026-06-29 17:11:14.786 [info] Got 1 sessions for ...
2026-06-29 17:11:30.028 [info] Getting sessions for all scopes...
2026-06-29 17:11:30.028 [info] Got 1 sessions for ...
2026-06-29 17:11:30.029 [info] Getting sessions for all scopes...
2026-06-29 17:11:30.029 [info] Got 1 sessions for ...
2026-06-29 17:11:33.261 [info] Getting sessions for all scopes...
2026-06-29 17:11:33.261 [info] Got 1 sessions for ...
2026-06-29 17:11:33.274 [info] Getting sessions for all scopes...
2026-06-29 17:11:33.274 [info] Got 1 sessions for ...
2026-06-29 17:11:35.227 [info] Getting sessions for all scopes...
2026-06-29 17:11:35.227 [info] Got 1 sessions for ...
2026-06-29 17:11:35.227 [info] Getting sessions for all scopes...
2026-06-29 17:11:35.227 [info] Got 1 sessions for ...
2026-06-29 17:12:08.055 [info] Getting sessions for all scopes...
2026-06-29 17:12:08.055 [info] Got 1 sessions for ...
2026-06-29 17:12:08.056 [info] Getting sessions for all scopes...
2026-06-29 17:12:08.056 [info] Got 1 sessions for ...
2026-06-29 17:12:09.960 [info] Getting sessions for all scopes...
2026-06-29 17:12:09.960 [info] Got 1 sessions for ...
2026-06-29 17:12:09.960 [info] Getting sessions for all scopes...
2026-06-29 17:12:09.960 [info] Got 1 sessions for ...
2026-06-29 17:12:14.152 [info] Getting sessions for all scopes...
2026-06-29 17:12:14.153 [info] Got 1 sessions for ...
2026-06-29 17:12:14.153 [info] Getting sessions for all scopes...
2026-06-29 17:12:14.153 [info] Got 1 sessions for ...
2026-06-29 17:12:22.662 [info] Getting sessions for all scopes...
2026-06-29 17:12:22.662 [info] Got 1 sessions for ...
2026-06-29 17:12:22.663 [info] Getting sessions for all scopes...
2026-06-29 17:12:22.663 [info] Got 1 sessions for ...
2026-06-29 17:12:24.962 [info] Getting sessions for all scopes...
2026-06-29 17:12:24.962 [info] Got 1 sessions for ...
2026-06-29 17:12:24.963 [info] Getting sessions for all scopes...
2026-06-29 17:12:24.963 [info] Got 1 sessions for ...
2026-06-29 17:12:27.798 [info] Getting sessions for all scopes...
2026-06-29 17:12:27.798 [info] Got 1 sessions for ...
2026-06-29 17:12:27.801 [info] Getting sessions for all scopes...
2026-06-29 17:12:27.801 [info] Got 1 sessions for ...
2026-06-29 17:12:35.611 [info] Getting sessions for all scopes...
2026-06-29 17:12:35.612 [info] Got 1 sessions for ...
2026-06-29 17:12:35.631 [info] Getting sessions for all scopes...
2026-06-29 17:12:35.631 [info] Got 1 sessions for ...
2026-06-29 17:12:42.059 [info] Getting sessions for all scopes...
2026-06-29 17:12:42.059 [info] Got 1 sessions for ...
2026-06-29 17:12:42.059 [info] Getting sessions for all scopes...
2026-06-29 17:12:42.059 [info] Got 1 sessions for ...
2026-06-29 17:12:53.263 [info] Getting sessions for all scopes...
2026-06-29 17:12:53.263 [info] Got 1 sessions for ...
2026-06-29 17:12:53.264 [info] Getting sessions for all scopes...
2026-06-29 17:12:53.264 [info] Got 1 sessions for ...
2026-06-29 17:13:09.896 [info] Getting sessions for all scopes...
2026-06-29 17:13:09.896 [info] Got 1 sessions for ...
2026-06-29 17:13:09.897 [info] Getting sessions for all scopes...
2026-06-29 17:13:09.897 [info] Got 1 sessions for ...
2026-06-29 17:13:15.987 [info] Getting sessions for all scopes...
2026-06-29 17:13:15.987 [info] Got 1 sessions for ...
2026-06-29 17:13:15.987 [info] Getting sessions for all scopes...
2026-06-29 17:13:15.987 [info] Got 1 sessions for ...
2026-06-29 17:13:17.472 [info] Getting sessions for all scopes...
2026-06-29 17:13:17.472 [info] Got 1 sessions for ...
2026-06-29 17:13:17.473 [info] Getting sessions for all scopes...
2026-06-29 17:13:17.473 [info] Got 1 sessions for ...
2026-06-29 17:13:24.039 [info] Getting sessions for all scopes...
2026-06-29 17:13:24.039 [info] Got 1 sessions for ...
2026-06-29 17:13:24.039 [info] Getting sessions for all scopes...
2026-06-29 17:13:24.039 [info] Got 1 sessions for ...
2026-06-29 17:13:24.586 [info] Getting sessions for all scopes...
2026-06-29 17:13:24.586 [info] Got 1 sessions for ...
2026-06-29 17:13:24.586 [info] Getting sessions for all scopes...
2026-06-29 17:13:24.586 [info] Got 1 sessions for ...
2026-06-29 17:13:29.476 [info] Getting sessions for all scopes...
2026-06-29 17:13:29.476 [info] Got 1 sessions for ...
2026-06-29 17:13:29.476 [info] Getting sessions for all scopes...
2026-06-29 17:13:29.476 [info] Got 1 sessions for ...
2026-06-29 17:15:38.560 [info] Getting sessions for all scopes...
2026-06-29 17:15:38.561 [info] Got 1 sessions for ...
2026-06-29 17:15:38.567 [info] Getting sessions for all scopes...
2026-06-29 17:15:38.567 [info] Got 1 sessions for ...
2026-06-29 17:16:55.464 [info] Getting sessions for all scopes...
2026-06-29 17:16:55.464 [info] Got 1 sessions for ...
2026-06-29 17:16:55.464 [info] Getting sessions for all scopes...
2026-06-29 17:16:55.464 [info] Got 1 sessions for ...
2026-06-29 17:17:02.887 [info] Getting sessions for all scopes...
2026-06-29 17:17:02.887 [info] Got 1 sessions for ...
2026-06-29 17:17:02.887 [info] Getting sessions for all scopes...
2026-06-29 17:17:02.887 [info] Got 1 sessions for ...
2026-06-29 17:17:03.116 [info] Getting sessions for all scopes...
2026-06-29 17:17:03.116 [info] Got 1 sessions for ...
2026-06-29 17:17:03.125 [info] Getting sessions for all scopes...
2026-06-29 17:17:03.125 [info] Got 1 sessions for ...
2026-06-29 17:17:03.289 [info] Getting sessions for all scopes...
2026-06-29 17:17:03.289 [info] Got 1 sessions for ...
2026-06-29 17:17:03.331 [info] Getting sessions for all scopes...
2026-06-29 17:17:03.331 [info] Got 1 sessions for ...
2026-06-29 17:17:03.566 [info] Getting sessions for all scopes...
2026-06-29 17:17:03.566 [info] Got 1 sessions for ...
2026-06-29 17:17:03.571 [info] Getting sessions for all scopes...
2026-06-29 17:17:03.571 [info] Got 1 sessions for ...
2026-06-29 17:17:05.755 [info] Getting sessions for all scopes...
2026-06-29 17:17:05.755 [info] Got 1 sessions for ...
2026-06-29 17:17:05.756 [info] Getting sessions for all scopes...
2026-06-29 17:17:05.756 [info] Got 1 sessions for ...
2026-06-29 17:17:06.742 [info] Getting sessions for all scopes...
2026-06-29 17:17:06.742 [info] Got 1 sessions for ...
2026-06-29 17:17:06.742 [info] Getting sessions for all scopes...
2026-06-29 17:17:06.742 [info] Got 1 sessions for ...
2026-06-29 17:17:07.865 [info] Getting sessions for all scopes...
2026-06-29 17:17:07.865 [info] Got 1 sessions for ...
2026-06-29 17:17:07.865 [info] Getting sessions for all scopes...
2026-06-29 17:17:07.865 [info] Got 1 sessions for ...
2026-06-29 17:17:33.509 [info] Getting sessions for all scopes...
2026-06-29 17:17:33.509 [info] Got 1 sessions for ...
2026-06-29 17:17:33.509 [info] Getting sessions for all scopes...
2026-06-29 17:17:33.509 [info] Got 1 sessions for ...
2026-06-29 17:17:39.376 [info] Getting sessions for all scopes...
2026-06-29 17:17:39.376 [info] Got 1 sessions for ...
2026-06-29 17:17:39.386 [info] Getting sessions for all scopes...
2026-06-29 17:17:39.386 [info] Got 1 sessions for ...
2026-06-29 17:18:56.292 [info] Getting sessions for all scopes...
2026-06-29 17:18:56.292 [info] Got 1 sessions for ...
2026-06-29 17:18:56.295 [info] Getting sessions for all scopes...
2026-06-29 17:18:56.296 [info] Got 1 sessions for ...
2026-06-29 17:19:05.629 [info] Getting sessions for all scopes...
2026-06-29 17:19:05.629 [info] Got 1 sessions for ...
2026-06-29 17:19:05.630 [info] Getting sessions for all scopes...
2026-06-29 17:19:05.630 [info] Got 1 sessions for ...
2026-06-29 17:20:38.064 [info] Getting sessions for all scopes...
2026-06-29 17:20:38.064 [info] Got 1 sessions for ...
2026-06-29 17:20:38.066 [info] Getting sessions for all scopes...
2026-06-29 17:20:38.066 [info] Got 1 sessions for ...
2026-06-29 17:20:52.149 [info] Getting sessions for all scopes...
2026-06-29 17:20:52.149 [info] Got 1 sessions for ...
2026-06-29 17:20:52.150 [info] Getting sessions for all scopes...
2026-06-29 17:20:52.150 [info] Got 1 sessions for ...
2026-06-29 17:21:10.064 [info] Getting sessions for all scopes...
2026-06-29 17:21:10.064 [info] Got 1 sessions for ...
2026-06-29 17:21:10.069 [info] Getting sessions for all scopes...
2026-06-29 17:21:10.070 [info] Got 1 sessions for ...
2026-06-29 17:21:12.830 [info] Getting sessions for all scopes...
2026-06-29 17:21:12.830 [info] Got 1 sessions for ...
2026-06-29 17:21:12.830 [info] Getting sessions for all scopes...
2026-06-29 17:21:12.830 [info] Got 1 sessions for ...
2026-06-29 17:21:30.713 [info] Getting sessions for all scopes...
2026-06-29 17:21:30.713 [info] Got 1 sessions for ...
2026-06-29 17:21:30.713 [info] Getting sessions for all scopes...
2026-06-29 17:21:30.713 [info] Got 1 sessions for ...
2026-06-29 17:21:41.846 [info] Getting sessions for all scopes...
2026-06-29 17:21:41.846 [info] Got 1 sessions for ...
2026-06-29 17:21:41.847 [info] Getting sessions for all scopes...
2026-06-29 17:21:41.847 [info] Got 1 sessions for ...
2026-06-29 17:21:44.052 [info] Getting sessions for all scopes...
2026-06-29 17:21:44.052 [info] Got 1 sessions for ...
2026-06-29 17:21:44.053 [info] Getting sessions for all scopes...
2026-06-29 17:21:44.053 [info] Got 1 sessions for ...
2026-06-29 17:21:59.472 [info] Getting sessions for all scopes...
2026-06-29 17:21:59.473 [info] Got 1 sessions for ...
2026-06-29 17:21:59.483 [info] Getting sessions for all scopes...
2026-06-29 17:21:59.483 [info] Got 1 sessions for ...
2026-06-29 17:22:04.090 [info] Getting sessions for all scopes...
2026-06-29 17:22:04.090 [info] Got 1 sessions for ...
2026-06-29 17:22:04.093 [info] Getting sessions for all scopes...
2026-06-29 17:22:04.093 [info] Got 1 sessions for ...
2026-06-29 17:22:07.430 [info] Getting sessions for all scopes...
2026-06-29 17:22:07.431 [info] Got 1 sessions for ...
2026-06-29 17:22:07.431 [info] Getting sessions for all scopes...
2026-06-29 17:22:07.431 [info] Got 1 sessions for ...
2026-06-29 17:22:27.680 [info] Getting sessions for all scopes...
2026-06-29 17:22:27.680 [info] Got 1 sessions for ...
2026-06-29 17:22:27.681 [info] Getting sessions for all scopes...
2026-06-29 17:22:27.681 [info] Got 1 sessions for ...
2026-06-29 17:22:30.558 [info] Getting sessions for all scopes...
2026-06-29 17:22:30.558 [info] Got 1 sessions for ...
2026-06-29 17:22:30.559 [info] Getting sessions for all scopes...
2026-06-29 17:22:30.559 [info] Got 1 sessions for ...
2026-06-29 17:22:48.272 [info] Getting sessions for all scopes...
2026-06-29 17:22:48.272 [info] Got 1 sessions for ...
2026-06-29 17:22:48.284 [info] Getting sessions for all scopes...
2026-06-29 17:22:48.284 [info] Got 1 sessions for ...
2026-06-29 17:25:03.667 [info] Getting sessions for all scopes...
2026-06-29 17:25:03.667 [info] Got 1 sessions for ...
2026-06-29 17:25:03.668 [info] Getting sessions for all scopes...
2026-06-29 17:25:03.668 [info] Got 1 sessions for ...
2026-06-29 17:25:12.774 [info] Getting sessions for all scopes...
2026-06-29 17:25:12.774 [info] Got 1 sessions for ...
2026-06-29 17:25:12.774 [info] Getting sessions for all scopes...
2026-06-29 17:25:12.774 [info] Got 1 sessions for ...
2026-06-29 17:25:37.369 [info] Getting sessions for all scopes...
2026-06-29 17:25:37.369 [info] Got 1 sessions for ...
2026-06-29 17:25:37.417 [info] Getting sessions for all scopes...
2026-06-29 17:25:37.417 [info] Got 1 sessions for ...
2026-06-29 17:26:32.127 [info] Getting sessions for all scopes...
2026-06-29 17:26:32.127 [info] Got 1 sessions for ...
2026-06-29 17:26:32.160 [info] Getting sessions for all scopes...
2026-06-29 17:26:32.160 [info] Got 1 sessions for ...
2026-06-29 17:26:47.139 [info] Getting sessions for all scopes...
2026-06-29 17:26:47.139 [info] Got 1 sessions for ...
2026-06-29 17:26:47.156 [info] Getting sessions for all scopes...
2026-06-29 17:26:47.156 [info] Got 1 sessions for ...
2026-06-29 17:26:49.083 [info] Getting sessions for all scopes...
2026-06-29 17:26:49.083 [info] Got 1 sessions for ...
2026-06-29 17:26:49.083 [info] Getting sessions for all scopes...
2026-06-29 17:26:49.083 [info] Got 1 sessions for ...
2026-06-29 17:26:56.504 [info] Getting sessions for all scopes...
2026-06-29 17:26:56.504 [info] Got 1 sessions for ...
2026-06-29 17:26:56.510 [info] Getting sessions for all scopes...
2026-06-29 17:26:56.510 [info] Got 1 sessions for ...
2026-06-29 17:27:05.779 [info] Getting sessions for all scopes...
2026-06-29 17:27:05.779 [info] Got 1 sessions for ...
2026-06-29 17:27:05.779 [info] Getting sessions for all scopes...
2026-06-29 17:27:05.779 [info] Got 1 sessions for ...
2026-06-29 17:27:07.683 [info] Getting sessions for all scopes...
2026-06-29 17:27:07.683 [info] Got 1 sessions for ...
2026-06-29 17:27:07.683 [info] Getting sessions for all scopes...
2026-06-29 17:27:07.683 [info] Got 1 sessions for ...
2026-06-29 17:27:12.005 [info] Getting sessions for all scopes...
2026-06-29 17:27:12.005 [info] Got 1 sessions for ...
2026-06-29 17:27:12.005 [info] Getting sessions for all scopes...
2026-06-29 17:27:12.005 [info] Got 1 sessions for ...
2026-06-29 17:27:13.939 [info] Getting sessions for all scopes...
2026-06-29 17:27:13.939 [info] Got 1 sessions for ...
2026-06-29 17:27:13.940 [info] Getting sessions for all scopes...
2026-06-29 17:27:13.940 [info] Got 1 sessions for ...
2026-06-29 17:29:08.794 [info] Getting sessions for all scopes...
2026-06-29 17:29:08.794 [info] Got 1 sessions for ...
2026-06-29 17:29:08.813 [info] Getting sessions for all scopes...
2026-06-29 17:29:08.813 [info] Got 1 sessions for ...
2026-06-29 17:29:16.832 [info] Getting sessions for all scopes...
2026-06-29 17:29:16.832 [info] Got 1 sessions for ...
2026-06-29 17:29:16.832 [info] Getting sessions for all scopes...
2026-06-29 17:29:16.832 [info] Got 1 sessions for ...
2026-06-29 17:29:18.226 [info] Getting sessions for all scopes...
2026-06-29 17:29:18.226 [info] Got 1 sessions for ...
2026-06-29 17:29:18.226 [info] Getting sessions for all scopes...
2026-06-29 17:29:18.226 [info] Got 1 sessions for ...
2026-06-29 17:29:20.227 [info] Getting sessions for all scopes...
2026-06-29 17:29:20.227 [info] Got 1 sessions for ...
2026-06-29 17:29:20.227 [info] Getting sessions for all scopes...
2026-06-29 17:29:20.227 [info] Got 1 sessions for ...
2026-06-29 17:29:21.986 [info] Getting sessions for all scopes...
2026-06-29 17:29:21.986 [info] Got 1 sessions for ...
2026-06-29 17:29:21.986 [info] Getting sessions for all scopes...
2026-06-29 17:29:21.987 [info] Got 1 sessions for ...
2026-06-29 17:29:25.225 [info] Getting sessions for all scopes...
2026-06-29 17:29:25.225 [info] Got 1 sessions for ...
2026-06-29 17:29:25.226 [info] Getting sessions for all scopes...
2026-06-29 17:29:25.226 [info] Got 1 sessions for ...
2026-06-29 17:37:48.789 [info] Getting sessions for all scopes...
2026-06-29 17:37:48.789 [info] Got 1 sessions for ...
2026-06-29 17:37:48.789 [info] Getting sessions for all scopes...
2026-06-29 17:37:48.789 [info] Got 1 sessions for ...
2026-06-29 17:37:55.640 [info] Getting sessions for all scopes...
2026-06-29 17:37:55.640 [info] Got 1 sessions for ...
2026-06-29 17:37:55.640 [info] Getting sessions for all scopes...
2026-06-29 17:37:55.640 [info] Got 1 sessions for ...
2026-06-29 17:38:11.185 [info] Getting sessions for all scopes...
2026-06-29 17:38:11.186 [info] Got 1 sessions for ...
2026-06-29 17:38:11.187 [info] Getting sessions for all scopes...
2026-06-29 17:38:11.188 [info] Got 1 sessions for ...
2026-06-29 17:41:10.017 [info] Getting sessions for all scopes...
2026-06-29 17:41:10.017 [info] Got 1 sessions for ...
2026-06-29 17:41:10.018 [info] Getting sessions for all scopes...
2026-06-29 17:41:10.018 [info] Got 1 sessions for ...
2026-06-29 17:41:26.099 [info] Getting sessions for all scopes...
2026-06-29 17:41:26.099 [info] Got 1 sessions for ...
2026-06-29 17:41:26.100 [info] Getting sessions for all scopes...
2026-06-29 17:41:26.100 [info] Got 1 sessions for ...
2026-06-29 17:41:42.703 [info] Getting sessions for all scopes...
2026-06-29 17:41:42.703 [info] Got 1 sessions for ...
2026-06-29 17:41:42.703 [info] Getting sessions for all scopes...
2026-06-29 17:41:42.703 [info] Got 1 sessions for ...
2026-06-29 17:41:49.259 [info] Getting sessions for all scopes...
2026-06-29 17:41:49.259 [info] Got 1 sessions for ...
2026-06-29 17:41:49.260 [info] Getting sessions for all scopes...
2026-06-29 17:41:49.260 [info] Got 1 sessions for ...
2026-06-29 17:41:49.580 [info] Getting sessions for all scopes...
2026-06-29 17:41:49.581 [info] Got 1 sessions for ...
2026-06-29 17:41:49.593 [info] Getting sessions for all scopes...
2026-06-29 17:41:49.593 [info] Got 1 sessions for ...
2026-06-29 17:41:50.082 [info] Getting sessions for all scopes...
2026-06-29 17:41:50.082 [info] Got 1 sessions for ...
2026-06-29 17:41:50.085 [info] Getting sessions for all scopes...
2026-06-29 17:41:50.085 [info] Got 1 sessions for ...
2026-06-29 17:41:50.571 [info] Getting sessions for all scopes...
2026-06-29 17:41:50.571 [info] Got 1 sessions for ...
2026-06-29 17:41:50.572 [info] Getting sessions for all scopes...
2026-06-29 17:41:50.572 [info] Got 1 sessions for ...
2026-06-29 17:41:51.010 [info] Getting sessions for all scopes...
2026-06-29 17:41:51.010 [info] Got 1 sessions for ...
2026-06-29 17:41:51.010 [info] Getting sessions for all scopes...
2026-06-29 17:41:51.010 [info] Got 1 sessions for ...
