qt.languageserver.server: Did Setup
Using the build directories found in the .qmlls.ini file. Your build folder might not be found if no .qmlls.ini files are present in the root source folder.
Argument "/usr/lib/x86_64-linux-gnu/qt6/qml" passed to -I does not exist.
Using import directories passed by -I: "/usr/lib/qt6/qml", "/usr/lib/x86_64-linux-gnu/qt6/qml".
Using 1 job for CMake, you can increase that value with the QMLLS_CMAKE_JOBS environment variable or the --cmake-jobs option.
qt.languageserver.server: Ignoring cancellation of non in progress request QJsonValue(double, 3)
qt.languageserver.server: Ignoring cancellation of non in progress request QJsonValue(double, 4)
qt.languageserver.server: Ignoring cancellation of non in progress request QJsonValue(double, 5)
qt.languageserver.server: Ignoring cancellation of non in progress request QJsonValue(double, 6)
qt.languageserver.server: Ignoring cancellation of non in progress request QJsonValue(double, 7)
qt.languageserver.server: Ignoring cancellation of non in progress request QJsonValue(double, 8)
qt.qmldom: Parsed invalid file /home/taianlux/.config/quickshell/components/network/popup/WifiPage.qml/home/taianlux/.config/quickshell/components/network/popup/WifiPage.qml:[Dom][QmlFile][Parsing] Error: Expected token `numeric literal' for .currentItem

qt.languageserver.server: avoid update of validDoc to  2 of document "file:///home/taianlux/.config/quickshell/components/network/popup/WifiPage.qml" as it is invalid
qt.qmldom: Parsed invalid file /home/taianlux/.config/quickshell/components/network/popup/WifiPage.qml/home/taianlux/.config/quickshell/components/network/popup/WifiPage.qml:397:2: [Dom][QmlFile][Parsing] Error: Unexpected token `identifier' for .currentItem

qt.languageserver.server: Version 4 of document "file:///home/taianlux/.config/quickshell/components/network/popup/WifiPage.qml" is not the latest anymore
qt.qmldom: Parsed invalid file /home/taianlux/.config/quickshell/components/network/popup/WifiPage.qml/home/taianlux/.config/quickshell/components/network/popup/WifiPage.qml:397:2: [Dom][QmlFile][Parsing] Error: Unexpected token `identifier' for .currentItem

qt.languageserver.server: avoid update of validDoc to  5 of document "file:///home/taianlux/.config/quickshell/components/network/popup/WifiPage.qml" as it is invalid
qt.languageserver.completions: No valid document for completions for  "file:///home/taianlux/.config/quickshell/components/network/popup/WifiPage.qml"
qt.qmldom: Parsed invalid file /home/taianlux/.config/quickshell/components/network/popup/WifiPage.qml/home/taianlux/.config/quickshell/components/network/popup/WifiPage.qml:397:2: [Dom][QmlFile][Parsing] Error: Unexpected token `identifier' for .currentItem

qt.languageserver.server: avoid update of validDoc to  6 of document "file:///home/taianlux/.config/quickshell/components/network/popup/WifiPage.qml" as it is invalid
qt.languageserver.completions: No valid document for completions for  "file:///home/taianlux/.config/quickshell/components/network/popup/WifiPage.qml"
qt.qmldom: Parsed invalid file /home/taianlux/.config/quickshell/components/network/popup/WifiPage.qml/home/taianlux/.config/quickshell/components/network/popup/WifiPage.qml:397:2: [Dom][QmlFile][Parsing] Error: Unexpected token `identifier' for .currentItem

qt.languageserver.server: avoid update of validDoc to  7 of document "file:///home/taianlux/.config/quickshell/components/network/popup/WifiPage.qml" as it is invalid
qt.qmldom: Parsed invalid file /home/taianlux/.config/quickshell/components/network/popup/WifiPage.qml/home/taianlux/.config/quickshell/components/network/popup/WifiPage.qml:397:2: [Dom][QmlFile][Parsing] Error: Unexpected token `identifier' for .currentItem

qt.languageserver.server: avoid update of validDoc to  8 of document "file:///home/taianlux/.config/quickshell/components/network/popup/WifiPage.qml" as it is invalid
qt.languageserver.server: Ignoring cancellation of non in progress request QJsonValue(double, 80)
qt.languageserver.server: Ignoring cancellation of non in progress request QJsonValue(double, 81)
qt.qmldom: Parsed invalid file /home/taianlux/.config/quickshell/components/network/popup/WifiPage.qml/home/taianlux/.config/quickshell/components/network/popup/WifiPage.qml:397:2: [Dom][QmlFile][Parsing] Error: Unexpected token `identifier' for .currentItem

qt.languageserver.server: avoid update of validDoc to  10 of document "file:///home/taianlux/.config/quickshell/components/network/popup/WifiPage.qml" as it is invalid
qt.languageserver.server: Ignoring cancellation of non in progress request QJsonValue(double, 90)
qt.qmldom: Parsed invalid file /home/taianlux/.config/quickshell/components/network/popup/WifiPage.qml/home/taianlux/.config/quickshell/components/network/popup/WifiPage.qml:[Dom][QmlFile][Parsing] Error: Expected token `numeric literal' for .currentItem

qt.languageserver.server: avoid update of validDoc to  12 of document "file:///home/taianlux/.config/quickshell/components/network/popup/WifiPage.qml" as it is invalid
qt.languageserver.server: Ignoring cancellation of non in progress request QJsonValue(double, 94)
qt.qmldom: Parsed invalid file /home/taianlux/.config/quickshell/components/network/popup/WifiPage.qml/home/taianlux/.config/quickshell/components/network/popup/WifiPage.qml:[Dom][QmlFile][Parsing] Error: Expected token `numeric literal' for .currentItem

qt.languageserver.server: avoid update of validDoc to  14 of document "file:///home/taianlux/.config/quickshell/components/network/popup/WifiPage.qml" as it is invalid
qt.languageserver.server: Version 20 of document "file:///home/taianlux/.config/quickshell/components/network/popup/WifiPage.qml" is not the latest anymore
qt.languageserver.server: Version 31 of document "file:///home/taianlux/.config/quickshell/components/network/popup/WifiPage.qml" is not the latest anymore
qt.languageserver.server: Version 33 of document "file:///home/taianlux/.config/quickshell/components/network/popup/WifiPage.qml" is not the latest anymore
qt.languageserver.server: Version 45 of document "file:///home/taianlux/.config/quickshell/components/network/popup/WifiPage.qml" is not the latest anymore
qt.languageserver.server: Version 55 of document "file:///home/taianlux/.config/quickshell/components/network/popup/WifiPage.qml" is not the latest anymore
qt.languageserver.server: Version 57 of document "file:///home/taianlux/.config/quickshell/components/network/popup/WifiPage.qml" is not the latest anymore
qt.qmldom: Parsed invalid file /home/taianlux/.config/quickshell/components/network/popup/WifiPage.qml/home/taianlux/.config/quickshell/components/network/popup/WifiPage.qml:18:15: [Dom][QmlFile][Parsing] Error: Expected token `,' for .currentItem

qt.languageserver.server: Version 60 of document "file:///home/taianlux/.config/quickshell/components/network/popup/WifiPage.qml" is not the latest anymore
qt.qmldom: Parsed invalid file /home/taianlux/.config/quickshell/components/network/popup/WifiPage.qml/home/taianlux/.config/quickshell/components/network/popup/WifiPage.qml:[Dom][QmlFile][Parsing] Error: Expected token `numeric literal' for .currentItem

qt.languageserver.server: avoid update of validDoc to  63 of document "file:///home/taianlux/.config/quickshell/components/network/popup/WifiPage.qml" as it is invalid
qt.languageserver.utils: "Couldn't find the C++ file 'private/qqmllistmodel_p.h'."
qt.languageserver.utils: "Couldn't find the C++ file 'private/qqmllistmodel_p.h'."
qt.qmldom: Parsed invalid file /home/taianlux/.config/quickshell/components/network/popup/WifiPage.qml/home/taianlux/.config/quickshell/components/network/popup/WifiPage.qml:[Dom][QmlFile][Parsing] Error: Expected token `numeric literal' for .currentItem

qt.languageserver.server: avoid update of validDoc to  65 of document "file:///home/taianlux/.config/quickshell/components/network/popup/WifiPage.qml" as it is invalid
[Error - 8:12:03 a.m.] Request textDocument/definition failed.
  Message: Cannot proceed: current QML document is invalid! Fix all the errors in your QML code and try again.
  Code: 0 
qt.qmldom: Parsed invalid file /home/taianlux/.config/quickshell/components/network/popup/WifiPage.qml/home/taianlux/.config/quickshell/components/network/popup/WifiPage.qml:[Dom][QmlFile][Parsing] Error: Expected token `numeric literal' for .currentItem

qt.languageserver.server: avoid update of validDoc to  66 of document "file:///home/taianlux/.config/quickshell/components/network/popup/WifiPage.qml" as it is invalid
qt.languageserver.utils: "Couldn't find the C++ file 'private/qquicklistview_p.h'."
qt.languageserver.utils: "Couldn't find the C++ file 'private/qquicklistview_p.h'."
qt.languageserver.utils: "Couldn't find the C++ file 'private/qquickitemview_p.h'."
qt.languageserver.utils: "Couldn't find the C++ file 'private/qquickitemview_p.h'."
qt.languageserver.utils: "Couldn't find the C++ file 'private/qquickitemview_p.h'."
qt.languageserver.utils: "Couldn't find the C++ file 'qquickitem.h'."
qt.qmldom: Parsed invalid file /home/taianlux/.config/quickshell/components/network/popup/BluetoothPage.qml/home/taianlux/.config/quickshell/components/network/popup/BluetoothPage.qml:[Dom][QmlFile][Parsing] Error: Expected token `numeric literal' for .currentItem

qt.languageserver.server: avoid update of validDoc to  1 of document "file:///home/taianlux/.config/quickshell/components/network/popup/BluetoothPage.qml" as it is invalid
