2026-07-04 12:43:49.546 [info] [main] Log level: Info
2026-07-04 12:43:49.546 [info] [main] Validating found git in: "git"
2026-07-04 12:43:49.546 [info] [main] Using git "2.55.0" from "git"
2026-07-04 12:43:49.546 [info] [Model][doInitialScan] Initial repository scan started
2026-07-04 12:43:49.546 [info] > git rev-parse --show-toplevel [2ms]
2026-07-04 12:43:49.546 [info] fatal: not a git repository (or any parent up to mount point /)
Stopping at filesystem boundary (GIT_DISCOVERY_ACROSS_FILESYSTEM not set).
2026-07-04 12:43:49.546 [info] > git rev-parse --show-toplevel [1ms]
2026-07-04 12:43:49.546 [info] fatal: not a git repository (or any parent up to mount point /)
Stopping at filesystem boundary (GIT_DISCOVERY_ACROSS_FILESYSTEM not set).
2026-07-04 12:43:49.546 [info] > git rev-parse --show-toplevel [1ms]
2026-07-04 12:43:49.546 [info] fatal: not a git repository (or any parent up to mount point /)
Stopping at filesystem boundary (GIT_DISCOVERY_ACROSS_FILESYSTEM not set).
2026-07-04 12:43:49.546 [info] > git rev-parse --show-toplevel [2ms]
2026-07-04 12:43:49.546 [info] fatal: not a git repository (or any parent up to mount point /)
Stopping at filesystem boundary (GIT_DISCOVERY_ACROSS_FILESYSTEM not set).
2026-07-04 12:43:49.546 [info] > git rev-parse --show-toplevel [1ms]
2026-07-04 12:43:49.546 [info] fatal: not a git repository (or any parent up to mount point /)
Stopping at filesystem boundary (GIT_DISCOVERY_ACROSS_FILESYSTEM not set).
2026-07-04 12:43:49.546 [info] > git rev-parse --show-toplevel [1ms]
2026-07-04 12:43:49.546 [info] fatal: not a git repository (or any parent up to mount point /)
Stopping at filesystem boundary (GIT_DISCOVERY_ACROSS_FILESYSTEM not set).
2026-07-04 12:43:49.546 [info] > git rev-parse --show-toplevel [1ms]
2026-07-04 12:43:49.546 [info] fatal: not a git repository (or any parent up to mount point /)
Stopping at filesystem boundary (GIT_DISCOVERY_ACROSS_FILESYSTEM not set).
2026-07-04 12:43:49.546 [info] [Model][doInitialScan] Initial repository scan completed - repositories (0), closed repositories (0), parent repositories (0), unsafe repositories (0)
2026-07-04 12:43:49.546 [info] > git rev-parse --show-toplevel [93ms]
2026-07-04 12:43:49.546 [info] fatal: not a git repository (or any parent up to mount point /)
Stopping at filesystem boundary (GIT_DISCOVERY_ACROSS_FILESYSTEM not set).
2026-07-04 12:43:49.546 [info] > git rev-parse --show-toplevel [10ms]
2026-07-04 12:43:49.547 [info] fatal: not a git repository (or any parent up to mount point /)
Stopping at filesystem boundary (GIT_DISCOVERY_ACROSS_FILESYSTEM not set).
2026-07-04 12:43:49.578 [info] > git rev-parse --show-toplevel [3ms]
2026-07-04 12:43:49.578 [info] fatal: not a git repository (or any parent up to mount point /)
Stopping at filesystem boundary (GIT_DISCOVERY_ACROSS_FILESYSTEM not set).
2026-07-04 12:43:49.684 [info] > git rev-parse --show-toplevel [88ms]
2026-07-04 12:43:49.684 [info] fatal: not a git repository (or any parent up to mount point /)
Stopping at filesystem boundary (GIT_DISCOVERY_ACROSS_FILESYSTEM not set).
2026-07-04 12:43:49.805 [info] > git rev-parse --show-toplevel [52ms]
2026-07-04 12:43:49.805 [info] fatal: not a git repository (or any parent up to mount point /)
Stopping at filesystem boundary (GIT_DISCOVERY_ACROSS_FILESYSTEM not set).
2026-07-04 12:43:49.856 [info] > git rev-parse --show-toplevel [35ms]
2026-07-04 12:43:49.856 [info] fatal: not a git repository (or any parent up to mount point /)
Stopping at filesystem boundary (GIT_DISCOVERY_ACROSS_FILESYSTEM not set).
2026-07-04 12:43:49.865 [info] > git rev-parse --show-toplevel [1ms]
2026-07-04 12:43:49.865 [info] fatal: not a git repository (or any parent up to mount point /)
Stopping at filesystem boundary (GIT_DISCOVERY_ACROSS_FILESYSTEM not set).
2026-07-04 12:43:51.361 [info] > git rev-parse --show-toplevel [50ms]
2026-07-04 12:43:51.361 [info] fatal: not a git repository (or any parent up to mount point /)
Stopping at filesystem boundary (GIT_DISCOVERY_ACROSS_FILESYSTEM not set).
2026-07-04 12:43:51.904 [info] > git rev-parse --show-toplevel [6ms]
2026-07-04 12:43:51.904 [info] fatal: not a git repository (or any parent up to mount point /)
Stopping at filesystem boundary (GIT_DISCOVERY_ACROSS_FILESYSTEM not set).
2026-07-04 12:43:51.906 [info] > git rev-parse --show-toplevel [2ms]
2026-07-04 12:43:51.906 [info] fatal: not a git repository (or any parent up to mount point /)
Stopping at filesystem boundary (GIT_DISCOVERY_ACROSS_FILESYSTEM not set).
2026-07-04 12:45:16.970 [info] > git rev-parse --show-toplevel [2ms]
2026-07-04 12:45:16.970 [info] fatal: not a git repository (or any parent up to mount point /)
Stopping at filesystem boundary (GIT_DISCOVERY_ACROSS_FILESYSTEM not set).
2026-07-04 12:45:51.231 [info] > git rev-parse --show-toplevel [1ms]
2026-07-04 12:45:51.231 [info] fatal: not a git repository (or any parent up to mount point /)
Stopping at filesystem boundary (GIT_DISCOVERY_ACROSS_FILESYSTEM not set).
2026-07-04 13:04:09.458 [info] > git rev-parse --show-toplevel [1ms]
2026-07-04 13:04:09.458 [info] fatal: not a git repository (or any parent up to mount point /)
Stopping at filesystem boundary (GIT_DISCOVERY_ACROSS_FILESYSTEM not set).
2026-07-04 13:04:09.470 [info] > git rev-parse --show-toplevel [4ms]
2026-07-04 13:04:09.470 [info] fatal: not a git repository (or any parent up to mount point /)
Stopping at filesystem boundary (GIT_DISCOVERY_ACROSS_FILESYSTEM not set).
2026-07-04 13:05:04.284 [info] > git rev-parse --show-toplevel [4ms]
2026-07-04 13:05:04.284 [info] fatal: not a git repository (or any parent up to mount point /)
Stopping at filesystem boundary (GIT_DISCOVERY_ACROSS_FILESYSTEM not set).
2026-07-04 13:08:36.344 [info] > git rev-parse --show-toplevel [2ms]
2026-07-04 13:08:36.345 [info] fatal: not a git repository (or any parent up to mount point /)
Stopping at filesystem boundary (GIT_DISCOVERY_ACROSS_FILESYSTEM not set).
2026-07-04 13:08:36.354 [info] > git rev-parse --show-toplevel [1ms]
2026-07-04 13:08:36.354 [info] fatal: not a git repository (or any parent up to mount point /)
Stopping at filesystem boundary (GIT_DISCOVERY_ACROSS_FILESYSTEM not set).
2026-07-04 13:21:48.025 [info] > git rev-parse --show-toplevel [2ms]
2026-07-04 13:21:48.025 [info] fatal: not a git repository (or any parent up to mount point /)
Stopping at filesystem boundary (GIT_DISCOVERY_ACROSS_FILESYSTEM not set).
2026-07-04 13:21:48.129 [info] > git rev-parse --show-toplevel [2ms]
2026-07-04 13:21:48.129 [info] fatal: not a git repository (or any parent up to mount point /)
Stopping at filesystem boundary (GIT_DISCOVERY_ACROSS_FILESYSTEM not set).
2026-07-04 13:21:48.140 [info] > git rev-parse --show-toplevel [1ms]
2026-07-04 13:21:48.140 [info] fatal: not a git repository (or any parent up to mount point /)
Stopping at filesystem boundary (GIT_DISCOVERY_ACROSS_FILESYSTEM not set).
2026-07-04 13:21:52.200 [info] > git rev-parse --show-toplevel [1ms]
2026-07-04 13:21:52.200 [info] fatal: not a git repository (or any parent up to mount point /)
Stopping at filesystem boundary (GIT_DISCOVERY_ACROSS_FILESYSTEM not set).
2026-07-04 13:21:52.232 [info] > git rev-parse --show-toplevel [3ms]
2026-07-04 13:21:52.232 [info] fatal: not a git repository (or any parent up to mount point /)
Stopping at filesystem boundary (GIT_DISCOVERY_ACROSS_FILESYSTEM not set).
2026-07-04 13:21:52.242 [info] > git rev-parse --show-toplevel [1ms]
2026-07-04 13:21:52.242 [info] fatal: not a git repository (or any parent up to mount point /)
Stopping at filesystem boundary (GIT_DISCOVERY_ACROSS_FILESYSTEM not set).
2026-07-04 13:24:55.212 [info] > git rev-parse --show-toplevel [0ms]
2026-07-04 13:24:55.212 [info] fatal: not a git repository (or any parent up to mount point /)
Stopping at filesystem boundary (GIT_DISCOVERY_ACROSS_FILESYSTEM not set).
2026-07-04 13:24:55.289 [info] > git rev-parse --show-toplevel [2ms]
2026-07-04 13:24:55.289 [info] fatal: not a git repository (or any parent up to mount point /)
Stopping at filesystem boundary (GIT_DISCOVERY_ACROSS_FILESYSTEM not set).
2026-07-04 13:24:55.298 [info] > git rev-parse --show-toplevel [1ms]
2026-07-04 13:24:55.298 [info] fatal: not a git repository (or any parent up to mount point /)
Stopping at filesystem boundary (GIT_DISCOVERY_ACROSS_FILESYSTEM not set).
2026-07-04 13:26:27.349 [info] > git rev-parse --show-toplevel [24ms]
2026-07-04 13:26:27.349 [info] fatal: not a git repository (or any parent up to mount point /)
Stopping at filesystem boundary (GIT_DISCOVERY_ACROSS_FILESYSTEM not set).
2026-07-04 13:26:27.382 [info] > git rev-parse --show-toplevel [2ms]
2026-07-04 13:26:27.382 [info] fatal: not a git repository (or any parent up to mount point /)
Stopping at filesystem boundary (GIT_DISCOVERY_ACROSS_FILESYSTEM not set).
2026-07-04 13:26:27.394 [info] > git rev-parse --show-toplevel [2ms]
2026-07-04 13:26:27.394 [info] fatal: not a git repository (or any parent up to mount point /)
Stopping at filesystem boundary (GIT_DISCOVERY_ACROSS_FILESYSTEM not set).
2026-07-04 13:26:33.743 [info] > git rev-parse --show-toplevel [1ms]
2026-07-04 13:26:33.743 [info] fatal: not a git repository (or any parent up to mount point /)
Stopping at filesystem boundary (GIT_DISCOVERY_ACROSS_FILESYSTEM not set).
2026-07-04 13:26:33.831 [info] > git rev-parse --show-toplevel [1ms]
2026-07-04 13:26:33.831 [info] fatal: not a git repository (or any parent up to mount point /)
Stopping at filesystem boundary (GIT_DISCOVERY_ACROSS_FILESYSTEM not set).
2026-07-04 13:26:33.841 [info] > git rev-parse --show-toplevel [1ms]
2026-07-04 13:26:33.842 [info] fatal: not a git repository (or any parent up to mount point /)
Stopping at filesystem boundary (GIT_DISCOVERY_ACROSS_FILESYSTEM not set).
2026-07-04 13:26:59.677 [info] > git rev-parse --show-toplevel [1ms]
2026-07-04 13:26:59.677 [info] fatal: not a git repository (or any parent up to mount point /)
Stopping at filesystem boundary (GIT_DISCOVERY_ACROSS_FILESYSTEM not set).
2026-07-04 13:26:59.715 [info] > git rev-parse --show-toplevel [1ms]
2026-07-04 13:26:59.715 [info] fatal: not a git repository (or any parent up to mount point /)
Stopping at filesystem boundary (GIT_DISCOVERY_ACROSS_FILESYSTEM not set).
2026-07-04 13:26:59.725 [info] > git rev-parse --show-toplevel [1ms]
2026-07-04 13:26:59.725 [info] fatal: not a git repository (or any parent up to mount point /)
Stopping at filesystem boundary (GIT_DISCOVERY_ACROSS_FILESYSTEM not set).
2026-07-04 13:27:08.622 [info] > git rev-parse --show-toplevel [1ms]
2026-07-04 13:27:08.622 [info] fatal: not a git repository (or any parent up to mount point /)
Stopping at filesystem boundary (GIT_DISCOVERY_ACROSS_FILESYSTEM not set).
2026-07-04 13:27:08.646 [info] > git rev-parse --show-toplevel [1ms]
2026-07-04 13:27:08.646 [info] fatal: not a git repository (or any parent up to mount point /)
Stopping at filesystem boundary (GIT_DISCOVERY_ACROSS_FILESYSTEM not set).
2026-07-04 13:27:08.658 [info] > git rev-parse --show-toplevel [2ms]
2026-07-04 13:27:08.658 [info] fatal: not a git repository (or any parent up to mount point /)
Stopping at filesystem boundary (GIT_DISCOVERY_ACROSS_FILESYSTEM not set).
2026-07-04 13:27:15.889 [info] > git rev-parse --show-toplevel [4ms]
2026-07-04 13:27:15.889 [info] fatal: not a git repository (or any parent up to mount point /)
Stopping at filesystem boundary (GIT_DISCOVERY_ACROSS_FILESYSTEM not set).
2026-07-04 13:27:15.964 [info] > git rev-parse --show-toplevel [3ms]
2026-07-04 13:27:15.964 [info] fatal: not a git repository (or any parent up to mount point /)
Stopping at filesystem boundary (GIT_DISCOVERY_ACROSS_FILESYSTEM not set).
2026-07-04 13:27:15.976 [info] > git rev-parse --show-toplevel [1ms]
2026-07-04 13:27:15.976 [info] fatal: not a git repository (or any parent up to mount point /)
Stopping at filesystem boundary (GIT_DISCOVERY_ACROSS_FILESYSTEM not set).
2026-07-04 13:27:25.791 [info] > git rev-parse --show-toplevel [3ms]
2026-07-04 13:27:25.791 [info] fatal: not a git repository (or any parent up to mount point /)
Stopping at filesystem boundary (GIT_DISCOVERY_ACROSS_FILESYSTEM not set).
2026-07-04 13:27:25.823 [info] > git rev-parse --show-toplevel [2ms]
2026-07-04 13:27:25.823 [info] fatal: not a git repository (or any parent up to mount point /)
Stopping at filesystem boundary (GIT_DISCOVERY_ACROSS_FILESYSTEM not set).
2026-07-04 13:27:25.832 [info] > git rev-parse --show-toplevel [2ms]
2026-07-04 13:27:25.832 [info] fatal: not a git repository (or any parent up to mount point /)
Stopping at filesystem boundary (GIT_DISCOVERY_ACROSS_FILESYSTEM not set).
2026-07-04 16:27:38.689 [warning] [Model][getRepositoryExact] Failed to get repository realpath for: "/home/taianlux/.config/quickshell/components/theme". Error:Error: ENOENT: no such file or directory, realpath '/home/taianlux/.config/quickshell/components/theme'
2026-07-04 16:27:39.957 [warning] [Model][getRepositoryExact] Failed to get repository realpath for: "/home/taianlux/.config/quickshell/components/theme". Error:Error: ENOENT: no such file or directory, realpath '/home/taianlux/.config/quickshell/components/theme'
2026-07-04 16:27:39.967 [warning] [Model][getRepositoryExact] Failed to get repository realpath for: "/home/taianlux/.config/quickshell/components/theme". Error:Error: ENOENT: no such file or directory, realpath '/home/taianlux/.config/quickshell/components/theme'
2026-07-04 16:27:41.742 [warning] [Model][getRepositoryExact] Failed to get repository realpath for: "/home/taianlux/.config/quickshell/components/theme". Error:Error: ENOENT: no such file or directory, realpath '/home/taianlux/.config/quickshell/components/theme'
2026-07-04 16:27:43.022 [warning] [Model][getRepositoryExact] Failed to get repository realpath for: "/home/taianlux/.config/quickshell/components/theme". Error:Error: ENOENT: no such file or directory, realpath '/home/taianlux/.config/quickshell/components/theme'
2026-07-04 16:27:43.030 [warning] [Model][getRepositoryExact] Failed to get repository realpath for: "/home/taianlux/.config/quickshell". Error:Error: ENOENT: no such file or directory, realpath '/home/taianlux/.config/quickshell'
2026-07-04 16:28:11.737 [info] > git rev-parse --show-toplevel [4ms]
2026-07-04 16:28:11.750 [info] > git rev-parse --path-format=relative --show-toplevel [1ms]
2026-07-04 16:28:11.778 [info] > git rev-parse --show-toplevel [3ms]
2026-07-04 16:28:11.786 [info] > git rev-parse --path-format=relative --show-toplevel [1ms]
2026-07-04 16:28:11.797 [info] > git rev-parse --show-toplevel [1ms]
2026-07-04 16:28:11.806 [info] > git rev-parse --path-format=relative --show-toplevel [2ms]
2026-07-04 16:28:13.589 [info] > git rev-parse --show-toplevel [2ms]
2026-07-04 16:28:13.597 [info] > git rev-parse --path-format=relative --show-toplevel [1ms]
2026-07-04 16:28:13.614 [info] > git rev-parse --show-toplevel [1ms]
2026-07-04 16:28:13.624 [info] > git rev-parse --path-format=relative --show-toplevel [2ms]
2026-07-04 16:28:13.634 [info] > git rev-parse --show-toplevel [1ms]
2026-07-04 16:28:13.642 [info] > git rev-parse --path-format=relative --show-toplevel [1ms]
2026-07-04 16:28:14.049 [info] > git rev-parse --show-toplevel [1ms]
2026-07-04 16:28:14.059 [info] > git rev-parse --path-format=relative --show-toplevel [1ms]
2026-07-04 16:28:14.076 [info] > git rev-parse --show-toplevel [2ms]
2026-07-04 16:28:14.086 [info] > git rev-parse --path-format=relative --show-toplevel [1ms]
2026-07-04 16:28:14.097 [info] > git rev-parse --show-toplevel [1ms]
2026-07-04 16:28:14.106 [info] > git rev-parse --path-format=relative --show-toplevel [1ms]
2026-07-04 16:28:15.374 [info] > git rev-parse --show-toplevel [1ms]
2026-07-04 16:28:15.382 [info] > git rev-parse --path-format=relative --show-toplevel [1ms]
2026-07-04 16:28:15.401 [info] > git rev-parse --show-toplevel [2ms]
2026-07-04 16:28:15.411 [info] > git rev-parse --path-format=relative --show-toplevel [2ms]
2026-07-04 16:28:15.421 [info] > git rev-parse --show-toplevel [1ms]
2026-07-04 16:28:15.429 [info] > git rev-parse --path-format=relative --show-toplevel [1ms]
2026-07-04 19:19:22.367 [info] > git rev-parse --show-toplevel [1ms]
2026-07-04 19:19:22.378 [info] > git rev-parse --path-format=relative --show-toplevel [1ms]
2026-07-04 19:19:22.414 [info] > git rev-parse --show-toplevel [3ms]
2026-07-04 19:19:22.425 [info] > git rev-parse --path-format=relative --show-toplevel [1ms]
2026-07-04 19:19:22.444 [info] > git rev-parse --show-toplevel [5ms]
2026-07-04 19:19:22.459 [info] > git rev-parse --path-format=relative --show-toplevel [1ms]
2026-07-04 19:19:23.085 [info] > git rev-parse --show-toplevel [1ms]
2026-07-04 19:19:23.094 [info] > git rev-parse --path-format=relative --show-toplevel [1ms]
2026-07-04 19:19:23.131 [info] > git rev-parse --show-toplevel [5ms]
2026-07-04 19:19:23.142 [info] > git rev-parse --path-format=relative --show-toplevel [1ms]
2026-07-04 19:19:23.160 [info] > git rev-parse --show-toplevel [2ms]
2026-07-04 19:19:23.176 [info] > git rev-parse --path-format=relative --show-toplevel [1ms]
2026-07-04 19:19:26.017 [info] > git rev-parse --show-toplevel [1ms]
2026-07-04 19:19:26.026 [info] > git rev-parse --path-format=relative --show-toplevel [1ms]
2026-07-04 19:19:26.048 [info] > git rev-parse --show-toplevel [3ms]
2026-07-04 19:19:26.057 [info] > git rev-parse --path-format=relative --show-toplevel [1ms]
2026-07-04 19:19:26.069 [info] > git rev-parse --show-toplevel [1ms]
2026-07-04 19:19:26.077 [info] > git rev-parse --path-format=relative --show-toplevel [1ms]
2026-07-04 19:19:26.788 [info] > git rev-parse --show-toplevel [1ms]
2026-07-04 19:19:26.802 [info] > git rev-parse --path-format=relative --show-toplevel [2ms]
2026-07-04 19:19:26.819 [info] > git rev-parse --show-toplevel [1ms]
2026-07-04 19:19:26.829 [info] > git rev-parse --path-format=relative --show-toplevel [2ms]
2026-07-04 19:19:26.839 [info] > git rev-parse --show-toplevel [1ms]
2026-07-04 19:19:26.850 [info] > git rev-parse --path-format=relative --show-toplevel [1ms]
2026-07-04 19:19:27.910 [info] > git rev-parse --show-toplevel [1ms]
2026-07-04 19:19:27.924 [info] > git rev-parse --path-format=relative --show-toplevel [2ms]
2026-07-04 19:19:27.940 [info] > git rev-parse --show-toplevel [2ms]
2026-07-04 19:19:27.949 [info] > git rev-parse --path-format=relative --show-toplevel [1ms]
2026-07-04 19:19:27.959 [info] > git rev-parse --show-toplevel [1ms]
2026-07-04 19:19:27.969 [info] > git rev-parse --path-format=relative --show-toplevel [2ms]
2026-07-04 19:23:55.354 [info] > git rev-parse --show-toplevel [1ms]
2026-07-04 19:23:55.362 [info] > git rev-parse --path-format=relative --show-toplevel [1ms]
2026-07-04 19:23:55.399 [info] > git rev-parse --show-toplevel [3ms]
2026-07-04 19:23:55.408 [info] > git rev-parse --path-format=relative --show-toplevel [1ms]
2026-07-04 19:23:55.416 [info] > git rev-parse --show-toplevel [1ms]
2026-07-04 19:23:55.424 [info] > git rev-parse --path-format=relative --show-toplevel [1ms]
2026-07-04 19:26:07.888 [info] > git rev-parse --show-toplevel [1ms]
2026-07-04 19:26:07.897 [info] > git rev-parse --path-format=relative --show-toplevel [1ms]
2026-07-04 19:26:07.923 [info] > git rev-parse --show-toplevel [2ms]
2026-07-04 19:26:07.936 [info] > git rev-parse --path-format=relative --show-toplevel [2ms]
2026-07-04 19:26:07.947 [info] > git rev-parse --show-toplevel [1ms]
2026-07-04 19:26:07.955 [info] > git rev-parse --path-format=relative --show-toplevel [1ms]
2026-07-04 19:26:08.558 [info] > git rev-parse --show-toplevel [2ms]
2026-07-04 19:26:08.568 [info] > git rev-parse --path-format=relative --show-toplevel [0ms]
2026-07-04 19:26:08.589 [info] > git rev-parse --show-toplevel [1ms]
2026-07-04 19:26:08.598 [info] > git rev-parse --path-format=relative --show-toplevel [1ms]
2026-07-04 19:26:08.609 [info] > git rev-parse --show-toplevel [2ms]
2026-07-04 19:26:08.617 [info] > git rev-parse --path-format=relative --show-toplevel [1ms]
2026-07-04 19:27:57.108 [info] > git rev-parse --show-toplevel [1ms]
2026-07-04 19:27:57.116 [info] > git rev-parse --path-format=relative --show-toplevel [1ms]
2026-07-04 19:27:57.141 [info] > git rev-parse --show-toplevel [2ms]
2026-07-04 19:27:57.153 [info] > git rev-parse --path-format=relative --show-toplevel [2ms]
2026-07-04 19:27:57.165 [info] > git rev-parse --show-toplevel [0ms]
2026-07-04 19:27:57.173 [info] > git rev-parse --path-format=relative --show-toplevel [1ms]
2026-07-04 19:27:58.327 [info] > git rev-parse --show-toplevel [2ms]
2026-07-04 19:27:58.337 [info] > git rev-parse --path-format=relative --show-toplevel [2ms]
2026-07-04 19:27:58.378 [info] > git rev-parse --show-toplevel [3ms]
2026-07-04 19:27:58.387 [info] > git rev-parse --path-format=relative --show-toplevel [1ms]
2026-07-04 19:27:58.396 [info] > git rev-parse --show-toplevel [1ms]
2026-07-04 19:27:58.406 [info] > git rev-parse --path-format=relative --show-toplevel [1ms]
2026-07-04 19:35:20.254 [info] > git rev-parse --show-toplevel [2ms]
2026-07-04 19:35:20.263 [info] > git rev-parse --path-format=relative --show-toplevel [1ms]
2026-07-04 19:35:20.298 [info] > git rev-parse --show-toplevel [1ms]
2026-07-04 19:35:20.308 [info] > git rev-parse --path-format=relative --show-toplevel [1ms]
2026-07-04 19:35:20.318 [info] > git rev-parse --show-toplevel [1ms]
2026-07-04 19:35:20.327 [info] > git rev-parse --path-format=relative --show-toplevel [1ms]
2026-07-04 19:42:40.326 [info] > git rev-parse --show-toplevel [1ms]
2026-07-04 19:42:40.335 [info] > git rev-parse --path-format=relative --show-toplevel [2ms]
2026-07-04 19:42:40.361 [info] > git rev-parse --show-toplevel [2ms]
2026-07-04 19:42:40.370 [info] > git rev-parse --path-format=relative --show-toplevel [1ms]
2026-07-04 19:42:40.381 [info] > git rev-parse --show-toplevel [1ms]
2026-07-04 19:42:40.390 [info] > git rev-parse --path-format=relative --show-toplevel [1ms]
2026-07-04 19:42:56.960 [info] > git rev-parse --show-toplevel [1ms]
2026-07-04 19:42:56.971 [info] > git rev-parse --path-format=relative --show-toplevel [1ms]
2026-07-04 19:42:56.993 [info] > git rev-parse --show-toplevel [3ms]
2026-07-04 19:42:57.003 [info] > git rev-parse --path-format=relative --show-toplevel [2ms]
2026-07-04 19:42:57.021 [info] > git rev-parse --show-toplevel [2ms]
2026-07-04 19:42:57.033 [info] > git rev-parse --path-format=relative --show-toplevel [2ms]
2026-07-04 19:49:08.480 [info] > git rev-parse --show-toplevel [4ms]
2026-07-04 19:49:08.495 [info] > git rev-parse --path-format=relative --show-toplevel [2ms]
2026-07-04 19:49:08.514 [info] > git rev-parse --show-toplevel [2ms]
2026-07-04 19:49:08.524 [info] > git rev-parse --path-format=relative --show-toplevel [2ms]
2026-07-04 19:49:08.534 [info] > git rev-parse --show-toplevel [1ms]
2026-07-04 19:49:08.544 [info] > git rev-parse --path-format=relative --show-toplevel [1ms]
2026-07-04 19:49:13.088 [info] > git rev-parse --show-toplevel [1ms]
2026-07-04 19:49:13.100 [info] > git rev-parse --path-format=relative --show-toplevel [2ms]
2026-07-04 19:49:13.117 [info] > git rev-parse --show-toplevel [1ms]
2026-07-04 19:49:13.126 [info] > git rev-parse --path-format=relative --show-toplevel [1ms]
2026-07-04 19:49:13.138 [info] > git rev-parse --show-toplevel [2ms]
2026-07-04 19:49:13.146 [info] > git rev-parse --path-format=relative --show-toplevel [1ms]
2026-07-04 21:58:24.607 [info] > git rev-parse --show-toplevel [2ms]
2026-07-04 21:58:24.616 [info] > git rev-parse --path-format=relative --show-toplevel [1ms]
2026-07-04 21:58:24.711 [info] > git rev-parse --show-toplevel [1ms]
2026-07-04 21:58:24.723 [info] > git rev-parse --path-format=relative --show-toplevel [1ms]
2026-07-04 21:58:24.733 [info] > git rev-parse --show-toplevel [1ms]
2026-07-04 21:58:24.745 [info] > git rev-parse --path-format=relative --show-toplevel [1ms]
