2026-07-01 08:08:05.049 [info] [aebc6443-996d-45c2-90f0-388ff96faa56] Native Broker enabled: false
2026-07-01 08:08:05.193 [info] [getSessions] [all] starting
2026-07-01 08:08:05.193 [info] [getSessions] [all] returned 0 session(s)
2026-07-01 08:08:05.193 [info] [getSessions] [all] starting
2026-07-01 08:08:05.193 [info] [getSessions] [all] returned 0 session(s)
2026-07-01 08:08:05.193 [info] [getSessions] [all] starting
2026-07-01 08:08:05.193 [info] [getSessions] [all] returned 0 session(s)
2026-07-01 08:08:05.198 [info] [getSessions] [499b84ac-1321-427f-aa17-267ca6975798/.default offline_access] starting
2026-07-01 08:08:05.198 [info] [aebc6443-996d-45c2-90f0-388ff96faa56] Native Broker enabled: false
2026-07-01 08:08:05.201 [info] [getSessions] [499b84ac-1321-427f-aa17-267ca6975798/.default offline_access] returned 0 session(s)
2026-07-01 08:08:06.336 [info] [getSessions] [499b84ac-1321-427f-aa17-267ca6975798/.default offline_access] starting
2026-07-01 08:08:06.336 [info] [getSessions] [499b84ac-1321-427f-aa17-267ca6975798/.default offline_access] returned 0 session(s)
2026-07-01 09:00:56.279 [info] [getSessions] [499b84ac-1321-427f-aa17-267ca6975798/.default offline_access] starting
2026-07-01 09:00:56.279 [info] [getSessions] [499b84ac-1321-427f-aa17-267ca6975798/.default offline_access] returned 0 session(s)
2026-07-01 09:00:57.794 [info] [getSessions] [499b84ac-1321-427f-aa17-267ca6975798/.default offline_access] starting
2026-07-01 09:00:57.794 [info] [getSessions] [499b84ac-1321-427f-aa17-267ca6975798/.default offline_access] returned 0 session(s)
2026-07-01 09:30:11.289 [info] [getSessions] [499b84ac-1321-427f-aa17-267ca6975798/.default offline_access] starting
2026-07-01 09:30:11.289 [info] [getSessions] [499b84ac-1321-427f-aa17-267ca6975798/.default offline_access] returned 0 session(s)
2026-07-01 09:54:53.077 [info] [getSessions] [499b84ac-1321-427f-aa17-267ca6975798/.default offline_access] starting
2026-07-01 09:54:53.077 [info] [getSessions] [499b84ac-1321-427f-aa17-267ca6975798/.default offline_access] returned 0 session(s)
2026-07-01 10:21:33.482 [info] [getSessions] [499b84ac-1321-427f-aa17-267ca6975798/.default offline_access] starting
2026-07-01 10:21:33.482 [info] [getSessions] [499b84ac-1321-427f-aa17-267ca6975798/.default offline_access] returned 0 session(s)
2026-07-01 10:55:08.667 [info] [getSessions] [499b84ac-1321-427f-aa17-267ca6975798/.default offline_access] starting
2026-07-01 10:55:08.667 [info] [getSessions] [499b84ac-1321-427f-aa17-267ca6975798/.default offline_access] returned 0 session(s)
2026-07-01 11:22:22.837 [info] [getSessions] [499b84ac-1321-427f-aa17-267ca6975798/.default offline_access] starting
2026-07-01 11:22:22.837 [info] [getSessions] [499b84ac-1321-427f-aa17-267ca6975798/.default offline_access] returned 0 session(s)
2026-07-01 11:51:07.584 [info] [getSessions] [499b84ac-1321-427f-aa17-267ca6975798/.default offline_access] starting
2026-07-01 11:51:07.584 [info] [getSessions] [499b84ac-1321-427f-aa17-267ca6975798/.default offline_access] returned 0 session(s)
2026-07-01 12:16:45.644 [info] [getSessions] [499b84ac-1321-427f-aa17-267ca6975798/.default offline_access] starting
2026-07-01 12:16:45.644 [info] [getSessions] [499b84ac-1321-427f-aa17-267ca6975798/.default offline_access] returned 0 session(s)
2026-07-01 12:37:52.335 [info] [getSessions] [499b84ac-1321-427f-aa17-267ca6975798/.default offline_access] starting
2026-07-01 12:37:52.335 [info] [getSessions] [499b84ac-1321-427f-aa17-267ca6975798/.default offline_access] returned 0 session(s)
2026-07-01 13:01:27.820 [info] [getSessions] [499b84ac-1321-427f-aa17-267ca6975798/.default offline_access] starting
2026-07-01 13:01:27.820 [info] [getSessions] [499b84ac-1321-427f-aa17-267ca6975798/.default offline_access] returned 0 session(s)
2026-07-01 13:16:50.972 [info] Microsoft Authentication is deactivating...
