qt.languageserver.server: Did Setup
Using the build directories found in the .qmlls.ini file. Your build folder might not be found if no .qmlls.ini files are present in the root source folder.
Argument "/usr/lib/x86_64-linux-gnu/qt6/qml" passed to -I does not exist.
Using import directories passed by -I: "/usr/lib/qt6/qml", "/usr/lib/x86_64-linux-gnu/qt6/qml".
Using 1 job for CMake, you can increase that value with the QMLLS_CMAKE_JOBS environment variable or the --cmake-jobs option.
qt.languageserver.server: Ignoring cancellation of non in progress request QJsonValue(double, 2)
qt.languageserver.server: Ignoring cancellation of non in progress request QJsonValue(double, 4)
qt.languageserver.server: Ignoring cancellation of non in progress request QJsonValue(double, 5)
qt.languageserver.server: Ignoring cancellation of non in progress request QJsonValue(double, 6)
qt.languageserver.server: Ignoring cancellation of non in progress request QJsonValue(double, 7)
qt.languageserver.server: Ignoring cancellation of non in progress request QJsonValue(double, 8)
qt.languageserver.server: Ignoring cancellation of non in progress request QJsonValue(double, 9)
qt.languageserver.server: Ignoring cancellation of non in progress request QJsonValue(double, 10)
qt.languageserver.server: Ignoring cancellation of non in progress request QJsonValue(double, 11)
qt.languageserver.server: Ignoring cancellation of non in progress request QJsonValue(double, 14)
qt.languageserver.server: Ignoring cancellation of non in progress request QJsonValue(double, 15)
qt.languageserver.server: Ignoring cancellation of non in progress request QJsonValue(double, 16)
qt.languageserver.utils: "Couldn't find the C++ file 'qquickitem.h'."
qt.languageserver.server: Ignoring cancellation of non in progress request QJsonValue(double, 22)
qt.qmldom: Parsed invalid file /home/taianlux/.config/quickshell/components/network/DrawerModule.qml/home/taianlux/.config/quickshell/components/network/DrawerModule.qml:[Dom][QmlFile][Parsing] Error: Expected token `numeric literal' for .currentItem

qt.languageserver.server: avoid update of validDoc to  1 of document "file:///home/taianlux/.config/quickshell/components/network/DrawerModule.qml" as it is invalid
qt.languageserver.server: Ignoring cancellation of non in progress request QJsonValue(double, 54)
qt.languageserver.server: Ignoring cancellation of non in progress request QJsonValue(double, 56)
qt.qmldom: Parsed invalid file /home/taianlux/.config/quickshell/components/network/DrawerModule.qml/home/taianlux/.config/quickshell/components/network/DrawerModule.qml:[Dom][QmlFile][Parsing] Error: Expected token `numeric literal' for .currentItem

qt.languageserver.server: avoid update of validDoc to  3 of document "file:///home/taianlux/.config/quickshell/components/network/DrawerModule.qml" as it is invalid
qt.languageserver.utils: "Couldn't find the C++ file 'qquickitem.h'."
qt.languageserver.server: Ignoring cancellation of non in progress request QJsonValue(double, 107)
qt.languageserver.server: Version 9 of document "file:///home/taianlux/.config/quickshell/modules/Bar.qml" is not the latest anymore
qt.languageserver.server: Version 11 of document "file:///home/taianlux/.config/quickshell/modules/Bar.qml" is not the latest anymore
qt.languageserver.server: Ignoring cancellation of non in progress request QJsonValue(double, 108)
qt.languageserver.server: Version 16 of document "file:///home/taianlux/.config/quickshell/modules/Bar.qml" is not the latest anymore
qt.languageserver.server: Ignoring cancellation of non in progress request QJsonValue(double, 122)
qt.qmldom: Parsed invalid file /home/taianlux/.config/quickshell/modules/Bar.qml/home/taianlux/.config/quickshell/modules/Bar.qml:59:24: [Dom][QmlFile][Parsing] Error: Expected token `,' for .currentItem

qt.languageserver.server: avoid update of validDoc to  18 of document "file:///home/taianlux/.config/quickshell/modules/Bar.qml" as it is invalid
qt.languageserver.server: Version 21 of document "file:///home/taianlux/.config/quickshell/modules/Bar.qml" is not the latest anymore
qt.languageserver.utils: "Couldn't find the C++ file 'qquickitem.h'."
qt.languageserver.server: Ignoring cancellation of non in progress request QJsonValue(double, 176)
qt.languageserver.utils: "Couldn't find the C++ file 'qquickitem.h'."
qt.qmldom: Parsed invalid file /home/taianlux/.config/quickshell/modules/Bar.qml/home/taianlux/.config/quickshell/modules/Bar.qml:47:28: [Dom][QmlFile][Parsing] Error: Unexpected token `.' for .currentItem

qt.languageserver.server: avoid update of validDoc to  31 of document "file:///home/taianlux/.config/quickshell/modules/Bar.qml" as it is invalid
qt.qmldom: Parsed invalid file /home/taianlux/.config/quickshell/modules/Bar.qml/home/taianlux/.config/quickshell/modules/Bar.qml:47:27: [Dom][QmlFile][Parsing] Error: Unexpected token `.' for .currentItem

qt.languageserver.server: avoid update of validDoc to  32 of document "file:///home/taianlux/.config/quickshell/modules/Bar.qml" as it is invalid
qt.languageserver.server: Ignoring cancellation of non in progress request QJsonValue(double, 205)
qt.qmldom: Parsed invalid file /home/taianlux/.config/quickshell/modules/Bar.qml/home/taianlux/.config/quickshell/modules/Bar.qml:47:28: [Dom][QmlFile][Parsing] Error: Unexpected token `.' for .currentItem

qt.languageserver.server: avoid update of validDoc to  35 of document "file:///home/taianlux/.config/quickshell/modules/Bar.qml" as it is invalid
qt.qmldom: Parsed invalid file /home/taianlux/.config/quickshell/modules/Bar.qml/home/taianlux/.config/quickshell/modules/Bar.qml:47:27: [Dom][QmlFile][Parsing] Error: Unexpected token `.' for .currentItem

qt.languageserver.server: avoid update of validDoc to  36 of document "file:///home/taianlux/.config/quickshell/modules/Bar.qml" as it is invalid
qt.qmldom: Parsed invalid file /home/taianlux/.config/quickshell/modules/Bar.qml/home/taianlux/.config/quickshell/modules/Bar.qml:47:28: [Dom][QmlFile][Parsing] Error: Unexpected token `.' for .currentItem

qt.languageserver.server: avoid update of validDoc to  37 of document "file:///home/taianlux/.config/quickshell/modules/Bar.qml" as it is invalid
qt.languageserver.server: Version 39 of document "file:///home/taianlux/.config/quickshell/modules/Bar.qml" is not the latest anymore
qt.qmldom: Parsed invalid file /home/taianlux/.config/quickshell/modules/Bar.qml/home/taianlux/.config/quickshell/modules/Bar.qml:49:35: [Dom][QmlFile][Parsing] Error: Expected token `,' for .currentItem

qt.languageserver.server: avoid update of validDoc to  45 of document "file:///home/taianlux/.config/quickshell/modules/Bar.qml" as it is invalid
qt.qmldom: Parsed invalid file /home/taianlux/.config/quickshell/modules/Bar.qml/home/taianlux/.config/quickshell/modules/Bar.qml:49:35: [Dom][QmlFile][Parsing] Error: Expected token `,' for .currentItem

qt.languageserver.server: avoid update of validDoc to  49 of document "file:///home/taianlux/.config/quickshell/modules/Bar.qml" as it is invalid
qt.languageserver.server: Version 52 of document "file:///home/taianlux/.config/quickshell/modules/Bar.qml" is not the latest anymore
qt.languageserver.server: Version 53 of document "file:///home/taianlux/.config/quickshell/modules/Bar.qml" is not the latest anymore
qt.languageserver.server: Ignoring cancellation of non in progress request QJsonValue(double, 257)
qt.qmldom: Parsed invalid file /home/taianlux/.config/quickshell/modules/Bar.qml/home/taianlux/.config/quickshell/modules/Bar.qml:48:32: [Dom][QmlFile][Parsing] Error: Expected token `,' for .currentItem

qt.languageserver.server: avoid update of validDoc to  55 of document "file:///home/taianlux/.config/quickshell/modules/Bar.qml" as it is invalid
qt.languageserver.server: Ignoring cancellation of non in progress request QJsonValue(double, 259)
qt.languageserver.server: Version 57 of document "file:///home/taianlux/.config/quickshell/modules/Bar.qml" is not the latest anymore
qt.qmldom: Parsed invalid file /home/taianlux/.config/quickshell/modules/Bar.qml/home/taianlux/.config/quickshell/modules/Bar.qml:49:35: [Dom][QmlFile][Parsing] Error: Expected token `,' for .currentItem

qt.languageserver.server: avoid update of validDoc to  60 of document "file:///home/taianlux/.config/quickshell/modules/Bar.qml" as it is invalid
qt.qmldom: Parsed invalid file /home/taianlux/.config/quickshell/modules/Bar.qml/home/taianlux/.config/quickshell/modules/Bar.qml:49:35: [Dom][QmlFile][Parsing] Error: Expected token `,' for .currentItem

qt.languageserver.server: avoid update of validDoc to  64 of document "file:///home/taianlux/.config/quickshell/modules/Bar.qml" as it is invalid
qt.qmldom: Parsed invalid file /home/taianlux/.config/quickshell/modules/Bar.qml/home/taianlux/.config/quickshell/modules/Bar.qml:49:35: [Dom][QmlFile][Parsing] Error: Expected token `,' for .currentItem

qt.languageserver.server: avoid update of validDoc to  65 of document "file:///home/taianlux/.config/quickshell/modules/Bar.qml" as it is invalid
qt.languageserver.server: Ignoring cancellation of non in progress request QJsonValue(double, 291)
qt.qmldom: Parsed invalid file /home/taianlux/.config/quickshell/modules/Bar.qml/home/taianlux/.config/quickshell/modules/Bar.qml:49:35: [Dom][QmlFile][Parsing] Error: Expected token `,' for .currentItem

qt.languageserver.server: avoid update of validDoc to  69 of document "file:///home/taianlux/.config/quickshell/modules/Bar.qml" as it is invalid
qt.qmldom: Parsed invalid file /home/taianlux/.config/quickshell/modules/Bar.qml/home/taianlux/.config/quickshell/modules/Bar.qml:49:35: [Dom][QmlFile][Parsing] Error: Expected token `,' for .currentItem

qt.languageserver.server: avoid update of validDoc to  71 of document "file:///home/taianlux/.config/quickshell/modules/Bar.qml" as it is invalid
qt.qmldom: Parsed invalid file /home/taianlux/.config/quickshell/modules/Bar.qml/home/taianlux/.config/quickshell/modules/Bar.qml:49:35: [Dom][QmlFile][Parsing] Error: Expected token `,' for .currentItem

qt.languageserver.server: avoid update of validDoc to  75 of document "file:///home/taianlux/.config/quickshell/modules/Bar.qml" as it is invalid
qt.languageserver.server: Version 77 of document "file:///home/taianlux/.config/quickshell/modules/Bar.qml" is not the latest anymore
qt.languageserver.server: Ignoring cancellation of non in progress request QJsonValue(double, 312)
qt.qmldom: Parsed invalid file /home/taianlux/.config/quickshell/modules/Bar.qml/home/taianlux/.config/quickshell/modules/Bar.qml:49:35: [Dom][QmlFile][Parsing] Error: Expected token `,' for .currentItem

qt.languageserver.server: avoid update of validDoc to  81 of document "file:///home/taianlux/.config/quickshell/modules/Bar.qml" as it is invalid
