2026-07-04 11:32:20.543 [info] Reading sessions from keychain...
2026-07-04 11:32:20.543 [info] Getting sessions for all scopes...
2026-07-04 11:32:21.081 [info] Got stored sessions!
2026-07-04 11:32:21.081 [info] Got 1 verified sessions.
2026-07-04 11:32:21.081 [info] Got 1 sessions for ...
2026-07-04 11:32:21.081 [info] Getting sessions for all scopes...
2026-07-04 11:32:21.081 [info] Got 1 sessions for ...
2026-07-04 11:32:21.229 [info] Getting sessions for all scopes...
2026-07-04 11:32:21.230 [info] Got 1 sessions for ...
2026-07-04 11:32:23.281 [info] Getting sessions for all scopes...
2026-07-04 11:32:23.281 [info] Got 1 sessions for ...
2026-07-04 11:32:23.464 [info] Getting sessions for all scopes...
2026-07-04 11:32:23.464 [info] Got 1 sessions for ...
2026-07-04 11:32:23.464 [info] Getting sessions for all scopes...
2026-07-04 11:32:23.464 [info] Got 1 sessions for ...
2026-07-04 11:32:23.627 [info] Getting sessions for read:user,repo,user:email,workflow...
2026-07-04 11:32:23.627 [info] Got 1 sessions for read:user,repo,user:email,workflow...
2026-07-04 11:32:23.855 [info] Getting sessions for all scopes...
2026-07-04 11:32:23.855 [info] Got 1 sessions for ...
2026-07-04 11:32:23.894 [info] FetcherService: Electron fetch failed with status: 429 
2026-07-04 11:32:23.911 [info] Unable to resolve optional EDU details. Status: 429 
2026-07-04 11:32:24.027 [info] Getting sessions for all scopes...
2026-07-04 11:32:24.027 [info] Got 1 sessions for ...
2026-07-04 11:32:24.028 [info] Getting sessions for read:user,repo,user:email,workflow...
2026-07-04 11:32:24.028 [info] Got 1 sessions for read:user,repo,user:email,workflow...
2026-07-04 11:32:25.283 [info] Getting sessions for all scopes...
2026-07-04 11:32:25.283 [info] Got 1 sessions for ...
2026-07-04 11:32:25.284 [info] Getting sessions for all scopes...
2026-07-04 11:32:25.284 [info] Got 1 sessions for ...
2026-07-04 11:32:25.344 [info] Getting sessions for all scopes...
2026-07-04 11:32:25.344 [info] Got 1 sessions for ...
2026-07-04 11:32:25.384 [info] Getting sessions for all scopes...
2026-07-04 11:32:25.384 [info] Got 1 sessions for ...
2026-07-04 11:32:25.435 [info] Getting sessions for read:user,repo,user:email,workflow...
2026-07-04 11:32:25.435 [info] Got 1 sessions for read:user,repo,user:email,workflow...
2026-07-04 11:32:25.716 [info] Getting sessions for all scopes...
2026-07-04 11:32:25.716 [info] Got 1 sessions for ...
2026-07-04 11:32:25.717 [info] Getting sessions for read:user,repo,user:email,workflow...
2026-07-04 11:32:25.717 [info] Got 1 sessions for read:user,repo,user:email,workflow...
2026-07-04 11:32:25.731 [info] Getting sessions for all scopes...
2026-07-04 11:32:25.731 [info] Got 1 sessions for ...
2026-07-04 11:32:25.733 [info] Getting sessions for read:user,repo,user:email,workflow...
2026-07-04 11:32:25.733 [info] Got 1 sessions for read:user,repo,user:email,workflow...
2026-07-04 11:32:26.039 [info] Getting sessions for all scopes...
2026-07-04 11:32:26.039 [info] Got 1 sessions for ...
2026-07-04 11:32:26.041 [info] Getting sessions for read:user,repo,user:email,workflow...
2026-07-04 11:32:26.041 [info] Got 1 sessions for read:user,repo,user:email,workflow...
2026-07-04 11:33:36.607 [info] Getting sessions for all scopes...
2026-07-04 11:33:36.607 [info] Got 1 sessions for ...
2026-07-04 11:33:36.608 [info] Getting sessions for all scopes...
2026-07-04 11:33:36.608 [info] Got 1 sessions for ...
2026-07-04 11:33:37.321 [info] Getting sessions for all scopes...
2026-07-04 11:33:37.321 [info] Got 1 sessions for ...
2026-07-04 11:33:37.342 [info] Getting sessions for all scopes...
2026-07-04 11:33:37.342 [info] Got 1 sessions for ...
2026-07-04 11:33:37.892 [info] Getting sessions for all scopes...
2026-07-04 11:33:37.892 [info] Got 1 sessions for ...
2026-07-04 11:33:37.895 [info] Getting sessions for all scopes...
2026-07-04 11:33:37.895 [info] Got 1 sessions for ...
2026-07-04 11:33:41.026 [info] Getting sessions for all scopes...
2026-07-04 11:33:41.026 [info] Got 1 sessions for ...
2026-07-04 11:33:41.028 [info] Getting sessions for all scopes...
2026-07-04 11:33:41.028 [info] Got 1 sessions for ...
2026-07-04 11:33:41.511 [info] Getting sessions for all scopes...
2026-07-04 11:33:41.511 [info] Got 1 sessions for ...
2026-07-04 11:33:41.559 [info] Getting sessions for all scopes...
2026-07-04 11:33:41.559 [info] Got 1 sessions for ...
2026-07-04 11:33:41.836 [info] Getting sessions for all scopes...
2026-07-04 11:33:41.836 [info] Got 1 sessions for ...
2026-07-04 11:33:41.837 [info] Getting sessions for all scopes...
2026-07-04 11:33:41.837 [info] Got 1 sessions for ...
2026-07-04 11:33:42.352 [info] Getting sessions for all scopes...
2026-07-04 11:33:42.352 [info] Got 1 sessions for ...
2026-07-04 11:33:42.358 [info] Getting sessions for all scopes...
2026-07-04 11:33:42.358 [info] Got 1 sessions for ...
2026-07-04 11:33:42.943 [info] Getting sessions for all scopes...
2026-07-04 11:33:42.943 [info] Got 1 sessions for ...
2026-07-04 11:33:42.944 [info] Getting sessions for all scopes...
2026-07-04 11:33:42.944 [info] Got 1 sessions for ...
2026-07-04 11:33:43.441 [info] Getting sessions for all scopes...
2026-07-04 11:33:43.441 [info] Got 1 sessions for ...
2026-07-04 11:33:43.461 [info] Getting sessions for all scopes...
2026-07-04 11:33:43.461 [info] Got 1 sessions for ...
2026-07-04 11:33:43.919 [info] Getting sessions for all scopes...
2026-07-04 11:33:43.919 [info] Got 1 sessions for ...
2026-07-04 11:33:43.941 [info] Getting sessions for all scopes...
2026-07-04 11:33:43.941 [info] Got 1 sessions for ...
2026-07-04 11:33:44.866 [info] Getting sessions for all scopes...
2026-07-04 11:33:44.866 [info] Got 1 sessions for ...
2026-07-04 11:33:44.867 [info] Getting sessions for all scopes...
2026-07-04 11:33:44.867 [info] Got 1 sessions for ...
2026-07-04 11:34:30.517 [info] Getting sessions for all scopes...
2026-07-04 11:34:30.518 [info] Got 1 sessions for ...
2026-07-04 11:34:30.518 [info] Getting sessions for all scopes...
2026-07-04 11:34:30.518 [info] Got 1 sessions for ...
2026-07-04 11:34:42.170 [info] Getting sessions for all scopes...
2026-07-04 11:34:42.170 [info] Got 1 sessions for ...
2026-07-04 11:34:42.181 [info] Getting sessions for all scopes...
2026-07-04 11:34:42.181 [info] Got 1 sessions for ...
2026-07-04 11:34:48.989 [info] Getting sessions for all scopes...
2026-07-04 11:34:48.989 [info] Got 1 sessions for ...
2026-07-04 11:34:48.990 [info] Getting sessions for all scopes...
2026-07-04 11:34:48.990 [info] Got 1 sessions for ...
2026-07-04 11:35:11.478 [info] Getting sessions for all scopes...
2026-07-04 11:35:11.478 [info] Got 1 sessions for ...
2026-07-04 11:35:11.479 [info] Getting sessions for all scopes...
2026-07-04 11:35:11.479 [info] Got 1 sessions for ...
2026-07-04 11:35:12.334 [info] Getting sessions for all scopes...
2026-07-04 11:35:12.334 [info] Got 1 sessions for ...
2026-07-04 11:35:12.337 [info] Getting sessions for all scopes...
2026-07-04 11:35:12.337 [info] Got 1 sessions for ...
2026-07-04 11:35:12.982 [info] Getting sessions for all scopes...
2026-07-04 11:35:12.982 [info] Got 1 sessions for ...
2026-07-04 11:35:12.983 [info] Getting sessions for all scopes...
2026-07-04 11:35:12.983 [info] Got 1 sessions for ...
2026-07-04 11:39:27.176 [info] Getting sessions for all scopes...
2026-07-04 11:39:27.176 [info] Got 1 sessions for ...
2026-07-04 11:39:27.178 [info] Getting sessions for all scopes...
2026-07-04 11:39:27.178 [info] Got 1 sessions for ...
2026-07-04 11:39:27.655 [info] Getting sessions for all scopes...
2026-07-04 11:39:27.655 [info] Got 1 sessions for ...
2026-07-04 11:39:27.705 [info] Getting sessions for all scopes...
2026-07-04 11:39:27.705 [info] Got 1 sessions for ...
2026-07-04 11:39:27.938 [info] Getting sessions for all scopes...
2026-07-04 11:39:27.938 [info] Got 1 sessions for ...
2026-07-04 11:39:27.940 [info] Getting sessions for all scopes...
2026-07-04 11:39:27.940 [info] Got 1 sessions for ...
2026-07-04 11:39:28.262 [info] Getting sessions for all scopes...
2026-07-04 11:39:28.262 [info] Got 1 sessions for ...
2026-07-04 11:39:28.264 [info] Getting sessions for all scopes...
2026-07-04 11:39:28.264 [info] Got 1 sessions for ...
2026-07-04 11:39:28.602 [info] Getting sessions for all scopes...
2026-07-04 11:39:28.602 [info] Got 1 sessions for ...
2026-07-04 11:39:28.603 [info] Getting sessions for all scopes...
2026-07-04 11:39:28.603 [info] Got 1 sessions for ...
2026-07-04 11:39:29.074 [info] Getting sessions for all scopes...
2026-07-04 11:39:29.074 [info] Got 1 sessions for ...
2026-07-04 11:39:29.076 [info] Getting sessions for all scopes...
2026-07-04 11:39:29.076 [info] Got 1 sessions for ...
2026-07-04 11:39:29.750 [info] Getting sessions for all scopes...
2026-07-04 11:39:29.750 [info] Got 1 sessions for ...
2026-07-04 11:39:29.751 [info] Getting sessions for all scopes...
2026-07-04 11:39:29.751 [info] Got 1 sessions for ...
2026-07-04 11:39:30.257 [info] Getting sessions for all scopes...
2026-07-04 11:39:30.258 [info] Got 1 sessions for ...
2026-07-04 11:39:30.259 [info] Getting sessions for all scopes...
2026-07-04 11:39:30.259 [info] Got 1 sessions for ...
2026-07-04 11:39:30.618 [info] Getting sessions for all scopes...
2026-07-04 11:39:30.618 [info] Got 1 sessions for ...
2026-07-04 11:39:30.619 [info] Getting sessions for all scopes...
2026-07-04 11:39:30.619 [info] Got 1 sessions for ...
2026-07-04 11:39:30.987 [info] Getting sessions for all scopes...
2026-07-04 11:39:30.987 [info] Got 1 sessions for ...
2026-07-04 11:39:30.987 [info] Getting sessions for all scopes...
2026-07-04 11:39:30.987 [info] Got 1 sessions for ...
2026-07-04 11:39:31.549 [info] Getting sessions for all scopes...
2026-07-04 11:39:31.549 [info] Got 1 sessions for ...
2026-07-04 11:39:31.569 [info] Getting sessions for all scopes...
2026-07-04 11:39:31.569 [info] Got 1 sessions for ...
2026-07-04 11:39:31.867 [info] Getting sessions for all scopes...
2026-07-04 11:39:31.867 [info] Got 1 sessions for ...
2026-07-04 11:39:31.869 [info] Getting sessions for all scopes...
2026-07-04 11:39:31.869 [info] Got 1 sessions for ...
2026-07-04 11:39:32.632 [info] Getting sessions for all scopes...
2026-07-04 11:39:32.633 [info] Got 1 sessions for ...
2026-07-04 11:39:32.633 [info] Getting sessions for all scopes...
2026-07-04 11:39:32.633 [info] Got 1 sessions for ...
2026-07-04 11:48:15.614 [info] Getting sessions for all scopes...
2026-07-04 11:48:15.614 [info] Got 1 sessions for ...
2026-07-04 11:48:15.655 [info] Getting sessions for all scopes...
2026-07-04 11:48:15.655 [info] Got 1 sessions for ...
2026-07-04 11:48:16.076 [info] Getting sessions for all scopes...
2026-07-04 11:48:16.077 [info] Got 1 sessions for ...
2026-07-04 11:48:16.078 [info] Getting sessions for all scopes...
2026-07-04 11:48:16.078 [info] Got 1 sessions for ...
2026-07-04 11:48:17.436 [info] Getting sessions for all scopes...
2026-07-04 11:48:17.436 [info] Got 1 sessions for ...
2026-07-04 11:48:17.468 [info] Getting sessions for all scopes...
2026-07-04 11:48:17.468 [info] Got 1 sessions for ...
2026-07-04 11:48:30.008 [info] Getting sessions for all scopes...
2026-07-04 11:48:30.008 [info] Got 1 sessions for ...
2026-07-04 11:48:30.011 [info] Getting sessions for all scopes...
2026-07-04 11:48:30.011 [info] Got 1 sessions for ...
2026-07-04 11:48:30.595 [info] Getting sessions for all scopes...
2026-07-04 11:48:30.595 [info] Got 1 sessions for ...
2026-07-04 11:48:30.595 [info] Getting sessions for all scopes...
2026-07-04 11:48:30.595 [info] Got 1 sessions for ...
2026-07-04 11:48:31.071 [info] Getting sessions for all scopes...
2026-07-04 11:48:31.071 [info] Got 1 sessions for ...
2026-07-04 11:48:31.100 [info] Getting sessions for all scopes...
2026-07-04 11:48:31.100 [info] Got 1 sessions for ...
2026-07-04 11:48:31.501 [info] Getting sessions for all scopes...
2026-07-04 11:48:31.501 [info] Got 1 sessions for ...
2026-07-04 11:48:31.502 [info] Getting sessions for all scopes...
2026-07-04 11:48:31.502 [info] Got 1 sessions for ...
2026-07-04 11:48:32.581 [info] Getting sessions for all scopes...
2026-07-04 11:48:32.582 [info] Got 1 sessions for ...
2026-07-04 11:48:32.583 [info] Getting sessions for all scopes...
2026-07-04 11:48:32.583 [info] Got 1 sessions for ...
2026-07-04 11:49:36.009 [info] Getting sessions for all scopes...
2026-07-04 11:49:36.009 [info] Got 1 sessions for ...
2026-07-04 11:49:36.010 [info] Getting sessions for all scopes...
2026-07-04 11:49:36.010 [info] Got 1 sessions for ...
2026-07-04 11:49:36.568 [info] Getting sessions for all scopes...
2026-07-04 11:49:36.568 [info] Got 1 sessions for ...
2026-07-04 11:49:36.572 [info] Getting sessions for all scopes...
2026-07-04 11:49:36.572 [info] Got 1 sessions for ...
2026-07-04 11:55:31.563 [info] Getting sessions for all scopes...
2026-07-04 11:55:31.563 [info] Got 1 sessions for ...
2026-07-04 11:55:31.565 [info] Getting sessions for all scopes...
2026-07-04 11:55:31.565 [info] Got 1 sessions for ...
2026-07-04 11:55:46.771 [info] Getting sessions for all scopes...
2026-07-04 11:55:46.771 [info] Got 1 sessions for ...
2026-07-04 11:55:46.771 [info] Getting sessions for all scopes...
2026-07-04 11:55:46.771 [info] Got 1 sessions for ...
2026-07-04 11:55:59.533 [info] Getting sessions for all scopes...
2026-07-04 11:55:59.533 [info] Got 1 sessions for ...
2026-07-04 11:55:59.536 [info] Getting sessions for all scopes...
2026-07-04 11:55:59.536 [info] Got 1 sessions for ...
2026-07-04 11:56:04.020 [info] Getting sessions for all scopes...
2026-07-04 11:56:04.020 [info] Got 1 sessions for ...
2026-07-04 11:56:04.023 [info] Getting sessions for read:user,repo,user:email,workflow...
2026-07-04 11:56:04.023 [info] Got 1 sessions for read:user,repo,user:email,workflow...
2026-07-04 11:56:04.702 [info] Getting sessions for all scopes...
2026-07-04 11:56:04.702 [info] Got 1 sessions for ...
2026-07-04 11:56:04.702 [info] Getting sessions for all scopes...
2026-07-04 11:56:04.702 [info] Got 1 sessions for ...
2026-07-04 11:56:04.704 [info] Getting sessions for read:user,repo,user:email,workflow...
2026-07-04 11:56:04.704 [info] Got 1 sessions for read:user,repo,user:email,workflow...
2026-07-04 11:56:05.581 [info] Getting sessions for all scopes...
2026-07-04 11:56:05.581 [info] Got 1 sessions for ...
2026-07-04 11:56:05.624 [info] Getting sessions for all scopes...
2026-07-04 11:56:05.624 [info] Got 1 sessions for ...
2026-07-04 11:56:05.937 [info] Getting sessions for all scopes...
2026-07-04 11:56:05.937 [info] Got 1 sessions for ...
2026-07-04 11:56:05.938 [info] Getting sessions for all scopes...
2026-07-04 11:56:05.938 [info] Got 1 sessions for ...
2026-07-04 11:56:06.253 [info] Getting sessions for all scopes...
2026-07-04 11:56:06.253 [info] Got 1 sessions for ...
2026-07-04 11:56:06.258 [info] Getting sessions for all scopes...
2026-07-04 11:56:06.258 [info] Got 1 sessions for ...
2026-07-04 11:56:06.648 [info] Getting sessions for all scopes...
2026-07-04 11:56:06.648 [info] Got 1 sessions for ...
2026-07-04 11:56:06.649 [info] Getting sessions for all scopes...
2026-07-04 11:56:06.650 [info] Got 1 sessions for ...
2026-07-04 11:57:06.253 [info] Getting sessions for all scopes...
2026-07-04 11:57:06.253 [info] Got 1 sessions for ...
2026-07-04 11:57:06.253 [info] Getting sessions for all scopes...
2026-07-04 11:57:06.253 [info] Got 1 sessions for ...
2026-07-04 11:57:06.888 [info] Getting sessions for all scopes...
2026-07-04 11:57:06.888 [info] Got 1 sessions for ...
2026-07-04 11:57:06.889 [info] Getting sessions for all scopes...
2026-07-04 11:57:06.889 [info] Got 1 sessions for ...
2026-07-04 11:57:07.269 [info] Getting sessions for all scopes...
2026-07-04 11:57:07.269 [info] Got 1 sessions for ...
2026-07-04 11:57:07.270 [info] Getting sessions for all scopes...
2026-07-04 11:57:07.270 [info] Got 1 sessions for ...
2026-07-04 11:57:42.375 [info] Getting sessions for all scopes...
2026-07-04 11:57:42.376 [info] Got 1 sessions for ...
2026-07-04 11:57:42.378 [info] Getting sessions for all scopes...
2026-07-04 11:57:42.378 [info] Got 1 sessions for ...
2026-07-04 11:57:42.809 [info] Getting sessions for all scopes...
2026-07-04 11:57:42.809 [info] Got 1 sessions for ...
2026-07-04 11:57:42.810 [info] Getting sessions for all scopes...
2026-07-04 11:57:42.810 [info] Got 1 sessions for ...
2026-07-04 11:57:43.360 [info] Getting sessions for all scopes...
2026-07-04 11:57:43.360 [info] Got 1 sessions for ...
2026-07-04 11:57:43.365 [info] Getting sessions for all scopes...
2026-07-04 11:57:43.365 [info] Got 1 sessions for ...
2026-07-04 11:57:47.013 [info] Getting sessions for all scopes...
2026-07-04 11:57:47.013 [info] Got 1 sessions for ...
2026-07-04 11:57:47.018 [info] Getting sessions for all scopes...
2026-07-04 11:57:47.018 [info] Got 1 sessions for ...
2026-07-04 11:57:48.295 [info] Getting sessions for all scopes...
2026-07-04 11:57:48.295 [info] Got 1 sessions for ...
2026-07-04 11:57:48.295 [info] Getting sessions for all scopes...
2026-07-04 11:57:48.295 [info] Got 1 sessions for ...
2026-07-04 11:58:28.445 [info] Getting sessions for all scopes...
2026-07-04 11:58:28.445 [info] Got 1 sessions for ...
2026-07-04 11:58:28.482 [info] Getting sessions for all scopes...
2026-07-04 11:58:28.482 [info] Got 1 sessions for ...
2026-07-04 11:59:10.297 [info] Getting sessions for all scopes...
2026-07-04 11:59:10.297 [info] Got 1 sessions for ...
2026-07-04 11:59:10.318 [info] Getting sessions for all scopes...
2026-07-04 11:59:10.318 [info] Got 1 sessions for ...
2026-07-04 11:59:12.887 [info] Getting sessions for all scopes...
2026-07-04 11:59:12.887 [info] Got 1 sessions for ...
2026-07-04 11:59:12.888 [info] Getting sessions for all scopes...
2026-07-04 11:59:12.888 [info] Got 1 sessions for ...
2026-07-04 11:59:18.137 [info] Getting sessions for all scopes...
2026-07-04 11:59:18.137 [info] Got 1 sessions for ...
2026-07-04 11:59:18.140 [info] Getting sessions for all scopes...
2026-07-04 11:59:18.140 [info] Got 1 sessions for ...
2026-07-04 11:59:56.400 [info] Getting sessions for all scopes...
2026-07-04 11:59:56.400 [info] Got 1 sessions for ...
2026-07-04 11:59:56.401 [info] Getting sessions for all scopes...
2026-07-04 11:59:56.401 [info] Got 1 sessions for ...
2026-07-04 12:00:00.001 [info] Getting sessions for all scopes...
2026-07-04 12:00:00.001 [info] Got 1 sessions for ...
2026-07-04 12:00:00.001 [info] Getting sessions for all scopes...
2026-07-04 12:00:00.001 [info] Got 1 sessions for ...
2026-07-04 12:00:24.191 [info] Getting sessions for all scopes...
2026-07-04 12:00:24.191 [info] Got 1 sessions for ...
2026-07-04 12:00:24.193 [info] Getting sessions for all scopes...
2026-07-04 12:00:24.193 [info] Got 1 sessions for ...
2026-07-04 12:00:24.637 [info] Getting sessions for all scopes...
2026-07-04 12:00:24.637 [info] Got 1 sessions for ...
2026-07-04 12:00:24.639 [info] Getting sessions for all scopes...
2026-07-04 12:00:24.639 [info] Got 1 sessions for ...
2026-07-04 12:00:25.029 [info] Getting sessions for all scopes...
2026-07-04 12:00:25.030 [info] Got 1 sessions for ...
2026-07-04 12:00:25.031 [info] Getting sessions for all scopes...
2026-07-04 12:00:25.031 [info] Got 1 sessions for ...
2026-07-04 12:00:25.559 [info] Getting sessions for all scopes...
2026-07-04 12:00:25.559 [info] Got 1 sessions for ...
2026-07-04 12:00:25.560 [info] Getting sessions for all scopes...
2026-07-04 12:00:25.560 [info] Got 1 sessions for ...
2026-07-04 12:00:25.970 [info] Getting sessions for all scopes...
2026-07-04 12:00:25.970 [info] Got 1 sessions for ...
2026-07-04 12:00:25.971 [info] Getting sessions for all scopes...
2026-07-04 12:00:25.971 [info] Got 1 sessions for ...
2026-07-04 12:00:26.303 [info] Getting sessions for all scopes...
2026-07-04 12:00:26.304 [info] Got 1 sessions for ...
2026-07-04 12:00:26.320 [info] Getting sessions for all scopes...
2026-07-04 12:00:26.321 [info] Got 1 sessions for ...
2026-07-04 12:00:26.640 [info] Getting sessions for all scopes...
2026-07-04 12:00:26.640 [info] Got 1 sessions for ...
2026-07-04 12:00:26.642 [info] Getting sessions for all scopes...
2026-07-04 12:00:26.642 [info] Got 1 sessions for ...
2026-07-04 12:00:27.064 [info] Getting sessions for all scopes...
2026-07-04 12:00:27.064 [info] Got 1 sessions for ...
2026-07-04 12:00:27.066 [info] Getting sessions for all scopes...
2026-07-04 12:00:27.066 [info] Got 1 sessions for ...
2026-07-04 12:00:27.476 [info] Getting sessions for all scopes...
2026-07-04 12:00:27.476 [info] Got 1 sessions for ...
2026-07-04 12:00:27.477 [info] Getting sessions for all scopes...
2026-07-04 12:00:27.477 [info] Got 1 sessions for ...
2026-07-04 12:00:28.026 [info] Getting sessions for all scopes...
2026-07-04 12:00:28.026 [info] Got 1 sessions for ...
2026-07-04 12:00:28.027 [info] Getting sessions for all scopes...
2026-07-04 12:00:28.027 [info] Got 1 sessions for ...
2026-07-04 12:00:28.905 [info] Getting sessions for all scopes...
2026-07-04 12:00:28.905 [info] Got 1 sessions for ...
2026-07-04 12:00:28.907 [info] Getting sessions for all scopes...
2026-07-04 12:00:28.907 [info] Got 1 sessions for ...
2026-07-04 12:00:29.650 [info] Getting sessions for all scopes...
2026-07-04 12:00:29.651 [info] Got 1 sessions for ...
2026-07-04 12:00:29.652 [info] Getting sessions for all scopes...
2026-07-04 12:00:29.652 [info] Got 1 sessions for ...
2026-07-04 12:00:30.203 [info] Getting sessions for all scopes...
2026-07-04 12:00:30.203 [info] Got 1 sessions for ...
2026-07-04 12:00:30.205 [info] Getting sessions for all scopes...
2026-07-04 12:00:30.205 [info] Got 1 sessions for ...
2026-07-04 12:00:31.157 [info] Getting sessions for all scopes...
2026-07-04 12:00:31.157 [info] Got 1 sessions for ...
2026-07-04 12:00:31.158 [info] Getting sessions for all scopes...
2026-07-04 12:00:31.158 [info] Got 1 sessions for ...
2026-07-04 12:01:27.431 [info] Getting sessions for all scopes...
2026-07-04 12:01:27.431 [info] Got 1 sessions for ...
2026-07-04 12:01:27.432 [info] Getting sessions for all scopes...
2026-07-04 12:01:27.432 [info] Got 1 sessions for ...
2026-07-04 12:01:27.831 [info] Getting sessions for all scopes...
2026-07-04 12:01:27.831 [info] Got 1 sessions for ...
2026-07-04 12:01:27.834 [info] Getting sessions for all scopes...
2026-07-04 12:01:27.834 [info] Got 1 sessions for ...
2026-07-04 12:01:28.114 [info] Getting sessions for all scopes...
2026-07-04 12:01:28.114 [info] Got 1 sessions for ...
2026-07-04 12:01:28.125 [info] Getting sessions for all scopes...
2026-07-04 12:01:28.125 [info] Got 1 sessions for ...
2026-07-04 12:01:28.349 [info] Getting sessions for all scopes...
2026-07-04 12:01:28.349 [info] Got 1 sessions for ...
2026-07-04 12:01:28.355 [info] Getting sessions for all scopes...
2026-07-04 12:01:28.355 [info] Got 1 sessions for ...
2026-07-04 12:01:28.550 [info] Getting sessions for all scopes...
2026-07-04 12:01:28.550 [info] Got 1 sessions for ...
2026-07-04 12:01:28.575 [info] Getting sessions for all scopes...
2026-07-04 12:01:28.575 [info] Got 1 sessions for ...
2026-07-04 12:01:28.799 [info] Getting sessions for all scopes...
2026-07-04 12:01:28.800 [info] Got 1 sessions for ...
2026-07-04 12:01:28.824 [info] Getting sessions for all scopes...
2026-07-04 12:01:28.824 [info] Got 1 sessions for ...
2026-07-04 12:01:29.043 [info] Getting sessions for all scopes...
2026-07-04 12:01:29.044 [info] Got 1 sessions for ...
2026-07-04 12:01:29.045 [info] Getting sessions for all scopes...
2026-07-04 12:01:29.045 [info] Got 1 sessions for ...
2026-07-04 12:02:16.298 [info] Getting sessions for all scopes...
2026-07-04 12:02:16.298 [info] Got 1 sessions for ...
2026-07-04 12:02:16.299 [info] Getting sessions for all scopes...
2026-07-04 12:02:16.299 [info] Got 1 sessions for ...
2026-07-04 12:02:16.741 [info] Getting sessions for all scopes...
2026-07-04 12:02:16.741 [info] Got 1 sessions for ...
2026-07-04 12:02:16.743 [info] Getting sessions for all scopes...
2026-07-04 12:02:16.743 [info] Got 1 sessions for ...
2026-07-04 12:02:17.021 [info] Getting sessions for all scopes...
2026-07-04 12:02:17.021 [info] Got 1 sessions for ...
2026-07-04 12:02:17.022 [info] Getting sessions for all scopes...
2026-07-04 12:02:17.022 [info] Got 1 sessions for ...
2026-07-04 12:02:17.290 [info] Getting sessions for all scopes...
2026-07-04 12:02:17.290 [info] Got 1 sessions for ...
2026-07-04 12:02:17.292 [info] Getting sessions for all scopes...
2026-07-04 12:02:17.292 [info] Got 1 sessions for ...
2026-07-04 12:02:17.576 [info] Getting sessions for all scopes...
2026-07-04 12:02:17.576 [info] Got 1 sessions for ...
2026-07-04 12:02:17.577 [info] Getting sessions for all scopes...
2026-07-04 12:02:17.577 [info] Got 1 sessions for ...
2026-07-04 12:02:17.873 [info] Getting sessions for all scopes...
2026-07-04 12:02:17.873 [info] Got 1 sessions for ...
2026-07-04 12:02:17.874 [info] Getting sessions for all scopes...
2026-07-04 12:02:17.874 [info] Got 1 sessions for ...
2026-07-04 12:02:18.195 [info] Getting sessions for all scopes...
2026-07-04 12:02:18.195 [info] Got 1 sessions for ...
2026-07-04 12:02:18.197 [info] Getting sessions for all scopes...
2026-07-04 12:02:18.197 [info] Got 1 sessions for ...
2026-07-04 12:02:18.665 [info] Getting sessions for all scopes...
2026-07-04 12:02:18.665 [info] Got 1 sessions for ...
2026-07-04 12:02:18.666 [info] Getting sessions for all scopes...
2026-07-04 12:02:18.666 [info] Got 1 sessions for ...
2026-07-04 12:02:33.308 [info] Getting sessions for all scopes...
2026-07-04 12:02:33.309 [info] Got 1 sessions for ...
2026-07-04 12:02:33.309 [info] Getting sessions for all scopes...
2026-07-04 12:02:33.309 [info] Got 1 sessions for ...
2026-07-04 12:02:33.681 [info] Getting sessions for all scopes...
2026-07-04 12:02:33.682 [info] Got 1 sessions for ...
2026-07-04 12:02:33.692 [info] Getting sessions for all scopes...
2026-07-04 12:02:33.692 [info] Got 1 sessions for ...
2026-07-04 12:02:33.904 [info] Getting sessions for all scopes...
2026-07-04 12:02:33.905 [info] Got 1 sessions for ...
2026-07-04 12:02:33.911 [info] Getting sessions for all scopes...
2026-07-04 12:02:33.911 [info] Got 1 sessions for ...
2026-07-04 12:02:34.160 [info] Getting sessions for all scopes...
2026-07-04 12:02:34.160 [info] Got 1 sessions for ...
2026-07-04 12:02:34.162 [info] Getting sessions for all scopes...
2026-07-04 12:02:34.162 [info] Got 1 sessions for ...
2026-07-04 12:02:34.434 [info] Getting sessions for all scopes...
2026-07-04 12:02:34.434 [info] Got 1 sessions for ...
2026-07-04 12:02:34.437 [info] Getting sessions for all scopes...
2026-07-04 12:02:34.437 [info] Got 1 sessions for ...
2026-07-04 12:02:34.713 [info] Getting sessions for all scopes...
2026-07-04 12:02:34.713 [info] Got 1 sessions for ...
2026-07-04 12:02:34.740 [info] Getting sessions for all scopes...
2026-07-04 12:02:34.740 [info] Got 1 sessions for ...
2026-07-04 12:02:34.979 [info] Getting sessions for all scopes...
2026-07-04 12:02:34.979 [info] Got 1 sessions for ...
2026-07-04 12:02:34.981 [info] Getting sessions for all scopes...
2026-07-04 12:02:34.981 [info] Got 1 sessions for ...
2026-07-04 12:02:35.559 [info] Getting sessions for all scopes...
2026-07-04 12:02:35.559 [info] Got 1 sessions for ...
2026-07-04 12:02:35.560 [info] Getting sessions for all scopes...
2026-07-04 12:02:35.560 [info] Got 1 sessions for ...
2026-07-04 12:02:37.520 [info] Getting sessions for all scopes...
2026-07-04 12:02:37.520 [info] Got 1 sessions for ...
2026-07-04 12:02:37.520 [info] Getting sessions for all scopes...
2026-07-04 12:02:37.520 [info] Got 1 sessions for ...
2026-07-04 12:03:07.090 [info] Getting sessions for all scopes...
2026-07-04 12:03:07.090 [info] Got 1 sessions for ...
2026-07-04 12:03:07.090 [info] Getting sessions for all scopes...
2026-07-04 12:03:07.090 [info] Got 1 sessions for ...
2026-07-04 12:03:08.032 [info] Getting sessions for all scopes...
2026-07-04 12:03:08.032 [info] Got 1 sessions for ...
2026-07-04 12:03:08.033 [info] Getting sessions for all scopes...
2026-07-04 12:03:08.033 [info] Got 1 sessions for ...
2026-07-04 12:03:08.459 [info] Getting sessions for all scopes...
2026-07-04 12:03:08.459 [info] Got 1 sessions for ...
2026-07-04 12:03:08.461 [info] Getting sessions for all scopes...
2026-07-04 12:03:08.461 [info] Got 1 sessions for ...
2026-07-04 12:03:08.895 [info] Getting sessions for all scopes...
2026-07-04 12:03:08.895 [info] Got 1 sessions for ...
2026-07-04 12:03:08.896 [info] Getting sessions for all scopes...
2026-07-04 12:03:08.896 [info] Got 1 sessions for ...
2026-07-04 12:03:09.368 [info] Getting sessions for all scopes...
2026-07-04 12:03:09.368 [info] Got 1 sessions for ...
2026-07-04 12:03:09.369 [info] Getting sessions for all scopes...
2026-07-04 12:03:09.369 [info] Got 1 sessions for ...
2026-07-04 12:03:18.856 [info] Getting sessions for all scopes...
2026-07-04 12:03:18.856 [info] Got 1 sessions for ...
2026-07-04 12:03:18.857 [info] Getting sessions for all scopes...
2026-07-04 12:03:18.857 [info] Got 1 sessions for ...
2026-07-04 12:03:19.617 [info] Getting sessions for all scopes...
2026-07-04 12:03:19.617 [info] Got 1 sessions for ...
2026-07-04 12:03:19.618 [info] Getting sessions for all scopes...
2026-07-04 12:03:19.618 [info] Got 1 sessions for ...
2026-07-04 12:05:52.107 [info] Getting sessions for all scopes...
2026-07-04 12:05:52.107 [info] Got 1 sessions for ...
2026-07-04 12:05:52.108 [info] Getting sessions for all scopes...
2026-07-04 12:05:52.108 [info] Got 1 sessions for ...
2026-07-04 12:08:16.320 [info] Getting sessions for all scopes...
2026-07-04 12:08:16.320 [info] Got 1 sessions for ...
2026-07-04 12:08:16.321 [info] Getting sessions for all scopes...
2026-07-04 12:08:16.321 [info] Got 1 sessions for ...
2026-07-04 12:08:48.998 [info] Getting sessions for all scopes...
2026-07-04 12:08:48.998 [info] Got 1 sessions for ...
2026-07-04 12:08:48.999 [info] Getting sessions for all scopes...
2026-07-04 12:08:48.999 [info] Got 1 sessions for ...
2026-07-04 12:09:26.712 [info] Getting sessions for all scopes...
2026-07-04 12:09:26.712 [info] Got 1 sessions for ...
2026-07-04 12:09:26.714 [info] Getting sessions for all scopes...
2026-07-04 12:09:26.714 [info] Got 1 sessions for ...
2026-07-04 12:09:27.970 [info] Getting sessions for all scopes...
2026-07-04 12:09:27.970 [info] Got 1 sessions for ...
2026-07-04 12:09:27.973 [info] Getting sessions for all scopes...
2026-07-04 12:09:27.973 [info] Got 1 sessions for ...
2026-07-04 12:09:30.861 [info] Getting sessions for all scopes...
2026-07-04 12:09:30.861 [info] Got 1 sessions for ...
2026-07-04 12:09:30.863 [info] Getting sessions for all scopes...
2026-07-04 12:09:30.863 [info] Got 1 sessions for ...
2026-07-04 12:09:44.945 [info] Getting sessions for all scopes...
2026-07-04 12:09:44.945 [info] Got 1 sessions for ...
2026-07-04 12:09:44.946 [info] Getting sessions for all scopes...
2026-07-04 12:09:44.946 [info] Got 1 sessions for ...
2026-07-04 12:09:45.811 [info] Getting sessions for all scopes...
2026-07-04 12:09:45.811 [info] Got 1 sessions for ...
2026-07-04 12:09:45.812 [info] Getting sessions for all scopes...
2026-07-04 12:09:45.812 [info] Got 1 sessions for ...
2026-07-04 12:10:30.516 [info] Getting sessions for all scopes...
2026-07-04 12:10:30.516 [info] Got 1 sessions for ...
2026-07-04 12:10:30.519 [info] Getting sessions for all scopes...
2026-07-04 12:10:30.519 [info] Got 1 sessions for ...
2026-07-04 12:10:30.746 [info] Getting sessions for all scopes...
2026-07-04 12:10:30.746 [info] Got 1 sessions for ...
2026-07-04 12:10:30.842 [info] Getting sessions for all scopes...
2026-07-04 12:10:30.842 [info] Got 1 sessions for ...
2026-07-04 12:10:31.014 [info] Getting sessions for all scopes...
2026-07-04 12:10:31.014 [info] Got 1 sessions for ...
2026-07-04 12:10:31.018 [info] Getting sessions for all scopes...
2026-07-04 12:10:31.018 [info] Got 1 sessions for ...
2026-07-04 12:10:31.392 [info] Getting sessions for all scopes...
2026-07-04 12:10:31.392 [info] Got 1 sessions for ...
2026-07-04 12:10:31.392 [info] Getting sessions for all scopes...
2026-07-04 12:10:31.392 [info] Got 1 sessions for ...
2026-07-04 12:10:31.873 [info] Getting sessions for all scopes...
2026-07-04 12:10:31.873 [info] Got 1 sessions for ...
2026-07-04 12:10:31.874 [info] Getting sessions for all scopes...
2026-07-04 12:10:31.874 [info] Got 1 sessions for ...
2026-07-04 12:10:33.291 [info] Getting sessions for all scopes...
2026-07-04 12:10:33.291 [info] Got 1 sessions for ...
2026-07-04 12:10:33.294 [info] Getting sessions for all scopes...
2026-07-04 12:10:33.294 [info] Got 1 sessions for ...
2026-07-04 12:10:33.821 [info] Getting sessions for all scopes...
2026-07-04 12:10:33.821 [info] Got 1 sessions for ...
2026-07-04 12:10:33.822 [info] Getting sessions for all scopes...
2026-07-04 12:10:33.822 [info] Got 1 sessions for ...
2026-07-04 12:10:34.419 [info] Getting sessions for all scopes...
2026-07-04 12:10:34.420 [info] Got 1 sessions for ...
2026-07-04 12:10:34.420 [info] Getting sessions for all scopes...
2026-07-04 12:10:34.420 [info] Got 1 sessions for ...
2026-07-04 12:11:24.887 [info] Getting sessions for all scopes...
2026-07-04 12:11:24.887 [info] Got 1 sessions for ...
2026-07-04 12:11:24.914 [info] Getting sessions for all scopes...
2026-07-04 12:11:24.914 [info] Got 1 sessions for ...
2026-07-04 12:11:25.393 [info] Getting sessions for all scopes...
2026-07-04 12:11:25.393 [info] Got 1 sessions for ...
2026-07-04 12:11:25.394 [info] Getting sessions for all scopes...
2026-07-04 12:11:25.394 [info] Got 1 sessions for ...
2026-07-04 12:11:26.515 [info] Getting sessions for all scopes...
2026-07-04 12:11:26.515 [info] Got 1 sessions for ...
2026-07-04 12:11:26.516 [info] Getting sessions for all scopes...
2026-07-04 12:11:26.516 [info] Got 1 sessions for ...
2026-07-04 12:11:27.737 [info] Getting sessions for all scopes...
2026-07-04 12:11:27.737 [info] Got 1 sessions for ...
2026-07-04 12:11:27.738 [info] Getting sessions for all scopes...
2026-07-04 12:11:27.738 [info] Got 1 sessions for ...
2026-07-04 12:11:28.671 [info] Getting sessions for all scopes...
2026-07-04 12:11:28.671 [info] Got 1 sessions for ...
2026-07-04 12:11:28.672 [info] Getting sessions for all scopes...
2026-07-04 12:11:28.672 [info] Got 1 sessions for ...
2026-07-04 12:11:28.982 [info] Getting sessions for all scopes...
2026-07-04 12:11:28.982 [info] Got 1 sessions for ...
2026-07-04 12:11:28.991 [info] Getting sessions for all scopes...
2026-07-04 12:11:28.991 [info] Got 1 sessions for ...
2026-07-04 12:11:30.087 [info] Getting sessions for all scopes...
2026-07-04 12:11:30.087 [info] Got 1 sessions for ...
2026-07-04 12:11:30.088 [info] Getting sessions for all scopes...
2026-07-04 12:11:30.088 [info] Got 1 sessions for ...
2026-07-04 12:11:30.603 [info] Getting sessions for all scopes...
2026-07-04 12:11:30.603 [info] Got 1 sessions for ...
2026-07-04 12:11:30.603 [info] Getting sessions for all scopes...
2026-07-04 12:11:30.603 [info] Got 1 sessions for ...
2026-07-04 12:11:32.051 [info] Getting sessions for all scopes...
2026-07-04 12:11:32.051 [info] Got 1 sessions for ...
2026-07-04 12:11:32.052 [info] Getting sessions for all scopes...
2026-07-04 12:11:32.052 [info] Got 1 sessions for ...
2026-07-04 12:11:32.455 [info] Getting sessions for all scopes...
2026-07-04 12:11:32.455 [info] Got 1 sessions for ...
2026-07-04 12:11:32.456 [info] Getting sessions for all scopes...
2026-07-04 12:11:32.456 [info] Got 1 sessions for ...
2026-07-04 12:11:32.766 [info] Getting sessions for all scopes...
2026-07-04 12:11:32.766 [info] Got 1 sessions for ...
2026-07-04 12:11:32.777 [info] Getting sessions for all scopes...
2026-07-04 12:11:32.777 [info] Got 1 sessions for ...
2026-07-04 12:11:33.206 [info] Getting sessions for all scopes...
2026-07-04 12:11:33.206 [info] Got 1 sessions for ...
2026-07-04 12:11:33.207 [info] Getting sessions for all scopes...
2026-07-04 12:11:33.207 [info] Got 1 sessions for ...
2026-07-04 12:11:33.811 [info] Getting sessions for all scopes...
2026-07-04 12:11:33.811 [info] Got 1 sessions for ...
2026-07-04 12:11:33.811 [info] Getting sessions for all scopes...
2026-07-04 12:11:33.811 [info] Got 1 sessions for ...
2026-07-04 12:12:26.338 [info] Getting sessions for all scopes...
2026-07-04 12:12:26.338 [info] Got 1 sessions for ...
2026-07-04 12:12:26.338 [info] Getting sessions for all scopes...
2026-07-04 12:12:26.338 [info] Got 1 sessions for ...
2026-07-04 12:12:28.251 [info] Getting sessions for all scopes...
2026-07-04 12:12:28.251 [info] Got 1 sessions for ...
2026-07-04 12:12:28.252 [info] Getting sessions for all scopes...
2026-07-04 12:12:28.252 [info] Got 1 sessions for ...
2026-07-04 12:12:43.442 [info] Getting sessions for all scopes...
2026-07-04 12:12:43.442 [info] Got 1 sessions for ...
2026-07-04 12:12:43.443 [info] Getting sessions for all scopes...
2026-07-04 12:12:43.443 [info] Got 1 sessions for ...
2026-07-04 12:12:56.870 [info] Getting sessions for all scopes...
2026-07-04 12:12:56.871 [info] Got 1 sessions for ...
2026-07-04 12:12:56.872 [info] Getting sessions for all scopes...
2026-07-04 12:12:56.872 [info] Got 1 sessions for ...
2026-07-04 12:13:25.733 [info] Getting sessions for all scopes...
2026-07-04 12:13:25.733 [info] Got 1 sessions for ...
2026-07-04 12:13:25.734 [info] Getting sessions for all scopes...
2026-07-04 12:13:25.734 [info] Got 1 sessions for ...
2026-07-04 12:13:32.015 [info] Getting sessions for all scopes...
2026-07-04 12:13:32.015 [info] Got 1 sessions for ...
2026-07-04 12:13:32.015 [info] Getting sessions for all scopes...
2026-07-04 12:13:32.015 [info] Got 1 sessions for ...
2026-07-04 12:13:38.140 [info] Getting sessions for all scopes...
2026-07-04 12:13:38.140 [info] Got 1 sessions for ...
2026-07-04 12:13:38.141 [info] Getting sessions for all scopes...
2026-07-04 12:13:38.141 [info] Got 1 sessions for ...
2026-07-04 12:14:00.996 [info] Getting sessions for all scopes...
2026-07-04 12:14:00.996 [info] Got 1 sessions for ...
2026-07-04 12:14:00.996 [info] Getting sessions for all scopes...
2026-07-04 12:14:00.996 [info] Got 1 sessions for ...
2026-07-04 12:14:02.237 [info] Getting sessions for all scopes...
2026-07-04 12:14:02.237 [info] Got 1 sessions for ...
2026-07-04 12:14:02.237 [info] Getting sessions for all scopes...
2026-07-04 12:14:02.237 [info] Got 1 sessions for ...
2026-07-04 12:14:03.428 [info] Getting sessions for all scopes...
2026-07-04 12:14:03.428 [info] Got 1 sessions for ...
2026-07-04 12:14:03.428 [info] Getting sessions for all scopes...
2026-07-04 12:14:03.428 [info] Got 1 sessions for ...
2026-07-04 12:14:34.115 [info] Getting sessions for all scopes...
2026-07-04 12:14:34.115 [info] Got 1 sessions for ...
2026-07-04 12:14:34.117 [info] Getting sessions for all scopes...
2026-07-04 12:14:34.117 [info] Got 1 sessions for ...
2026-07-04 12:14:58.252 [info] Getting sessions for all scopes...
2026-07-04 12:14:58.252 [info] Got 1 sessions for ...
2026-07-04 12:14:58.253 [info] Getting sessions for all scopes...
2026-07-04 12:14:58.253 [info] Got 1 sessions for ...
2026-07-04 12:14:58.568 [info] Getting sessions for all scopes...
2026-07-04 12:14:58.568 [info] Got 1 sessions for ...
2026-07-04 12:14:58.570 [info] Getting sessions for all scopes...
2026-07-04 12:14:58.570 [info] Got 1 sessions for ...
2026-07-04 12:14:59.321 [info] Getting sessions for all scopes...
2026-07-04 12:14:59.321 [info] Got 1 sessions for ...
2026-07-04 12:14:59.333 [info] Getting sessions for all scopes...
2026-07-04 12:14:59.333 [info] Got 1 sessions for ...
2026-07-04 12:15:56.609 [info] Getting sessions for all scopes...
2026-07-04 12:15:56.609 [info] Got 1 sessions for ...
2026-07-04 12:15:56.609 [info] Getting sessions for all scopes...
2026-07-04 12:15:56.609 [info] Got 1 sessions for ...
2026-07-04 12:15:56.927 [info] Getting sessions for all scopes...
2026-07-04 12:15:56.927 [info] Got 1 sessions for ...
2026-07-04 12:15:56.930 [info] Getting sessions for all scopes...
2026-07-04 12:15:56.930 [info] Got 1 sessions for ...
2026-07-04 12:15:57.253 [info] Getting sessions for all scopes...
2026-07-04 12:15:57.254 [info] Got 1 sessions for ...
2026-07-04 12:15:57.255 [info] Getting sessions for all scopes...
2026-07-04 12:15:57.255 [info] Got 1 sessions for ...
2026-07-04 12:15:57.910 [info] Getting sessions for all scopes...
2026-07-04 12:15:57.910 [info] Got 1 sessions for ...
2026-07-04 12:15:57.914 [info] Getting sessions for all scopes...
2026-07-04 12:15:57.914 [info] Got 1 sessions for ...
2026-07-04 12:15:58.408 [info] Getting sessions for all scopes...
2026-07-04 12:15:58.408 [info] Got 1 sessions for ...
2026-07-04 12:15:58.408 [info] Getting sessions for all scopes...
2026-07-04 12:15:58.408 [info] Got 1 sessions for ...
2026-07-04 12:16:52.750 [info] Getting sessions for all scopes...
2026-07-04 12:16:52.750 [info] Got 1 sessions for ...
2026-07-04 12:16:52.755 [info] Getting sessions for all scopes...
2026-07-04 12:16:52.755 [info] Got 1 sessions for ...
2026-07-04 12:16:53.906 [info] Getting sessions for all scopes...
2026-07-04 12:16:53.906 [info] Got 1 sessions for ...
2026-07-04 12:16:53.910 [info] Getting sessions for all scopes...
2026-07-04 12:16:53.911 [info] Got 1 sessions for ...
2026-07-04 12:17:44.987 [info] Getting sessions for all scopes...
2026-07-04 12:17:44.987 [info] Got 1 sessions for ...
2026-07-04 12:17:44.988 [info] Getting sessions for all scopes...
2026-07-04 12:17:44.988 [info] Got 1 sessions for ...
2026-07-04 12:17:46.332 [info] Getting sessions for all scopes...
2026-07-04 12:17:46.332 [info] Got 1 sessions for ...
2026-07-04 12:17:46.334 [info] Getting sessions for all scopes...
2026-07-04 12:17:46.334 [info] Got 1 sessions for ...
2026-07-04 12:18:38.419 [info] Getting sessions for all scopes...
2026-07-04 12:18:38.420 [info] Got 1 sessions for ...
2026-07-04 12:18:38.422 [info] Getting sessions for all scopes...
2026-07-04 12:18:38.422 [info] Got 1 sessions for ...
2026-07-04 12:18:45.077 [info] Getting sessions for all scopes...
2026-07-04 12:18:45.077 [info] Got 1 sessions for ...
2026-07-04 12:18:45.079 [info] Getting sessions for all scopes...
2026-07-04 12:18:45.079 [info] Got 1 sessions for ...
2026-07-04 12:18:45.465 [info] Getting sessions for all scopes...
2026-07-04 12:18:45.465 [info] Got 1 sessions for ...
2026-07-04 12:18:45.466 [info] Getting sessions for all scopes...
2026-07-04 12:18:45.466 [info] Got 1 sessions for ...
2026-07-04 12:18:45.857 [info] Getting sessions for all scopes...
2026-07-04 12:18:45.857 [info] Got 1 sessions for ...
2026-07-04 12:18:45.859 [info] Getting sessions for all scopes...
2026-07-04 12:18:45.859 [info] Got 1 sessions for ...
2026-07-04 12:18:46.364 [info] Getting sessions for all scopes...
2026-07-04 12:18:46.364 [info] Got 1 sessions for ...
2026-07-04 12:18:46.368 [info] Getting sessions for all scopes...
2026-07-04 12:18:46.369 [info] Got 1 sessions for ...
2026-07-04 12:18:46.879 [info] Getting sessions for all scopes...
2026-07-04 12:18:46.879 [info] Got 1 sessions for ...
2026-07-04 12:18:46.882 [info] Getting sessions for all scopes...
2026-07-04 12:18:46.882 [info] Got 1 sessions for ...
2026-07-04 12:18:47.263 [info] Getting sessions for all scopes...
2026-07-04 12:18:47.263 [info] Got 1 sessions for ...
2026-07-04 12:18:47.264 [info] Getting sessions for all scopes...
2026-07-04 12:18:47.264 [info] Got 1 sessions for ...
2026-07-04 12:18:48.144 [info] Getting sessions for all scopes...
2026-07-04 12:18:48.144 [info] Got 1 sessions for ...
2026-07-04 12:18:48.145 [info] Getting sessions for all scopes...
2026-07-04 12:18:48.145 [info] Got 1 sessions for ...
2026-07-04 12:18:51.201 [info] Getting sessions for all scopes...
2026-07-04 12:18:51.201 [info] Got 1 sessions for ...
2026-07-04 12:18:51.202 [info] Getting sessions for all scopes...
2026-07-04 12:18:51.202 [info] Got 1 sessions for ...
2026-07-04 12:18:54.140 [info] Getting sessions for all scopes...
2026-07-04 12:18:54.140 [info] Got 1 sessions for ...
2026-07-04 12:18:54.145 [info] Getting sessions for all scopes...
2026-07-04 12:18:54.145 [info] Got 1 sessions for ...
2026-07-04 12:18:54.738 [info] Getting sessions for all scopes...
2026-07-04 12:18:54.738 [info] Got 1 sessions for ...
2026-07-04 12:18:54.739 [info] Getting sessions for all scopes...
2026-07-04 12:18:54.739 [info] Got 1 sessions for ...
2026-07-04 12:18:58.652 [info] Getting sessions for all scopes...
2026-07-04 12:18:58.652 [info] Got 1 sessions for ...
2026-07-04 12:18:58.655 [info] Getting sessions for all scopes...
2026-07-04 12:18:58.655 [info] Got 1 sessions for ...
2026-07-04 12:19:16.953 [info] Getting sessions for all scopes...
2026-07-04 12:19:16.953 [info] Got 1 sessions for ...
2026-07-04 12:19:16.959 [info] Getting sessions for all scopes...
2026-07-04 12:19:16.959 [info] Got 1 sessions for ...
2026-07-04 12:19:23.513 [info] Getting sessions for all scopes...
2026-07-04 12:19:23.513 [info] Got 1 sessions for ...
2026-07-04 12:19:23.513 [info] Getting sessions for all scopes...
2026-07-04 12:19:23.513 [info] Got 1 sessions for ...
2026-07-04 12:19:24.150 [info] Getting sessions for all scopes...
2026-07-04 12:19:24.150 [info] Got 1 sessions for ...
2026-07-04 12:19:24.170 [info] Getting sessions for all scopes...
2026-07-04 12:19:24.170 [info] Got 1 sessions for ...
2026-07-04 12:19:25.124 [info] Getting sessions for all scopes...
2026-07-04 12:19:25.124 [info] Got 1 sessions for ...
2026-07-04 12:19:25.125 [info] Getting sessions for all scopes...
2026-07-04 12:19:25.125 [info] Got 1 sessions for ...
2026-07-04 12:19:26.283 [info] Getting sessions for all scopes...
2026-07-04 12:19:26.283 [info] Got 1 sessions for ...
2026-07-04 12:19:26.284 [info] Getting sessions for all scopes...
2026-07-04 12:19:26.284 [info] Got 1 sessions for ...
2026-07-04 12:21:03.279 [info] Getting sessions for all scopes...
2026-07-04 12:21:03.279 [info] Got 1 sessions for ...
2026-07-04 12:21:03.280 [info] Getting sessions for all scopes...
2026-07-04 12:21:03.280 [info] Got 1 sessions for ...
2026-07-04 12:21:18.191 [info] Getting sessions for all scopes...
2026-07-04 12:21:18.191 [info] Got 1 sessions for ...
2026-07-04 12:21:18.194 [info] Getting sessions for all scopes...
2026-07-04 12:21:18.194 [info] Got 1 sessions for ...
2026-07-04 12:21:20.580 [info] Getting sessions for all scopes...
2026-07-04 12:21:20.580 [info] Got 1 sessions for ...
2026-07-04 12:21:20.582 [info] Getting sessions for all scopes...
2026-07-04 12:21:20.582 [info] Got 1 sessions for ...
2026-07-04 12:21:42.434 [info] Getting sessions for all scopes...
2026-07-04 12:21:42.434 [info] Got 1 sessions for ...
2026-07-04 12:21:42.435 [info] Getting sessions for all scopes...
2026-07-04 12:21:42.435 [info] Got 1 sessions for ...
2026-07-04 12:21:50.299 [info] Getting sessions for all scopes...
2026-07-04 12:21:50.299 [info] Got 1 sessions for ...
2026-07-04 12:21:50.314 [info] Getting sessions for all scopes...
2026-07-04 12:21:50.315 [info] Got 1 sessions for ...
2026-07-04 12:21:55.269 [info] Getting sessions for all scopes...
2026-07-04 12:21:55.269 [info] Got 1 sessions for ...
2026-07-04 12:21:55.312 [info] Getting sessions for all scopes...
2026-07-04 12:21:55.312 [info] Got 1 sessions for ...
2026-07-04 12:22:02.750 [info] Getting sessions for all scopes...
2026-07-04 12:22:02.750 [info] Got 1 sessions for ...
2026-07-04 12:22:02.764 [info] Getting sessions for read:user,repo,user:email,workflow...
2026-07-04 12:22:02.764 [info] Got 1 sessions for read:user,repo,user:email,workflow...
2026-07-04 12:22:03.452 [info] Getting sessions for all scopes...
2026-07-04 12:22:03.452 [info] Got 1 sessions for ...
2026-07-04 12:22:03.453 [info] Getting sessions for all scopes...
2026-07-04 12:22:03.453 [info] Got 1 sessions for ...
2026-07-04 12:22:03.455 [info] Getting sessions for read:user,repo,user:email,workflow...
2026-07-04 12:22:03.455 [info] Got 1 sessions for read:user,repo,user:email,workflow...
2026-07-04 12:22:21.228 [info] Getting sessions for all scopes...
2026-07-04 12:22:21.228 [info] Got 1 sessions for ...
2026-07-04 12:22:21.268 [info] Getting sessions for all scopes...
2026-07-04 12:22:21.268 [info] Got 1 sessions for ...
2026-07-04 12:22:50.639 [info] Getting sessions for all scopes...
2026-07-04 12:22:50.639 [info] Got 1 sessions for ...
2026-07-04 12:22:50.640 [info] Getting sessions for all scopes...
2026-07-04 12:22:50.640 [info] Got 1 sessions for ...
2026-07-04 12:22:53.034 [info] Getting sessions for all scopes...
2026-07-04 12:22:53.034 [info] Got 1 sessions for ...
2026-07-04 12:22:53.035 [info] Getting sessions for all scopes...
2026-07-04 12:22:53.035 [info] Got 1 sessions for ...
2026-07-04 12:23:17.182 [info] Getting sessions for all scopes...
2026-07-04 12:23:17.182 [info] Got 1 sessions for ...
2026-07-04 12:23:17.183 [info] Getting sessions for all scopes...
2026-07-04 12:23:17.183 [info] Got 1 sessions for ...
2026-07-04 12:23:26.622 [info] Getting sessions for all scopes...
2026-07-04 12:23:26.622 [info] Got 1 sessions for ...
2026-07-04 12:23:26.622 [info] Getting sessions for all scopes...
2026-07-04 12:23:26.622 [info] Got 1 sessions for ...
2026-07-04 12:23:50.349 [info] Getting sessions for all scopes...
2026-07-04 12:23:50.349 [info] Got 1 sessions for ...
2026-07-04 12:23:50.355 [info] Getting sessions for all scopes...
2026-07-04 12:23:50.355 [info] Got 1 sessions for ...
2026-07-04 12:23:59.332 [info] Getting sessions for all scopes...
2026-07-04 12:23:59.332 [info] Got 1 sessions for ...
2026-07-04 12:23:59.333 [info] Getting sessions for all scopes...
2026-07-04 12:23:59.333 [info] Got 1 sessions for ...
2026-07-04 12:24:06.128 [info] Getting sessions for all scopes...
2026-07-04 12:24:06.128 [info] Got 1 sessions for ...
2026-07-04 12:24:06.129 [info] Getting sessions for all scopes...
2026-07-04 12:24:06.129 [info] Got 1 sessions for ...
2026-07-04 12:24:25.310 [info] Getting sessions for all scopes...
2026-07-04 12:24:25.310 [info] Got 1 sessions for ...
2026-07-04 12:24:25.311 [info] Getting sessions for all scopes...
2026-07-04 12:24:25.311 [info] Got 1 sessions for ...
2026-07-04 12:24:54.947 [info] Getting sessions for all scopes...
2026-07-04 12:24:54.947 [info] Got 1 sessions for ...
2026-07-04 12:24:54.949 [info] Getting sessions for all scopes...
2026-07-04 12:24:54.949 [info] Got 1 sessions for ...
2026-07-04 12:24:59.219 [info] Getting sessions for all scopes...
2026-07-04 12:24:59.219 [info] Got 1 sessions for ...
2026-07-04 12:24:59.222 [info] Getting sessions for all scopes...
2026-07-04 12:24:59.222 [info] Got 1 sessions for ...
2026-07-04 12:25:04.458 [info] Getting sessions for all scopes...
2026-07-04 12:25:04.459 [info] Got 1 sessions for ...
2026-07-04 12:25:04.460 [info] Getting sessions for all scopes...
2026-07-04 12:25:04.460 [info] Got 1 sessions for ...
2026-07-04 12:25:12.178 [info] Getting sessions for all scopes...
2026-07-04 12:25:12.178 [info] Got 1 sessions for ...
2026-07-04 12:25:12.181 [info] Getting sessions for all scopes...
2026-07-04 12:25:12.181 [info] Got 1 sessions for ...
2026-07-04 12:25:15.273 [info] Getting sessions for all scopes...
2026-07-04 12:25:15.273 [info] Got 1 sessions for ...
2026-07-04 12:25:15.275 [info] Getting sessions for all scopes...
2026-07-04 12:25:15.275 [info] Got 1 sessions for ...
2026-07-04 12:25:24.396 [info] Getting sessions for all scopes...
2026-07-04 12:25:24.396 [info] Got 1 sessions for ...
2026-07-04 12:25:24.396 [info] Getting sessions for all scopes...
2026-07-04 12:25:24.396 [info] Got 1 sessions for ...
2026-07-04 12:25:50.179 [info] Getting sessions for all scopes...
2026-07-04 12:25:50.179 [info] Got 1 sessions for ...
2026-07-04 12:25:50.184 [info] Getting sessions for all scopes...
2026-07-04 12:25:50.184 [info] Got 1 sessions for ...
2026-07-04 12:26:22.272 [info] Getting sessions for all scopes...
2026-07-04 12:26:22.272 [info] Got 1 sessions for ...
2026-07-04 12:26:22.274 [info] Getting sessions for all scopes...
2026-07-04 12:26:22.274 [info] Got 1 sessions for ...
2026-07-04 12:26:23.112 [info] Getting sessions for all scopes...
2026-07-04 12:26:23.112 [info] Got 1 sessions for ...
2026-07-04 12:26:23.114 [info] Getting sessions for all scopes...
2026-07-04 12:26:23.114 [info] Got 1 sessions for ...
2026-07-04 12:26:23.661 [info] Getting sessions for all scopes...
2026-07-04 12:26:23.661 [info] Got 1 sessions for ...
2026-07-04 12:26:23.661 [info] Getting sessions for all scopes...
2026-07-04 12:26:23.661 [info] Got 1 sessions for ...
2026-07-04 12:26:24.248 [info] Getting sessions for all scopes...
2026-07-04 12:26:24.248 [info] Got 1 sessions for ...
2026-07-04 12:26:24.250 [info] Getting sessions for all scopes...
2026-07-04 12:26:24.250 [info] Got 1 sessions for ...
2026-07-04 12:26:37.336 [info] Getting sessions for all scopes...
2026-07-04 12:26:37.336 [info] Got 1 sessions for ...
2026-07-04 12:26:37.336 [info] Getting sessions for all scopes...
2026-07-04 12:26:37.336 [info] Got 1 sessions for ...
2026-07-04 12:27:21.354 [info] Getting sessions for all scopes...
2026-07-04 12:27:21.354 [info] Got 1 sessions for ...
2026-07-04 12:27:21.355 [info] Getting sessions for all scopes...
2026-07-04 12:27:21.356 [info] Got 1 sessions for ...
2026-07-04 12:28:09.923 [info] Getting sessions for all scopes...
2026-07-04 12:28:09.923 [info] Got 1 sessions for ...
2026-07-04 12:28:09.925 [info] Getting sessions for all scopes...
2026-07-04 12:28:09.925 [info] Got 1 sessions for ...
2026-07-04 12:29:16.560 [info] Getting sessions for all scopes...
2026-07-04 12:29:16.560 [info] Got 1 sessions for ...
2026-07-04 12:29:16.560 [info] Getting sessions for all scopes...
2026-07-04 12:29:16.560 [info] Got 1 sessions for ...
2026-07-04 12:29:18.728 [info] Getting sessions for all scopes...
2026-07-04 12:29:18.728 [info] Got 1 sessions for ...
2026-07-04 12:29:18.730 [info] Getting sessions for all scopes...
2026-07-04 12:29:18.730 [info] Got 1 sessions for ...
2026-07-04 12:31:06.068 [info] Getting sessions for all scopes...
2026-07-04 12:31:06.068 [info] Got 1 sessions for ...
2026-07-04 12:31:06.069 [info] Getting sessions for all scopes...
2026-07-04 12:31:06.069 [info] Got 1 sessions for ...
2026-07-04 12:31:13.573 [info] Getting sessions for all scopes...
2026-07-04 12:31:13.573 [info] Got 1 sessions for ...
2026-07-04 12:31:13.575 [info] Getting sessions for all scopes...
2026-07-04 12:31:13.575 [info] Got 1 sessions for ...
2026-07-04 12:31:33.428 [info] Getting sessions for all scopes...
2026-07-04 12:31:33.429 [info] Got 1 sessions for ...
2026-07-04 12:31:33.437 [info] Getting sessions for all scopes...
2026-07-04 12:31:33.437 [info] Got 1 sessions for ...
2026-07-04 12:31:36.169 [info] Getting sessions for all scopes...
2026-07-04 12:31:36.169 [info] Got 1 sessions for ...
2026-07-04 12:31:36.170 [info] Getting sessions for all scopes...
2026-07-04 12:31:36.170 [info] Got 1 sessions for ...
2026-07-04 12:33:26.160 [info] Getting sessions for all scopes...
2026-07-04 12:33:26.160 [info] Got 1 sessions for ...
2026-07-04 12:33:26.161 [info] Getting sessions for all scopes...
2026-07-04 12:33:26.161 [info] Got 1 sessions for ...
2026-07-04 12:35:19.601 [info] Getting sessions for all scopes...
2026-07-04 12:35:19.601 [info] Got 1 sessions for ...
2026-07-04 12:35:19.603 [info] Getting sessions for all scopes...
2026-07-04 12:35:19.603 [info] Got 1 sessions for ...
2026-07-04 12:35:20.621 [info] Getting sessions for all scopes...
2026-07-04 12:35:20.621 [info] Got 1 sessions for ...
2026-07-04 12:35:20.626 [info] Getting sessions for all scopes...
2026-07-04 12:35:20.626 [info] Got 1 sessions for ...
2026-07-04 12:35:20.965 [info] Getting sessions for all scopes...
2026-07-04 12:35:20.965 [info] Got 1 sessions for ...
2026-07-04 12:35:20.965 [info] Getting sessions for all scopes...
2026-07-04 12:35:20.965 [info] Got 1 sessions for ...
2026-07-04 12:35:21.815 [info] Getting sessions for all scopes...
2026-07-04 12:35:21.815 [info] Got 1 sessions for ...
2026-07-04 12:35:21.818 [info] Getting sessions for all scopes...
2026-07-04 12:35:21.818 [info] Got 1 sessions for ...
2026-07-04 12:35:22.248 [info] Getting sessions for all scopes...
2026-07-04 12:35:22.248 [info] Got 1 sessions for ...
2026-07-04 12:35:22.249 [info] Getting sessions for all scopes...
2026-07-04 12:35:22.249 [info] Got 1 sessions for ...
2026-07-04 12:35:22.579 [info] Getting sessions for all scopes...
2026-07-04 12:35:22.579 [info] Got 1 sessions for ...
2026-07-04 12:35:22.582 [info] Getting sessions for all scopes...
2026-07-04 12:35:22.582 [info] Got 1 sessions for ...
2026-07-04 12:35:23.019 [info] Getting sessions for all scopes...
2026-07-04 12:35:23.019 [info] Got 1 sessions for ...
2026-07-04 12:35:23.020 [info] Getting sessions for all scopes...
2026-07-04 12:35:23.020 [info] Got 1 sessions for ...
2026-07-04 12:35:42.364 [info] Getting sessions for all scopes...
2026-07-04 12:35:42.365 [info] Got 1 sessions for ...
2026-07-04 12:35:42.365 [info] Getting sessions for all scopes...
2026-07-04 12:35:42.365 [info] Got 1 sessions for ...
2026-07-04 12:36:17.358 [info] Getting sessions for all scopes...
2026-07-04 12:36:17.359 [info] Got 1 sessions for ...
2026-07-04 12:36:17.360 [info] Getting sessions for all scopes...
2026-07-04 12:36:17.360 [info] Got 1 sessions for ...
2026-07-04 12:37:24.037 [info] Getting sessions for all scopes...
2026-07-04 12:37:24.037 [info] Got 1 sessions for ...
2026-07-04 12:37:24.038 [info] Getting sessions for all scopes...
2026-07-04 12:37:24.038 [info] Got 1 sessions for ...
2026-07-04 12:37:41.770 [info] Getting sessions for all scopes...
2026-07-04 12:37:41.770 [info] Got 1 sessions for ...
2026-07-04 12:37:41.771 [info] Getting sessions for all scopes...
2026-07-04 12:37:41.771 [info] Got 1 sessions for ...
2026-07-04 12:37:50.608 [info] Getting sessions for all scopes...
2026-07-04 12:37:50.609 [info] Got 1 sessions for ...
2026-07-04 12:37:50.609 [info] Getting sessions for all scopes...
2026-07-04 12:37:50.609 [info] Got 1 sessions for ...
2026-07-04 12:38:04.199 [info] Getting sessions for all scopes...
2026-07-04 12:38:04.199 [info] Got 1 sessions for ...
2026-07-04 12:38:04.203 [info] Getting sessions for all scopes...
2026-07-04 12:38:04.203 [info] Got 1 sessions for ...
2026-07-04 12:38:26.035 [info] Getting sessions for all scopes...
2026-07-04 12:38:26.035 [info] Got 1 sessions for ...
2026-07-04 12:38:26.037 [info] Getting sessions for all scopes...
2026-07-04 12:38:26.037 [info] Got 1 sessions for ...
2026-07-04 12:38:28.231 [info] Getting sessions for all scopes...
2026-07-04 12:38:28.232 [info] Got 1 sessions for ...
2026-07-04 12:38:28.232 [info] Getting sessions for all scopes...
2026-07-04 12:38:28.232 [info] Got 1 sessions for ...
2026-07-04 12:38:29.163 [info] Getting sessions for all scopes...
2026-07-04 12:38:29.163 [info] Got 1 sessions for ...
2026-07-04 12:38:29.166 [info] Getting sessions for all scopes...
2026-07-04 12:38:29.166 [info] Got 1 sessions for ...
2026-07-04 12:38:29.687 [info] Getting sessions for all scopes...
2026-07-04 12:38:29.687 [info] Got 1 sessions for ...
2026-07-04 12:38:29.688 [info] Getting sessions for all scopes...
2026-07-04 12:38:29.688 [info] Got 1 sessions for ...
2026-07-04 12:38:30.325 [info] Getting sessions for all scopes...
2026-07-04 12:38:30.325 [info] Got 1 sessions for ...
2026-07-04 12:38:30.328 [info] Getting sessions for all scopes...
2026-07-04 12:38:30.329 [info] Got 1 sessions for ...
2026-07-04 12:38:31.272 [info] Getting sessions for all scopes...
2026-07-04 12:38:31.272 [info] Got 1 sessions for ...
2026-07-04 12:38:31.273 [info] Getting sessions for all scopes...
2026-07-04 12:38:31.273 [info] Got 1 sessions for ...
2026-07-04 12:38:31.782 [info] Getting sessions for all scopes...
2026-07-04 12:38:31.782 [info] Got 1 sessions for ...
2026-07-04 12:38:31.782 [info] Getting sessions for all scopes...
2026-07-04 12:38:31.782 [info] Got 1 sessions for ...
2026-07-04 12:38:32.347 [info] Getting sessions for all scopes...
2026-07-04 12:38:32.347 [info] Got 1 sessions for ...
2026-07-04 12:38:32.353 [info] Getting sessions for all scopes...
2026-07-04 12:38:32.353 [info] Got 1 sessions for ...
2026-07-04 12:38:32.762 [info] Getting sessions for all scopes...
2026-07-04 12:38:32.762 [info] Got 1 sessions for ...
2026-07-04 12:38:32.763 [info] Getting sessions for all scopes...
2026-07-04 12:38:32.763 [info] Got 1 sessions for ...
2026-07-04 12:38:33.333 [info] Getting sessions for all scopes...
2026-07-04 12:38:33.333 [info] Got 1 sessions for ...
2026-07-04 12:38:33.335 [info] Getting sessions for all scopes...
2026-07-04 12:38:33.335 [info] Got 1 sessions for ...
2026-07-04 12:39:18.197 [info] Getting sessions for all scopes...
2026-07-04 12:39:18.197 [info] Got 1 sessions for ...
2026-07-04 12:39:18.200 [info] Getting sessions for all scopes...
2026-07-04 12:39:18.200 [info] Got 1 sessions for ...
2026-07-04 12:39:21.608 [info] Getting sessions for all scopes...
2026-07-04 12:39:21.608 [info] Got 1 sessions for ...
2026-07-04 12:39:21.609 [info] Getting sessions for all scopes...
2026-07-04 12:39:21.609 [info] Got 1 sessions for ...
2026-07-04 12:39:24.547 [info] Getting sessions for all scopes...
2026-07-04 12:39:24.547 [info] Got 1 sessions for ...
2026-07-04 12:39:24.549 [info] Getting sessions for all scopes...
2026-07-04 12:39:24.550 [info] Got 1 sessions for ...
2026-07-04 12:39:46.907 [info] Getting sessions for all scopes...
2026-07-04 12:39:46.908 [info] Got 1 sessions for ...
2026-07-04 12:39:46.927 [info] Getting sessions for all scopes...
2026-07-04 12:39:46.927 [info] Got 1 sessions for ...
2026-07-04 12:40:09.905 [info] Getting sessions for all scopes...
2026-07-04 12:40:09.905 [info] Got 1 sessions for ...
2026-07-04 12:40:09.905 [info] Getting sessions for all scopes...
2026-07-04 12:40:09.905 [info] Got 1 sessions for ...
2026-07-04 12:40:20.082 [info] Getting sessions for all scopes...
2026-07-04 12:40:20.082 [info] Got 1 sessions for ...
2026-07-04 12:40:20.127 [info] Getting sessions for all scopes...
2026-07-04 12:40:20.127 [info] Got 1 sessions for ...
2026-07-04 12:40:31.492 [info] Getting sessions for all scopes...
2026-07-04 12:40:31.492 [info] Got 1 sessions for ...
2026-07-04 12:40:31.492 [info] Getting sessions for all scopes...
2026-07-04 12:40:31.493 [info] Got 1 sessions for ...
2026-07-04 12:40:35.509 [info] Getting sessions for all scopes...
2026-07-04 12:40:35.509 [info] Got 1 sessions for ...
2026-07-04 12:40:35.511 [info] Getting sessions for all scopes...
2026-07-04 12:40:35.512 [info] Got 1 sessions for ...
2026-07-04 12:40:49.110 [info] Getting sessions for all scopes...
2026-07-04 12:40:49.110 [info] Got 1 sessions for ...
2026-07-04 12:40:49.112 [info] Getting sessions for all scopes...
2026-07-04 12:40:49.112 [info] Got 1 sessions for ...
2026-07-04 12:41:27.100 [info] Getting sessions for all scopes...
2026-07-04 12:41:27.100 [info] Got 1 sessions for ...
2026-07-04 12:41:27.101 [info] Getting sessions for all scopes...
2026-07-04 12:41:27.101 [info] Got 1 sessions for ...
2026-07-04 12:41:42.017 [info] Getting sessions for all scopes...
2026-07-04 12:41:42.017 [info] Got 1 sessions for ...
2026-07-04 12:41:42.046 [info] Getting sessions for all scopes...
2026-07-04 12:41:42.046 [info] Got 1 sessions for ...
2026-07-04 12:42:34.914 [info] Getting sessions for all scopes...
2026-07-04 12:42:34.914 [info] Got 1 sessions for ...
2026-07-04 12:42:34.920 [info] Getting sessions for all scopes...
2026-07-04 12:42:34.920 [info] Got 1 sessions for ...
2026-07-04 12:42:43.721 [info] Getting sessions for all scopes...
2026-07-04 12:42:43.721 [info] Got 1 sessions for ...
2026-07-04 12:42:43.722 [info] Getting sessions for all scopes...
2026-07-04 12:42:43.722 [info] Got 1 sessions for ...
2026-07-04 12:43:36.301 [info] Getting sessions for all scopes...
2026-07-04 12:43:36.304 [info] Got 1 sessions for ...
2026-07-04 12:43:36.306 [info] Getting sessions for all scopes...
2026-07-04 12:43:36.306 [info] Got 1 sessions for ...
