2026-06-10 09:05:38.651 [info] Reading sessions from keychain...
2026-06-10 09:05:38.651 [info] Getting sessions for all scopes...
2026-06-10 09:05:38.827 [info] Got stored sessions!
2026-06-10 09:05:38.827 [info] Got 1 verified sessions.
2026-06-10 09:05:38.827 [info] Got 1 sessions for ...
2026-06-10 09:05:38.827 [info] Getting sessions for all scopes...
2026-06-10 09:05:38.827 [info] Got 1 sessions for ...
2026-06-10 09:05:39.006 [info] Getting sessions for all scopes...
2026-06-10 09:05:39.006 [info] Got 1 sessions for ...
2026-06-10 09:05:39.392 [info] Getting sessions for all scopes...
2026-06-10 09:05:39.392 [info] Got 1 sessions for ...
2026-06-10 09:05:40.720 [info] Getting sessions for all scopes...
2026-06-10 09:05:40.720 [info] Got 1 sessions for ...
2026-06-10 09:05:40.796 [info] Getting sessions for all scopes...
2026-06-10 09:05:40.796 [info] Got 1 sessions for ...
2026-06-10 09:05:40.797 [info] Getting sessions for all scopes...
2026-06-10 09:05:40.797 [info] Got 1 sessions for ...
2026-06-10 09:05:40.939 [info] Getting sessions for read:user,repo,user:email,workflow...
2026-06-10 09:05:40.939 [info] Got 1 sessions for read:user,repo,user:email,workflow...
2026-06-10 09:05:41.134 [info] Getting sessions for all scopes...
2026-06-10 09:05:41.134 [info] Got 1 sessions for ...
2026-06-10 09:05:41.137 [info] Getting sessions for read:user,repo,user:email,workflow...
2026-06-10 09:05:41.137 [info] Got 1 sessions for read:user,repo,user:email,workflow...
2026-06-10 09:05:41.328 [info] FetcherService: Electron fetch failed with status: 429 
2026-06-10 09:05:41.342 [info] Unable to resolve optional EDU details. Status: 429 
2026-06-10 09:05:42.263 [info] Getting sessions for all scopes...
2026-06-10 09:05:42.263 [info] Got 1 sessions for ...
2026-06-10 09:05:42.263 [info] Getting sessions for all scopes...
2026-06-10 09:05:42.263 [info] Got 1 sessions for ...
2026-06-10 09:05:42.305 [info] Getting sessions for read:user,repo,user:email,workflow...
2026-06-10 09:05:42.305 [info] Got 1 sessions for read:user,repo,user:email,workflow...
2026-06-10 09:05:42.425 [info] Getting sessions for all scopes...
2026-06-10 09:05:42.425 [info] Got 1 sessions for ...
2026-06-10 09:05:42.426 [info] Getting sessions for all scopes...
2026-06-10 09:05:42.426 [info] Got 1 sessions for ...
2026-06-10 09:05:42.429 [info] Getting sessions for read:user,repo,user:email,workflow...
2026-06-10 09:05:42.429 [info] Got 1 sessions for read:user,repo,user:email,workflow...
2026-06-10 09:05:42.488 [info] Getting sessions for all scopes...
2026-06-10 09:05:42.488 [info] Got 1 sessions for ...
2026-06-10 09:05:42.489 [info] Getting sessions for all scopes...
2026-06-10 09:05:42.489 [info] Got 1 sessions for ...
2026-06-10 09:05:43.084 [info] Getting sessions for all scopes...
2026-06-10 09:05:43.084 [info] Got 1 sessions for ...
2026-06-10 09:05:43.084 [info] Getting sessions for read:user,repo,user:email,workflow...
2026-06-10 09:05:43.084 [info] Got 1 sessions for read:user,repo,user:email,workflow...
2026-06-10 09:05:43.339 [info] Getting sessions for all scopes...
2026-06-10 09:05:43.339 [info] Got 1 sessions for ...
2026-06-10 09:05:43.340 [info] Getting sessions for read:user,repo,user:email,workflow...
2026-06-10 09:05:43.340 [info] Got 1 sessions for read:user,repo,user:email,workflow...
2026-06-10 09:05:45.773 [info] Getting sessions for all scopes...
2026-06-10 09:05:45.773 [info] Got 1 sessions for ...
2026-06-10 09:05:45.773 [info] Getting sessions for all scopes...
2026-06-10 09:05:45.773 [info] Got 1 sessions for ...
2026-06-10 10:00:43.349 [info] Getting sessions for all scopes...
2026-06-10 10:00:43.349 [info] Got 1 sessions for ...
2026-06-10 10:00:43.353 [info] Getting sessions for read:user,repo,user:email,workflow...
2026-06-10 10:00:43.353 [info] Got 1 sessions for read:user,repo,user:email,workflow...
2026-06-10 10:00:44.622 [info] Getting sessions for all scopes...
2026-06-10 10:00:44.622 [info] Got 1 sessions for ...
2026-06-10 10:00:44.622 [info] Getting sessions for all scopes...
2026-06-10 10:00:44.622 [info] Got 1 sessions for ...
2026-06-10 10:00:44.623 [info] Getting sessions for read:user,repo,user:email,workflow...
2026-06-10 10:00:44.623 [info] Got 1 sessions for read:user,repo,user:email,workflow...
2026-06-10 10:00:44.641 [info] Getting sessions for all scopes...
2026-06-10 10:00:44.641 [info] Got 1 sessions for ...
2026-06-10 10:00:44.688 [info] Getting sessions for all scopes...
2026-06-10 10:00:44.688 [info] Got 1 sessions for ...
2026-06-10 10:00:44.689 [info] Getting sessions for read:user,repo,user:email,workflow...
2026-06-10 10:00:44.689 [info] Got 1 sessions for read:user,repo,user:email,workflow...
2026-06-10 10:56:44.644 [info] Getting sessions for all scopes...
2026-06-10 10:56:44.644 [info] Got 1 sessions for ...
2026-06-10 10:56:44.646 [info] Getting sessions for read:user,repo,user:email,workflow...
2026-06-10 10:56:44.646 [info] Got 1 sessions for read:user,repo,user:email,workflow...
2026-06-10 10:56:48.667 [info] Getting sessions for all scopes...
2026-06-10 10:56:48.668 [info] Got 1 sessions for ...
2026-06-10 10:56:48.668 [info] Getting sessions for all scopes...
2026-06-10 10:56:48.668 [info] Got 1 sessions for ...
2026-06-10 10:56:48.669 [info] Getting sessions for read:user,repo,user:email,workflow...
2026-06-10 10:56:48.669 [info] Got 1 sessions for read:user,repo,user:email,workflow...
2026-06-10 10:56:48.672 [info] Getting sessions for all scopes...
2026-06-10 10:56:48.672 [info] Got 1 sessions for ...
2026-06-10 10:56:48.672 [info] Getting sessions for read:user,repo,user:email,workflow...
2026-06-10 10:56:48.672 [info] Got 1 sessions for read:user,repo,user:email,workflow...
2026-06-10 10:56:49.854 [info] Getting sessions for all scopes...
2026-06-10 10:56:49.854 [info] Got 1 sessions for ...
2026-06-10 10:56:49.855 [info] Getting sessions for read:user,repo,user:email,workflow...
2026-06-10 10:56:49.855 [info] Got 1 sessions for read:user,repo,user:email,workflow...
2026-06-10 10:56:51.725 [info] Getting sessions for all scopes...
2026-06-10 10:56:51.725 [info] Got 1 sessions for ...
2026-06-10 10:56:51.725 [info] Getting sessions for all scopes...
2026-06-10 10:56:51.725 [info] Got 1 sessions for ...
2026-06-10 10:56:51.725 [info] Getting sessions for all scopes...
2026-06-10 10:56:51.725 [info] Got 1 sessions for ...
2026-06-10 10:56:51.726 [info] Getting sessions for read:user,repo,user:email,workflow...
2026-06-10 10:56:51.726 [info] Got 1 sessions for read:user,repo,user:email,workflow...
2026-06-10 10:56:55.949 [info] Getting sessions for all scopes...
2026-06-10 10:56:55.949 [info] Got 1 sessions for ...
2026-06-10 10:56:55.949 [info] Getting sessions for all scopes...
2026-06-10 10:56:55.949 [info] Got 1 sessions for ...
2026-06-10 10:56:55.950 [info] Getting sessions for read:user,repo,user:email,workflow...
2026-06-10 10:56:55.950 [info] Got 1 sessions for read:user,repo,user:email,workflow...
2026-06-10 10:57:06.320 [info] Getting sessions for all scopes...
2026-06-10 10:57:06.320 [info] Got 1 sessions for ...
2026-06-10 10:57:06.320 [info] Getting sessions for all scopes...
2026-06-10 10:57:06.320 [info] Got 1 sessions for ...
2026-06-10 10:57:06.321 [info] Getting sessions for read:user,repo,user:email,workflow...
2026-06-10 10:57:06.321 [info] Got 1 sessions for read:user,repo,user:email,workflow...
2026-06-10 10:57:06.361 [info] Getting sessions for all scopes...
2026-06-10 10:57:06.361 [info] Got 1 sessions for ...
2026-06-10 10:57:06.361 [info] Getting sessions for all scopes...
2026-06-10 10:57:06.361 [info] Got 1 sessions for ...
2026-06-10 10:57:06.362 [info] Getting sessions for read:user,repo,user:email,workflow...
2026-06-10 10:57:06.362 [info] Got 1 sessions for read:user,repo,user:email,workflow...
2026-06-10 10:57:07.165 [info] Getting sessions for all scopes...
2026-06-10 10:57:07.165 [info] Got 1 sessions for ...
2026-06-10 10:57:07.167 [info] Getting sessions for read:user,repo,user:email,workflow...
2026-06-10 10:57:07.167 [info] Got 1 sessions for read:user,repo,user:email,workflow...
2026-06-10 11:36:06.364 [info] Getting sessions for all scopes...
2026-06-10 11:36:06.364 [info] Got 1 sessions for ...
2026-06-10 11:36:06.364 [info] Getting sessions for all scopes...
2026-06-10 11:36:06.364 [info] Got 1 sessions for ...
2026-06-10 11:36:09.927 [info] Getting sessions for all scopes...
2026-06-10 11:36:09.927 [info] Got 1 sessions for ...
2026-06-10 11:36:09.929 [info] Getting sessions for all scopes...
2026-06-10 11:36:09.929 [info] Got 1 sessions for ...
2026-06-10 11:36:17.109 [info] Getting sessions for all scopes...
2026-06-10 11:36:17.109 [info] Got 1 sessions for ...
2026-06-10 11:36:17.110 [info] Getting sessions for all scopes...
2026-06-10 11:36:17.110 [info] Got 1 sessions for ...
2026-06-10 11:36:17.524 [info] Getting sessions for all scopes...
2026-06-10 11:36:17.524 [info] Got 1 sessions for ...
2026-06-10 11:36:17.524 [info] Getting sessions for all scopes...
2026-06-10 11:36:17.524 [info] Got 1 sessions for ...
2026-06-10 11:36:18.080 [info] Getting sessions for all scopes...
2026-06-10 11:36:18.080 [info] Got 1 sessions for ...
2026-06-10 11:36:18.080 [info] Getting sessions for all scopes...
2026-06-10 11:36:18.080 [info] Got 1 sessions for ...
2026-06-10 11:36:20.166 [info] Getting sessions for all scopes...
2026-06-10 11:36:20.167 [info] Got 1 sessions for ...
2026-06-10 11:36:20.169 [info] Getting sessions for all scopes...
2026-06-10 11:36:20.169 [info] Got 1 sessions for ...
2026-06-10 11:36:20.698 [info] Getting sessions for all scopes...
2026-06-10 11:36:20.698 [info] Got 1 sessions for ...
2026-06-10 11:36:20.699 [info] Getting sessions for all scopes...
2026-06-10 11:36:20.699 [info] Got 1 sessions for ...
2026-06-10 11:36:21.082 [info] Getting sessions for all scopes...
2026-06-10 11:36:21.082 [info] Got 1 sessions for ...
2026-06-10 11:36:21.082 [info] Getting sessions for all scopes...
2026-06-10 11:36:21.082 [info] Got 1 sessions for ...
2026-06-10 11:36:21.686 [info] Getting sessions for all scopes...
2026-06-10 11:36:21.686 [info] Got 1 sessions for ...
2026-06-10 11:36:21.686 [info] Getting sessions for all scopes...
2026-06-10 11:36:21.686 [info] Got 1 sessions for ...
2026-06-10 11:36:22.254 [info] Getting sessions for all scopes...
2026-06-10 11:36:22.254 [info] Got 1 sessions for ...
2026-06-10 11:36:22.255 [info] Getting sessions for all scopes...
2026-06-10 11:36:22.255 [info] Got 1 sessions for ...
2026-06-10 11:36:22.763 [info] Getting sessions for all scopes...
2026-06-10 11:36:22.763 [info] Got 1 sessions for ...
2026-06-10 11:36:22.764 [info] Getting sessions for all scopes...
2026-06-10 11:36:22.764 [info] Got 1 sessions for ...
2026-06-10 11:36:23.258 [info] Getting sessions for all scopes...
2026-06-10 11:36:23.258 [info] Got 1 sessions for ...
2026-06-10 11:36:23.259 [info] Getting sessions for all scopes...
2026-06-10 11:36:23.260 [info] Got 1 sessions for ...
2026-06-10 11:36:23.839 [info] Getting sessions for all scopes...
2026-06-10 11:36:23.839 [info] Got 1 sessions for ...
2026-06-10 11:36:23.839 [info] Getting sessions for all scopes...
2026-06-10 11:36:23.839 [info] Got 1 sessions for ...
2026-06-10 11:36:24.379 [info] Getting sessions for all scopes...
2026-06-10 11:36:24.380 [info] Got 1 sessions for ...
2026-06-10 11:36:24.380 [info] Getting sessions for all scopes...
2026-06-10 11:36:24.380 [info] Got 1 sessions for ...
2026-06-10 11:36:24.916 [info] Getting sessions for all scopes...
2026-06-10 11:36:24.916 [info] Got 1 sessions for ...
2026-06-10 11:36:24.916 [info] Getting sessions for all scopes...
2026-06-10 11:36:24.916 [info] Got 1 sessions for ...
2026-06-10 11:36:25.440 [info] Getting sessions for all scopes...
2026-06-10 11:36:25.440 [info] Got 1 sessions for ...
2026-06-10 11:36:25.442 [info] Getting sessions for all scopes...
2026-06-10 11:36:25.442 [info] Got 1 sessions for ...
2026-06-10 11:37:34.926 [info] Getting sessions for all scopes...
2026-06-10 11:37:34.927 [info] Got 1 sessions for ...
2026-06-10 11:37:34.927 [info] Getting sessions for all scopes...
2026-06-10 11:37:34.928 [info] Got 1 sessions for ...
2026-06-10 11:37:35.403 [info] Getting sessions for all scopes...
2026-06-10 11:37:35.403 [info] Got 1 sessions for ...
2026-06-10 11:37:35.404 [info] Getting sessions for all scopes...
2026-06-10 11:37:35.404 [info] Got 1 sessions for ...
2026-06-10 11:39:57.503 [info] Getting sessions for all scopes...
2026-06-10 11:39:57.503 [info] Got 1 sessions for ...
2026-06-10 11:39:57.504 [info] Getting sessions for all scopes...
2026-06-10 11:39:57.504 [info] Got 1 sessions for ...
2026-06-10 11:40:02.713 [info] Getting sessions for all scopes...
2026-06-10 11:40:02.713 [info] Got 1 sessions for ...
2026-06-10 11:40:02.714 [info] Getting sessions for all scopes...
2026-06-10 11:40:02.714 [info] Got 1 sessions for ...
2026-06-10 11:40:06.394 [info] Getting sessions for all scopes...
2026-06-10 11:40:06.394 [info] Got 1 sessions for ...
2026-06-10 11:40:06.395 [info] Getting sessions for all scopes...
2026-06-10 11:40:06.395 [info] Got 1 sessions for ...
2026-06-10 11:40:23.174 [info] Getting sessions for all scopes...
2026-06-10 11:40:23.174 [info] Got 1 sessions for ...
2026-06-10 11:40:23.174 [info] Getting sessions for all scopes...
2026-06-10 11:40:23.174 [info] Got 1 sessions for ...
2026-06-10 11:40:25.994 [info] Getting sessions for all scopes...
2026-06-10 11:40:25.994 [info] Got 1 sessions for ...
2026-06-10 11:40:25.994 [info] Getting sessions for all scopes...
2026-06-10 11:40:25.994 [info] Got 1 sessions for ...
2026-06-10 11:40:26.600 [info] Getting sessions for all scopes...
2026-06-10 11:40:26.600 [info] Got 1 sessions for ...
2026-06-10 11:40:26.604 [info] Getting sessions for all scopes...
2026-06-10 11:40:26.604 [info] Got 1 sessions for ...
2026-06-10 11:43:50.729 [info] Getting sessions for all scopes...
2026-06-10 11:43:50.729 [info] Got 1 sessions for ...
2026-06-10 11:43:50.729 [info] Getting sessions for all scopes...
2026-06-10 11:43:50.729 [info] Got 1 sessions for ...
2026-06-10 11:43:51.519 [info] Getting sessions for all scopes...
2026-06-10 11:43:51.519 [info] Got 1 sessions for ...
2026-06-10 11:43:51.520 [info] Getting sessions for all scopes...
2026-06-10 11:43:51.520 [info] Got 1 sessions for ...
2026-06-10 11:43:52.625 [info] Getting sessions for all scopes...
2026-06-10 11:43:52.626 [info] Got 1 sessions for ...
2026-06-10 11:43:52.628 [info] Getting sessions for read:user,repo,user:email,workflow...
2026-06-10 11:43:52.629 [info] Got 1 sessions for read:user,repo,user:email,workflow...
2026-06-10 11:43:53.140 [info] Getting sessions for all scopes...
2026-06-10 11:43:53.140 [info] Got 1 sessions for ...
2026-06-10 11:43:53.143 [info] Getting sessions for read:user,repo,user:email,workflow...
2026-06-10 11:43:53.143 [info] Got 1 sessions for read:user,repo,user:email,workflow...
2026-06-10 11:43:58.878 [info] Getting sessions for all scopes...
2026-06-10 11:43:58.878 [info] Got 1 sessions for ...
2026-06-10 11:43:58.878 [info] Getting sessions for all scopes...
2026-06-10 11:43:58.878 [info] Got 1 sessions for ...
2026-06-10 11:44:08.959 [info] Getting sessions for all scopes...
2026-06-10 11:44:08.959 [info] Got 1 sessions for ...
2026-06-10 11:44:08.959 [info] Getting sessions for all scopes...
2026-06-10 11:44:08.959 [info] Got 1 sessions for ...
2026-06-10 11:44:22.663 [info] Getting sessions for all scopes...
2026-06-10 11:44:22.663 [info] Got 1 sessions for ...
2026-06-10 11:44:22.663 [info] Getting sessions for all scopes...
2026-06-10 11:44:22.663 [info] Got 1 sessions for ...
2026-06-10 11:44:58.532 [info] Getting sessions for all scopes...
2026-06-10 11:44:58.532 [info] Got 1 sessions for ...
2026-06-10 11:44:58.533 [info] Getting sessions for all scopes...
2026-06-10 11:44:58.533 [info] Got 1 sessions for ...
2026-06-10 11:45:11.632 [info] Getting sessions for all scopes...
2026-06-10 11:45:11.632 [info] Got 1 sessions for ...
2026-06-10 11:45:11.633 [info] Getting sessions for all scopes...
2026-06-10 11:45:11.633 [info] Got 1 sessions for ...
2026-06-10 11:45:12.847 [info] Getting sessions for all scopes...
2026-06-10 11:45:12.847 [info] Got 1 sessions for ...
2026-06-10 11:45:12.849 [info] Getting sessions for all scopes...
2026-06-10 11:45:12.849 [info] Got 1 sessions for ...
2026-06-10 11:45:45.496 [info] Getting sessions for all scopes...
2026-06-10 11:45:45.497 [info] Got 1 sessions for ...
2026-06-10 11:45:45.497 [info] Getting sessions for all scopes...
2026-06-10 11:45:45.497 [info] Got 1 sessions for ...
2026-06-10 11:47:33.662 [info] Getting sessions for all scopes...
2026-06-10 11:47:33.662 [info] Got 1 sessions for ...
2026-06-10 11:47:33.664 [info] Getting sessions for all scopes...
2026-06-10 11:47:33.664 [info] Got 1 sessions for ...
2026-06-10 11:47:36.859 [info] Getting sessions for all scopes...
2026-06-10 11:47:36.859 [info] Got 1 sessions for ...
2026-06-10 11:47:36.859 [info] Getting sessions for all scopes...
2026-06-10 11:47:36.859 [info] Got 1 sessions for ...
2026-06-10 11:47:51.907 [info] Getting sessions for all scopes...
2026-06-10 11:47:51.907 [info] Got 1 sessions for ...
2026-06-10 11:47:51.907 [info] Getting sessions for all scopes...
2026-06-10 11:47:51.908 [info] Got 1 sessions for ...
2026-06-10 11:47:52.367 [info] Getting sessions for all scopes...
2026-06-10 11:47:52.367 [info] Got 1 sessions for ...
2026-06-10 11:47:52.367 [info] Getting sessions for all scopes...
2026-06-10 11:47:52.367 [info] Got 1 sessions for ...
2026-06-10 11:47:52.806 [info] Getting sessions for all scopes...
2026-06-10 11:47:52.806 [info] Got 1 sessions for ...
2026-06-10 11:47:52.806 [info] Getting sessions for all scopes...
2026-06-10 11:47:52.806 [info] Got 1 sessions for ...
2026-06-10 11:47:52.821 [info] Getting sessions for read:user,repo,user:email,workflow...
2026-06-10 11:47:52.821 [info] Got 1 sessions for read:user,repo,user:email,workflow...
2026-06-10 11:47:52.849 [info] Getting sessions for all scopes...
2026-06-10 11:47:52.849 [info] Got 1 sessions for ...
2026-06-10 11:47:52.883 [info] Getting sessions for read:user,repo,user:email,workflow...
2026-06-10 11:47:52.883 [info] Got 1 sessions for read:user,repo,user:email,workflow...
2026-06-10 11:47:54.354 [info] Getting sessions for all scopes...
2026-06-10 11:47:54.354 [info] Got 1 sessions for ...
2026-06-10 11:47:54.355 [info] Getting sessions for all scopes...
2026-06-10 11:47:54.355 [info] Got 1 sessions for ...
2026-06-10 11:47:54.416 [info] Getting sessions for read:user,repo,user:email,workflow...
2026-06-10 11:47:54.416 [info] Got 1 sessions for read:user,repo,user:email,workflow...
2026-06-10 11:47:54.530 [info] Getting sessions for all scopes...
2026-06-10 11:47:54.530 [info] Got 1 sessions for ...
2026-06-10 11:47:54.530 [info] Getting sessions for all scopes...
2026-06-10 11:47:54.530 [info] Got 1 sessions for ...
2026-06-10 11:47:54.531 [info] Getting sessions for read:user,repo,user:email,workflow...
2026-06-10 11:47:54.531 [info] Got 1 sessions for read:user,repo,user:email,workflow...
2026-06-10 11:47:56.034 [info] Getting sessions for all scopes...
2026-06-10 11:47:56.034 [info] Got 1 sessions for ...
2026-06-10 11:47:56.036 [info] Getting sessions for read:user,repo,user:email,workflow...
2026-06-10 11:47:56.036 [info] Got 1 sessions for read:user,repo,user:email,workflow...
2026-06-10 11:47:56.147 [info] Getting sessions for all scopes...
2026-06-10 11:47:56.147 [info] Got 1 sessions for ...
2026-06-10 11:47:56.148 [info] Getting sessions for read:user,repo,user:email,workflow...
2026-06-10 11:47:56.148 [info] Got 1 sessions for read:user,repo,user:email,workflow...
2026-06-10 11:47:57.521 [info] Getting sessions for all scopes...
2026-06-10 11:47:57.521 [info] Got 1 sessions for ...
2026-06-10 11:47:57.522 [info] Getting sessions for read:user,repo,user:email,workflow...
2026-06-10 11:47:57.522 [info] Got 1 sessions for read:user,repo,user:email,workflow...
2026-06-10 11:48:01.261 [info] Getting sessions for all scopes...
2026-06-10 11:48:01.261 [info] Got 1 sessions for ...
2026-06-10 11:48:01.263 [info] Getting sessions for all scopes...
2026-06-10 11:48:01.263 [info] Got 1 sessions for ...
2026-06-10 11:50:59.808 [info] Getting sessions for all scopes...
2026-06-10 11:50:59.808 [info] Got 1 sessions for ...
2026-06-10 11:50:59.809 [info] Getting sessions for all scopes...
2026-06-10 11:50:59.809 [info] Got 1 sessions for ...
2026-06-10 11:51:02.261 [info] Getting sessions for all scopes...
2026-06-10 11:51:02.261 [info] Got 1 sessions for ...
2026-06-10 11:51:02.262 [info] Getting sessions for all scopes...
2026-06-10 11:51:02.262 [info] Got 1 sessions for ...
2026-06-10 11:51:07.346 [info] Getting sessions for all scopes...
2026-06-10 11:51:07.346 [info] Got 1 sessions for ...
2026-06-10 11:51:07.347 [info] Getting sessions for all scopes...
2026-06-10 11:51:07.347 [info] Got 1 sessions for ...
2026-06-10 11:51:11.944 [info] Getting sessions for all scopes...
2026-06-10 11:51:11.944 [info] Got 1 sessions for ...
2026-06-10 11:51:11.944 [info] Getting sessions for all scopes...
2026-06-10 11:51:11.944 [info] Got 1 sessions for ...
2026-06-10 11:53:19.201 [info] Getting sessions for all scopes...
2026-06-10 11:53:19.201 [info] Got 1 sessions for ...
2026-06-10 11:53:19.201 [info] Getting sessions for all scopes...
2026-06-10 11:53:19.202 [info] Got 1 sessions for ...
2026-06-10 11:53:19.605 [info] Getting sessions for all scopes...
2026-06-10 11:53:19.605 [info] Got 1 sessions for ...
2026-06-10 11:53:19.606 [info] Getting sessions for all scopes...
2026-06-10 11:53:19.606 [info] Got 1 sessions for ...
2026-06-10 11:53:21.165 [info] Getting sessions for all scopes...
2026-06-10 11:53:21.165 [info] Got 1 sessions for ...
2026-06-10 11:53:21.168 [info] Getting sessions for all scopes...
2026-06-10 11:53:21.168 [info] Got 1 sessions for ...
2026-06-10 11:53:24.357 [info] Getting sessions for all scopes...
2026-06-10 11:53:24.358 [info] Got 1 sessions for ...
2026-06-10 11:53:24.358 [info] Getting sessions for all scopes...
2026-06-10 11:53:24.358 [info] Got 1 sessions for ...
2026-06-10 11:53:25.635 [info] Getting sessions for all scopes...
2026-06-10 11:53:25.635 [info] Got 1 sessions for ...
2026-06-10 11:53:25.635 [info] Getting sessions for all scopes...
2026-06-10 11:53:25.635 [info] Got 1 sessions for ...
2026-06-10 11:53:41.026 [info] Getting sessions for all scopes...
2026-06-10 11:53:41.026 [info] Got 1 sessions for ...
2026-06-10 11:53:41.027 [info] Getting sessions for all scopes...
2026-06-10 11:53:41.027 [info] Got 1 sessions for ...
2026-06-10 11:54:31.698 [info] Getting sessions for all scopes...
2026-06-10 11:54:31.698 [info] Got 1 sessions for ...
2026-06-10 11:54:31.700 [info] Getting sessions for all scopes...
2026-06-10 11:54:31.700 [info] Got 1 sessions for ...
2026-06-10 11:54:56.040 [info] Getting sessions for all scopes...
2026-06-10 11:54:56.040 [info] Got 1 sessions for ...
2026-06-10 11:54:56.040 [info] Getting sessions for all scopes...
2026-06-10 11:54:56.040 [info] Got 1 sessions for ...
2026-06-10 11:55:11.174 [info] Getting sessions for all scopes...
2026-06-10 11:55:11.174 [info] Got 1 sessions for ...
2026-06-10 11:55:11.175 [info] Getting sessions for all scopes...
2026-06-10 11:55:11.175 [info] Got 1 sessions for ...
2026-06-10 11:55:13.050 [info] Getting sessions for all scopes...
2026-06-10 11:55:13.050 [info] Got 1 sessions for ...
2026-06-10 11:55:13.051 [info] Getting sessions for all scopes...
2026-06-10 11:55:13.051 [info] Got 1 sessions for ...
2026-06-10 11:55:13.796 [info] Getting sessions for all scopes...
2026-06-10 11:55:13.796 [info] Got 1 sessions for ...
2026-06-10 11:55:13.797 [info] Getting sessions for all scopes...
2026-06-10 11:55:13.797 [info] Got 1 sessions for ...
2026-06-10 11:55:14.303 [info] Getting sessions for all scopes...
2026-06-10 11:55:14.303 [info] Got 1 sessions for ...
2026-06-10 11:55:14.304 [info] Getting sessions for all scopes...
2026-06-10 11:55:14.304 [info] Got 1 sessions for ...
2026-06-10 11:55:14.912 [info] Getting sessions for all scopes...
2026-06-10 11:55:14.912 [info] Got 1 sessions for ...
2026-06-10 11:55:14.912 [info] Getting sessions for all scopes...
2026-06-10 11:55:14.912 [info] Got 1 sessions for ...
2026-06-10 11:55:15.362 [info] Getting sessions for all scopes...
2026-06-10 11:55:15.362 [info] Got 1 sessions for ...
2026-06-10 11:55:15.363 [info] Getting sessions for all scopes...
2026-06-10 11:55:15.363 [info] Got 1 sessions for ...
2026-06-10 11:58:47.651 [info] Getting sessions for all scopes...
2026-06-10 11:58:47.651 [info] Got 1 sessions for ...
2026-06-10 11:58:47.652 [info] Getting sessions for all scopes...
2026-06-10 11:58:47.652 [info] Got 1 sessions for ...
2026-06-10 11:58:51.073 [info] Getting sessions for all scopes...
2026-06-10 11:58:51.073 [info] Got 1 sessions for ...
2026-06-10 11:58:51.074 [info] Getting sessions for all scopes...
2026-06-10 11:58:51.074 [info] Got 1 sessions for ...
2026-06-10 11:58:51.415 [info] Getting sessions for all scopes...
2026-06-10 11:58:51.415 [info] Got 1 sessions for ...
2026-06-10 11:58:51.415 [info] Getting sessions for all scopes...
2026-06-10 11:58:51.415 [info] Got 1 sessions for ...
2026-06-10 11:58:51.706 [info] Getting sessions for all scopes...
2026-06-10 11:58:51.706 [info] Got 1 sessions for ...
2026-06-10 11:58:51.707 [info] Getting sessions for all scopes...
2026-06-10 11:58:51.707 [info] Got 1 sessions for ...
2026-06-10 12:08:04.132 [info] Getting sessions for all scopes...
2026-06-10 12:08:04.132 [info] Got 1 sessions for ...
2026-06-10 12:08:04.132 [info] Getting sessions for all scopes...
2026-06-10 12:08:04.132 [info] Got 1 sessions for ...
