2026-06-21 08:17:11.451 [info] Reading sessions from keychain...
2026-06-21 08:17:11.452 [info] Getting sessions for all scopes...
2026-06-21 08:17:11.452 [info] Got stored sessions!
2026-06-21 08:17:11.452 [info] Got 1 verified sessions.
2026-06-21 08:17:11.452 [info] Got 1 sessions for ...
2026-06-21 08:17:11.452 [info] Getting sessions for all scopes...
2026-06-21 08:17:11.452 [info] Got 1 sessions for ...
2026-06-21 08:17:11.452 [info] Getting sessions for all scopes...
2026-06-21 08:17:11.452 [info] Got 1 sessions for ...
2026-06-21 08:17:11.895 [info] Getting sessions for all scopes...
2026-06-21 08:17:11.895 [info] Got 1 sessions for ...
2026-06-21 08:17:13.260 [info] Getting sessions for all scopes...
2026-06-21 08:17:13.260 [info] Got 1 sessions for ...
2026-06-21 08:17:13.337 [info] Getting sessions for all scopes...
2026-06-21 08:17:13.337 [info] Got 1 sessions for ...
2026-06-21 08:17:13.337 [info] Getting sessions for all scopes...
2026-06-21 08:17:13.337 [info] Got 1 sessions for ...
2026-06-21 08:17:13.528 [info] Getting sessions for read:user,repo,user:email,workflow...
2026-06-21 08:17:13.528 [info] Got 1 sessions for read:user,repo,user:email,workflow...
2026-06-21 08:17:13.641 [info] FetcherService: Electron fetch failed with status: 429 
2026-06-21 08:17:13.648 [info] Unable to resolve optional EDU details. Status: 429 
2026-06-21 08:17:13.771 [info] Getting sessions for all scopes...
2026-06-21 08:17:13.771 [info] Got 1 sessions for ...
2026-06-21 08:17:13.772 [info] Getting sessions for read:user,repo,user:email,workflow...
2026-06-21 08:17:13.772 [info] Got 1 sessions for read:user,repo,user:email,workflow...
2026-06-21 08:17:14.651 [info] Getting sessions for all scopes...
2026-06-21 08:17:14.651 [info] Got 1 sessions for ...
2026-06-21 08:17:14.651 [info] Getting sessions for all scopes...
2026-06-21 08:17:14.651 [info] Got 1 sessions for ...
2026-06-21 08:17:14.702 [info] Getting sessions for read:user,repo,user:email,workflow...
2026-06-21 08:17:14.702 [info] Got 1 sessions for read:user,repo,user:email,workflow...
2026-06-21 08:17:14.967 [info] Getting sessions for all scopes...
2026-06-21 08:17:14.967 [info] Got 1 sessions for ...
2026-06-21 08:17:14.968 [info] Getting sessions for all scopes...
2026-06-21 08:17:14.968 [info] Got 1 sessions for ...
2026-06-21 08:17:14.996 [info] Getting sessions for all scopes...
2026-06-21 08:17:14.996 [info] Got 1 sessions for ...
2026-06-21 08:17:15.007 [info] Getting sessions for all scopes...
2026-06-21 08:17:15.007 [info] Got 1 sessions for ...
2026-06-21 08:17:15.013 [info] Getting sessions for read:user,repo,user:email,workflow...
2026-06-21 08:17:15.013 [info] Got 1 sessions for read:user,repo,user:email,workflow...
2026-06-21 08:17:15.289 [info] Getting sessions for all scopes...
2026-06-21 08:17:15.289 [info] Got 1 sessions for ...
2026-06-21 08:17:15.290 [info] Getting sessions for read:user,repo,user:email,workflow...
2026-06-21 08:17:15.290 [info] Got 1 sessions for read:user,repo,user:email,workflow...
2026-06-21 08:17:15.416 [info] Getting sessions for all scopes...
2026-06-21 08:17:15.416 [info] Got 1 sessions for ...
2026-06-21 08:17:15.451 [info] Getting sessions for read:user,repo,user:email,workflow...
2026-06-21 08:17:15.451 [info] Got 1 sessions for read:user,repo,user:email,workflow...
2026-06-21 08:17:15.455 [info] Getting sessions for all scopes...
2026-06-21 08:17:15.455 [info] Got 1 sessions for ...
2026-06-21 08:17:15.492 [info] Getting sessions for read:user,repo,user:email,workflow...
2026-06-21 08:17:15.492 [info] Got 1 sessions for read:user,repo,user:email,workflow...
2026-06-21 08:17:32.289 [info] Getting sessions for all scopes...
2026-06-21 08:17:32.290 [info] Got 1 sessions for ...
2026-06-21 08:17:32.290 [info] Getting sessions for all scopes...
2026-06-21 08:17:32.290 [info] Got 1 sessions for ...
2026-06-21 08:17:37.714 [info] Getting sessions for all scopes...
2026-06-21 08:17:37.714 [info] Got 1 sessions for ...
2026-06-21 08:17:37.714 [info] Getting sessions for all scopes...
2026-06-21 08:17:37.714 [info] Got 1 sessions for ...
2026-06-21 08:17:40.526 [info] Getting sessions for all scopes...
2026-06-21 08:17:40.526 [info] Got 1 sessions for ...
2026-06-21 08:17:40.527 [info] Getting sessions for all scopes...
2026-06-21 08:17:40.528 [info] Got 1 sessions for ...
2026-06-21 08:18:22.062 [info] Getting sessions for all scopes...
2026-06-21 08:18:22.062 [info] Got 1 sessions for ...
2026-06-21 08:18:22.063 [info] Getting sessions for all scopes...
2026-06-21 08:18:22.063 [info] Got 1 sessions for ...
2026-06-21 08:18:22.428 [info] Getting sessions for all scopes...
2026-06-21 08:18:22.428 [info] Got 1 sessions for ...
2026-06-21 08:18:22.429 [info] Getting sessions for all scopes...
2026-06-21 08:18:22.429 [info] Got 1 sessions for ...
2026-06-21 08:18:22.893 [info] Getting sessions for all scopes...
2026-06-21 08:18:22.893 [info] Got 1 sessions for ...
2026-06-21 08:18:22.895 [info] Getting sessions for all scopes...
2026-06-21 08:18:22.895 [info] Got 1 sessions for ...
2026-06-21 08:18:23.353 [info] Getting sessions for all scopes...
2026-06-21 08:18:23.353 [info] Got 1 sessions for ...
2026-06-21 08:18:23.353 [info] Getting sessions for all scopes...
2026-06-21 08:18:23.353 [info] Got 1 sessions for ...
2026-06-21 08:18:23.833 [info] Getting sessions for all scopes...
2026-06-21 08:18:23.833 [info] Got 1 sessions for ...
2026-06-21 08:18:23.833 [info] Getting sessions for all scopes...
2026-06-21 08:18:23.833 [info] Got 1 sessions for ...
2026-06-21 08:18:24.395 [info] Getting sessions for all scopes...
2026-06-21 08:18:24.395 [info] Got 1 sessions for ...
2026-06-21 08:18:24.397 [info] Getting sessions for all scopes...
2026-06-21 08:18:24.397 [info] Got 1 sessions for ...
2026-06-21 08:18:26.813 [info] Getting sessions for all scopes...
2026-06-21 08:18:26.813 [info] Got 1 sessions for ...
2026-06-21 08:18:26.813 [info] Getting sessions for all scopes...
2026-06-21 08:18:26.813 [info] Got 1 sessions for ...
2026-06-21 08:18:27.927 [info] Getting sessions for all scopes...
2026-06-21 08:18:27.927 [info] Got 1 sessions for ...
2026-06-21 08:18:27.927 [info] Getting sessions for all scopes...
2026-06-21 08:18:27.927 [info] Got 1 sessions for ...
2026-06-21 08:22:33.932 [info] Getting sessions for all scopes...
2026-06-21 08:22:33.932 [info] Got 1 sessions for ...
2026-06-21 08:22:33.943 [info] Getting sessions for all scopes...
2026-06-21 08:22:33.943 [info] Got 1 sessions for ...
