qt.languageserver.server: Did Setup
Using the build directories found in the .qmlls.ini file. Your build folder might not be found if no .qmlls.ini files are present in the root source folder.
Argument "/usr/lib/x86_64-linux-gnu/qt6/qml" passed to -I does not exist.
Using import directories passed by -I: "/usr/lib/qt6/qml", "/usr/lib/x86_64-linux-gnu/qt6/qml".
Using 1 job for CMake, you can increase that value with the QMLLS_CMAKE_JOBS environment variable or the --cmake-jobs option.
qt.languageserver.server: Ignoring cancellation of non in progress request QJsonValue(double, 2)
qt.languageserver.server: Ignoring cancellation of non in progress request QJsonValue(double, 3)
qt.languageserver.server: Ignoring cancellation of non in progress request QJsonValue(double, 11)
qt.languageserver.server: Ignoring cancellation of non in progress request QJsonValue(double, 12)
qt.languageserver.server: Version 3 of document "file:///home/taianlux/.config/quickshell/modules/Bar.qml" is not the latest anymore
qt.qmldom: Parsed invalid file /home/taianlux/TaianDotFiles/quickshell/.config/quickshell/modules/Bar.qml/home/taianlux/TaianDotFiles/quickshell/.config/quickshell/modules/Bar.qml:58:24: [Dom][QmlFile][Parsing] Error: Expected token `,' for .currentItem

qt.languageserver.server: avoid update of validDoc to  5 of document "file:///home/taianlux/.config/quickshell/modules/Bar.qml" as it is invalid
qt.languageserver.server: Version 8 of document "file:///home/taianlux/.config/quickshell/modules/Bar.qml" is not the latest anymore
qt.qmldom: Parsed invalid file /home/taianlux/TaianDotFiles/quickshell/.config/quickshell/modules/Bar.qml/home/taianlux/TaianDotFiles/quickshell/.config/quickshell/modules/Bar.qml:57:26: [Dom][QmlFile][Parsing] Error: Expected token `,' for .currentItem

qt.languageserver.server: avoid update of validDoc to  10 of document "file:///home/taianlux/.config/quickshell/modules/Bar.qml" as it is invalid
[Error - 6:40:55 a.m.] Request textDocument/documentSymbol failed.
TypeError: Cannot read properties of undefined (reading 'range')
	at Pt (/home/taianlux/.vscode/extensions/theqtcompany.qt-qml-1.14.0/out/extension.js:88:72285)
	at s (/home/taianlux/.vscode/extensions/theqtcompany.qt-qml-1.14.0/out/extension.js:88:46799)
	at Object.swe [as map] (/home/taianlux/.vscode/extensions/theqtcompany.qt-qml-1.14.0/out/extension.js:88:46885)
	at Object.qt [as asSymbolInformations] (/home/taianlux/.vscode/extensions/theqtcompany.qt-qml-1.14.0/out/extension.js:88:71918)
	at u (/home/taianlux/.vscode/extensions/theqtcompany.qt-qml-1.14.0/out/extension.js:92:56147)
	at async i.provideDocumentSymbols (file:///usr/share/code/resources/app/out/vs/workbench/api/node/extensionHostProcess.js:562:136015)
qt.qmldom: Parsed invalid file /home/taianlux/TaianDotFiles/quickshell/.config/quickshell/modules/Bar.qml/home/taianlux/TaianDotFiles/quickshell/.config/quickshell/modules/Bar.qml:58:24: [Dom][QmlFile][Parsing] Error: Expected token `,' for .currentItem

qt.languageserver.server: avoid update of validDoc to  12 of document "file:///home/taianlux/.config/quickshell/modules/Bar.qml" as it is invalid
qt.qmldom: Parsed invalid file /home/taianlux/TaianDotFiles/quickshell/.config/quickshell/modules/Bar.qml/home/taianlux/TaianDotFiles/quickshell/.config/quickshell/modules/Bar.qml:60:35: [Dom][QmlFile][Parsing] Error: Expected token `,' for .currentItem

qt.languageserver.server: Version 16 of document "file:///home/taianlux/.config/quickshell/modules/Bar.qml" is not the latest anymore
qt.qmldom: Parsed invalid file /home/taianlux/TaianDotFiles/quickshell/.config/quickshell/modules/Bar.qml/home/taianlux/TaianDotFiles/quickshell/.config/quickshell/modules/Bar.qml:60:35: [Dom][QmlFile][Parsing] Error: Expected token `,' for .currentItem

qt.languageserver.server: avoid update of validDoc to  18 of document "file:///home/taianlux/.config/quickshell/modules/Bar.qml" as it is invalid
qt.qmldom: Parsed invalid file /home/taianlux/TaianDotFiles/quickshell/.config/quickshell/modules/Bar.qml/home/taianlux/TaianDotFiles/quickshell/.config/quickshell/modules/Bar.qml:58:24: [Dom][QmlFile][Parsing] Error: Expected token `,' for .currentItem

qt.languageserver.server: avoid update of validDoc to  20 of document "file:///home/taianlux/.config/quickshell/modules/Bar.qml" as it is invalid
qt.languageserver.server: Version 24 of document "file:///home/taianlux/.config/quickshell/modules/Bar.qml" is not the latest anymore
qt.languageserver.server: Ignoring cancellation of non in progress request QJsonValue(double, 75)
qt.languageserver.server: Version 27 of document "file:///home/taianlux/.config/quickshell/modules/Bar.qml" is not the latest anymore
qt.languageserver.server: Ignoring cancellation of non in progress request QJsonValue(double, 76)
qt.qmldom: Parsed invalid file /home/taianlux/TaianDotFiles/quickshell/.config/quickshell/modules/Bar.qml/home/taianlux/TaianDotFiles/quickshell/.config/quickshell/modules/Bar.qml:56:23: [Dom][QmlFile][Parsing] Error: Expected token `,' for .currentItem

qt.languageserver.server: Ignoring cancellation of non in progress request QJsonValue(double, 77)
qt.languageserver.server: Version 29 of document "file:///home/taianlux/.config/quickshell/modules/Bar.qml" is not the latest anymore
qt.languageserver.server: Ignoring cancellation of non in progress request QJsonValue(double, 78)
qt.languageserver.server: Ignoring cancellation of non in progress request QJsonValue(double, 79)
qt.languageserver.server: Ignoring cancellation of non in progress request QJsonValue(double, 81)
qt.languageserver.server: Version 33 of document "file:///home/taianlux/.config/quickshell/modules/Bar.qml" is not the latest anymore
qt.languageserver.server: Version 35 of document "file:///home/taianlux/.config/quickshell/modules/Bar.qml" is not the latest anymore
qt.languageserver.server: Version 38 of document "file:///home/taianlux/.config/quickshell/modules/Bar.qml" is not the latest anymore
qt.languageserver.server: Version 42 of document "file:///home/taianlux/.config/quickshell/modules/Bar.qml" is not the latest anymore
qt.languageserver.server: Ignoring cancellation of non in progress request QJsonValue(double, 91)
qt.languageserver.server: Ignoring cancellation of non in progress request QJsonValue(double, 93)
qt.languageserver.server: Ignoring cancellation of non in progress request QJsonValue(double, 94)
qt.languageserver.server: Version 44 of document "file:///home/taianlux/.config/quickshell/modules/Bar.qml" is not the latest anymore
qt.qmldom: Parsed invalid file /home/taianlux/TaianDotFiles/quickshell/.config/quickshell/modules/Bar.qml/home/taianlux/TaianDotFiles/quickshell/.config/quickshell/modules/Bar.qml:56:23: [Dom][QmlFile][Parsing] Error: Expected token `,' for .currentItem

qt.languageserver.server: avoid update of validDoc to  45 of document "file:///home/taianlux/.config/quickshell/modules/Bar.qml" as it is invalid
qt.languageserver.completions: No valid document for completions for  "file:///home/taianlux/.config/quickshell/modules/Bar.qml"
[Error - 6:45:43 a.m.] Request textDocument/documentSymbol failed.
TypeError: Cannot read properties of undefined (reading 'range')
	at Pt (/home/taianlux/.vscode/extensions/theqtcompany.qt-qml-1.14.0/out/extension.js:88:72285)
	at s (/home/taianlux/.vscode/extensions/theqtcompany.qt-qml-1.14.0/out/extension.js:88:46799)
	at Object.swe [as map] (/home/taianlux/.vscode/extensions/theqtcompany.qt-qml-1.14.0/out/extension.js:88:46885)
	at Object.qt [as asSymbolInformations] (/home/taianlux/.vscode/extensions/theqtcompany.qt-qml-1.14.0/out/extension.js:88:71918)
	at u (/home/taianlux/.vscode/extensions/theqtcompany.qt-qml-1.14.0/out/extension.js:92:56147)
	at async i.provideDocumentSymbols (file:///usr/share/code/resources/app/out/vs/workbench/api/node/extensionHostProcess.js:562:136015)
[Error - 6:45:43 a.m.] Request textDocument/documentSymbol failed.
TypeError: Cannot read properties of undefined (reading 'range')
	at Pt (/home/taianlux/.vscode/extensions/theqtcompany.qt-qml-1.14.0/out/extension.js:88:72285)
	at s (/home/taianlux/.vscode/extensions/theqtcompany.qt-qml-1.14.0/out/extension.js:88:46799)
	at Object.swe [as map] (/home/taianlux/.vscode/extensions/theqtcompany.qt-qml-1.14.0/out/extension.js:88:46885)
	at Object.qt [as asSymbolInformations] (/home/taianlux/.vscode/extensions/theqtcompany.qt-qml-1.14.0/out/extension.js:88:71918)
	at u (/home/taianlux/.vscode/extensions/theqtcompany.qt-qml-1.14.0/out/extension.js:92:56147)
	at async i.provideDocumentSymbols (file:///usr/share/code/resources/app/out/vs/workbench/api/node/extensionHostProcess.js:562:136015)
[Error - 6:45:43 a.m.] Request textDocument/documentSymbol failed.
TypeError: Cannot read properties of undefined (reading 'range')
	at Pt (/home/taianlux/.vscode/extensions/theqtcompany.qt-qml-1.14.0/out/extension.js:88:72285)
	at s (/home/taianlux/.vscode/extensions/theqtcompany.qt-qml-1.14.0/out/extension.js:88:46799)
	at Object.swe [as map] (/home/taianlux/.vscode/extensions/theqtcompany.qt-qml-1.14.0/out/extension.js:88:46885)
	at Object.qt [as asSymbolInformations] (/home/taianlux/.vscode/extensions/theqtcompany.qt-qml-1.14.0/out/extension.js:88:71918)
	at u (/home/taianlux/.vscode/extensions/theqtcompany.qt-qml-1.14.0/out/extension.js:92:56147)
	at async i.provideDocumentSymbols (file:///usr/share/code/resources/app/out/vs/workbench/api/node/extensionHostProcess.js:562:136015)
qt.languageserver.server: Ignoring cancellation of non in progress request QJsonValue(double, 101)
qt.languageserver.server: Ignoring cancellation of non in progress request QJsonValue(double, 102)
qt.languageserver.server: Version 48 of document "file:///home/taianlux/.config/quickshell/modules/Bar.qml" is not the latest anymore
qt.languageserver.server: Ignoring cancellation of non in progress request QJsonValue(double, 105)
qt.languageserver.server: Ignoring cancellation of non in progress request QJsonValue(double, 106)
qt.languageserver.server: Version 51 of document "file:///home/taianlux/.config/quickshell/modules/Bar.qml" is not the latest anymore
qt.languageserver.server: Ignoring cancellation of non in progress request QJsonValue(double, 110)
qt.languageserver.server: Ignoring cancellation of non in progress request QJsonValue(double, 141)
