2026-07-06 08:45:08.115 [info] Reading sessions from keychain...
2026-07-06 08:45:08.115 [info] Getting sessions for all scopes...
2026-07-06 08:45:08.538 [info] Got stored sessions!
2026-07-06 08:45:08.538 [info] Got 1 verified sessions.
2026-07-06 08:45:08.538 [info] Got 1 sessions for ...
2026-07-06 08:45:08.538 [info] Getting sessions for all scopes...
2026-07-06 08:45:08.538 [info] Got 1 sessions for ...
2026-07-06 08:45:08.757 [info] Getting sessions for all scopes...
2026-07-06 08:45:08.757 [info] Got 1 sessions for ...
2026-07-06 08:45:09.121 [info] Getting sessions for all scopes...
2026-07-06 08:45:09.121 [info] Got 1 sessions for ...
2026-07-06 08:45:10.919 [info] Getting sessions for all scopes...
2026-07-06 08:45:10.919 [info] Got 1 sessions for ...
2026-07-06 08:45:10.941 [info] Getting sessions for all scopes...
2026-07-06 08:45:10.941 [info] Got 1 sessions for ...
2026-07-06 08:45:10.941 [info] Getting sessions for all scopes...
2026-07-06 08:45:10.941 [info] Got 1 sessions for ...
2026-07-06 08:45:11.066 [info] Getting sessions for read:user,repo,user:email,workflow...
2026-07-06 08:45:11.066 [info] Got 1 sessions for read:user,repo,user:email,workflow...
2026-07-06 08:45:11.209 [info] FetcherService: Electron fetch failed with status: 429 
2026-07-06 08:45:11.221 [info] Unable to resolve optional EDU details. Status: 429 
2026-07-06 08:45:11.448 [info] Getting sessions for all scopes...
2026-07-06 08:45:11.448 [info] Got 1 sessions for ...
2026-07-06 08:45:11.467 [info] Getting sessions for read:user,repo,user:email,workflow...
2026-07-06 08:45:11.467 [info] Got 1 sessions for read:user,repo,user:email,workflow...
2026-07-06 08:45:12.253 [info] Getting sessions for all scopes...
2026-07-06 08:45:12.253 [info] Got 1 sessions for ...
2026-07-06 08:45:12.254 [info] Getting sessions for all scopes...
2026-07-06 08:45:12.254 [info] Got 1 sessions for ...
2026-07-06 08:45:12.989 [info] Getting sessions for all scopes...
2026-07-06 08:45:12.989 [info] Got 1 sessions for ...
2026-07-06 08:45:13.042 [info] Getting sessions for read:user,repo,user:email,workflow...
2026-07-06 08:45:13.042 [info] Got 1 sessions for read:user,repo,user:email,workflow...
2026-07-06 08:45:13.044 [info] Getting sessions for all scopes...
2026-07-06 08:45:13.044 [info] Got 1 sessions for ...
2026-07-06 08:45:13.442 [info] Getting sessions for all scopes...
2026-07-06 08:45:13.442 [info] Got 1 sessions for ...
2026-07-06 08:45:13.451 [info] Getting sessions for read:user,repo,user:email,workflow...
2026-07-06 08:45:13.451 [info] Got 1 sessions for read:user,repo,user:email,workflow...
2026-07-06 08:45:13.618 [info] Getting sessions for all scopes...
2026-07-06 08:45:13.618 [info] Got 1 sessions for ...
2026-07-06 08:45:13.619 [info] Getting sessions for read:user,repo,user:email,workflow...
2026-07-06 08:45:13.619 [info] Got 1 sessions for read:user,repo,user:email,workflow...
2026-07-06 08:45:13.655 [info] Getting sessions for all scopes...
2026-07-06 08:45:13.655 [info] Got 1 sessions for ...
2026-07-06 08:45:13.656 [info] Getting sessions for read:user,repo,user:email,workflow...
2026-07-06 08:45:13.656 [info] Got 1 sessions for read:user,repo,user:email,workflow...
2026-07-06 08:45:37.789 [info] Getting sessions for all scopes...
2026-07-06 08:45:37.789 [info] Got 1 sessions for ...
2026-07-06 08:45:37.790 [info] Getting sessions for all scopes...
2026-07-06 08:45:37.790 [info] Got 1 sessions for ...
2026-07-06 08:45:47.659 [info] Getting sessions for all scopes...
2026-07-06 08:45:47.659 [info] Got 1 sessions for ...
2026-07-06 08:45:47.660 [info] Getting sessions for all scopes...
2026-07-06 08:45:47.660 [info] Got 1 sessions for ...
2026-07-06 08:45:54.814 [info] Getting sessions for all scopes...
2026-07-06 08:45:54.814 [info] Got 1 sessions for ...
2026-07-06 08:45:54.814 [info] Getting sessions for all scopes...
2026-07-06 08:45:54.814 [info] Got 1 sessions for ...
2026-07-06 08:45:58.047 [info] Getting sessions for all scopes...
2026-07-06 08:45:58.047 [info] Got 1 sessions for ...
2026-07-06 08:45:58.048 [info] Getting sessions for all scopes...
2026-07-06 08:45:58.048 [info] Got 1 sessions for ...
2026-07-06 08:46:10.046 [info] Getting sessions for all scopes...
2026-07-06 08:46:10.046 [info] Got 1 sessions for ...
2026-07-06 08:46:10.047 [info] Getting sessions for all scopes...
2026-07-06 08:46:10.047 [info] Got 1 sessions for ...
2026-07-06 08:46:18.538 [info] Getting sessions for all scopes...
2026-07-06 08:46:18.538 [info] Got 1 sessions for ...
2026-07-06 08:46:18.544 [info] Getting sessions for all scopes...
2026-07-06 08:46:18.544 [info] Got 1 sessions for ...
2026-07-06 08:46:35.687 [info] Getting sessions for all scopes...
2026-07-06 08:46:35.687 [info] Got 1 sessions for ...
2026-07-06 08:46:35.688 [info] Getting sessions for all scopes...
2026-07-06 08:46:35.688 [info] Got 1 sessions for ...
2026-07-06 08:46:36.784 [info] Getting sessions for all scopes...
2026-07-06 08:46:36.784 [info] Got 1 sessions for ...
2026-07-06 08:46:36.785 [info] Getting sessions for all scopes...
2026-07-06 08:46:36.785 [info] Got 1 sessions for ...
2026-07-06 08:46:37.555 [info] Getting sessions for all scopes...
2026-07-06 08:46:37.555 [info] Got 1 sessions for ...
2026-07-06 08:46:37.555 [info] Getting sessions for all scopes...
2026-07-06 08:46:37.555 [info] Got 1 sessions for ...
2026-07-06 08:46:38.934 [info] Getting sessions for all scopes...
2026-07-06 08:46:38.934 [info] Got 1 sessions for ...
2026-07-06 08:46:38.935 [info] Getting sessions for all scopes...
2026-07-06 08:46:38.935 [info] Got 1 sessions for ...
2026-07-06 08:47:04.993 [info] Getting sessions for all scopes...
2026-07-06 08:47:04.993 [info] Got 1 sessions for ...
2026-07-06 08:47:04.993 [info] Getting sessions for all scopes...
2026-07-06 08:47:04.993 [info] Got 1 sessions for ...
2026-07-06 08:47:12.492 [info] Getting sessions for all scopes...
2026-07-06 08:47:12.492 [info] Got 1 sessions for ...
2026-07-06 08:47:12.494 [info] Getting sessions for all scopes...
2026-07-06 08:47:12.494 [info] Got 1 sessions for ...
2026-07-06 08:47:47.415 [info] Getting sessions for all scopes...
2026-07-06 08:47:47.415 [info] Got 1 sessions for ...
2026-07-06 08:47:47.416 [info] Getting sessions for all scopes...
2026-07-06 08:47:47.416 [info] Got 1 sessions for ...
2026-07-06 08:48:00.198 [info] Getting sessions for all scopes...
2026-07-06 08:48:00.198 [info] Got 1 sessions for ...
2026-07-06 08:48:00.198 [info] Getting sessions for all scopes...
2026-07-06 08:48:00.199 [info] Got 1 sessions for ...
2026-07-06 08:48:16.706 [info] Getting sessions for all scopes...
2026-07-06 08:48:16.706 [info] Got 1 sessions for ...
2026-07-06 08:48:16.707 [info] Getting sessions for all scopes...
2026-07-06 08:48:16.707 [info] Got 1 sessions for ...
2026-07-06 08:48:19.820 [info] Getting sessions for all scopes...
2026-07-06 08:48:19.820 [info] Got 1 sessions for ...
2026-07-06 08:48:19.821 [info] Getting sessions for all scopes...
2026-07-06 08:48:19.821 [info] Got 1 sessions for ...
2026-07-06 08:48:20.353 [info] Getting sessions for all scopes...
2026-07-06 08:48:20.353 [info] Got 1 sessions for ...
2026-07-06 08:48:20.387 [info] Getting sessions for all scopes...
2026-07-06 08:48:20.388 [info] Got 1 sessions for ...
2026-07-06 08:48:20.713 [info] Getting sessions for all scopes...
2026-07-06 08:48:20.713 [info] Got 1 sessions for ...
2026-07-06 08:48:20.714 [info] Getting sessions for all scopes...
2026-07-06 08:48:20.714 [info] Got 1 sessions for ...
2026-07-06 08:48:21.345 [info] Getting sessions for all scopes...
2026-07-06 08:48:21.345 [info] Got 1 sessions for ...
2026-07-06 08:48:21.346 [info] Getting sessions for all scopes...
2026-07-06 08:48:21.346 [info] Got 1 sessions for ...
2026-07-06 08:48:56.835 [info] Getting sessions for all scopes...
2026-07-06 08:48:56.835 [info] Got 1 sessions for ...
2026-07-06 08:48:56.837 [info] Getting sessions for all scopes...
2026-07-06 08:48:56.837 [info] Got 1 sessions for ...
2026-07-06 08:49:31.154 [info] Getting sessions for all scopes...
2026-07-06 08:49:31.154 [info] Got 1 sessions for ...
2026-07-06 08:49:31.155 [info] Getting sessions for all scopes...
2026-07-06 08:49:31.155 [info] Got 1 sessions for ...
2026-07-06 08:50:14.864 [info] Getting sessions for all scopes...
2026-07-06 08:50:14.864 [info] Got 1 sessions for ...
2026-07-06 08:50:14.865 [info] Getting sessions for all scopes...
2026-07-06 08:50:14.865 [info] Got 1 sessions for ...
2026-07-06 08:50:15.494 [info] Getting sessions for all scopes...
2026-07-06 08:50:15.494 [info] Got 1 sessions for ...
2026-07-06 08:50:15.495 [info] Getting sessions for all scopes...
2026-07-06 08:50:15.495 [info] Got 1 sessions for ...
2026-07-06 08:50:16.667 [info] Getting sessions for all scopes...
2026-07-06 08:50:16.667 [info] Got 1 sessions for ...
2026-07-06 08:50:16.668 [info] Getting sessions for all scopes...
2026-07-06 08:50:16.668 [info] Got 1 sessions for ...
2026-07-06 08:50:35.014 [info] Getting sessions for all scopes...
2026-07-06 08:50:35.014 [info] Got 1 sessions for ...
2026-07-06 08:50:35.015 [info] Getting sessions for all scopes...
2026-07-06 08:50:35.015 [info] Got 1 sessions for ...
2026-07-06 08:50:40.400 [info] Getting sessions for all scopes...
2026-07-06 08:50:40.400 [info] Got 1 sessions for ...
2026-07-06 08:50:40.400 [info] Getting sessions for all scopes...
2026-07-06 08:50:40.400 [info] Got 1 sessions for ...
2026-07-06 08:50:41.471 [info] Getting sessions for all scopes...
2026-07-06 08:50:41.471 [info] Got 1 sessions for ...
2026-07-06 08:50:41.474 [info] Getting sessions for all scopes...
2026-07-06 08:50:41.474 [info] Got 1 sessions for ...
2026-07-06 08:50:54.516 [info] Getting sessions for all scopes...
2026-07-06 08:50:54.516 [info] Got 1 sessions for ...
2026-07-06 08:50:54.517 [info] Getting sessions for all scopes...
2026-07-06 08:50:54.517 [info] Got 1 sessions for ...
2026-07-06 08:50:56.151 [info] Getting sessions for all scopes...
2026-07-06 08:50:56.151 [info] Got 1 sessions for ...
2026-07-06 08:50:56.152 [info] Getting sessions for all scopes...
2026-07-06 08:50:56.152 [info] Got 1 sessions for ...
2026-07-06 08:51:20.646 [info] Getting sessions for all scopes...
2026-07-06 08:51:20.646 [info] Got 1 sessions for ...
2026-07-06 08:51:20.646 [info] Getting sessions for all scopes...
2026-07-06 08:51:20.647 [info] Got 1 sessions for ...
2026-07-06 08:51:22.206 [info] Getting sessions for all scopes...
2026-07-06 08:51:22.206 [info] Got 1 sessions for ...
2026-07-06 08:51:22.206 [info] Getting sessions for all scopes...
2026-07-06 08:51:22.206 [info] Got 1 sessions for ...
2026-07-06 08:51:24.180 [info] Getting sessions for all scopes...
2026-07-06 08:51:24.180 [info] Got 1 sessions for ...
2026-07-06 08:51:24.181 [info] Getting sessions for all scopes...
2026-07-06 08:51:24.181 [info] Got 1 sessions for ...
2026-07-06 08:51:25.001 [info] Getting sessions for all scopes...
2026-07-06 08:51:25.001 [info] Got 1 sessions for ...
2026-07-06 08:51:25.003 [info] Getting sessions for all scopes...
2026-07-06 08:51:25.003 [info] Got 1 sessions for ...
2026-07-06 08:51:33.728 [info] Getting sessions for all scopes...
2026-07-06 08:51:33.728 [info] Got 1 sessions for ...
2026-07-06 08:51:33.733 [info] Getting sessions for all scopes...
2026-07-06 08:51:33.733 [info] Got 1 sessions for ...
2026-07-06 08:51:39.005 [info] Getting sessions for all scopes...
2026-07-06 08:51:39.005 [info] Got 1 sessions for ...
2026-07-06 08:51:39.006 [info] Getting sessions for all scopes...
2026-07-06 08:51:39.006 [info] Got 1 sessions for ...
2026-07-06 08:53:48.308 [info] Getting sessions for all scopes...
2026-07-06 08:53:48.308 [info] Got 1 sessions for ...
2026-07-06 08:53:48.309 [info] Getting sessions for all scopes...
2026-07-06 08:53:48.309 [info] Got 1 sessions for ...
2026-07-06 08:55:58.601 [info] Getting sessions for all scopes...
2026-07-06 08:55:58.602 [info] Got 1 sessions for ...
2026-07-06 08:55:58.602 [info] Getting sessions for all scopes...
2026-07-06 08:55:58.602 [info] Got 1 sessions for ...
2026-07-06 08:55:59.919 [info] Getting sessions for all scopes...
2026-07-06 08:55:59.919 [info] Got 1 sessions for ...
2026-07-06 08:55:59.920 [info] Getting sessions for all scopes...
2026-07-06 08:55:59.920 [info] Got 1 sessions for ...
2026-07-06 08:57:08.312 [info] Getting sessions for all scopes...
2026-07-06 08:57:08.312 [info] Got 1 sessions for ...
2026-07-06 08:57:08.321 [info] Getting sessions for all scopes...
2026-07-06 08:57:08.321 [info] Got 1 sessions for ...
2026-07-06 08:57:34.209 [info] Getting sessions for all scopes...
2026-07-06 08:57:34.209 [info] Got 1 sessions for ...
2026-07-06 08:57:34.212 [info] Getting sessions for all scopes...
2026-07-06 08:57:34.212 [info] Got 1 sessions for ...
2026-07-06 08:59:43.691 [info] Getting sessions for all scopes...
2026-07-06 08:59:43.691 [info] Got 1 sessions for ...
2026-07-06 08:59:43.701 [info] Getting sessions for all scopes...
2026-07-06 08:59:43.701 [info] Got 1 sessions for ...
2026-07-06 09:04:59.550 [info] Getting sessions for all scopes...
2026-07-06 09:04:59.550 [info] Got 1 sessions for ...
2026-07-06 09:04:59.555 [info] Getting sessions for all scopes...
2026-07-06 09:04:59.556 [info] Got 1 sessions for ...
2026-07-06 09:05:00.786 [info] Getting sessions for all scopes...
2026-07-06 09:05:00.786 [info] Got 1 sessions for ...
2026-07-06 09:05:00.788 [info] Getting sessions for all scopes...
2026-07-06 09:05:00.788 [info] Got 1 sessions for ...
2026-07-06 09:05:03.338 [info] Getting sessions for all scopes...
2026-07-06 09:05:03.339 [info] Got 1 sessions for ...
2026-07-06 09:05:03.340 [info] Getting sessions for all scopes...
2026-07-06 09:05:03.340 [info] Got 1 sessions for ...
2026-07-06 09:05:04.407 [info] Getting sessions for all scopes...
2026-07-06 09:05:04.408 [info] Got 1 sessions for ...
2026-07-06 09:05:04.409 [info] Getting sessions for all scopes...
2026-07-06 09:05:04.409 [info] Got 1 sessions for ...
2026-07-06 09:06:53.460 [info] Getting sessions for all scopes...
2026-07-06 09:06:53.460 [info] Got 1 sessions for ...
2026-07-06 09:06:53.465 [info] Getting sessions for all scopes...
2026-07-06 09:06:53.465 [info] Got 1 sessions for ...
2026-07-06 09:08:34.804 [info] Getting sessions for all scopes...
2026-07-06 09:08:34.804 [info] Got 1 sessions for ...
2026-07-06 09:08:34.804 [info] Getting sessions for all scopes...
2026-07-06 09:08:34.804 [info] Got 1 sessions for ...
2026-07-06 09:08:36.750 [info] Getting sessions for all scopes...
2026-07-06 09:08:36.750 [info] Got 1 sessions for ...
2026-07-06 09:08:36.751 [info] Getting sessions for all scopes...
2026-07-06 09:08:36.751 [info] Got 1 sessions for ...
2026-07-06 09:08:37.826 [info] Getting sessions for all scopes...
2026-07-06 09:08:37.826 [info] Got 1 sessions for ...
2026-07-06 09:08:37.827 [info] Getting sessions for all scopes...
2026-07-06 09:08:37.827 [info] Got 1 sessions for ...
2026-07-06 09:10:26.893 [info] Getting sessions for all scopes...
2026-07-06 09:10:26.893 [info] Got 1 sessions for ...
2026-07-06 09:10:26.897 [info] Getting sessions for all scopes...
2026-07-06 09:10:26.897 [info] Got 1 sessions for ...
2026-07-06 09:10:28.352 [info] Getting sessions for all scopes...
2026-07-06 09:10:28.352 [info] Got 1 sessions for ...
2026-07-06 09:10:28.360 [info] Getting sessions for all scopes...
2026-07-06 09:10:28.360 [info] Got 1 sessions for ...
2026-07-06 09:10:29.717 [info] Getting sessions for all scopes...
2026-07-06 09:10:29.717 [info] Got 1 sessions for ...
2026-07-06 09:10:29.718 [info] Getting sessions for all scopes...
2026-07-06 09:10:29.719 [info] Got 1 sessions for ...
2026-07-06 09:10:31.722 [info] Getting sessions for all scopes...
2026-07-06 09:10:31.723 [info] Got 1 sessions for ...
2026-07-06 09:10:31.743 [info] Getting sessions for all scopes...
2026-07-06 09:10:31.743 [info] Got 1 sessions for ...
2026-07-06 09:10:33.124 [info] Getting sessions for all scopes...
2026-07-06 09:10:33.124 [info] Got 1 sessions for ...
2026-07-06 09:10:33.140 [info] Getting sessions for all scopes...
2026-07-06 09:10:33.140 [info] Got 1 sessions for ...
2026-07-06 09:10:34.333 [info] Getting sessions for all scopes...
2026-07-06 09:10:34.333 [info] Got 1 sessions for ...
2026-07-06 09:10:34.333 [info] Getting sessions for all scopes...
2026-07-06 09:10:34.333 [info] Got 1 sessions for ...
2026-07-06 09:10:35.179 [info] Getting sessions for all scopes...
2026-07-06 09:10:35.179 [info] Got 1 sessions for ...
2026-07-06 09:10:35.196 [info] Getting sessions for all scopes...
2026-07-06 09:10:35.196 [info] Got 1 sessions for ...
2026-07-06 09:10:37.301 [info] Getting sessions for all scopes...
2026-07-06 09:10:37.301 [info] Got 1 sessions for ...
2026-07-06 09:10:37.302 [info] Getting sessions for all scopes...
2026-07-06 09:10:37.302 [info] Got 1 sessions for ...
2026-07-06 09:11:23.182 [info] Getting sessions for all scopes...
2026-07-06 09:11:23.182 [info] Got 1 sessions for ...
2026-07-06 09:11:23.205 [info] Getting sessions for all scopes...
2026-07-06 09:11:23.205 [info] Got 1 sessions for ...
2026-07-06 09:11:24.628 [info] Getting sessions for all scopes...
2026-07-06 09:11:24.628 [info] Got 1 sessions for ...
2026-07-06 09:11:24.657 [info] Getting sessions for all scopes...
2026-07-06 09:11:24.657 [info] Got 1 sessions for ...
2026-07-06 09:11:26.232 [info] Getting sessions for all scopes...
2026-07-06 09:11:26.233 [info] Got 1 sessions for ...
2026-07-06 09:11:26.234 [info] Getting sessions for all scopes...
2026-07-06 09:11:26.234 [info] Got 1 sessions for ...
2026-07-06 09:11:27.558 [info] Getting sessions for all scopes...
2026-07-06 09:11:27.558 [info] Got 1 sessions for ...
2026-07-06 09:11:27.559 [info] Getting sessions for all scopes...
2026-07-06 09:11:27.559 [info] Got 1 sessions for ...
2026-07-06 09:11:28.829 [info] Getting sessions for all scopes...
2026-07-06 09:11:28.829 [info] Got 1 sessions for ...
2026-07-06 09:11:28.830 [info] Getting sessions for all scopes...
2026-07-06 09:11:28.830 [info] Got 1 sessions for ...
2026-07-06 09:11:29.778 [info] Getting sessions for all scopes...
2026-07-06 09:11:29.778 [info] Got 1 sessions for ...
2026-07-06 09:11:29.779 [info] Getting sessions for all scopes...
2026-07-06 09:11:29.779 [info] Got 1 sessions for ...
2026-07-06 09:11:31.325 [info] Getting sessions for all scopes...
2026-07-06 09:11:31.325 [info] Got 1 sessions for ...
2026-07-06 09:11:31.328 [info] Getting sessions for all scopes...
2026-07-06 09:11:31.328 [info] Got 1 sessions for ...
2026-07-06 09:11:34.077 [info] Getting sessions for all scopes...
2026-07-06 09:11:34.077 [info] Got 1 sessions for ...
2026-07-06 09:11:34.078 [info] Getting sessions for all scopes...
2026-07-06 09:11:34.078 [info] Got 1 sessions for ...
2026-07-06 09:11:35.607 [info] Getting sessions for all scopes...
2026-07-06 09:11:35.607 [info] Got 1 sessions for ...
2026-07-06 09:11:35.607 [info] Getting sessions for all scopes...
2026-07-06 09:11:35.608 [info] Got 1 sessions for ...
2026-07-06 09:11:42.580 [info] Getting sessions for all scopes...
2026-07-06 09:11:42.580 [info] Got 1 sessions for ...
2026-07-06 09:11:42.598 [info] Getting sessions for all scopes...
2026-07-06 09:11:42.598 [info] Got 1 sessions for ...
2026-07-06 09:11:43.222 [info] Getting sessions for all scopes...
2026-07-06 09:11:43.223 [info] Got 1 sessions for ...
2026-07-06 09:11:43.225 [info] Getting sessions for all scopes...
2026-07-06 09:11:43.225 [info] Got 1 sessions for ...
2026-07-06 09:11:43.913 [info] Getting sessions for all scopes...
2026-07-06 09:11:43.913 [info] Got 1 sessions for ...
2026-07-06 09:11:43.927 [info] Getting sessions for all scopes...
2026-07-06 09:11:43.927 [info] Got 1 sessions for ...
2026-07-06 09:11:44.539 [info] Getting sessions for all scopes...
2026-07-06 09:11:44.539 [info] Got 1 sessions for ...
2026-07-06 09:11:44.561 [info] Getting sessions for all scopes...
2026-07-06 09:11:44.561 [info] Got 1 sessions for ...
2026-07-06 09:11:44.988 [info] Getting sessions for all scopes...
2026-07-06 09:11:44.989 [info] Got 1 sessions for ...
2026-07-06 09:11:45.024 [info] Getting sessions for all scopes...
2026-07-06 09:11:45.024 [info] Got 1 sessions for ...
2026-07-06 09:11:45.421 [info] Getting sessions for all scopes...
2026-07-06 09:11:45.422 [info] Got 1 sessions for ...
2026-07-06 09:11:45.441 [info] Getting sessions for all scopes...
2026-07-06 09:11:45.441 [info] Got 1 sessions for ...
2026-07-06 09:11:49.250 [info] Getting sessions for all scopes...
2026-07-06 09:11:49.251 [info] Got 1 sessions for ...
2026-07-06 09:11:49.252 [info] Getting sessions for all scopes...
2026-07-06 09:11:49.252 [info] Got 1 sessions for ...
2026-07-06 09:12:25.211 [info] Getting sessions for all scopes...
2026-07-06 09:12:25.211 [info] Got 1 sessions for ...
2026-07-06 09:12:25.211 [info] Getting sessions for all scopes...
2026-07-06 09:12:25.211 [info] Got 1 sessions for ...
2026-07-06 09:12:25.860 [info] Getting sessions for all scopes...
2026-07-06 09:12:25.860 [info] Got 1 sessions for ...
2026-07-06 09:12:25.873 [info] Getting sessions for all scopes...
2026-07-06 09:12:25.873 [info] Got 1 sessions for ...
2026-07-06 09:12:41.742 [info] Getting sessions for all scopes...
2026-07-06 09:12:41.742 [info] Got 1 sessions for ...
2026-07-06 09:12:41.743 [info] Getting sessions for all scopes...
2026-07-06 09:12:41.743 [info] Got 1 sessions for ...
2026-07-06 09:12:43.505 [info] Getting sessions for all scopes...
2026-07-06 09:12:43.505 [info] Got 1 sessions for ...
2026-07-06 09:12:43.505 [info] Getting sessions for all scopes...
2026-07-06 09:12:43.505 [info] Got 1 sessions for ...
2026-07-06 09:14:11.412 [info] Getting sessions for all scopes...
2026-07-06 09:14:11.412 [info] Got 1 sessions for ...
2026-07-06 09:14:11.414 [info] Getting sessions for all scopes...
2026-07-06 09:14:11.414 [info] Got 1 sessions for ...
2026-07-06 09:14:13.130 [info] Getting sessions for all scopes...
2026-07-06 09:14:13.130 [info] Got 1 sessions for ...
2026-07-06 09:14:13.155 [info] Getting sessions for all scopes...
2026-07-06 09:14:13.155 [info] Got 1 sessions for ...
2026-07-06 09:14:44.015 [info] Getting sessions for all scopes...
2026-07-06 09:14:44.015 [info] Got 1 sessions for ...
2026-07-06 09:14:44.015 [info] Getting sessions for all scopes...
2026-07-06 09:14:44.015 [info] Got 1 sessions for ...
2026-07-06 09:14:46.388 [info] Getting sessions for all scopes...
2026-07-06 09:14:46.388 [info] Got 1 sessions for ...
2026-07-06 09:14:46.389 [info] Getting sessions for all scopes...
2026-07-06 09:14:46.389 [info] Got 1 sessions for ...
2026-07-06 09:14:48.539 [info] Getting sessions for all scopes...
2026-07-06 09:14:48.539 [info] Got 1 sessions for ...
2026-07-06 09:14:48.584 [info] Getting sessions for all scopes...
2026-07-06 09:14:48.584 [info] Got 1 sessions for ...
2026-07-06 09:14:50.382 [info] Getting sessions for all scopes...
2026-07-06 09:14:50.382 [info] Got 1 sessions for ...
2026-07-06 09:14:50.382 [info] Getting sessions for all scopes...
2026-07-06 09:14:50.382 [info] Got 1 sessions for ...
2026-07-06 09:14:51.643 [info] Getting sessions for all scopes...
2026-07-06 09:14:51.643 [info] Got 1 sessions for ...
2026-07-06 09:14:51.667 [info] Getting sessions for all scopes...
2026-07-06 09:14:51.668 [info] Got 1 sessions for ...
2026-07-06 09:14:58.562 [info] Getting sessions for all scopes...
2026-07-06 09:14:58.562 [info] Got 1 sessions for ...
2026-07-06 09:14:58.584 [info] Getting sessions for all scopes...
2026-07-06 09:14:58.584 [info] Got 1 sessions for ...
2026-07-06 09:16:05.338 [info] Getting sessions for all scopes...
2026-07-06 09:16:05.338 [info] Got 1 sessions for ...
2026-07-06 09:16:05.353 [info] Getting sessions for all scopes...
2026-07-06 09:16:05.353 [info] Got 1 sessions for ...
2026-07-06 09:16:56.873 [info] Getting sessions for all scopes...
2026-07-06 09:16:56.873 [info] Got 1 sessions for ...
2026-07-06 09:16:56.873 [info] Getting sessions for all scopes...
2026-07-06 09:16:56.873 [info] Got 1 sessions for ...
2026-07-06 09:17:12.271 [info] Getting sessions for all scopes...
2026-07-06 09:17:12.271 [info] Got 1 sessions for ...
2026-07-06 09:17:12.271 [info] Getting sessions for all scopes...
2026-07-06 09:17:12.271 [info] Got 1 sessions for ...
2026-07-06 09:17:40.931 [info] Getting sessions for all scopes...
2026-07-06 09:17:40.931 [info] Got 1 sessions for ...
2026-07-06 09:17:40.932 [info] Getting sessions for all scopes...
2026-07-06 09:17:40.932 [info] Got 1 sessions for ...
2026-07-06 09:17:42.170 [info] Getting sessions for all scopes...
2026-07-06 09:17:42.170 [info] Got 1 sessions for ...
2026-07-06 09:17:42.170 [info] Getting sessions for all scopes...
2026-07-06 09:17:42.170 [info] Got 1 sessions for ...
2026-07-06 09:18:08.172 [info] Getting sessions for all scopes...
2026-07-06 09:18:08.173 [info] Got 1 sessions for ...
2026-07-06 09:18:08.176 [info] Getting sessions for all scopes...
2026-07-06 09:18:08.176 [info] Got 1 sessions for ...
2026-07-06 09:19:14.802 [info] Getting sessions for all scopes...
2026-07-06 09:19:14.802 [info] Got 1 sessions for ...
2026-07-06 09:19:14.802 [info] Getting sessions for all scopes...
2026-07-06 09:19:14.802 [info] Got 1 sessions for ...
2026-07-06 09:19:17.768 [info] Getting sessions for all scopes...
2026-07-06 09:19:17.768 [info] Got 1 sessions for ...
2026-07-06 09:19:17.768 [info] Getting sessions for all scopes...
2026-07-06 09:19:17.769 [info] Got 1 sessions for ...
2026-07-06 09:19:19.047 [info] Getting sessions for all scopes...
2026-07-06 09:19:19.047 [info] Got 1 sessions for ...
2026-07-06 09:19:19.050 [info] Getting sessions for all scopes...
2026-07-06 09:19:19.050 [info] Got 1 sessions for ...
2026-07-06 09:19:19.925 [info] Getting sessions for all scopes...
2026-07-06 09:19:19.925 [info] Got 1 sessions for ...
2026-07-06 09:19:19.926 [info] Getting sessions for all scopes...
2026-07-06 09:19:19.926 [info] Got 1 sessions for ...
2026-07-06 09:19:22.146 [info] Getting sessions for all scopes...
2026-07-06 09:19:22.146 [info] Got 1 sessions for ...
2026-07-06 09:19:22.148 [info] Getting sessions for all scopes...
2026-07-06 09:19:22.148 [info] Got 1 sessions for ...
2026-07-06 09:19:32.783 [info] Getting sessions for all scopes...
2026-07-06 09:19:32.783 [info] Got 1 sessions for ...
2026-07-06 09:19:32.783 [info] Getting sessions for all scopes...
2026-07-06 09:19:32.783 [info] Got 1 sessions for ...
2026-07-06 09:19:34.517 [info] Getting sessions for all scopes...
2026-07-06 09:19:34.517 [info] Got 1 sessions for ...
2026-07-06 09:19:34.518 [info] Getting sessions for all scopes...
2026-07-06 09:19:34.518 [info] Got 1 sessions for ...
2026-07-06 09:19:36.108 [info] Getting sessions for all scopes...
2026-07-06 09:19:36.108 [info] Got 1 sessions for ...
2026-07-06 09:19:36.109 [info] Getting sessions for all scopes...
2026-07-06 09:19:36.110 [info] Got 1 sessions for ...
2026-07-06 09:19:38.061 [info] Getting sessions for all scopes...
2026-07-06 09:19:38.061 [info] Got 1 sessions for ...
2026-07-06 09:19:38.062 [info] Getting sessions for all scopes...
2026-07-06 09:19:38.062 [info] Got 1 sessions for ...
2026-07-06 09:19:39.568 [info] Getting sessions for all scopes...
2026-07-06 09:19:39.568 [info] Got 1 sessions for ...
2026-07-06 09:19:39.569 [info] Getting sessions for all scopes...
2026-07-06 09:19:39.569 [info] Got 1 sessions for ...
2026-07-06 09:19:41.649 [info] Getting sessions for all scopes...
2026-07-06 09:19:41.649 [info] Got 1 sessions for ...
2026-07-06 09:19:41.650 [info] Getting sessions for all scopes...
2026-07-06 09:19:41.650 [info] Got 1 sessions for ...
2026-07-06 09:20:03.018 [info] Getting sessions for all scopes...
2026-07-06 09:20:03.018 [info] Got 1 sessions for ...
2026-07-06 09:20:03.019 [info] Getting sessions for all scopes...
2026-07-06 09:20:03.019 [info] Got 1 sessions for ...
2026-07-06 09:20:04.051 [info] Getting sessions for all scopes...
2026-07-06 09:20:04.051 [info] Got 1 sessions for ...
2026-07-06 09:20:04.066 [info] Getting sessions for all scopes...
2026-07-06 09:20:04.066 [info] Got 1 sessions for ...
2026-07-06 09:20:05.602 [info] Getting sessions for all scopes...
2026-07-06 09:20:05.603 [info] Got 1 sessions for ...
2026-07-06 09:20:05.603 [info] Getting sessions for all scopes...
2026-07-06 09:20:05.603 [info] Got 1 sessions for ...
2026-07-06 09:20:07.874 [info] Getting sessions for all scopes...
2026-07-06 09:20:07.874 [info] Got 1 sessions for ...
2026-07-06 09:20:07.875 [info] Getting sessions for all scopes...
2026-07-06 09:20:07.875 [info] Got 1 sessions for ...
2026-07-06 09:20:09.284 [info] Getting sessions for all scopes...
2026-07-06 09:20:09.284 [info] Got 1 sessions for ...
2026-07-06 09:20:09.285 [info] Getting sessions for all scopes...
2026-07-06 09:20:09.285 [info] Got 1 sessions for ...
2026-07-06 09:21:01.948 [info] Getting sessions for all scopes...
2026-07-06 09:21:01.948 [info] Got 1 sessions for ...
2026-07-06 09:21:01.963 [info] Getting sessions for all scopes...
2026-07-06 09:21:01.963 [info] Got 1 sessions for ...
2026-07-06 09:21:50.082 [info] Getting sessions for all scopes...
2026-07-06 09:21:50.082 [info] Got 1 sessions for ...
2026-07-06 09:21:50.104 [info] Getting sessions for all scopes...
2026-07-06 09:21:50.104 [info] Got 1 sessions for ...
2026-07-06 09:21:55.383 [info] Getting sessions for all scopes...
2026-07-06 09:21:55.383 [info] Got 1 sessions for ...
2026-07-06 09:21:55.384 [info] Getting sessions for all scopes...
2026-07-06 09:21:55.384 [info] Got 1 sessions for ...
2026-07-06 09:22:05.353 [info] Getting sessions for all scopes...
2026-07-06 09:22:05.353 [info] Got 1 sessions for ...
2026-07-06 09:22:05.354 [info] Getting sessions for all scopes...
2026-07-06 09:22:05.355 [info] Got 1 sessions for ...
2026-07-06 09:22:07.829 [info] Getting sessions for all scopes...
2026-07-06 09:22:07.829 [info] Got 1 sessions for ...
2026-07-06 09:22:07.830 [info] Getting sessions for all scopes...
2026-07-06 09:22:07.830 [info] Got 1 sessions for ...
2026-07-06 09:22:08.172 [info] Getting sessions for all scopes...
2026-07-06 09:22:08.172 [info] Got 1 sessions for ...
2026-07-06 09:22:08.216 [info] Getting sessions for all scopes...
2026-07-06 09:22:08.219 [info] Got 1 sessions for ...
2026-07-06 09:22:15.997 [info] Getting sessions for all scopes...
2026-07-06 09:22:15.997 [info] Got 1 sessions for ...
2026-07-06 09:22:15.998 [info] Getting sessions for all scopes...
2026-07-06 09:22:15.998 [info] Got 1 sessions for ...
2026-07-06 09:22:18.833 [info] Getting sessions for all scopes...
2026-07-06 09:22:18.833 [info] Got 1 sessions for ...
2026-07-06 09:22:18.834 [info] Getting sessions for all scopes...
2026-07-06 09:22:18.834 [info] Got 1 sessions for ...
2026-07-06 09:31:58.159 [info] Getting sessions for all scopes...
2026-07-06 09:31:58.159 [info] Got 1 sessions for ...
2026-07-06 09:31:58.160 [info] Getting sessions for all scopes...
2026-07-06 09:31:58.160 [info] Got 1 sessions for ...
2026-07-06 09:33:06.275 [info] Getting sessions for all scopes...
2026-07-06 09:33:06.275 [info] Got 1 sessions for ...
2026-07-06 09:33:06.305 [info] Getting sessions for all scopes...
2026-07-06 09:33:06.305 [info] Got 1 sessions for ...
2026-07-06 09:40:13.622 [info] Getting sessions for all scopes...
2026-07-06 09:40:13.622 [info] Got 1 sessions for ...
2026-07-06 09:40:13.625 [info] Getting sessions for read:user,repo,user:email,workflow...
2026-07-06 09:40:13.625 [info] Got 1 sessions for read:user,repo,user:email,workflow...
2026-07-06 09:40:14.695 [info] Getting sessions for all scopes...
2026-07-06 09:40:14.695 [info] Got 1 sessions for ...
2026-07-06 09:40:14.696 [info] Getting sessions for all scopes...
2026-07-06 09:40:14.696 [info] Got 1 sessions for ...
2026-07-06 09:40:14.759 [info] Getting sessions for read:user,repo,user:email,workflow...
2026-07-06 09:40:14.759 [info] Got 1 sessions for read:user,repo,user:email,workflow...
2026-07-06 10:24:04.279 [info] Getting sessions for all scopes...
2026-07-06 10:24:04.279 [info] Got 1 sessions for ...
2026-07-06 10:24:04.279 [info] Getting sessions for all scopes...
2026-07-06 10:24:04.279 [info] Got 1 sessions for ...
2026-07-06 10:36:13.640 [info] Getting sessions for all scopes...
2026-07-06 10:36:13.640 [info] Got 1 sessions for ...
2026-07-06 10:36:13.643 [info] Getting sessions for read:user,repo,user:email,workflow...
2026-07-06 10:36:13.643 [info] Got 1 sessions for read:user,repo,user:email,workflow...
2026-07-06 10:36:14.549 [info] Getting sessions for all scopes...
2026-07-06 10:36:14.549 [info] Got 1 sessions for ...
2026-07-06 10:36:14.549 [info] Getting sessions for all scopes...
2026-07-06 10:36:14.549 [info] Got 1 sessions for ...
2026-07-06 10:36:14.551 [info] Getting sessions for read:user,repo,user:email,workflow...
2026-07-06 10:36:14.551 [info] Got 1 sessions for read:user,repo,user:email,workflow...
2026-07-06 11:01:38.475 [info] Getting sessions for all scopes...
2026-07-06 11:01:38.475 [info] Got 1 sessions for ...
2026-07-06 11:01:38.476 [info] Getting sessions for all scopes...
2026-07-06 11:01:38.476 [info] Got 1 sessions for ...
2026-07-06 11:04:50.058 [info] Getting sessions for all scopes...
2026-07-06 11:04:50.058 [info] Got 1 sessions for ...
2026-07-06 11:04:50.059 [info] Getting sessions for all scopes...
2026-07-06 11:04:50.059 [info] Got 1 sessions for ...
