2026-07-01 13:16:57.390 [info] [main] Log level: Info
2026-07-01 13:16:57.390 [info] [main] Validating found git in: "git"
2026-07-01 13:16:57.390 [info] [main] Using git "2.55.0" from "git"
2026-07-01 13:16:57.390 [info] [Model][doInitialScan] Initial repository scan started
2026-07-01 13:16:57.390 [info] > git rev-parse --show-toplevel [5ms]
2026-07-01 13:16:57.390 [info] fatal: not a git repository (or any parent up to mount point /)
Stopping at filesystem boundary (GIT_DISCOVERY_ACROSS_FILESYSTEM not set).
2026-07-01 13:16:57.390 [info] > git rev-parse --show-toplevel [3ms]
2026-07-01 13:16:57.390 [info] fatal: not a git repository (or any parent up to mount point /)
Stopping at filesystem boundary (GIT_DISCOVERY_ACROSS_FILESYSTEM not set).
2026-07-01 13:16:57.398 [info] > git rev-parse --show-toplevel [1ms]
2026-07-01 13:16:57.398 [info] fatal: not a git repository (or any parent up to mount point /)
Stopping at filesystem boundary (GIT_DISCOVERY_ACROSS_FILESYSTEM not set).
2026-07-01 13:16:57.407 [info] > git rev-parse --show-toplevel [2ms]
2026-07-01 13:16:57.407 [info] fatal: not a git repository (or any parent up to mount point /)
Stopping at filesystem boundary (GIT_DISCOVERY_ACROSS_FILESYSTEM not set).
2026-07-01 13:16:57.414 [info] > git rev-parse --show-toplevel [1ms]
2026-07-01 13:16:57.414 [info] fatal: not a git repository (or any parent up to mount point /)
Stopping at filesystem boundary (GIT_DISCOVERY_ACROSS_FILESYSTEM not set).
2026-07-01 13:16:57.421 [info] > git rev-parse --show-toplevel [2ms]
2026-07-01 13:16:57.421 [info] fatal: not a git repository (or any parent up to mount point /)
Stopping at filesystem boundary (GIT_DISCOVERY_ACROSS_FILESYSTEM not set).
2026-07-01 13:16:58.585 [info] > git rev-parse --show-toplevel [287ms]
2026-07-01 13:16:58.585 [info] fatal: not a git repository (or any parent up to mount point /)
Stopping at filesystem boundary (GIT_DISCOVERY_ACROSS_FILESYSTEM not set).
2026-07-01 13:16:58.587 [info] [Model][doInitialScan] Initial repository scan completed - repositories (0), closed repositories (0), parent repositories (0), unsafe repositories (0)
2026-07-01 13:16:58.743 [info] > git rev-parse --show-toplevel [86ms]
2026-07-01 13:16:58.743 [info] fatal: not a git repository (or any parent up to mount point /)
Stopping at filesystem boundary (GIT_DISCOVERY_ACROSS_FILESYSTEM not set).
2026-07-01 13:16:58.785 [info] > git rev-parse --show-toplevel [17ms]
2026-07-01 13:16:58.785 [info] fatal: not a git repository (or any parent up to mount point /)
Stopping at filesystem boundary (GIT_DISCOVERY_ACROSS_FILESYSTEM not set).
2026-07-01 13:16:58.800 [info] > git rev-parse --show-toplevel [2ms]
2026-07-01 13:16:58.800 [info] fatal: not a git repository (or any parent up to mount point /)
Stopping at filesystem boundary (GIT_DISCOVERY_ACROSS_FILESYSTEM not set).
2026-07-01 13:16:58.859 [info] > git rev-parse --show-toplevel [1ms]
2026-07-01 13:16:58.859 [info] fatal: not a git repository (or any parent up to mount point /)
Stopping at filesystem boundary (GIT_DISCOVERY_ACROSS_FILESYSTEM not set).
2026-07-01 13:16:58.891 [info] > git rev-parse --show-toplevel [3ms]
2026-07-01 13:16:58.891 [info] fatal: not a git repository (or any parent up to mount point /)
Stopping at filesystem boundary (GIT_DISCOVERY_ACROSS_FILESYSTEM not set).
2026-07-01 13:16:58.914 [info] > git rev-parse --show-toplevel [3ms]
2026-07-01 13:16:58.914 [info] fatal: not a git repository (or any parent up to mount point /)
Stopping at filesystem boundary (GIT_DISCOVERY_ACROSS_FILESYSTEM not set).
2026-07-01 13:17:00.126 [info] > git rev-parse --show-toplevel [284ms]
2026-07-01 13:17:00.126 [info] fatal: not a git repository (or any parent up to mount point /)
Stopping at filesystem boundary (GIT_DISCOVERY_ACROSS_FILESYSTEM not set).
2026-07-01 13:17:00.491 [info] > git rev-parse --show-toplevel [1ms]
2026-07-01 13:17:00.491 [info] fatal: not a git repository (or any parent up to mount point /)
Stopping at filesystem boundary (GIT_DISCOVERY_ACROSS_FILESYSTEM not set).
2026-07-01 13:17:00.504 [info] > git rev-parse --show-toplevel [0ms]
2026-07-01 13:17:00.504 [info] fatal: not a git repository (or any parent up to mount point /)
Stopping at filesystem boundary (GIT_DISCOVERY_ACROSS_FILESYSTEM not set).
2026-07-01 13:21:15.207 [info] > git rev-parse --show-toplevel [1ms]
2026-07-01 13:21:15.207 [info] fatal: not a git repository (or any parent up to mount point /)
Stopping at filesystem boundary (GIT_DISCOVERY_ACROSS_FILESYSTEM not set).
2026-07-01 13:21:15.799 [info] > git rev-parse --show-toplevel [3ms]
2026-07-01 13:21:15.799 [info] fatal: not a git repository (or any parent up to mount point /)
Stopping at filesystem boundary (GIT_DISCOVERY_ACROSS_FILESYSTEM not set).
2026-07-01 13:21:18.431 [info] > git rev-parse --show-toplevel [3ms]
2026-07-01 13:21:18.431 [info] fatal: not a git repository (or any parent up to mount point /)
Stopping at filesystem boundary (GIT_DISCOVERY_ACROSS_FILESYSTEM not set).
