2026-06-17 12:58:14.652 [info] [main] Log level: Info
2026-06-17 12:58:14.652 [info] [main] Validating found git in: "git"
2026-06-17 12:58:14.652 [info] [main] Using git "2.54.0" from "git"
2026-06-17 12:58:14.652 [info] [Model][doInitialScan] Initial repository scan started
2026-06-17 12:58:14.652 [info] > git rev-parse --show-toplevel [16ms]
2026-06-17 12:58:14.652 [info] fatal: not a git repository (or any parent up to mount point /)
Stopping at filesystem boundary (GIT_DISCOVERY_ACROSS_FILESYSTEM not set).
2026-06-17 12:58:14.652 [info] > git rev-parse --show-toplevel [2ms]
2026-06-17 12:58:14.652 [info] fatal: not a git repository (or any parent up to mount point /)
Stopping at filesystem boundary (GIT_DISCOVERY_ACROSS_FILESYSTEM not set).
2026-06-17 12:58:14.653 [info] > git rev-parse --show-toplevel [1ms]
2026-06-17 12:58:14.653 [info] fatal: not a git repository (or any parent up to mount point /)
Stopping at filesystem boundary (GIT_DISCOVERY_ACROSS_FILESYSTEM not set).
2026-06-17 12:58:14.668 [info] > git rev-parse --show-toplevel [10ms]
2026-06-17 12:58:14.668 [info] fatal: not a git repository (or any parent up to mount point /)
Stopping at filesystem boundary (GIT_DISCOVERY_ACROSS_FILESYSTEM not set).
2026-06-17 12:58:14.674 [info] > git rev-parse --show-toplevel [1ms]
2026-06-17 12:58:14.674 [info] fatal: not a git repository (or any parent up to mount point /)
Stopping at filesystem boundary (GIT_DISCOVERY_ACROSS_FILESYSTEM not set).
2026-06-17 12:58:14.679 [info] > git rev-parse --show-toplevel [1ms]
2026-06-17 12:58:14.679 [info] fatal: not a git repository (or any parent up to mount point /)
Stopping at filesystem boundary (GIT_DISCOVERY_ACROSS_FILESYSTEM not set).
2026-06-17 12:58:16.210 [info] > git rev-parse --show-toplevel [1527ms]
2026-06-17 12:58:16.210 [info] fatal: not a git repository (or any parent up to mount point /)
Stopping at filesystem boundary (GIT_DISCOVERY_ACROSS_FILESYSTEM not set).
2026-06-17 12:58:16.213 [info] [Model][doInitialScan] Initial repository scan completed - repositories (0), closed repositories (0), parent repositories (0), unsafe repositories (0)
2026-06-17 12:58:16.416 [info] > git rev-parse --show-toplevel [104ms]
2026-06-17 12:58:16.416 [info] fatal: not a git repository (or any parent up to mount point /)
Stopping at filesystem boundary (GIT_DISCOVERY_ACROSS_FILESYSTEM not set).
2026-06-17 12:58:16.541 [info] > git rev-parse --show-toplevel [14ms]
2026-06-17 12:58:16.541 [info] fatal: not a git repository (or any parent up to mount point /)
Stopping at filesystem boundary (GIT_DISCOVERY_ACROSS_FILESYSTEM not set).
2026-06-17 12:58:16.586 [info] > git rev-parse --show-toplevel [30ms]
2026-06-17 12:58:16.586 [info] fatal: not a git repository (or any parent up to mount point /)
Stopping at filesystem boundary (GIT_DISCOVERY_ACROSS_FILESYSTEM not set).
2026-06-17 12:58:16.658 [info] > git rev-parse --show-toplevel [6ms]
2026-06-17 12:58:16.658 [info] fatal: not a git repository (or any parent up to mount point /)
Stopping at filesystem boundary (GIT_DISCOVERY_ACROSS_FILESYSTEM not set).
2026-06-17 12:58:16.688 [info] > git rev-parse --show-toplevel [25ms]
2026-06-17 12:58:16.689 [info] fatal: not a git repository (or any parent up to mount point /)
Stopping at filesystem boundary (GIT_DISCOVERY_ACROSS_FILESYSTEM not set).
2026-06-17 12:58:16.700 [info] > git rev-parse --show-toplevel [1ms]
2026-06-17 12:58:16.700 [info] fatal: not a git repository (or any parent up to mount point /)
Stopping at filesystem boundary (GIT_DISCOVERY_ACROSS_FILESYSTEM not set).
2026-06-17 12:58:17.993 [info] > git rev-parse --show-toplevel [27ms]
2026-06-17 12:58:17.993 [info] fatal: not a git repository (or any parent up to mount point /)
Stopping at filesystem boundary (GIT_DISCOVERY_ACROSS_FILESYSTEM not set).
2026-06-17 12:58:18.539 [info] > git rev-parse --show-toplevel [1ms]
2026-06-17 12:58:18.539 [info] fatal: not a git repository (or any parent up to mount point /)
Stopping at filesystem boundary (GIT_DISCOVERY_ACROSS_FILESYSTEM not set).
2026-06-17 12:59:15.976 [info] > git rev-parse --show-toplevel [1ms]
2026-06-17 12:59:15.976 [info] fatal: not a git repository (or any parent up to mount point /)
Stopping at filesystem boundary (GIT_DISCOVERY_ACROSS_FILESYSTEM not set).
2026-06-17 12:59:16.720 [info] > git rev-parse --show-toplevel [2ms]
2026-06-17 12:59:16.720 [info] fatal: not a git repository (or any parent up to mount point /)
Stopping at filesystem boundary (GIT_DISCOVERY_ACROSS_FILESYSTEM not set).
2026-06-17 12:59:17.769 [info] > git rev-parse --show-toplevel [0ms]
2026-06-17 12:59:17.770 [info] fatal: not a git repository (or any parent up to mount point /)
Stopping at filesystem boundary (GIT_DISCOVERY_ACROSS_FILESYSTEM not set).
2026-06-17 12:59:20.010 [info] > git rev-parse --show-toplevel [2ms]
2026-06-17 12:59:20.010 [info] fatal: not a git repository (or any parent up to mount point /)
Stopping at filesystem boundary (GIT_DISCOVERY_ACROSS_FILESYSTEM not set).
2026-06-17 13:08:43.157 [info] > git rev-parse --show-toplevel [1ms]
2026-06-17 13:08:43.157 [info] fatal: not a git repository (or any parent up to mount point /)
Stopping at filesystem boundary (GIT_DISCOVERY_ACROSS_FILESYSTEM not set).
2026-06-17 13:08:46.087 [info] > git rev-parse --show-toplevel [2ms]
2026-06-17 13:08:46.087 [info] fatal: not a git repository (or any parent up to mount point /)
Stopping at filesystem boundary (GIT_DISCOVERY_ACROSS_FILESYSTEM not set).
2026-06-17 13:13:04.032 [info] > git rev-parse --show-toplevel [2ms]
2026-06-17 13:13:04.032 [info] fatal: not a git repository (or any parent up to mount point /)
Stopping at filesystem boundary (GIT_DISCOVERY_ACROSS_FILESYSTEM not set).
2026-06-17 13:13:08.886 [info] > git rev-parse --show-toplevel [1ms]
2026-06-17 13:13:08.886 [info] fatal: not a git repository (or any parent up to mount point /)
Stopping at filesystem boundary (GIT_DISCOVERY_ACROSS_FILESYSTEM not set).
2026-06-17 13:13:11.368 [info] > git rev-parse --show-toplevel [2ms]
2026-06-17 13:13:11.368 [info] fatal: not a git repository (or any parent up to mount point /)
Stopping at filesystem boundary (GIT_DISCOVERY_ACROSS_FILESYSTEM not set).
