2026-06-14 22:10:09.364 [info] [main] Log level: Info
2026-06-14 22:10:09.365 [info] [main] Validating found git in: "git"
2026-06-14 22:10:09.365 [info] [main] Using git "2.54.0" from "git"
2026-06-14 22:10:09.365 [info] [Model][doInitialScan] Initial repository scan started
2026-06-14 22:10:09.365 [info] > git rev-parse --show-toplevel [2ms]
2026-06-14 22:10:09.365 [info] fatal: not a git repository (or any parent up to mount point /)
Stopping at filesystem boundary (GIT_DISCOVERY_ACROSS_FILESYSTEM not set).
2026-06-14 22:10:09.365 [info] > git rev-parse --show-toplevel [1ms]
2026-06-14 22:10:09.365 [info] fatal: not a git repository (or any parent up to mount point /)
Stopping at filesystem boundary (GIT_DISCOVERY_ACROSS_FILESYSTEM not set).
2026-06-14 22:10:09.365 [info] > git rev-parse --show-toplevel [17ms]
2026-06-14 22:10:09.365 [info] fatal: not a git repository (or any parent up to mount point /)
Stopping at filesystem boundary (GIT_DISCOVERY_ACROSS_FILESYSTEM not set).
2026-06-14 22:10:09.365 [info] > git rev-parse --show-toplevel [2ms]
2026-06-14 22:10:09.365 [info] fatal: not a git repository (or any parent up to mount point /)
Stopping at filesystem boundary (GIT_DISCOVERY_ACROSS_FILESYSTEM not set).
2026-06-14 22:10:09.365 [info] > git rev-parse --show-toplevel [1ms]
2026-06-14 22:10:09.365 [info] fatal: not a git repository (or any parent up to mount point /)
Stopping at filesystem boundary (GIT_DISCOVERY_ACROSS_FILESYSTEM not set).
2026-06-14 22:10:09.370 [info] > git rev-parse --show-toplevel [1ms]
2026-06-14 22:10:09.370 [info] fatal: not a git repository (or any parent up to mount point /)
Stopping at filesystem boundary (GIT_DISCOVERY_ACROSS_FILESYSTEM not set).
2026-06-14 22:10:09.374 [info] > git rev-parse --show-toplevel [1ms]
2026-06-14 22:10:09.374 [info] fatal: not a git repository (or any parent up to mount point /)
Stopping at filesystem boundary (GIT_DISCOVERY_ACROSS_FILESYSTEM not set).
2026-06-14 22:10:09.378 [info] [Model][doInitialScan] Initial repository scan completed - repositories (0), closed repositories (0), parent repositories (0), unsafe repositories (0)
2026-06-14 22:10:09.443 [info] > git rev-parse --show-toplevel [6ms]
2026-06-14 22:10:09.443 [info] fatal: not a git repository (or any parent up to mount point /)
Stopping at filesystem boundary (GIT_DISCOVERY_ACROSS_FILESYSTEM not set).
2026-06-14 22:10:09.451 [info] > git rev-parse --show-toplevel [2ms]
2026-06-14 22:10:09.451 [info] fatal: not a git repository (or any parent up to mount point /)
Stopping at filesystem boundary (GIT_DISCOVERY_ACROSS_FILESYSTEM not set).
2026-06-14 22:10:11.420 [info] > git rev-parse --show-toplevel [171ms]
2026-06-14 22:10:11.420 [info] fatal: not a git repository (or any parent up to mount point /)
Stopping at filesystem boundary (GIT_DISCOVERY_ACROSS_FILESYSTEM not set).
2026-06-14 22:10:11.551 [info] > git rev-parse --show-toplevel [19ms]
2026-06-14 22:10:11.551 [info] fatal: not a git repository (or any parent up to mount point /)
Stopping at filesystem boundary (GIT_DISCOVERY_ACROSS_FILESYSTEM not set).
2026-06-14 22:10:11.563 [info] > git rev-parse --show-toplevel [3ms]
2026-06-14 22:10:11.563 [info] fatal: not a git repository (or any parent up to mount point /)
Stopping at filesystem boundary (GIT_DISCOVERY_ACROSS_FILESYSTEM not set).
2026-06-14 22:10:11.652 [info] > git rev-parse --show-toplevel [82ms]
2026-06-14 22:10:11.652 [info] fatal: not a git repository (or any parent up to mount point /)
Stopping at filesystem boundary (GIT_DISCOVERY_ACROSS_FILESYSTEM not set).
2026-06-14 22:10:11.665 [info] > git rev-parse --show-toplevel [6ms]
2026-06-14 22:10:11.665 [info] fatal: not a git repository (or any parent up to mount point /)
Stopping at filesystem boundary (GIT_DISCOVERY_ACROSS_FILESYSTEM not set).
2026-06-14 22:10:13.676 [info] > git rev-parse --show-toplevel [15ms]
2026-06-14 22:10:13.676 [info] fatal: not a git repository (or any parent up to mount point /)
Stopping at filesystem boundary (GIT_DISCOVERY_ACROSS_FILESYSTEM not set).
2026-06-14 22:10:14.374 [info] > git rev-parse --show-toplevel [1ms]
2026-06-14 22:10:14.374 [info] fatal: not a git repository (or any parent up to mount point /)
Stopping at filesystem boundary (GIT_DISCOVERY_ACROSS_FILESYSTEM not set).
2026-06-14 22:11:28.032 [info] > git rev-parse --show-toplevel [2ms]
2026-06-14 22:11:28.032 [info] fatal: not a git repository (or any parent up to mount point /)
Stopping at filesystem boundary (GIT_DISCOVERY_ACROSS_FILESYSTEM not set).
2026-06-14 22:11:43.629 [info] > git rev-parse --show-toplevel [1ms]
2026-06-14 22:11:43.629 [info] fatal: not a git repository (or any parent up to mount point /)
Stopping at filesystem boundary (GIT_DISCOVERY_ACROSS_FILESYSTEM not set).
2026-06-14 22:23:56.591 [info] > git rev-parse --show-toplevel [1ms]
2026-06-14 22:23:56.592 [info] fatal: not a git repository (or any parent up to mount point /)
Stopping at filesystem boundary (GIT_DISCOVERY_ACROSS_FILESYSTEM not set).
2026-06-14 22:23:58.161 [info] > git rev-parse --show-toplevel [2ms]
2026-06-14 22:23:58.161 [info] fatal: not a git repository (or any parent up to mount point /)
Stopping at filesystem boundary (GIT_DISCOVERY_ACROSS_FILESYSTEM not set).
2026-06-14 22:24:06.159 [info] > git rev-parse --show-toplevel [2ms]
2026-06-14 22:24:06.159 [info] fatal: not a git repository (or any parent up to mount point /)
Stopping at filesystem boundary (GIT_DISCOVERY_ACROSS_FILESYSTEM not set).
2026-06-14 22:24:15.410 [info] > git rev-parse --show-toplevel [1ms]
2026-06-14 22:24:15.410 [info] fatal: not a git repository (or any parent up to mount point /)
Stopping at filesystem boundary (GIT_DISCOVERY_ACROSS_FILESYSTEM not set).
2026-06-14 22:24:16.179 [info] > git rev-parse --show-toplevel [1ms]
2026-06-14 22:24:16.179 [info] fatal: not a git repository (or any parent up to mount point /)
Stopping at filesystem boundary (GIT_DISCOVERY_ACROSS_FILESYSTEM not set).
2026-06-14 22:24:20.237 [info] > git rev-parse --show-toplevel [2ms]
2026-06-14 22:24:20.237 [info] fatal: not a git repository (or any parent up to mount point /)
Stopping at filesystem boundary (GIT_DISCOVERY_ACROSS_FILESYSTEM not set).
2026-06-14 22:42:16.833 [info] > git rev-parse --show-toplevel [2ms]
2026-06-14 22:42:16.834 [info] fatal: not a git repository (or any parent up to mount point /)
Stopping at filesystem boundary (GIT_DISCOVERY_ACROSS_FILESYSTEM not set).
2026-06-14 22:43:12.434 [info] > git rev-parse --show-toplevel [2ms]
2026-06-14 22:43:12.434 [info] fatal: not a git repository (or any parent up to mount point /)
Stopping at filesystem boundary (GIT_DISCOVERY_ACROSS_FILESYSTEM not set).
2026-06-14 22:43:25.603 [info] > git rev-parse --show-toplevel [2ms]
2026-06-14 22:43:25.603 [info] fatal: not a git repository (or any parent up to mount point /)
Stopping at filesystem boundary (GIT_DISCOVERY_ACROSS_FILESYSTEM not set).
2026-06-14 22:43:26.289 [info] > git rev-parse --show-toplevel [3ms]
2026-06-14 22:43:26.289 [info] fatal: not a git repository (or any parent up to mount point /)
Stopping at filesystem boundary (GIT_DISCOVERY_ACROSS_FILESYSTEM not set).
2026-06-14 22:43:27.696 [info] > git rev-parse --show-toplevel [1ms]
2026-06-14 22:43:27.697 [info] fatal: not a git repository (or any parent up to mount point /)
Stopping at filesystem boundary (GIT_DISCOVERY_ACROSS_FILESYSTEM not set).
2026-06-14 22:43:29.791 [info] > git rev-parse --show-toplevel [1ms]
2026-06-14 22:43:29.791 [info] fatal: not a git repository (or any parent up to mount point /)
Stopping at filesystem boundary (GIT_DISCOVERY_ACROSS_FILESYSTEM not set).
2026-06-14 22:43:30.849 [info] > git rev-parse --show-toplevel [3ms]
2026-06-14 22:43:30.849 [info] fatal: not a git repository (or any parent up to mount point /)
Stopping at filesystem boundary (GIT_DISCOVERY_ACROSS_FILESYSTEM not set).
