2026-07-01 08:08:03.506 [info] [main] Log level: Info
2026-07-01 08:08:03.506 [info] [main] Validating found git in: "git"
2026-07-01 08:08:03.506 [info] [main] Using git "2.55.0" from "git"
2026-07-01 08:08:03.506 [info] [Model][doInitialScan] Initial repository scan started
2026-07-01 08:08:03.506 [info] > git rev-parse --show-toplevel [9ms]
2026-07-01 08:08:03.506 [info] fatal: not a git repository (or any parent up to mount point /)
Stopping at filesystem boundary (GIT_DISCOVERY_ACROSS_FILESYSTEM not set).
2026-07-01 08:08:03.506 [info] > git rev-parse --show-toplevel [3ms]
2026-07-01 08:08:03.506 [info] fatal: not a git repository (or any parent up to mount point /)
Stopping at filesystem boundary (GIT_DISCOVERY_ACROSS_FILESYSTEM not set).
2026-07-01 08:08:03.514 [info] > git rev-parse --show-toplevel [5ms]
2026-07-01 08:08:03.514 [info] fatal: not a git repository (or any parent up to mount point /)
Stopping at filesystem boundary (GIT_DISCOVERY_ACROSS_FILESYSTEM not set).
2026-07-01 08:08:03.519 [info] > git rev-parse --show-toplevel [2ms]
2026-07-01 08:08:03.519 [info] fatal: not a git repository (or any parent up to mount point /)
Stopping at filesystem boundary (GIT_DISCOVERY_ACROSS_FILESYSTEM not set).
2026-07-01 08:08:03.524 [info] > git rev-parse --show-toplevel [1ms]
2026-07-01 08:08:03.524 [info] fatal: not a git repository (or any parent up to mount point /)
Stopping at filesystem boundary (GIT_DISCOVERY_ACROSS_FILESYSTEM not set).
2026-07-01 08:08:03.529 [info] > git rev-parse --show-toplevel [2ms]
2026-07-01 08:08:03.529 [info] fatal: not a git repository (or any parent up to mount point /)
Stopping at filesystem boundary (GIT_DISCOVERY_ACROSS_FILESYSTEM not set).
2026-07-01 08:08:03.535 [info] > git rev-parse --show-toplevel [2ms]
2026-07-01 08:08:03.535 [info] fatal: not a git repository (or any parent up to mount point /)
Stopping at filesystem boundary (GIT_DISCOVERY_ACROSS_FILESYSTEM not set).
2026-07-01 08:08:03.538 [info] [Model][doInitialScan] Initial repository scan completed - repositories (0), closed repositories (0), parent repositories (0), unsafe repositories (0)
2026-07-01 08:08:03.543 [info] > git rev-parse --show-toplevel [2ms]
2026-07-01 08:08:03.543 [info] fatal: not a git repository (or any parent up to mount point /)
Stopping at filesystem boundary (GIT_DISCOVERY_ACROSS_FILESYSTEM not set).
2026-07-01 08:08:04.854 [info] > git rev-parse --show-toplevel [157ms]
2026-07-01 08:08:04.854 [info] fatal: not a git repository (or any parent up to mount point /)
Stopping at filesystem boundary (GIT_DISCOVERY_ACROSS_FILESYSTEM not set).
2026-07-01 08:08:04.924 [info] > git rev-parse --show-toplevel [17ms]
2026-07-01 08:08:04.924 [info] fatal: not a git repository (or any parent up to mount point /)
Stopping at filesystem boundary (GIT_DISCOVERY_ACROSS_FILESYSTEM not set).
2026-07-01 08:08:04.941 [info] > git rev-parse --show-toplevel [11ms]
2026-07-01 08:08:04.941 [info] fatal: not a git repository (or any parent up to mount point /)
Stopping at filesystem boundary (GIT_DISCOVERY_ACROSS_FILESYSTEM not set).
2026-07-01 08:08:04.947 [info] > git rev-parse --show-toplevel [2ms]
2026-07-01 08:08:04.947 [info] fatal: not a git repository (or any parent up to mount point /)
Stopping at filesystem boundary (GIT_DISCOVERY_ACROSS_FILESYSTEM not set).
2026-07-01 08:08:05.038 [info] > git rev-parse --show-toplevel [1ms]
2026-07-01 08:08:05.038 [info] fatal: not a git repository (or any parent up to mount point /)
Stopping at filesystem boundary (GIT_DISCOVERY_ACROSS_FILESYSTEM not set).
2026-07-01 08:08:05.049 [info] > git rev-parse --show-toplevel [3ms]
2026-07-01 08:08:05.049 [info] fatal: not a git repository (or any parent up to mount point /)
Stopping at filesystem boundary (GIT_DISCOVERY_ACROSS_FILESYSTEM not set).
2026-07-01 08:08:05.161 [info] > git rev-parse --show-toplevel [81ms]
2026-07-01 08:08:05.161 [info] fatal: not a git repository (or any parent up to mount point /)
Stopping at filesystem boundary (GIT_DISCOVERY_ACROSS_FILESYSTEM not set).
2026-07-01 08:08:05.187 [info] > git rev-parse --show-toplevel [12ms]
2026-07-01 08:08:05.187 [info] fatal: not a git repository (or any parent up to mount point /)
Stopping at filesystem boundary (GIT_DISCOVERY_ACROSS_FILESYSTEM not set).
2026-07-01 08:08:05.194 [info] > git rev-parse --show-toplevel [3ms]
2026-07-01 08:08:05.194 [info] fatal: not a git repository (or any parent up to mount point /)
Stopping at filesystem boundary (GIT_DISCOVERY_ACROSS_FILESYSTEM not set).
2026-07-01 08:08:05.199 [info] > git rev-parse --show-toplevel [2ms]
2026-07-01 08:08:05.199 [info] fatal: not a git repository (or any parent up to mount point /)
Stopping at filesystem boundary (GIT_DISCOVERY_ACROSS_FILESYSTEM not set).
2026-07-01 08:08:06.014 [info] > git rev-parse --show-toplevel [32ms]
2026-07-01 08:08:06.014 [info] fatal: not a git repository (or any parent up to mount point /)
Stopping at filesystem boundary (GIT_DISCOVERY_ACROSS_FILESYSTEM not set).
2026-07-01 08:08:06.745 [info] > git rev-parse --show-toplevel [2ms]
2026-07-01 08:08:06.745 [info] fatal: not a git repository (or any parent up to mount point /)
Stopping at filesystem boundary (GIT_DISCOVERY_ACROSS_FILESYSTEM not set).
2026-07-01 08:08:06.745 [info] > git rev-parse --show-toplevel [6ms]
2026-07-01 08:08:06.745 [info] fatal: not a git repository (or any parent up to mount point /)
Stopping at filesystem boundary (GIT_DISCOVERY_ACROSS_FILESYSTEM not set).
2026-07-01 08:36:43.686 [info] > git rev-parse --show-toplevel [1ms]
2026-07-01 08:36:43.687 [info] fatal: not a git repository (or any parent up to mount point /)
Stopping at filesystem boundary (GIT_DISCOVERY_ACROSS_FILESYSTEM not set).
2026-07-01 09:00:53.472 [info] > git rev-parse --show-toplevel [2ms]
2026-07-01 09:00:53.472 [info] fatal: not a git repository (or any parent up to mount point /)
Stopping at filesystem boundary (GIT_DISCOVERY_ACROSS_FILESYSTEM not set).
2026-07-01 09:03:48.195 [info] > git rev-parse --show-toplevel [1ms]
2026-07-01 09:03:48.195 [info] fatal: not a git repository (or any parent up to mount point /)
Stopping at filesystem boundary (GIT_DISCOVERY_ACROSS_FILESYSTEM not set).
2026-07-01 09:05:07.841 [info] > git rev-parse --show-toplevel [1ms]
2026-07-01 09:05:07.841 [info] fatal: not a git repository (or any parent up to mount point /)
Stopping at filesystem boundary (GIT_DISCOVERY_ACROSS_FILESYSTEM not set).
2026-07-01 09:09:59.248 [info] > git rev-parse --show-toplevel [1ms]
2026-07-01 09:09:59.248 [info] fatal: not a git repository (or any parent up to mount point /)
Stopping at filesystem boundary (GIT_DISCOVERY_ACROSS_FILESYSTEM not set).
2026-07-01 09:10:00.644 [info] > git rev-parse --show-toplevel [2ms]
2026-07-01 09:10:00.644 [info] fatal: not a git repository (or any parent up to mount point /)
Stopping at filesystem boundary (GIT_DISCOVERY_ACROSS_FILESYSTEM not set).
2026-07-01 09:30:27.122 [info] > git rev-parse --show-toplevel [1ms]
2026-07-01 09:30:27.123 [info] fatal: not a git repository (or any parent up to mount point /)
Stopping at filesystem boundary (GIT_DISCOVERY_ACROSS_FILESYSTEM not set).
2026-07-01 09:30:36.620 [info] > git rev-parse --show-toplevel [0ms]
2026-07-01 09:30:36.621 [info] fatal: not a git repository (or any parent up to mount point /)
Stopping at filesystem boundary (GIT_DISCOVERY_ACROSS_FILESYSTEM not set).
2026-07-01 09:30:53.107 [info] > git rev-parse --show-toplevel [1ms]
2026-07-01 09:30:53.107 [info] fatal: not a git repository (or any parent up to mount point /)
Stopping at filesystem boundary (GIT_DISCOVERY_ACROSS_FILESYSTEM not set).
2026-07-01 09:31:08.335 [info] > git rev-parse --show-toplevel [2ms]
2026-07-01 09:31:08.335 [info] fatal: not a git repository (or any parent up to mount point /)
Stopping at filesystem boundary (GIT_DISCOVERY_ACROSS_FILESYSTEM not set).
2026-07-01 09:31:09.816 [info] > git rev-parse --show-toplevel [2ms]
2026-07-01 09:31:09.816 [info] fatal: not a git repository (or any parent up to mount point /)
Stopping at filesystem boundary (GIT_DISCOVERY_ACROSS_FILESYSTEM not set).
2026-07-01 09:31:44.838 [info] > git rev-parse --show-toplevel [0ms]
2026-07-01 09:31:44.838 [info] fatal: not a git repository (or any parent up to mount point /)
Stopping at filesystem boundary (GIT_DISCOVERY_ACROSS_FILESYSTEM not set).
2026-07-01 09:32:01.172 [info] > git rev-parse --show-toplevel [1ms]
2026-07-01 09:32:01.172 [info] fatal: not a git repository (or any parent up to mount point /)
Stopping at filesystem boundary (GIT_DISCOVERY_ACROSS_FILESYSTEM not set).
2026-07-01 09:32:41.217 [info] > git rev-parse --show-toplevel [2ms]
2026-07-01 09:32:41.217 [info] fatal: not a git repository (or any parent up to mount point /)
Stopping at filesystem boundary (GIT_DISCOVERY_ACROSS_FILESYSTEM not set).
2026-07-01 09:33:13.496 [info] > git rev-parse --show-toplevel [1ms]
2026-07-01 09:33:13.496 [info] fatal: not a git repository (or any parent up to mount point /)
Stopping at filesystem boundary (GIT_DISCOVERY_ACROSS_FILESYSTEM not set).
2026-07-01 09:34:13.322 [info] > git rev-parse --show-toplevel [1ms]
2026-07-01 09:34:13.322 [info] fatal: not a git repository (or any parent up to mount point /)
Stopping at filesystem boundary (GIT_DISCOVERY_ACROSS_FILESYSTEM not set).
2026-07-01 09:36:19.159 [info] > git rev-parse --show-toplevel [1ms]
2026-07-01 09:36:19.159 [info] fatal: not a git repository (or any parent up to mount point /)
Stopping at filesystem boundary (GIT_DISCOVERY_ACROSS_FILESYSTEM not set).
2026-07-01 09:36:31.277 [info] > git rev-parse --show-toplevel [1ms]
2026-07-01 09:36:31.277 [info] fatal: not a git repository (or any parent up to mount point /)
Stopping at filesystem boundary (GIT_DISCOVERY_ACROSS_FILESYSTEM not set).
2026-07-01 09:36:43.489 [info] > git rev-parse --show-toplevel [1ms]
2026-07-01 09:36:43.489 [info] fatal: not a git repository (or any parent up to mount point /)
Stopping at filesystem boundary (GIT_DISCOVERY_ACROSS_FILESYSTEM not set).
2026-07-01 09:36:52.685 [info] > git rev-parse --show-toplevel [1ms]
2026-07-01 09:36:52.685 [info] fatal: not a git repository (or any parent up to mount point /)
Stopping at filesystem boundary (GIT_DISCOVERY_ACROSS_FILESYSTEM not set).
2026-07-01 09:36:56.646 [info] > git rev-parse --show-toplevel [1ms]
2026-07-01 09:36:56.646 [info] fatal: not a git repository (or any parent up to mount point /)
Stopping at filesystem boundary (GIT_DISCOVERY_ACROSS_FILESYSTEM not set).
2026-07-01 09:37:06.905 [info] > git rev-parse --show-toplevel [1ms]
2026-07-01 09:37:06.905 [info] fatal: not a git repository (or any parent up to mount point /)
Stopping at filesystem boundary (GIT_DISCOVERY_ACROSS_FILESYSTEM not set).
2026-07-01 09:43:50.367 [info] > git rev-parse --show-toplevel [1ms]
2026-07-01 09:43:50.367 [info] fatal: not a git repository (or any parent up to mount point /)
Stopping at filesystem boundary (GIT_DISCOVERY_ACROSS_FILESYSTEM not set).
2026-07-01 09:44:12.176 [info] > git rev-parse --show-toplevel [0ms]
2026-07-01 09:44:12.176 [info] fatal: not a git repository (or any parent up to mount point /)
Stopping at filesystem boundary (GIT_DISCOVERY_ACROSS_FILESYSTEM not set).
2026-07-01 09:44:13.697 [info] > git rev-parse --show-toplevel [1ms]
2026-07-01 09:44:13.697 [info] fatal: not a git repository (or any parent up to mount point /)
Stopping at filesystem boundary (GIT_DISCOVERY_ACROSS_FILESYSTEM not set).
2026-07-01 09:44:53.659 [info] > git rev-parse --show-toplevel [1ms]
2026-07-01 09:44:53.659 [info] fatal: not a git repository (or any parent up to mount point /)
Stopping at filesystem boundary (GIT_DISCOVERY_ACROSS_FILESYSTEM not set).
2026-07-01 09:45:19.984 [info] > git rev-parse --show-toplevel [1ms]
2026-07-01 09:45:19.984 [info] fatal: not a git repository (or any parent up to mount point /)
Stopping at filesystem boundary (GIT_DISCOVERY_ACROSS_FILESYSTEM not set).
2026-07-01 09:45:39.321 [info] > git rev-parse --show-toplevel [1ms]
2026-07-01 09:45:39.321 [info] fatal: not a git repository (or any parent up to mount point /)
Stopping at filesystem boundary (GIT_DISCOVERY_ACROSS_FILESYSTEM not set).
2026-07-01 09:45:51.720 [info] > git rev-parse --show-toplevel [1ms]
2026-07-01 09:45:51.720 [info] fatal: not a git repository (or any parent up to mount point /)
Stopping at filesystem boundary (GIT_DISCOVERY_ACROSS_FILESYSTEM not set).
2026-07-01 09:45:53.825 [info] > git rev-parse --show-toplevel [2ms]
2026-07-01 09:45:53.825 [info] fatal: not a git repository (or any parent up to mount point /)
Stopping at filesystem boundary (GIT_DISCOVERY_ACROSS_FILESYSTEM not set).
2026-07-01 09:47:22.921 [info] > git rev-parse --show-toplevel [1ms]
2026-07-01 09:47:22.921 [info] fatal: not a git repository (or any parent up to mount point /)
Stopping at filesystem boundary (GIT_DISCOVERY_ACROSS_FILESYSTEM not set).
2026-07-01 09:49:04.242 [info] > git rev-parse --show-toplevel [1ms]
2026-07-01 09:49:04.242 [info] fatal: not a git repository (or any parent up to mount point /)
Stopping at filesystem boundary (GIT_DISCOVERY_ACROSS_FILESYSTEM not set).
2026-07-01 09:49:07.368 [info] > git rev-parse --show-toplevel [0ms]
2026-07-01 09:49:07.368 [info] fatal: not a git repository (or any parent up to mount point /)
Stopping at filesystem boundary (GIT_DISCOVERY_ACROSS_FILESYSTEM not set).
2026-07-01 10:05:38.362 [info] > git rev-parse --show-toplevel [2ms]
2026-07-01 10:05:38.362 [info] fatal: not a git repository (or any parent up to mount point /)
Stopping at filesystem boundary (GIT_DISCOVERY_ACROSS_FILESYSTEM not set).
2026-07-01 10:05:42.100 [info] > git rev-parse --show-toplevel [1ms]
2026-07-01 10:05:42.100 [info] fatal: not a git repository (or any parent up to mount point /)
Stopping at filesystem boundary (GIT_DISCOVERY_ACROSS_FILESYSTEM not set).
2026-07-01 10:07:01.016 [info] > git rev-parse --show-toplevel [1ms]
2026-07-01 10:07:01.016 [info] fatal: not a git repository (or any parent up to mount point /)
Stopping at filesystem boundary (GIT_DISCOVERY_ACROSS_FILESYSTEM not set).
2026-07-01 10:07:02.500 [info] > git rev-parse --show-toplevel [2ms]
2026-07-01 10:07:02.500 [info] fatal: not a git repository (or any parent up to mount point /)
Stopping at filesystem boundary (GIT_DISCOVERY_ACROSS_FILESYSTEM not set).
2026-07-01 10:09:37.755 [info] > git rev-parse --show-toplevel [8ms]
2026-07-01 10:09:37.755 [info] fatal: not a git repository (or any parent up to mount point /)
Stopping at filesystem boundary (GIT_DISCOVERY_ACROSS_FILESYSTEM not set).
2026-07-01 10:10:01.685 [info] > git rev-parse --show-toplevel [2ms]
2026-07-01 10:10:01.685 [info] fatal: not a git repository (or any parent up to mount point /)
Stopping at filesystem boundary (GIT_DISCOVERY_ACROSS_FILESYSTEM not set).
2026-07-01 10:11:04.990 [info] > git rev-parse --show-toplevel [2ms]
2026-07-01 10:11:04.990 [info] fatal: not a git repository (or any parent up to mount point /)
Stopping at filesystem boundary (GIT_DISCOVERY_ACROSS_FILESYSTEM not set).
2026-07-01 10:11:17.930 [info] > git rev-parse --show-toplevel [1ms]
2026-07-01 10:11:17.930 [info] fatal: not a git repository (or any parent up to mount point /)
Stopping at filesystem boundary (GIT_DISCOVERY_ACROSS_FILESYSTEM not set).
2026-07-01 10:11:25.596 [info] > git rev-parse --show-toplevel [3ms]
2026-07-01 10:11:25.596 [info] fatal: not a git repository (or any parent up to mount point /)
Stopping at filesystem boundary (GIT_DISCOVERY_ACROSS_FILESYSTEM not set).
2026-07-01 10:11:39.559 [info] > git rev-parse --show-toplevel [1ms]
2026-07-01 10:11:39.559 [info] fatal: not a git repository (or any parent up to mount point /)
Stopping at filesystem boundary (GIT_DISCOVERY_ACROSS_FILESYSTEM not set).
2026-07-01 10:12:04.374 [info] > git rev-parse --show-toplevel [1ms]
2026-07-01 10:12:04.374 [info] fatal: not a git repository (or any parent up to mount point /)
Stopping at filesystem boundary (GIT_DISCOVERY_ACROSS_FILESYSTEM not set).
2026-07-01 10:13:44.572 [info] > git rev-parse --show-toplevel [1ms]
2026-07-01 10:13:44.572 [info] fatal: not a git repository (or any parent up to mount point /)
Stopping at filesystem boundary (GIT_DISCOVERY_ACROSS_FILESYSTEM not set).
2026-07-01 10:13:49.401 [info] > git rev-parse --show-toplevel [1ms]
2026-07-01 10:13:49.401 [info] fatal: not a git repository (or any parent up to mount point /)
Stopping at filesystem boundary (GIT_DISCOVERY_ACROSS_FILESYSTEM not set).
2026-07-01 10:13:52.144 [info] > git rev-parse --show-toplevel [1ms]
2026-07-01 10:13:52.144 [info] fatal: not a git repository (or any parent up to mount point /)
Stopping at filesystem boundary (GIT_DISCOVERY_ACROSS_FILESYSTEM not set).
2026-07-01 10:13:54.017 [info] > git rev-parse --show-toplevel [0ms]
2026-07-01 10:13:54.017 [info] fatal: not a git repository (or any parent up to mount point /)
Stopping at filesystem boundary (GIT_DISCOVERY_ACROSS_FILESYSTEM not set).
2026-07-01 10:13:55.310 [info] > git rev-parse --show-toplevel [1ms]
2026-07-01 10:13:55.310 [info] fatal: not a git repository (or any parent up to mount point /)
Stopping at filesystem boundary (GIT_DISCOVERY_ACROSS_FILESYSTEM not set).
2026-07-01 10:13:55.917 [info] > git rev-parse --show-toplevel [1ms]
2026-07-01 10:13:55.917 [info] fatal: not a git repository (or any parent up to mount point /)
Stopping at filesystem boundary (GIT_DISCOVERY_ACROSS_FILESYSTEM not set).
2026-07-01 10:13:58.651 [info] > git rev-parse --show-toplevel [0ms]
2026-07-01 10:13:58.651 [info] fatal: not a git repository (or any parent up to mount point /)
Stopping at filesystem boundary (GIT_DISCOVERY_ACROSS_FILESYSTEM not set).
2026-07-01 10:18:48.372 [info] > git rev-parse --show-toplevel [1ms]
2026-07-01 10:18:48.372 [info] fatal: not a git repository (or any parent up to mount point /)
Stopping at filesystem boundary (GIT_DISCOVERY_ACROSS_FILESYSTEM not set).
2026-07-01 10:20:04.170 [info] > git rev-parse --show-toplevel [1ms]
2026-07-01 10:20:04.170 [info] fatal: not a git repository (or any parent up to mount point /)
Stopping at filesystem boundary (GIT_DISCOVERY_ACROSS_FILESYSTEM not set).
2026-07-01 10:21:26.504 [info] > git rev-parse --show-toplevel [1ms]
2026-07-01 10:21:26.504 [info] fatal: not a git repository (or any parent up to mount point /)
Stopping at filesystem boundary (GIT_DISCOVERY_ACROSS_FILESYSTEM not set).
2026-07-01 11:17:39.009 [info] > git rev-parse --show-toplevel [2ms]
2026-07-01 11:17:39.009 [info] fatal: not a git repository (or any parent up to mount point /)
Stopping at filesystem boundary (GIT_DISCOVERY_ACROSS_FILESYSTEM not set).
2026-07-01 11:18:02.246 [info] > git rev-parse --show-toplevel [2ms]
2026-07-01 11:18:02.246 [info] fatal: not a git repository (or any parent up to mount point /)
Stopping at filesystem boundary (GIT_DISCOVERY_ACROSS_FILESYSTEM not set).
2026-07-01 11:35:20.548 [info] > git rev-parse --show-toplevel [1ms]
2026-07-01 11:35:20.548 [info] fatal: not a git repository (or any parent up to mount point /)
Stopping at filesystem boundary (GIT_DISCOVERY_ACROSS_FILESYSTEM not set).
2026-07-01 11:35:46.268 [info] > git rev-parse --show-toplevel [2ms]
2026-07-01 11:35:46.268 [info] fatal: not a git repository (or any parent up to mount point /)
Stopping at filesystem boundary (GIT_DISCOVERY_ACROSS_FILESYSTEM not set).
2026-07-01 11:36:07.306 [info] > git rev-parse --show-toplevel [2ms]
2026-07-01 11:36:07.306 [info] fatal: not a git repository (or any parent up to mount point /)
Stopping at filesystem boundary (GIT_DISCOVERY_ACROSS_FILESYSTEM not set).
2026-07-01 11:36:27.304 [info] > git rev-parse --show-toplevel [2ms]
2026-07-01 11:36:27.304 [info] fatal: not a git repository (or any parent up to mount point /)
Stopping at filesystem boundary (GIT_DISCOVERY_ACROSS_FILESYSTEM not set).
2026-07-01 11:36:38.710 [info] > git rev-parse --show-toplevel [1ms]
2026-07-01 11:36:38.710 [info] fatal: not a git repository (or any parent up to mount point /)
Stopping at filesystem boundary (GIT_DISCOVERY_ACROSS_FILESYSTEM not set).
2026-07-01 11:37:15.432 [info] > git rev-parse --show-toplevel [1ms]
2026-07-01 11:37:15.432 [info] fatal: not a git repository (or any parent up to mount point /)
Stopping at filesystem boundary (GIT_DISCOVERY_ACROSS_FILESYSTEM not set).
2026-07-01 11:42:51.691 [info] > git rev-parse --show-toplevel [1ms]
2026-07-01 11:42:51.691 [info] fatal: not a git repository (or any parent up to mount point /)
Stopping at filesystem boundary (GIT_DISCOVERY_ACROSS_FILESYSTEM not set).
2026-07-01 11:59:33.015 [info] > git rev-parse --show-toplevel [1ms]
2026-07-01 11:59:33.016 [info] fatal: not a git repository (or any parent up to mount point /)
Stopping at filesystem boundary (GIT_DISCOVERY_ACROSS_FILESYSTEM not set).
2026-07-01 12:00:42.059 [info] > git rev-parse --show-toplevel [2ms]
2026-07-01 12:00:42.059 [info] fatal: not a git repository (or any parent up to mount point /)
Stopping at filesystem boundary (GIT_DISCOVERY_ACROSS_FILESYSTEM not set).
2026-07-01 12:01:21.966 [info] > git rev-parse --show-toplevel [1ms]
2026-07-01 12:01:21.966 [info] fatal: not a git repository (or any parent up to mount point /)
Stopping at filesystem boundary (GIT_DISCOVERY_ACROSS_FILESYSTEM not set).
2026-07-01 12:01:26.769 [info] > git rev-parse --show-toplevel [2ms]
2026-07-01 12:01:26.769 [info] fatal: not a git repository (or any parent up to mount point /)
Stopping at filesystem boundary (GIT_DISCOVERY_ACROSS_FILESYSTEM not set).
2026-07-01 12:03:01.015 [info] > git rev-parse --show-toplevel [1ms]
2026-07-01 12:03:01.015 [info] fatal: not a git repository (or any parent up to mount point /)
Stopping at filesystem boundary (GIT_DISCOVERY_ACROSS_FILESYSTEM not set).
2026-07-01 12:40:42.882 [info] > git rev-parse --show-toplevel [1ms]
2026-07-01 12:40:42.883 [info] fatal: not a git repository (or any parent up to mount point /)
Stopping at filesystem boundary (GIT_DISCOVERY_ACROSS_FILESYSTEM not set).
2026-07-01 12:59:24.545 [info] > git rev-parse --show-toplevel [2ms]
2026-07-01 12:59:24.545 [info] fatal: not a git repository (or any parent up to mount point /)
Stopping at filesystem boundary (GIT_DISCOVERY_ACROSS_FILESYSTEM not set).
2026-07-01 13:01:22.157 [info] > git rev-parse --show-toplevel [1ms]
2026-07-01 13:01:22.157 [info] fatal: not a git repository (or any parent up to mount point /)
Stopping at filesystem boundary (GIT_DISCOVERY_ACROSS_FILESYSTEM not set).
2026-07-01 13:01:59.253 [info] > git rev-parse --show-toplevel [1ms]
2026-07-01 13:01:59.253 [info] fatal: not a git repository (or any parent up to mount point /)
Stopping at filesystem boundary (GIT_DISCOVERY_ACROSS_FILESYSTEM not set).
2026-07-01 13:07:20.886 [info] > git rev-parse --show-toplevel [1ms]
2026-07-01 13:07:20.886 [info] fatal: not a git repository (or any parent up to mount point /)
Stopping at filesystem boundary (GIT_DISCOVERY_ACROSS_FILESYSTEM not set).
2026-07-01 13:09:28.908 [info] > git rev-parse --show-toplevel [0ms]
2026-07-01 13:09:28.908 [info] fatal: not a git repository (or any parent up to mount point /)
Stopping at filesystem boundary (GIT_DISCOVERY_ACROSS_FILESYSTEM not set).
2026-07-01 13:09:29.909 [info] > git rev-parse --show-toplevel [0ms]
2026-07-01 13:09:29.909 [info] fatal: not a git repository (or any parent up to mount point /)
Stopping at filesystem boundary (GIT_DISCOVERY_ACROSS_FILESYSTEM not set).
2026-07-01 13:09:32.271 [info] > git rev-parse --show-toplevel [1ms]
2026-07-01 13:09:32.271 [info] fatal: not a git repository (or any parent up to mount point /)
Stopping at filesystem boundary (GIT_DISCOVERY_ACROSS_FILESYSTEM not set).
2026-07-01 13:09:32.682 [info] > git rev-parse --show-toplevel [1ms]
2026-07-01 13:09:32.682 [info] fatal: not a git repository (or any parent up to mount point /)
Stopping at filesystem boundary (GIT_DISCOVERY_ACROSS_FILESYSTEM not set).
2026-07-01 13:09:33.715 [info] > git rev-parse --show-toplevel [0ms]
2026-07-01 13:09:33.715 [info] fatal: not a git repository (or any parent up to mount point /)
Stopping at filesystem boundary (GIT_DISCOVERY_ACROSS_FILESYSTEM not set).
2026-07-01 13:09:36.294 [info] > git rev-parse --show-toplevel [1ms]
2026-07-01 13:09:36.294 [info] fatal: not a git repository (or any parent up to mount point /)
Stopping at filesystem boundary (GIT_DISCOVERY_ACROSS_FILESYSTEM not set).
2026-07-01 13:09:46.040 [info] > git rev-parse --show-toplevel [1ms]
2026-07-01 13:09:46.040 [info] fatal: not a git repository (or any parent up to mount point /)
Stopping at filesystem boundary (GIT_DISCOVERY_ACROSS_FILESYSTEM not set).
