qt.languageserver.server: Did Setup
Using the build directories found in the .qmlls.ini file. Your build folder might not be found if no .qmlls.ini files are present in the root source folder.
Argument "/usr/lib/x86_64-linux-gnu/qt6/qml" passed to -I does not exist.
Using import directories passed by -I: "/usr/lib/qt6/qml", "/usr/lib/x86_64-linux-gnu/qt6/qml".
Using 1 job for CMake, you can increase that value with the QMLLS_CMAKE_JOBS environment variable or the --cmake-jobs option.
qt.languageserver.server: Ignoring cancellation of non in progress request QJsonValue(double, 10)
qt.qmldom: Parsed invalid file /home/taianlux/.config/quickshell/Translate/translate.qml/home/taianlux/.config/quickshell/Translate/translate.qml:12:21: [Dom][QmlFile][Parsing] Error: Unexpected token `' for .currentItem

qt.languageserver.server: avoid update of validDoc to  2 of document "file:///home/taianlux/.config/quickshell/Translate/translate.qml" as it is invalid
qt.qmldom: Parsed invalid file /home/taianlux/.config/quickshell/Translate/translate.qml/home/taianlux/.config/quickshell/Translate/translate.qml:22:13: [Dom][QmlFile][Parsing] Error: Expected token `(' for .currentItem

qt.languageserver.server: avoid update of validDoc to  15 of document "file:///home/taianlux/.config/quickshell/Translate/translate.qml" as it is invalid
qt.qmldom: Parsed invalid file /home/taianlux/.config/quickshell/Translate/translate.qml/home/taianlux/.config/quickshell/Translate/translate.qml:22:13: [Dom][QmlFile][Parsing] Error: Expected token `(' for .currentItem

qt.languageserver.server: avoid update of validDoc to  16 of document "file:///home/taianlux/.config/quickshell/Translate/translate.qml" as it is invalid
qt.qmldom: Parsed invalid file /home/taianlux/.config/quickshell/Translate/translate.qml/home/taianlux/.config/quickshell/Translate/translate.qml:22:5: [Dom][QmlFile][Parsing] Error: Expected token `(' for .currentItem

qt.languageserver.server: avoid update of validDoc to  17 of document "file:///home/taianlux/.config/quickshell/Translate/translate.qml" as it is invalid
qt.qmldom: Parsed invalid file /home/taianlux/.config/quickshell/Translate/translate.qml/home/taianlux/.config/quickshell/Translate/translate.qml:22:5: [Dom][QmlFile][Parsing] Error: Expected token `(' for .currentItem

qt.languageserver.server: avoid update of validDoc to  18 of document "file:///home/taianlux/.config/quickshell/Translate/translate.qml" as it is invalid
qt.qmldom: Parsed invalid file /home/taianlux/.config/quickshell/Translate/translate.qml/home/taianlux/.config/quickshell/Translate/translate.qml:22:5: [Dom][QmlFile][Parsing] Error: Expected token `(' for .currentItem

qt.languageserver.server: avoid update of validDoc to  19 of document "file:///home/taianlux/.config/quickshell/Translate/translate.qml" as it is invalid
qt.qmldom: Parsed invalid file /home/taianlux/.config/quickshell/Translate/translate.qml/home/taianlux/.config/quickshell/Translate/translate.qml:22:5: [Dom][QmlFile][Parsing] Error: Expected token `(' for .currentItem

qt.languageserver.server: avoid update of validDoc to  20 of document "file:///home/taianlux/.config/quickshell/Translate/translate.qml" as it is invalid
qt.qmldom: Parsed invalid file /home/taianlux/.config/quickshell/Translate/translate.qml/home/taianlux/.config/quickshell/Translate/translate.qml:22:5: [Dom][QmlFile][Parsing] Error: Expected token `(' for .currentItem

qt.languageserver.server: avoid update of validDoc to  21 of document "file:///home/taianlux/.config/quickshell/Translate/translate.qml" as it is invalid
qt.qmldom: Parsed invalid file /home/taianlux/.config/quickshell/Translate/translate.qml/home/taianlux/.config/quickshell/Translate/translate.qml:22:5: [Dom][QmlFile][Parsing] Error: Expected token `(' for .currentItem

qt.languageserver.server: avoid update of validDoc to  22 of document "file:///home/taianlux/.config/quickshell/Translate/translate.qml" as it is invalid
qt.qmldom: Parsed invalid file /home/taianlux/.config/quickshell/Translate/translate.qml/home/taianlux/.config/quickshell/Translate/translate.qml:22:5: [Dom][QmlFile][Parsing] Error: Expected token `(' for .currentItem

qt.languageserver.server: avoid update of validDoc to  23 of document "file:///home/taianlux/.config/quickshell/Translate/translate.qml" as it is invalid
qt.languageserver.server: Ignoring cancellation of non in progress request QJsonValue(double, 89)
qt.qmldom: Parsed invalid file /home/taianlux/.config/quickshell/Translate/translate.qml/home/taianlux/.config/quickshell/Translate/translate.qml:22:5: [Dom][QmlFile][Parsing] Error: Expected token `(' for .currentItem

qt.languageserver.server: avoid update of validDoc to  24 of document "file:///home/taianlux/.config/quickshell/Translate/translate.qml" as it is invalid
qt.qmldom: Parsed invalid file /home/taianlux/.config/quickshell/Translate/translate.qml/home/taianlux/.config/quickshell/Translate/translate.qml:22:5: [Dom][QmlFile][Parsing] Error: Expected token `(' for .currentItem

qt.languageserver.server: avoid update of validDoc to  25 of document "file:///home/taianlux/.config/quickshell/Translate/translate.qml" as it is invalid
qt.qmldom: Parsed invalid file /home/taianlux/.config/quickshell/Translate/translate.qml/home/taianlux/.config/quickshell/Translate/translate.qml:22:5: [Dom][QmlFile][Parsing] Error: Expected token `(' for .currentItem

qt.languageserver.server: avoid update of validDoc to  26 of document "file:///home/taianlux/.config/quickshell/Translate/translate.qml" as it is invalid
qt.qmldom: Parsed invalid file /home/taianlux/.config/quickshell/Translate/translate.qml/home/taianlux/.config/quickshell/Translate/translate.qml:22:5: [Dom][QmlFile][Parsing] Error: Expected token `(' for .currentItem

qt.languageserver.server: avoid update of validDoc to  27 of document "file:///home/taianlux/.config/quickshell/Translate/translate.qml" as it is invalid
qt.languageserver.completions: No valid document for completions for  "file:///home/taianlux/.config/quickshell/Translate/translate.qml"
qt.qmldom: Parsed invalid file /home/taianlux/.config/quickshell/Translate/translate.qml/home/taianlux/.config/quickshell/Translate/translate.qml:22:5: [Dom][QmlFile][Parsing] Error: Expected token `(' for .currentItem

qt.languageserver.server: avoid update of validDoc to  28 of document "file:///home/taianlux/.config/quickshell/Translate/translate.qml" as it is invalid
qt.qmldom: Parsed invalid file /home/taianlux/.config/quickshell/Translate/translate.qml/home/taianlux/.config/quickshell/Translate/translate.qml:22:5: [Dom][QmlFile][Parsing] Error: Expected token `(' for .currentItem

qt.languageserver.server: avoid update of validDoc to  29 of document "file:///home/taianlux/.config/quickshell/Translate/translate.qml" as it is invalid
qt.qmldom: Parsed invalid file /home/taianlux/.config/quickshell/Translate/translate.qml/home/taianlux/.config/quickshell/Translate/translate.qml:22:5: [Dom][QmlFile][Parsing] Error: Expected token `(' for .currentItem

qt.languageserver.server: avoid update of validDoc to  30 of document "file:///home/taianlux/.config/quickshell/Translate/translate.qml" as it is invalid
qt.languageserver.completions: No valid document for completions for  "file:///home/taianlux/.config/quickshell/Translate/translate.qml"
qt.qmldom: Parsed invalid file /home/taianlux/.config/quickshell/Translate/translate.qml/home/taianlux/.config/quickshell/Translate/translate.qml:22:5: [Dom][QmlFile][Parsing] Error: Expected token `(' for .currentItem

qt.languageserver.server: avoid update of validDoc to  31 of document "file:///home/taianlux/.config/quickshell/Translate/translate.qml" as it is invalid
qt.qmldom: Parsed invalid file /home/taianlux/.config/quickshell/Translate/translate.qml/home/taianlux/.config/quickshell/Translate/translate.qml:22:5: [Dom][QmlFile][Parsing] Error: Expected token `(' for .currentItem

qt.languageserver.server: avoid update of validDoc to  32 of document "file:///home/taianlux/.config/quickshell/Translate/translate.qml" as it is invalid
qt.qmldom: Parsed invalid file /home/taianlux/.config/quickshell/Translate/translate.qml/home/taianlux/.config/quickshell/Translate/translate.qml:22:5: [Dom][QmlFile][Parsing] Error: Expected token `(' for .currentItem

qt.languageserver.server: avoid update of validDoc to  33 of document "file:///home/taianlux/.config/quickshell/Translate/translate.qml" as it is invalid
qt.qmldom: Parsed invalid file /home/taianlux/.config/quickshell/Translate/translate.qml/home/taianlux/.config/quickshell/Translate/translate.qml:22:5: [Dom][QmlFile][Parsing] Error: Expected token `(' for .currentItem

qt.languageserver.server: avoid update of validDoc to  34 of document "file:///home/taianlux/.config/quickshell/Translate/translate.qml" as it is invalid
qt.qmldom: Parsed invalid file /home/taianlux/.config/quickshell/Translate/translate.qml/home/taianlux/.config/quickshell/Translate/translate.qml:22:5: [Dom][QmlFile][Parsing] Error: Expected token `(' for .currentItem

qt.languageserver.server: avoid update of validDoc to  35 of document "file:///home/taianlux/.config/quickshell/Translate/translate.qml" as it is invalid
qt.qmldom: Parsed invalid file /home/taianlux/.config/quickshell/Translate/translate.qml/home/taianlux/.config/quickshell/Translate/translate.qml:27:32: [Dom][QmlFile][Parsing] Error: Expected token `,' for .currentItem
/home/taianlux/.config/quickshell/Translate/translate.qml:22:5: [Dom][QmlFile][Parsing] Error: Unexpected token `identifier' for .currentItem

qt.languageserver.server: avoid update of validDoc to  36 of document "file:///home/taianlux/.config/quickshell/Translate/translate.qml" as it is invalid
qt.qmldom: Parsed invalid file /home/taianlux/.config/quickshell/Translate/translate.qml/home/taianlux/.config/quickshell/Translate/translate.qml:27:32: [Dom][QmlFile][Parsing] Error: Expected token `,' for .currentItem
/home/taianlux/.config/quickshell/Translate/translate.qml:22:5: [Dom][QmlFile][Parsing] Error: Unexpected token `identifier' for .currentItem

qt.languageserver.server: avoid update of validDoc to  37 of document "file:///home/taianlux/.config/quickshell/Translate/translate.qml" as it is invalid
qt.qmldom: Parsed invalid file /home/taianlux/.config/quickshell/Translate/translate.qml/home/taianlux/.config/quickshell/Translate/translate.qml:27:32: [Dom][QmlFile][Parsing] Error: Expected token `,' for .currentItem
/home/taianlux/.config/quickshell/Translate/translate.qml:22:5: [Dom][QmlFile][Parsing] Error: Unexpected token `identifier' for .currentItem

qt.languageserver.server: avoid update of validDoc to  38 of document "file:///home/taianlux/.config/quickshell/Translate/translate.qml" as it is invalid
qt.qmldom: Parsed invalid file /home/taianlux/.config/quickshell/Translate/translate.qml/home/taianlux/.config/quickshell/Translate/translate.qml:27:32: [Dom][QmlFile][Parsing] Error: Expected token `,' for .currentItem
/home/taianlux/.config/quickshell/Translate/translate.qml:22:5: [Dom][QmlFile][Parsing] Error: Unexpected token `identifier' for .currentItem

qt.languageserver.server: avoid update of validDoc to  39 of document "file:///home/taianlux/.config/quickshell/Translate/translate.qml" as it is invalid
qt.qmldom: Parsed invalid file /home/taianlux/.config/quickshell/Translate/translate.qml/home/taianlux/.config/quickshell/Translate/translate.qml:27:32: [Dom][QmlFile][Parsing] Error: Expected token `,' for .currentItem
/home/taianlux/.config/quickshell/Translate/translate.qml:22:5: [Dom][QmlFile][Parsing] Error: Unexpected token `identifier' for .currentItem

qt.languageserver.server: avoid update of validDoc to  40 of document "file:///home/taianlux/.config/quickshell/Translate/translate.qml" as it is invalid
qt.qmldom: Parsed invalid file /home/taianlux/.config/quickshell/Translate/translate.qml/home/taianlux/.config/quickshell/Translate/translate.qml:27:32: [Dom][QmlFile][Parsing] Error: Expected token `,' for .currentItem
/home/taianlux/.config/quickshell/Translate/translate.qml:22:5: [Dom][QmlFile][Parsing] Error: Unexpected token `identifier' for .currentItem

qt.languageserver.server: avoid update of validDoc to  41 of document "file:///home/taianlux/.config/quickshell/Translate/translate.qml" as it is invalid
qt.qmldom: Parsed invalid file /home/taianlux/.config/quickshell/Translate/translate.qml/home/taianlux/.config/quickshell/Translate/translate.qml:27:32: [Dom][QmlFile][Parsing] Error: Expected token `,' for .currentItem
/home/taianlux/.config/quickshell/Translate/translate.qml:22:5: [Dom][QmlFile][Parsing] Error: Unexpected token `identifier' for .currentItem

qt.languageserver.server: avoid update of validDoc to  42 of document "file:///home/taianlux/.config/quickshell/Translate/translate.qml" as it is invalid
qt.qmldom: Parsed invalid file /home/taianlux/.config/quickshell/Translate/translate.qml/home/taianlux/.config/quickshell/Translate/translate.qml:27:32: [Dom][QmlFile][Parsing] Error: Expected token `,' for .currentItem
/home/taianlux/.config/quickshell/Translate/translate.qml:22:5: [Dom][QmlFile][Parsing] Error: Unexpected token `identifier' for .currentItem

qt.languageserver.server: avoid update of validDoc to  43 of document "file:///home/taianlux/.config/quickshell/Translate/translate.qml" as it is invalid
qt.qmldom: Parsed invalid file /home/taianlux/.config/quickshell/Translate/translate.qml/home/taianlux/.config/quickshell/Translate/translate.qml:27:32: [Dom][QmlFile][Parsing] Error: Expected token `,' for .currentItem
/home/taianlux/.config/quickshell/Translate/translate.qml:22:5: [Dom][QmlFile][Parsing] Error: Unexpected token `identifier' for .currentItem

qt.languageserver.server: avoid update of validDoc to  44 of document "file:///home/taianlux/.config/quickshell/Translate/translate.qml" as it is invalid
qt.qmldom: Parsed invalid file /home/taianlux/.config/quickshell/Translate/translate.qml/home/taianlux/.config/quickshell/Translate/translate.qml:27:32: [Dom][QmlFile][Parsing] Error: Expected token `,' for .currentItem
/home/taianlux/.config/quickshell/Translate/translate.qml:22:5: [Dom][QmlFile][Parsing] Error: Unexpected token `identifier' for .currentItem

qt.languageserver.server: avoid update of validDoc to  45 of document "file:///home/taianlux/.config/quickshell/Translate/translate.qml" as it is invalid
qt.qmldom: Parsed invalid file /home/taianlux/.config/quickshell/Translate/translate.qml/home/taianlux/.config/quickshell/Translate/translate.qml:27:32: [Dom][QmlFile][Parsing] Error: Expected token `,' for .currentItem
/home/taianlux/.config/quickshell/Translate/translate.qml:22:5: [Dom][QmlFile][Parsing] Error: Unexpected token `identifier' for .currentItem

qt.languageserver.server: avoid update of validDoc to  46 of document "file:///home/taianlux/.config/quickshell/Translate/translate.qml" as it is invalid
qt.qmldom: Parsed invalid file /home/taianlux/.config/quickshell/Translate/translate.qml/home/taianlux/.config/quickshell/Translate/translate.qml:27:32: [Dom][QmlFile][Parsing] Error: Expected token `,' for .currentItem
/home/taianlux/.config/quickshell/Translate/translate.qml:22:5: [Dom][QmlFile][Parsing] Error: Unexpected token `identifier' for .currentItem

qt.languageserver.server: avoid update of validDoc to  47 of document "file:///home/taianlux/.config/quickshell/Translate/translate.qml" as it is invalid
qt.qmldom: Parsed invalid file /home/taianlux/.config/quickshell/Translate/translate.qml/home/taianlux/.config/quickshell/Translate/translate.qml:27:32: [Dom][QmlFile][Parsing] Error: Expected token `,' for .currentItem
/home/taianlux/.config/quickshell/Translate/translate.qml:22:5: [Dom][QmlFile][Parsing] Error: Unexpected token `identifier' for .currentItem

qt.languageserver.server: avoid update of validDoc to  48 of document "file:///home/taianlux/.config/quickshell/Translate/translate.qml" as it is invalid
qt.qmldom: Parsed invalid file /home/taianlux/.config/quickshell/Translate/translate.qml/home/taianlux/.config/quickshell/Translate/translate.qml:27:32: [Dom][QmlFile][Parsing] Error: Expected token `,' for .currentItem
/home/taianlux/.config/quickshell/Translate/translate.qml:22:5: [Dom][QmlFile][Parsing] Error: Unexpected token `identifier' for .currentItem

qt.languageserver.server: avoid update of validDoc to  49 of document "file:///home/taianlux/.config/quickshell/Translate/translate.qml" as it is invalid
qt.qmldom: Parsed invalid file /home/taianlux/.config/quickshell/Translate/translate.qml/home/taianlux/.config/quickshell/Translate/translate.qml:20:36: [Dom][QmlFile][Parsing] Error: Expected token `{' for .currentItem

qt.languageserver.server: avoid update of validDoc to  50 of document "file:///home/taianlux/.config/quickshell/Translate/translate.qml" as it is invalid
qt.qmldom: Parsed invalid file /home/taianlux/.config/quickshell/Translate/translate.qml/home/taianlux/.config/quickshell/Translate/translate.qml:27:32: [Dom][QmlFile][Parsing] Error: Expected token `,' for .currentItem
/home/taianlux/.config/quickshell/Translate/translate.qml:22:5: [Dom][QmlFile][Parsing] Error: Unexpected token `identifier' for .currentItem

qt.languageserver.server: avoid update of validDoc to  51 of document "file:///home/taianlux/.config/quickshell/Translate/translate.qml" as it is invalid
qt.languageserver.server: Ignoring cancellation of non in progress request QJsonValue(double, 141)
qt.qmldom: Parsed invalid file /home/taianlux/.config/quickshell/Translate/translate.qml/home/taianlux/.config/quickshell/Translate/translate.qml:24:13: [Dom][QmlFile][Parsing] Error: Expected token `;' for .currentItem
/home/taianlux/.config/quickshell/Translate/translate.qml:22:5: [Dom][QmlFile][Parsing] Error: Unexpected token `}' for .currentItem

qt.languageserver.server: avoid update of validDoc to  56 of document "file:///home/taianlux/.config/quickshell/Translate/translate.qml" as it is invalid
qt.languageserver.server: Ignoring cancellation of non in progress request QJsonValue(double, 161)
qt.languageserver.server: Ignoring cancellation of non in progress request QJsonValue(double, 168)
qt.qmldom: Parsed invalid file /home/taianlux/.config/quickshell/Translate/translate.qml/home/taianlux/.config/quickshell/Translate/translate.qml:33:5: [Dom][QmlFile][Parsing] Error: Unterminated regular expression literal for .currentItem

qt.languageserver.server: avoid update of validDoc to  103 of document "file:///home/taianlux/.config/quickshell/Translate/translate.qml" as it is invalid
qt.languageserver.server: Version 116 of document "file:///home/taianlux/.config/quickshell/Translate/translate.qml" is not the latest anymore
qt.qmldom: Parsed invalid file /home/taianlux/.config/quickshell/Translate/translate.qml/home/taianlux/.config/quickshell/Translate/translate.qml:34:5: [Dom][QmlFile][Parsing] Error: Unexpected token `' for .currentItem

qt.languageserver.server: avoid update of validDoc to  117 of document "file:///home/taianlux/.config/quickshell/Translate/translate.qml" as it is invalid
qt.qmldom: Parsed invalid file /home/taianlux/.config/quickshell/Translate/translate.qml/home/taianlux/.config/quickshell/Translate/translate.qml:36:13: [Dom][QmlFile][Parsing] Error: Expected token `,' for .currentItem

qt.languageserver.server: avoid update of validDoc to  119 of document "file:///home/taianlux/.config/quickshell/Translate/translate.qml" as it is invalid
qt.qmldom: Parsed invalid file /home/taianlux/.config/quickshell/Translate/translate.qml/home/taianlux/.config/quickshell/Translate/translate.qml:37:13: [Dom][QmlFile][Parsing] Error: Expected token `,' for .currentItem

qt.languageserver.server: avoid update of validDoc to  120 of document "file:///home/taianlux/.config/quickshell/Translate/translate.qml" as it is invalid
qt.qmldom: Parsed invalid file /home/taianlux/.config/quickshell/Translate/translate.qml/home/taianlux/.config/quickshell/Translate/translate.qml:37:13: [Dom][QmlFile][Parsing] Error: Expected token `,' for .currentItem

qt.languageserver.server: avoid update of validDoc to  121 of document "file:///home/taianlux/.config/quickshell/Translate/translate.qml" as it is invalid
qt.qmldom: Parsed invalid file /home/taianlux/.config/quickshell/Translate/translate.qml/home/taianlux/.config/quickshell/Translate/translate.qml:38:13: [Dom][QmlFile][Parsing] Error: Expected token `,' for .currentItem

qt.languageserver.server: avoid update of validDoc to  122 of document "file:///home/taianlux/.config/quickshell/Translate/translate.qml" as it is invalid
qt.qmldom: Parsed invalid file /home/taianlux/.config/quickshell/Translate/translate.qml/home/taianlux/.config/quickshell/Translate/translate.qml:38:13: [Dom][QmlFile][Parsing] Error: Expected token `,' for .currentItem

qt.languageserver.server: avoid update of validDoc to  123 of document "file:///home/taianlux/.config/quickshell/Translate/translate.qml" as it is invalid
qt.qmldom: Parsed invalid file /home/taianlux/.config/quickshell/Translate/translate.qml/home/taianlux/.config/quickshell/Translate/translate.qml:39:13: [Dom][QmlFile][Parsing] Error: Expected token `,' for .currentItem

qt.languageserver.server: avoid update of validDoc to  124 of document "file:///home/taianlux/.config/quickshell/Translate/translate.qml" as it is invalid
qt.qmldom: Parsed invalid file /home/taianlux/.config/quickshell/Translate/translate.qml/home/taianlux/.config/quickshell/Translate/translate.qml:39:13: [Dom][QmlFile][Parsing] Error: Expected token `,' for .currentItem

qt.languageserver.server: avoid update of validDoc to  125 of document "file:///home/taianlux/.config/quickshell/Translate/translate.qml" as it is invalid
qt.qmldom: Parsed invalid file /home/taianlux/.config/quickshell/Translate/translate.qml/home/taianlux/.config/quickshell/Translate/translate.qml:40:13: [Dom][QmlFile][Parsing] Error: Expected token `,' for .currentItem

qt.languageserver.server: avoid update of validDoc to  126 of document "file:///home/taianlux/.config/quickshell/Translate/translate.qml" as it is invalid
qt.qmldom: Parsed invalid file /home/taianlux/.config/quickshell/Translate/translate.qml/home/taianlux/.config/quickshell/Translate/translate.qml:40:5: [Dom][QmlFile][Parsing] Error: Expected token `}' for .currentItem

qt.languageserver.server: avoid update of validDoc to  127 of document "file:///home/taianlux/.config/quickshell/Translate/translate.qml" as it is invalid
qt.qmldom: Parsed invalid file /home/taianlux/.config/quickshell/Translate/translate.qml/home/taianlux/.config/quickshell/Translate/translate.qml:41:5: [Dom][QmlFile][Parsing] Error: Expected token `}' for .currentItem

qt.languageserver.server: avoid update of validDoc to  128 of document "file:///home/taianlux/.config/quickshell/Translate/translate.qml" as it is invalid
qt.qmldom: Parsed invalid file /home/taianlux/.config/quickshell/Translate/translate.qml/home/taianlux/.config/quickshell/Translate/translate.qml:41:13: [Dom][QmlFile][Parsing] Error: Expected token `,' for .currentItem

qt.languageserver.server: avoid update of validDoc to  129 of document "file:///home/taianlux/.config/quickshell/Translate/translate.qml" as it is invalid
qt.qmldom: Parsed invalid file /home/taianlux/.config/quickshell/Translate/translate.qml/home/taianlux/.config/quickshell/Translate/translate.qml:42:13: [Dom][QmlFile][Parsing] Error: Expected token `,' for .currentItem

qt.languageserver.server: avoid update of validDoc to  130 of document "file:///home/taianlux/.config/quickshell/Translate/translate.qml" as it is invalid
qt.qmldom: Parsed invalid file /home/taianlux/.config/quickshell/Translate/translate.qml/home/taianlux/.config/quickshell/Translate/translate.qml:42:13: [Dom][QmlFile][Parsing] Error: Expected token `,' for .currentItem

qt.languageserver.server: avoid update of validDoc to  131 of document "file:///home/taianlux/.config/quickshell/Translate/translate.qml" as it is invalid
qt.qmldom: Parsed invalid file /home/taianlux/.config/quickshell/Translate/translate.qml/home/taianlux/.config/quickshell/Translate/translate.qml:43:13: [Dom][QmlFile][Parsing] Error: Expected token `,' for .currentItem

qt.languageserver.server: avoid update of validDoc to  132 of document "file:///home/taianlux/.config/quickshell/Translate/translate.qml" as it is invalid
qt.languageserver.server: Ignoring cancellation of non in progress request QJsonValue(double, 326)
qt.qmldom: Parsed invalid file /home/taianlux/.config/quickshell/Translate/translate.qml/home/taianlux/.config/quickshell/Translate/translate.qml:45:5: [Dom][QmlFile][Parsing] Error: Unterminated regular expression literal for .currentItem

qt.languageserver.server: avoid update of validDoc to  137 of document "file:///home/taianlux/.config/quickshell/Translate/translate.qml" as it is invalid
qt.languageserver.server: Ignoring cancellation of non in progress request QJsonValue(double, 342)
qt.languageserver.server: Ignoring cancellation of non in progress request QJsonValue(double, 363)
qt.qmldom: Parsed invalid file /home/taianlux/.config/quickshell/Translate/translate.qml/home/taianlux/.config/quickshell/Translate/translate.qml:45:5: [Dom][QmlFile][Parsing] Error: Unterminated regular expression literal for .currentItem

qt.languageserver.server: avoid update of validDoc to  167 of document "file:///home/taianlux/.config/quickshell/Translate/translate.qml" as it is invalid
qt.languageserver.server: Ignoring cancellation of non in progress request QJsonValue(double, 372)
qt.qmldom: Parsed invalid file /home/taianlux/.config/quickshell/Translate/translate.qml/home/taianlux/.config/quickshell/Translate/translate.qml:64:14: [Dom][QmlFile][Parsing] Error: Expected token `,' for .currentItem

qt.languageserver.server: avoid update of validDoc to  172 of document "file:///home/taianlux/.config/quickshell/Translate/translate.qml" as it is invalid
qt.qmldom: Parsed invalid file /home/taianlux/.config/quickshell/Translate/translate.qml/home/taianlux/.config/quickshell/Translate/translate.qml:63:98: [Dom][QmlFile][Parsing] Error: Unterminated regular expression literal for .currentItem

qt.languageserver.server: avoid update of validDoc to  207 of document "file:///home/taianlux/.config/quickshell/Translate/translate.qml" as it is invalid
qt.languageserver.server: Ignoring cancellation of non in progress request QJsonValue(double, 468)
qt.qmldom: Parsed invalid file /home/taianlux/.config/quickshell/Translate/translate.qml/home/taianlux/.config/quickshell/Translate/translate.qml:64:98: [Dom][QmlFile][Parsing] Error: Unterminated regular expression literal for .currentItem

qt.languageserver.server: avoid update of validDoc to  212 of document "file:///home/taianlux/.config/quickshell/Translate/translate.qml" as it is invalid
qt.qmldom: Parsed invalid file /home/taianlux/.config/quickshell/Translate/translate.qml/home/taianlux/.config/quickshell/Translate/translate.qml:65:106: [Dom][QmlFile][Parsing] Error: Unterminated regular expression literal for .currentItem

qt.languageserver.server: avoid update of validDoc to  217 of document "file:///home/taianlux/.config/quickshell/Translate/translate.qml" as it is invalid
qt.qmldom: Parsed invalid file /home/taianlux/.config/quickshell/Translate/translate.qml/home/taianlux/.config/quickshell/Translate/translate.qml:69:15: [Dom][QmlFile][Parsing] Error: Expected token `,' for .currentItem
/home/taianlux/.config/quickshell/Translate/translate.qml:67:9: [Dom][QmlFile][Parsing] Error: Unexpected token `]' for .currentItem

qt.languageserver.server: avoid update of validDoc to  225 of document "file:///home/taianlux/.config/quickshell/Translate/translate.qml" as it is invalid
qt.languageserver.utils: "Couldn't find the C++ file 'panelinterface.hpp'."
qt.languageserver.utils: "Couldn't find the C++ file 'panelinterface.hpp'."
qt.languageserver.utils: "Couldn't find the C++ file 'panelinterface.hpp'."
qt.languageserver.utils: "Couldn't find the C++ file 'process.hpp'."
qt.languageserver.utils: "Couldn't find the C++ file 'process.hpp'."
