2026-07-06 06:40:31.144 [info] [main] Log level: Info
2026-07-06 06:40:31.144 [info] [main] Validating found git in: "git"
2026-07-06 06:40:31.144 [info] [main] Using git "2.55.0" from "git"
2026-07-06 06:40:31.144 [info] [Model][doInitialScan] Initial repository scan started
2026-07-06 06:40:31.144 [info] > git rev-parse --show-toplevel [1ms]
2026-07-06 06:40:31.144 [info] > git rev-parse --path-format=relative --show-toplevel [2ms]
2026-07-06 06:40:31.149 [info] > git rev-parse --show-toplevel [1ms]
2026-07-06 06:40:31.154 [info] > git rev-parse --path-format=relative --show-toplevel [1ms]
2026-07-06 06:40:31.159 [info] > git rev-parse --show-toplevel [1ms]
2026-07-06 06:40:31.164 [info] > git rev-parse --path-format=relative --show-toplevel [1ms]
2026-07-06 06:40:31.170 [info] > git rev-parse --show-toplevel [1ms]
2026-07-06 06:40:31.174 [info] > git rev-parse --path-format=relative --show-toplevel [1ms]
2026-07-06 06:40:31.179 [info] > git rev-parse --show-toplevel [1ms]
2026-07-06 06:40:31.184 [info] > git rev-parse --path-format=relative --show-toplevel [1ms]
2026-07-06 06:40:31.191 [info] > git rev-parse --show-toplevel [3ms]
2026-07-06 06:40:31.197 [info] > git rev-parse --path-format=relative --show-toplevel [3ms]
2026-07-06 06:40:31.204 [info] > git rev-parse --show-toplevel [1ms]
2026-07-06 06:40:31.209 [info] > git rev-parse --path-format=relative --show-toplevel [1ms]
2026-07-06 06:40:31.214 [info] > git rev-parse --show-toplevel [1ms]
2026-07-06 06:40:31.220 [info] > git rev-parse --path-format=relative --show-toplevel [2ms]
2026-07-06 06:40:31.225 [info] > git rev-parse --show-toplevel [1ms]
2026-07-06 06:40:32.709 [info] > git rev-parse --path-format=relative --show-toplevel [1477ms]
2026-07-06 06:40:33.120 [info] > git rev-parse --show-toplevel [102ms]
2026-07-06 06:40:33.172 [info] > git rev-parse --path-format=relative --show-toplevel [44ms]
2026-07-06 06:40:33.212 [info] [Model][doInitialScan] Initial repository scan completed - repositories (0), closed repositories (0), parent repositories (1), unsafe repositories (0)
2026-07-06 06:40:33.393 [info] > git rev-parse --show-toplevel [171ms]
2026-07-06 06:40:33.471 [info] > git rev-parse --path-format=relative --show-toplevel [72ms]
2026-07-06 06:40:33.521 [info] > git rev-parse --show-toplevel [16ms]
2026-07-06 06:40:33.584 [info] > git rev-parse --path-format=relative --show-toplevel [55ms]
2026-07-06 06:40:33.613 [info] > git rev-parse --show-toplevel [4ms]
2026-07-06 06:40:33.623 [info] > git rev-parse --path-format=relative --show-toplevel [1ms]
2026-07-06 06:40:33.635 [info] > git rev-parse --show-toplevel [2ms]
2026-07-06 06:40:33.645 [info] > git rev-parse --path-format=relative --show-toplevel [3ms]
2026-07-06 06:40:33.658 [info] > git rev-parse --show-toplevel [1ms]
2026-07-06 06:40:33.666 [info] > git rev-parse --path-format=relative --show-toplevel [2ms]
2026-07-06 06:40:33.674 [info] > git rev-parse --show-toplevel [1ms]
2026-07-06 06:40:33.683 [info] > git rev-parse --path-format=relative --show-toplevel [1ms]
2026-07-06 06:40:34.508 [info] > git rev-parse --show-toplevel [19ms]
2026-07-06 06:40:34.519 [info] > git rev-parse --path-format=relative --show-toplevel [6ms]
2026-07-06 06:40:35.981 [info] > git rev-parse --show-toplevel [6ms]
2026-07-06 06:40:35.981 [info] fatal: not a git repository (or any parent up to mount point /)
Stopping at filesystem boundary (GIT_DISCOVERY_ACROSS_FILESYSTEM not set).
2026-07-06 06:40:36.014 [info] > git rev-parse --show-toplevel [2ms]
2026-07-06 06:40:36.014 [info] fatal: not a git repository (or any parent up to mount point /)
Stopping at filesystem boundary (GIT_DISCOVERY_ACROSS_FILESYSTEM not set).
2026-07-06 06:47:45.095 [info] > git rev-parse --show-toplevel [3ms]
2026-07-06 06:47:45.106 [info] > git rev-parse --path-format=relative --show-toplevel [2ms]
2026-07-06 06:47:47.134 [info] > git rev-parse --show-toplevel [1ms]
2026-07-06 06:47:47.144 [info] > git rev-parse --path-format=relative --show-toplevel [2ms]
2026-07-06 06:47:54.517 [info] > git rev-parse --show-toplevel [17ms]
2026-07-06 06:47:54.527 [info] > git rev-parse --path-format=relative --show-toplevel [1ms]
2026-07-06 06:47:56.632 [info] > git rev-parse --show-toplevel [134ms]
2026-07-06 06:47:56.653 [info] > git rev-parse --path-format=relative --show-toplevel [9ms]
2026-07-06 06:51:51.794 [info] > git rev-parse --show-toplevel [2ms]
2026-07-06 06:51:51.803 [info] > git rev-parse --path-format=relative --show-toplevel [2ms]
