2026-06-29 19:13:28.989 [info] Reading sessions from keychain...
2026-06-29 19:13:28.989 [info] Getting sessions for all scopes...
2026-06-29 19:13:29.074 [info] Got stored sessions!
2026-06-29 19:13:29.074 [info] Got 1 verified sessions.
2026-06-29 19:13:29.074 [info] Got 1 sessions for ...
2026-06-29 19:13:29.074 [info] Getting sessions for all scopes...
2026-06-29 19:13:29.074 [info] Got 1 sessions for ...
2026-06-29 19:13:29.208 [info] Getting sessions for all scopes...
2026-06-29 19:13:29.209 [info] Got 1 sessions for ...
2026-06-29 19:13:30.338 [info] Getting sessions for all scopes...
2026-06-29 19:13:30.338 [info] Got 1 sessions for ...
2026-06-29 19:13:30.554 [info] Getting sessions for all scopes...
2026-06-29 19:13:30.554 [info] Got 1 sessions for ...
2026-06-29 19:13:30.554 [info] Getting sessions for all scopes...
2026-06-29 19:13:30.554 [info] Got 1 sessions for ...
2026-06-29 19:13:30.701 [info] Getting sessions for read:user,repo,user:email,workflow...
2026-06-29 19:13:30.701 [info] Got 1 sessions for read:user,repo,user:email,workflow...
2026-06-29 19:13:30.830 [info] Getting sessions for all scopes...
2026-06-29 19:13:30.830 [info] Got 1 sessions for ...
2026-06-29 19:13:30.906 [info] Getting sessions for all scopes...
2026-06-29 19:13:30.906 [info] Got 1 sessions for ...
2026-06-29 19:13:30.911 [info] Getting sessions for read:user,repo,user:email,workflow...
2026-06-29 19:13:30.911 [info] Got 1 sessions for read:user,repo,user:email,workflow...
2026-06-29 19:13:30.985 [info] FetcherService: Electron fetch failed with status: 429 
2026-06-29 19:13:30.997 [info] Unable to resolve optional EDU details. Status: 429 
2026-06-29 19:13:31.742 [info] Getting sessions for all scopes...
2026-06-29 19:13:31.742 [info] Got 1 sessions for ...
2026-06-29 19:13:31.742 [info] Getting sessions for all scopes...
2026-06-29 19:13:31.742 [info] Got 1 sessions for ...
2026-06-29 19:13:32.004 [info] Getting sessions for read:user,repo,user:email,workflow...
2026-06-29 19:13:32.004 [info] Got 1 sessions for read:user,repo,user:email,workflow...
2026-06-29 19:13:32.419 [info] Getting sessions for all scopes...
2026-06-29 19:13:32.419 [info] Got 1 sessions for ...
2026-06-29 19:13:32.424 [info] Getting sessions for read:user,repo,user:email,workflow...
2026-06-29 19:13:32.424 [info] Got 1 sessions for read:user,repo,user:email,workflow...
2026-06-29 19:13:32.780 [info] Getting sessions for all scopes...
2026-06-29 19:13:32.780 [info] Got 1 sessions for ...
2026-06-29 19:13:32.789 [info] Getting sessions for read:user,repo,user:email,workflow...
2026-06-29 19:13:32.789 [info] Got 1 sessions for read:user,repo,user:email,workflow...
2026-06-29 19:13:33.534 [info] Getting sessions for all scopes...
2026-06-29 19:13:33.534 [info] Got 1 sessions for ...
2026-06-29 19:13:33.536 [info] Getting sessions for all scopes...
2026-06-29 19:13:33.536 [info] Got 1 sessions for ...
2026-06-29 19:14:05.263 [info] Getting sessions for all scopes...
2026-06-29 19:14:05.263 [info] Got 1 sessions for ...
2026-06-29 19:14:05.264 [info] Getting sessions for all scopes...
2026-06-29 19:14:05.264 [info] Got 1 sessions for ...
2026-06-29 19:14:36.359 [info] Getting sessions for all scopes...
2026-06-29 19:14:36.359 [info] Got 1 sessions for ...
2026-06-29 19:14:36.359 [info] Getting sessions for all scopes...
2026-06-29 19:14:36.359 [info] Got 1 sessions for ...
2026-06-29 19:14:36.695 [info] Getting sessions for all scopes...
2026-06-29 19:14:36.695 [info] Got 1 sessions for ...
2026-06-29 19:14:36.695 [info] Getting sessions for all scopes...
2026-06-29 19:14:36.695 [info] Got 1 sessions for ...
2026-06-29 19:14:37.027 [info] Getting sessions for all scopes...
2026-06-29 19:14:37.027 [info] Got 1 sessions for ...
2026-06-29 19:14:37.028 [info] Getting sessions for all scopes...
2026-06-29 19:14:37.028 [info] Got 1 sessions for ...
2026-06-29 19:14:38.270 [info] Getting sessions for all scopes...
2026-06-29 19:14:38.270 [info] Got 1 sessions for ...
2026-06-29 19:14:38.272 [info] Getting sessions for all scopes...
2026-06-29 19:14:38.272 [info] Got 1 sessions for ...
2026-06-29 19:14:40.480 [info] Getting sessions for all scopes...
2026-06-29 19:14:40.480 [info] Got 1 sessions for ...
2026-06-29 19:14:40.481 [info] Getting sessions for all scopes...
2026-06-29 19:14:40.481 [info] Got 1 sessions for ...
