2026-07-01 08:08:03.195 [info] Reading sessions from keychain...
2026-07-01 08:08:03.195 [info] Getting sessions for all scopes...
2026-07-01 08:08:03.334 [info] Got stored sessions!
2026-07-01 08:08:03.334 [info] Got 1 verified sessions.
2026-07-01 08:08:03.334 [info] Got 1 sessions for ...
2026-07-01 08:08:03.334 [info] Getting sessions for all scopes...
2026-07-01 08:08:03.334 [info] Got 1 sessions for ...
2026-07-01 08:08:03.427 [info] Getting sessions for all scopes...
2026-07-01 08:08:03.427 [info] Got 1 sessions for ...
2026-07-01 08:08:03.461 [info] Getting sessions for all scopes...
2026-07-01 08:08:03.461 [info] Got 1 sessions for ...
2026-07-01 08:08:04.862 [info] Getting sessions for all scopes...
2026-07-01 08:08:04.863 [info] Got 1 sessions for ...
2026-07-01 08:08:04.865 [info] Getting sessions for all scopes...
2026-07-01 08:08:04.865 [info] Got 1 sessions for ...
2026-07-01 08:08:04.908 [info] Getting sessions for all scopes...
2026-07-01 08:08:04.908 [info] Got 1 sessions for ...
2026-07-01 08:08:04.946 [info] Getting sessions for read:user,repo,user:email,workflow...
2026-07-01 08:08:04.946 [info] Got 1 sessions for read:user,repo,user:email,workflow...
2026-07-01 08:08:05.105 [info] FetcherService: Electron fetch failed with status: 429 
2026-07-01 08:08:05.121 [info] Unable to resolve optional EDU details. Status: 429 
2026-07-01 08:08:05.203 [info] Getting sessions for all scopes...
2026-07-01 08:08:05.203 [info] Got 1 sessions for ...
2026-07-01 08:08:05.204 [info] Getting sessions for read:user,repo,user:email,workflow...
2026-07-01 08:08:05.204 [info] Got 1 sessions for read:user,repo,user:email,workflow...
2026-07-01 08:08:05.968 [info] Getting sessions for all scopes...
2026-07-01 08:08:05.968 [info] Got 1 sessions for ...
2026-07-01 08:08:06.008 [info] Getting sessions for all scopes...
2026-07-01 08:08:06.008 [info] Got 1 sessions for ...
2026-07-01 08:08:06.294 [info] Getting sessions for read:user,repo,user:email,workflow...
2026-07-01 08:08:06.294 [info] Got 1 sessions for read:user,repo,user:email,workflow...
2026-07-01 08:08:06.747 [info] Getting sessions for all scopes...
2026-07-01 08:08:06.747 [info] Got 1 sessions for ...
2026-07-01 08:08:06.749 [info] Getting sessions for read:user,repo,user:email,workflow...
2026-07-01 08:08:06.749 [info] Got 1 sessions for read:user,repo,user:email,workflow...
2026-07-01 08:08:06.858 [info] Getting sessions for all scopes...
2026-07-01 08:08:06.858 [info] Got 1 sessions for ...
2026-07-01 08:08:06.858 [info] Getting sessions for read:user,repo,user:email,workflow...
2026-07-01 08:08:06.858 [info] Got 1 sessions for read:user,repo,user:email,workflow...
2026-07-01 08:08:07.196 [info] Getting sessions for all scopes...
2026-07-01 08:08:07.196 [info] Got 1 sessions for ...
2026-07-01 08:08:07.196 [info] Getting sessions for all scopes...
2026-07-01 08:08:07.196 [info] Got 1 sessions for ...
2026-07-01 08:10:20.320 [info] Getting sessions for all scopes...
2026-07-01 08:10:20.320 [info] Got 1 sessions for ...
2026-07-01 08:10:20.320 [info] Getting sessions for all scopes...
2026-07-01 08:10:20.320 [info] Got 1 sessions for ...
2026-07-01 08:10:32.771 [info] Getting sessions for all scopes...
2026-07-01 08:10:32.772 [info] Got 1 sessions for ...
2026-07-01 08:10:32.773 [info] Getting sessions for all scopes...
2026-07-01 08:10:32.773 [info] Got 1 sessions for ...
2026-07-01 08:10:52.665 [info] Getting sessions for all scopes...
2026-07-01 08:10:52.665 [info] Got 1 sessions for ...
2026-07-01 08:10:52.665 [info] Getting sessions for all scopes...
2026-07-01 08:10:52.665 [info] Got 1 sessions for ...
2026-07-01 08:11:27.322 [info] Getting sessions for all scopes...
2026-07-01 08:11:27.322 [info] Got 1 sessions for ...
2026-07-01 08:11:27.323 [info] Getting sessions for all scopes...
2026-07-01 08:11:27.323 [info] Got 1 sessions for ...
2026-07-01 08:11:28.517 [info] Getting sessions for all scopes...
2026-07-01 08:11:28.517 [info] Got 1 sessions for ...
2026-07-01 08:11:28.518 [info] Getting sessions for all scopes...
2026-07-01 08:11:28.518 [info] Got 1 sessions for ...
2026-07-01 08:11:28.970 [info] Getting sessions for all scopes...
2026-07-01 08:11:28.970 [info] Got 1 sessions for ...
2026-07-01 08:11:28.970 [info] Getting sessions for all scopes...
2026-07-01 08:11:28.970 [info] Got 1 sessions for ...
2026-07-01 08:15:35.260 [info] Getting sessions for all scopes...
2026-07-01 08:15:35.260 [info] Got 1 sessions for ...
2026-07-01 08:15:35.273 [info] Getting sessions for all scopes...
2026-07-01 08:15:35.273 [info] Got 1 sessions for ...
2026-07-01 08:17:03.870 [info] Getting sessions for all scopes...
2026-07-01 08:17:03.870 [info] Got 1 sessions for ...
2026-07-01 08:17:03.870 [info] Getting sessions for all scopes...
2026-07-01 08:17:03.870 [info] Got 1 sessions for ...
2026-07-01 08:17:06.581 [info] Getting sessions for all scopes...
2026-07-01 08:17:06.581 [info] Got 1 sessions for ...
2026-07-01 08:17:06.582 [info] Getting sessions for all scopes...
2026-07-01 08:17:06.582 [info] Got 1 sessions for ...
2026-07-01 08:17:17.965 [info] Getting sessions for all scopes...
2026-07-01 08:17:17.965 [info] Got 1 sessions for ...
2026-07-01 08:17:17.967 [info] Getting sessions for all scopes...
2026-07-01 08:17:17.967 [info] Got 1 sessions for ...
2026-07-01 08:18:43.839 [info] Getting sessions for all scopes...
2026-07-01 08:18:43.839 [info] Got 1 sessions for ...
2026-07-01 08:18:43.839 [info] Getting sessions for all scopes...
2026-07-01 08:18:43.839 [info] Got 1 sessions for ...
2026-07-01 08:19:47.721 [info] Getting sessions for all scopes...
2026-07-01 08:19:47.721 [info] Got 1 sessions for ...
2026-07-01 08:19:47.723 [info] Getting sessions for all scopes...
2026-07-01 08:19:47.723 [info] Got 1 sessions for ...
2026-07-01 08:19:58.144 [info] Getting sessions for all scopes...
2026-07-01 08:19:58.144 [info] Got 1 sessions for ...
2026-07-01 08:19:58.145 [info] Getting sessions for all scopes...
2026-07-01 08:19:58.145 [info] Got 1 sessions for ...
2026-07-01 08:20:03.269 [info] Getting sessions for all scopes...
2026-07-01 08:20:03.269 [info] Got 1 sessions for ...
2026-07-01 08:20:03.271 [info] Getting sessions for all scopes...
2026-07-01 08:20:03.271 [info] Got 1 sessions for ...
2026-07-01 08:20:10.259 [info] Getting sessions for all scopes...
2026-07-01 08:20:10.259 [info] Got 1 sessions for ...
2026-07-01 08:20:10.261 [info] Getting sessions for all scopes...
2026-07-01 08:20:10.261 [info] Got 1 sessions for ...
2026-07-01 08:20:35.287 [info] Getting sessions for all scopes...
2026-07-01 08:20:35.287 [info] Got 1 sessions for ...
2026-07-01 08:20:35.288 [info] Getting sessions for all scopes...
2026-07-01 08:20:35.288 [info] Got 1 sessions for ...
2026-07-01 08:20:35.650 [info] Getting sessions for all scopes...
2026-07-01 08:20:35.650 [info] Got 1 sessions for ...
2026-07-01 08:20:35.651 [info] Getting sessions for all scopes...
2026-07-01 08:20:35.651 [info] Got 1 sessions for ...
2026-07-01 08:20:36.033 [info] Getting sessions for all scopes...
2026-07-01 08:20:36.033 [info] Got 1 sessions for ...
2026-07-01 08:20:36.034 [info] Getting sessions for all scopes...
2026-07-01 08:20:36.034 [info] Got 1 sessions for ...
2026-07-01 08:20:36.540 [info] Getting sessions for all scopes...
2026-07-01 08:20:36.540 [info] Got 1 sessions for ...
2026-07-01 08:20:36.540 [info] Getting sessions for all scopes...
2026-07-01 08:20:36.540 [info] Got 1 sessions for ...
2026-07-01 08:20:37.674 [info] Getting sessions for all scopes...
2026-07-01 08:20:37.674 [info] Got 1 sessions for ...
2026-07-01 08:20:37.675 [info] Getting sessions for all scopes...
2026-07-01 08:20:37.675 [info] Got 1 sessions for ...
2026-07-01 08:20:38.263 [info] Getting sessions for all scopes...
2026-07-01 08:20:38.263 [info] Got 1 sessions for ...
2026-07-01 08:20:38.265 [info] Getting sessions for all scopes...
2026-07-01 08:20:38.265 [info] Got 1 sessions for ...
2026-07-01 08:20:38.825 [info] Getting sessions for all scopes...
2026-07-01 08:20:38.825 [info] Got 1 sessions for ...
2026-07-01 08:20:38.826 [info] Getting sessions for all scopes...
2026-07-01 08:20:38.826 [info] Got 1 sessions for ...
2026-07-01 08:20:39.987 [info] Getting sessions for all scopes...
2026-07-01 08:20:39.987 [info] Got 1 sessions for ...
2026-07-01 08:20:39.990 [info] Getting sessions for all scopes...
2026-07-01 08:20:39.990 [info] Got 1 sessions for ...
2026-07-01 08:20:40.581 [info] Getting sessions for all scopes...
2026-07-01 08:20:40.581 [info] Got 1 sessions for ...
2026-07-01 08:20:40.581 [info] Getting sessions for all scopes...
2026-07-01 08:20:40.581 [info] Got 1 sessions for ...
2026-07-01 08:20:41.886 [info] Getting sessions for all scopes...
2026-07-01 08:20:41.887 [info] Got 1 sessions for ...
2026-07-01 08:20:41.887 [info] Getting sessions for all scopes...
2026-07-01 08:20:41.887 [info] Got 1 sessions for ...
2026-07-01 08:20:42.187 [info] Getting sessions for all scopes...
2026-07-01 08:20:42.187 [info] Got 1 sessions for ...
2026-07-01 08:20:42.198 [info] Getting sessions for all scopes...
2026-07-01 08:20:42.198 [info] Got 1 sessions for ...
2026-07-01 08:20:42.451 [info] Getting sessions for all scopes...
2026-07-01 08:20:42.452 [info] Got 1 sessions for ...
2026-07-01 08:20:42.453 [info] Getting sessions for all scopes...
2026-07-01 08:20:42.453 [info] Got 1 sessions for ...
2026-07-01 08:20:42.737 [info] Getting sessions for all scopes...
2026-07-01 08:20:42.738 [info] Got 1 sessions for ...
2026-07-01 08:20:42.761 [info] Getting sessions for all scopes...
2026-07-01 08:20:42.761 [info] Got 1 sessions for ...
2026-07-01 08:20:43.027 [info] Getting sessions for all scopes...
2026-07-01 08:20:43.027 [info] Got 1 sessions for ...
2026-07-01 08:20:43.029 [info] Getting sessions for all scopes...
2026-07-01 08:20:43.029 [info] Got 1 sessions for ...
2026-07-01 08:20:43.351 [info] Getting sessions for all scopes...
2026-07-01 08:20:43.352 [info] Got 1 sessions for ...
2026-07-01 08:20:43.358 [info] Getting sessions for all scopes...
2026-07-01 08:20:43.358 [info] Got 1 sessions for ...
2026-07-01 08:20:43.732 [info] Getting sessions for all scopes...
2026-07-01 08:20:43.732 [info] Got 1 sessions for ...
2026-07-01 08:20:43.740 [info] Getting sessions for all scopes...
2026-07-01 08:20:43.740 [info] Got 1 sessions for ...
2026-07-01 08:20:43.976 [info] Getting sessions for all scopes...
2026-07-01 08:20:43.976 [info] Got 1 sessions for ...
2026-07-01 08:20:43.977 [info] Getting sessions for all scopes...
2026-07-01 08:20:43.977 [info] Got 1 sessions for ...
2026-07-01 08:20:44.262 [info] Getting sessions for all scopes...
2026-07-01 08:20:44.262 [info] Got 1 sessions for ...
2026-07-01 08:20:44.262 [info] Getting sessions for all scopes...
2026-07-01 08:20:44.262 [info] Got 1 sessions for ...
2026-07-01 08:20:44.558 [info] Getting sessions for all scopes...
2026-07-01 08:20:44.558 [info] Got 1 sessions for ...
2026-07-01 08:20:44.558 [info] Getting sessions for all scopes...
2026-07-01 08:20:44.558 [info] Got 1 sessions for ...
2026-07-01 08:20:44.865 [info] Getting sessions for all scopes...
2026-07-01 08:20:44.865 [info] Got 1 sessions for ...
2026-07-01 08:20:44.866 [info] Getting sessions for all scopes...
2026-07-01 08:20:44.866 [info] Got 1 sessions for ...
2026-07-01 08:20:45.161 [info] Getting sessions for all scopes...
2026-07-01 08:20:45.162 [info] Got 1 sessions for ...
2026-07-01 08:20:45.162 [info] Getting sessions for all scopes...
2026-07-01 08:20:45.163 [info] Got 1 sessions for ...
2026-07-01 08:20:45.457 [info] Getting sessions for all scopes...
2026-07-01 08:20:45.457 [info] Got 1 sessions for ...
2026-07-01 08:20:45.457 [info] Getting sessions for all scopes...
2026-07-01 08:20:45.457 [info] Got 1 sessions for ...
2026-07-01 08:20:45.751 [info] Getting sessions for all scopes...
2026-07-01 08:20:45.751 [info] Got 1 sessions for ...
2026-07-01 08:20:45.752 [info] Getting sessions for all scopes...
2026-07-01 08:20:45.752 [info] Got 1 sessions for ...
2026-07-01 08:20:46.085 [info] Getting sessions for all scopes...
2026-07-01 08:20:46.086 [info] Got 1 sessions for ...
2026-07-01 08:20:46.086 [info] Getting sessions for all scopes...
2026-07-01 08:20:46.086 [info] Got 1 sessions for ...
2026-07-01 08:20:46.540 [info] Getting sessions for all scopes...
2026-07-01 08:20:46.540 [info] Got 1 sessions for ...
2026-07-01 08:20:46.543 [info] Getting sessions for all scopes...
2026-07-01 08:20:46.543 [info] Got 1 sessions for ...
2026-07-01 08:20:47.070 [info] Getting sessions for all scopes...
2026-07-01 08:20:47.070 [info] Got 1 sessions for ...
2026-07-01 08:20:47.072 [info] Getting sessions for all scopes...
2026-07-01 08:20:47.072 [info] Got 1 sessions for ...
2026-07-01 08:20:47.670 [info] Getting sessions for all scopes...
2026-07-01 08:20:47.670 [info] Got 1 sessions for ...
2026-07-01 08:20:47.671 [info] Getting sessions for all scopes...
2026-07-01 08:20:47.671 [info] Got 1 sessions for ...
2026-07-01 08:20:48.202 [info] Getting sessions for all scopes...
2026-07-01 08:20:48.202 [info] Got 1 sessions for ...
2026-07-01 08:20:48.209 [info] Getting sessions for all scopes...
2026-07-01 08:20:48.209 [info] Got 1 sessions for ...
2026-07-01 08:24:22.877 [info] Getting sessions for all scopes...
2026-07-01 08:24:22.877 [info] Got 1 sessions for ...
2026-07-01 08:24:22.879 [info] Getting sessions for all scopes...
2026-07-01 08:24:22.879 [info] Got 1 sessions for ...
2026-07-01 08:24:55.360 [info] Getting sessions for all scopes...
2026-07-01 08:24:55.361 [info] Got 1 sessions for ...
2026-07-01 08:24:55.363 [info] Getting sessions for all scopes...
2026-07-01 08:24:55.363 [info] Got 1 sessions for ...
2026-07-01 08:30:35.687 [info] Getting sessions for all scopes...
2026-07-01 08:30:35.687 [info] Got 1 sessions for ...
2026-07-01 08:30:35.689 [info] Getting sessions for all scopes...
2026-07-01 08:30:35.689 [info] Got 1 sessions for ...
2026-07-01 08:36:28.469 [info] Getting sessions for all scopes...
2026-07-01 08:36:28.470 [info] Got 1 sessions for ...
2026-07-01 08:36:28.471 [info] Getting sessions for all scopes...
2026-07-01 08:36:28.471 [info] Got 1 sessions for ...
2026-07-01 08:36:30.930 [info] Getting sessions for all scopes...
2026-07-01 08:36:30.930 [info] Got 1 sessions for ...
2026-07-01 08:36:30.931 [info] Getting sessions for all scopes...
2026-07-01 08:36:30.931 [info] Got 1 sessions for ...
2026-07-01 08:36:41.764 [info] Getting sessions for all scopes...
2026-07-01 08:36:41.764 [info] Got 1 sessions for ...
2026-07-01 08:36:41.765 [info] Getting sessions for all scopes...
2026-07-01 08:36:41.765 [info] Got 1 sessions for ...
2026-07-01 09:00:43.115 [info] Getting sessions for all scopes...
2026-07-01 09:00:43.115 [info] Got 1 sessions for ...
2026-07-01 09:00:43.117 [info] Getting sessions for all scopes...
2026-07-01 09:00:43.117 [info] Got 1 sessions for ...
2026-07-01 09:00:55.357 [info] Getting sessions for all scopes...
2026-07-01 09:00:55.357 [info] Got 1 sessions for ...
2026-07-01 09:00:55.359 [info] Getting sessions for all scopes...
2026-07-01 09:00:55.359 [info] Got 1 sessions for ...
2026-07-01 09:00:56.278 [info] Getting sessions for all scopes...
2026-07-01 09:00:56.279 [info] Got 1 sessions for ...
2026-07-01 09:00:56.279 [info] Getting sessions for all scopes...
2026-07-01 09:00:56.279 [info] Got 1 sessions for ...
2026-07-01 09:00:56.279 [info] Getting sessions for all scopes...
2026-07-01 09:00:56.279 [info] Got 1 sessions for ...
2026-07-01 09:00:56.420 [info] Getting sessions for read:user,repo,user:email,workflow...
2026-07-01 09:00:56.420 [info] Got 1 sessions for read:user,repo,user:email,workflow...
2026-07-01 09:00:57.793 [info] Getting sessions for all scopes...
2026-07-01 09:00:57.793 [info] Got 1 sessions for ...
2026-07-01 09:00:57.793 [info] Getting sessions for all scopes...
2026-07-01 09:00:57.793 [info] Got 1 sessions for ...
2026-07-01 09:00:57.860 [info] Getting sessions for read:user,repo,user:email,workflow...
2026-07-01 09:00:57.860 [info] Got 1 sessions for read:user,repo,user:email,workflow...
2026-07-01 09:00:58.279 [info] Getting sessions for all scopes...
2026-07-01 09:00:58.279 [info] Got 1 sessions for ...
2026-07-01 09:00:58.285 [info] Getting sessions for read:user,repo,user:email,workflow...
2026-07-01 09:00:58.285 [info] Got 1 sessions for read:user,repo,user:email,workflow...
2026-07-01 09:03:08.678 [info] Getting sessions for all scopes...
2026-07-01 09:03:08.678 [info] Got 1 sessions for ...
2026-07-01 09:03:08.679 [info] Getting sessions for all scopes...
2026-07-01 09:03:08.679 [info] Got 1 sessions for ...
2026-07-01 09:03:44.773 [info] Getting sessions for all scopes...
2026-07-01 09:03:44.773 [info] Got 1 sessions for ...
2026-07-01 09:03:44.774 [info] Getting sessions for all scopes...
2026-07-01 09:03:44.774 [info] Got 1 sessions for ...
2026-07-01 09:04:43.613 [info] Getting sessions for all scopes...
2026-07-01 09:04:43.613 [info] Got 1 sessions for ...
2026-07-01 09:04:43.623 [info] Getting sessions for all scopes...
2026-07-01 09:04:43.623 [info] Got 1 sessions for ...
2026-07-01 09:04:45.153 [info] Getting sessions for all scopes...
2026-07-01 09:04:45.153 [info] Got 1 sessions for ...
2026-07-01 09:04:45.153 [info] Getting sessions for all scopes...
2026-07-01 09:04:45.153 [info] Got 1 sessions for ...
2026-07-01 09:05:03.993 [info] Getting sessions for all scopes...
2026-07-01 09:05:03.993 [info] Got 1 sessions for ...
2026-07-01 09:05:03.993 [info] Getting sessions for all scopes...
2026-07-01 09:05:03.993 [info] Got 1 sessions for ...
2026-07-01 09:05:15.404 [info] Getting sessions for all scopes...
2026-07-01 09:05:15.404 [info] Got 1 sessions for ...
2026-07-01 09:05:15.415 [info] Getting sessions for all scopes...
2026-07-01 09:05:15.415 [info] Got 1 sessions for ...
2026-07-01 09:08:55.908 [info] Getting sessions for all scopes...
2026-07-01 09:08:55.909 [info] Got 1 sessions for ...
2026-07-01 09:08:55.938 [info] Getting sessions for all scopes...
2026-07-01 09:08:55.938 [info] Got 1 sessions for ...
2026-07-01 09:09:20.349 [info] Getting sessions for all scopes...
2026-07-01 09:09:20.350 [info] Got 1 sessions for ...
2026-07-01 09:09:20.351 [info] Getting sessions for all scopes...
2026-07-01 09:09:20.351 [info] Got 1 sessions for ...
2026-07-01 09:09:21.260 [info] Getting sessions for all scopes...
2026-07-01 09:09:21.260 [info] Got 1 sessions for ...
2026-07-01 09:09:21.261 [info] Getting sessions for all scopes...
2026-07-01 09:09:21.261 [info] Got 1 sessions for ...
2026-07-01 09:09:22.974 [info] Getting sessions for all scopes...
2026-07-01 09:09:22.974 [info] Got 1 sessions for ...
2026-07-01 09:09:22.975 [info] Getting sessions for all scopes...
2026-07-01 09:09:22.975 [info] Got 1 sessions for ...
2026-07-01 09:09:25.696 [info] Getting sessions for all scopes...
2026-07-01 09:09:25.696 [info] Got 1 sessions for ...
2026-07-01 09:09:25.697 [info] Getting sessions for all scopes...
2026-07-01 09:09:25.697 [info] Got 1 sessions for ...
2026-07-01 09:09:28.696 [info] Getting sessions for all scopes...
2026-07-01 09:09:28.696 [info] Got 1 sessions for ...
2026-07-01 09:09:28.697 [info] Getting sessions for all scopes...
2026-07-01 09:09:28.697 [info] Got 1 sessions for ...
2026-07-01 09:10:20.387 [info] Getting sessions for all scopes...
2026-07-01 09:10:20.387 [info] Got 1 sessions for ...
2026-07-01 09:10:20.393 [info] Getting sessions for all scopes...
2026-07-01 09:10:20.393 [info] Got 1 sessions for ...
2026-07-01 09:10:28.203 [info] Getting sessions for all scopes...
2026-07-01 09:10:28.203 [info] Got 1 sessions for ...
2026-07-01 09:10:28.208 [info] Getting sessions for all scopes...
2026-07-01 09:10:28.209 [info] Got 1 sessions for ...
2026-07-01 09:10:28.756 [info] Getting sessions for all scopes...
2026-07-01 09:10:28.756 [info] Got 1 sessions for ...
2026-07-01 09:10:28.757 [info] Getting sessions for all scopes...
2026-07-01 09:10:28.757 [info] Got 1 sessions for ...
2026-07-01 09:10:29.253 [info] Getting sessions for all scopes...
2026-07-01 09:10:29.254 [info] Got 1 sessions for ...
2026-07-01 09:10:29.254 [info] Getting sessions for all scopes...
2026-07-01 09:10:29.254 [info] Got 1 sessions for ...
2026-07-01 09:10:29.852 [info] Getting sessions for all scopes...
2026-07-01 09:10:29.852 [info] Got 1 sessions for ...
2026-07-01 09:10:29.855 [info] Getting sessions for all scopes...
2026-07-01 09:10:29.855 [info] Got 1 sessions for ...
2026-07-01 09:10:30.377 [info] Getting sessions for all scopes...
2026-07-01 09:10:30.377 [info] Got 1 sessions for ...
2026-07-01 09:10:30.378 [info] Getting sessions for all scopes...
2026-07-01 09:10:30.378 [info] Got 1 sessions for ...
2026-07-01 09:10:30.828 [info] Getting sessions for all scopes...
2026-07-01 09:10:30.828 [info] Got 1 sessions for ...
2026-07-01 09:10:30.829 [info] Getting sessions for all scopes...
2026-07-01 09:10:30.829 [info] Got 1 sessions for ...
2026-07-01 09:10:32.126 [info] Getting sessions for all scopes...
2026-07-01 09:10:32.126 [info] Got 1 sessions for ...
2026-07-01 09:10:32.127 [info] Getting sessions for all scopes...
2026-07-01 09:10:32.127 [info] Got 1 sessions for ...
2026-07-01 09:10:32.597 [info] Getting sessions for all scopes...
2026-07-01 09:10:32.598 [info] Got 1 sessions for ...
2026-07-01 09:10:32.600 [info] Getting sessions for all scopes...
2026-07-01 09:10:32.600 [info] Got 1 sessions for ...
2026-07-01 09:10:33.058 [info] Getting sessions for all scopes...
2026-07-01 09:10:33.058 [info] Got 1 sessions for ...
2026-07-01 09:10:33.059 [info] Getting sessions for all scopes...
2026-07-01 09:10:33.059 [info] Got 1 sessions for ...
2026-07-01 09:10:33.564 [info] Getting sessions for all scopes...
2026-07-01 09:10:33.564 [info] Got 1 sessions for ...
2026-07-01 09:10:33.565 [info] Getting sessions for all scopes...
2026-07-01 09:10:33.565 [info] Got 1 sessions for ...
2026-07-01 09:10:34.021 [info] Getting sessions for all scopes...
2026-07-01 09:10:34.021 [info] Got 1 sessions for ...
2026-07-01 09:10:34.022 [info] Getting sessions for all scopes...
2026-07-01 09:10:34.022 [info] Got 1 sessions for ...
2026-07-01 09:10:35.620 [info] Getting sessions for all scopes...
2026-07-01 09:10:35.621 [info] Got 1 sessions for ...
2026-07-01 09:10:35.622 [info] Getting sessions for all scopes...
2026-07-01 09:10:35.623 [info] Got 1 sessions for ...
2026-07-01 09:10:36.119 [info] Getting sessions for all scopes...
2026-07-01 09:10:36.119 [info] Got 1 sessions for ...
2026-07-01 09:10:36.120 [info] Getting sessions for all scopes...
2026-07-01 09:10:36.120 [info] Got 1 sessions for ...
2026-07-01 09:10:36.609 [info] Getting sessions for all scopes...
2026-07-01 09:10:36.609 [info] Got 1 sessions for ...
2026-07-01 09:10:36.612 [info] Getting sessions for all scopes...
2026-07-01 09:10:36.612 [info] Got 1 sessions for ...
2026-07-01 09:10:37.114 [info] Getting sessions for all scopes...
2026-07-01 09:10:37.114 [info] Got 1 sessions for ...
2026-07-01 09:10:37.114 [info] Getting sessions for all scopes...
2026-07-01 09:10:37.114 [info] Got 1 sessions for ...
2026-07-01 09:10:37.620 [info] Getting sessions for all scopes...
2026-07-01 09:10:37.620 [info] Got 1 sessions for ...
2026-07-01 09:10:37.620 [info] Getting sessions for all scopes...
2026-07-01 09:10:37.620 [info] Got 1 sessions for ...
2026-07-01 09:10:38.119 [info] Getting sessions for all scopes...
2026-07-01 09:10:38.119 [info] Got 1 sessions for ...
2026-07-01 09:10:38.120 [info] Getting sessions for all scopes...
2026-07-01 09:10:38.120 [info] Got 1 sessions for ...
2026-07-01 09:10:38.656 [info] Getting sessions for all scopes...
2026-07-01 09:10:38.656 [info] Got 1 sessions for ...
2026-07-01 09:10:38.657 [info] Getting sessions for all scopes...
2026-07-01 09:10:38.657 [info] Got 1 sessions for ...
2026-07-01 09:10:39.309 [info] Getting sessions for all scopes...
2026-07-01 09:10:39.309 [info] Got 1 sessions for ...
2026-07-01 09:10:39.310 [info] Getting sessions for all scopes...
2026-07-01 09:10:39.310 [info] Got 1 sessions for ...
2026-07-01 09:20:05.044 [info] Getting sessions for all scopes...
2026-07-01 09:20:05.044 [info] Got 1 sessions for ...
2026-07-01 09:20:05.045 [info] Getting sessions for all scopes...
2026-07-01 09:20:05.045 [info] Got 1 sessions for ...
2026-07-01 09:23:59.256 [info] Getting sessions for all scopes...
2026-07-01 09:23:59.256 [info] Got 1 sessions for ...
2026-07-01 09:23:59.257 [info] Getting sessions for all scopes...
2026-07-01 09:23:59.257 [info] Got 1 sessions for ...
2026-07-01 09:24:21.004 [info] Getting sessions for all scopes...
2026-07-01 09:24:21.004 [info] Got 1 sessions for ...
2026-07-01 09:24:21.005 [info] Getting sessions for all scopes...
2026-07-01 09:24:21.005 [info] Got 1 sessions for ...
2026-07-01 09:24:22.367 [info] Getting sessions for all scopes...
2026-07-01 09:24:22.367 [info] Got 1 sessions for ...
2026-07-01 09:24:22.368 [info] Getting sessions for all scopes...
2026-07-01 09:24:22.368 [info] Got 1 sessions for ...
2026-07-01 09:25:00.295 [info] Getting sessions for all scopes...
2026-07-01 09:25:00.296 [info] Got 1 sessions for ...
2026-07-01 09:25:00.297 [info] Getting sessions for all scopes...
2026-07-01 09:25:00.297 [info] Got 1 sessions for ...
2026-07-01 09:25:01.290 [info] Getting sessions for all scopes...
2026-07-01 09:25:01.290 [info] Got 1 sessions for ...
2026-07-01 09:25:01.291 [info] Getting sessions for all scopes...
2026-07-01 09:25:01.291 [info] Got 1 sessions for ...
2026-07-01 09:25:03.784 [info] Getting sessions for all scopes...
2026-07-01 09:25:03.784 [info] Got 1 sessions for ...
2026-07-01 09:25:03.785 [info] Getting sessions for all scopes...
2026-07-01 09:25:03.785 [info] Got 1 sessions for ...
2026-07-01 09:25:05.159 [info] Getting sessions for all scopes...
2026-07-01 09:25:05.159 [info] Got 1 sessions for ...
2026-07-01 09:25:05.159 [info] Getting sessions for all scopes...
2026-07-01 09:25:05.159 [info] Got 1 sessions for ...
2026-07-01 09:26:54.667 [info] Getting sessions for all scopes...
2026-07-01 09:26:54.667 [info] Got 1 sessions for ...
2026-07-01 09:26:54.667 [info] Getting sessions for all scopes...
2026-07-01 09:26:54.667 [info] Got 1 sessions for ...
2026-07-01 09:26:55.622 [info] Getting sessions for all scopes...
2026-07-01 09:26:55.622 [info] Got 1 sessions for ...
2026-07-01 09:26:55.622 [info] Getting sessions for all scopes...
2026-07-01 09:26:55.622 [info] Got 1 sessions for ...
2026-07-01 09:26:55.961 [info] Getting sessions for all scopes...
2026-07-01 09:26:55.961 [info] Got 1 sessions for ...
2026-07-01 09:26:55.963 [info] Getting sessions for all scopes...
2026-07-01 09:26:55.963 [info] Got 1 sessions for ...
2026-07-01 09:26:56.489 [info] Getting sessions for all scopes...
2026-07-01 09:26:56.489 [info] Got 1 sessions for ...
2026-07-01 09:26:56.490 [info] Getting sessions for all scopes...
2026-07-01 09:26:56.491 [info] Got 1 sessions for ...
2026-07-01 09:30:04.731 [info] Getting sessions for all scopes...
2026-07-01 09:30:04.731 [info] Got 1 sessions for ...
2026-07-01 09:30:04.731 [info] Getting sessions for all scopes...
2026-07-01 09:30:04.731 [info] Got 1 sessions for ...
2026-07-01 09:30:10.400 [info] Getting sessions for all scopes...
2026-07-01 09:30:10.400 [info] Got 1 sessions for ...
2026-07-01 09:30:10.401 [info] Getting sessions for read:user,repo,user:email,workflow...
2026-07-01 09:30:10.401 [info] Got 1 sessions for read:user,repo,user:email,workflow...
2026-07-01 09:30:11.289 [info] Getting sessions for all scopes...
2026-07-01 09:30:11.289 [info] Got 1 sessions for ...
2026-07-01 09:30:11.289 [info] Getting sessions for all scopes...
2026-07-01 09:30:11.289 [info] Got 1 sessions for ...
2026-07-01 09:30:11.290 [info] Getting sessions for read:user,repo,user:email,workflow...
2026-07-01 09:30:11.290 [info] Got 1 sessions for read:user,repo,user:email,workflow...
2026-07-01 09:30:17.622 [info] Getting sessions for all scopes...
2026-07-01 09:30:17.623 [info] Got 1 sessions for ...
2026-07-01 09:30:17.626 [info] Getting sessions for all scopes...
2026-07-01 09:30:17.626 [info] Got 1 sessions for ...
2026-07-01 09:30:46.374 [info] Getting sessions for all scopes...
2026-07-01 09:30:46.374 [info] Got 1 sessions for ...
2026-07-01 09:30:46.374 [info] Getting sessions for all scopes...
2026-07-01 09:30:46.374 [info] Got 1 sessions for ...
2026-07-01 09:31:15.285 [info] Getting sessions for all scopes...
2026-07-01 09:31:15.285 [info] Got 1 sessions for ...
2026-07-01 09:31:15.290 [info] Getting sessions for all scopes...
2026-07-01 09:31:15.290 [info] Got 1 sessions for ...
2026-07-01 09:31:43.809 [info] Getting sessions for all scopes...
2026-07-01 09:31:43.809 [info] Got 1 sessions for ...
2026-07-01 09:31:43.809 [info] Getting sessions for all scopes...
2026-07-01 09:31:43.809 [info] Got 1 sessions for ...
2026-07-01 09:31:49.334 [info] Getting sessions for all scopes...
2026-07-01 09:31:49.334 [info] Got 1 sessions for ...
2026-07-01 09:31:49.335 [info] Getting sessions for all scopes...
2026-07-01 09:31:49.335 [info] Got 1 sessions for ...
2026-07-01 09:31:50.280 [info] Getting sessions for all scopes...
2026-07-01 09:31:50.281 [info] Got 1 sessions for ...
2026-07-01 09:31:50.281 [info] Getting sessions for all scopes...
2026-07-01 09:31:50.281 [info] Got 1 sessions for ...
2026-07-01 09:32:00.188 [info] Getting sessions for all scopes...
2026-07-01 09:32:00.188 [info] Got 1 sessions for ...
2026-07-01 09:32:00.188 [info] Getting sessions for all scopes...
2026-07-01 09:32:00.189 [info] Got 1 sessions for ...
2026-07-01 09:32:15.945 [info] Getting sessions for all scopes...
2026-07-01 09:32:15.945 [info] Got 1 sessions for ...
2026-07-01 09:32:15.946 [info] Getting sessions for all scopes...
2026-07-01 09:32:15.946 [info] Got 1 sessions for ...
2026-07-01 09:32:40.464 [info] Getting sessions for all scopes...
2026-07-01 09:32:40.464 [info] Got 1 sessions for ...
2026-07-01 09:32:40.464 [info] Getting sessions for all scopes...
2026-07-01 09:32:40.464 [info] Got 1 sessions for ...
2026-07-01 09:33:10.444 [info] Getting sessions for all scopes...
2026-07-01 09:33:10.445 [info] Got 1 sessions for ...
2026-07-01 09:33:10.450 [info] Getting sessions for all scopes...
2026-07-01 09:33:10.450 [info] Got 1 sessions for ...
2026-07-01 09:33:47.753 [info] Getting sessions for all scopes...
2026-07-01 09:33:47.753 [info] Got 1 sessions for ...
2026-07-01 09:33:47.760 [info] Getting sessions for all scopes...
2026-07-01 09:33:47.760 [info] Got 1 sessions for ...
2026-07-01 09:33:49.899 [info] Getting sessions for all scopes...
2026-07-01 09:33:49.899 [info] Got 1 sessions for ...
2026-07-01 09:33:49.902 [info] Getting sessions for all scopes...
2026-07-01 09:33:49.902 [info] Got 1 sessions for ...
2026-07-01 09:34:03.740 [info] Getting sessions for all scopes...
2026-07-01 09:34:03.740 [info] Got 1 sessions for ...
2026-07-01 09:34:03.750 [info] Getting sessions for all scopes...
2026-07-01 09:34:03.751 [info] Got 1 sessions for ...
2026-07-01 09:34:11.778 [info] Getting sessions for all scopes...
2026-07-01 09:34:11.778 [info] Got 1 sessions for ...
2026-07-01 09:34:11.779 [info] Getting sessions for all scopes...
2026-07-01 09:34:11.779 [info] Got 1 sessions for ...
2026-07-01 09:34:46.554 [info] Getting sessions for all scopes...
2026-07-01 09:34:46.554 [info] Got 1 sessions for ...
2026-07-01 09:34:46.612 [info] Getting sessions for all scopes...
2026-07-01 09:34:46.612 [info] Got 1 sessions for ...
2026-07-01 09:35:10.084 [info] Getting sessions for all scopes...
2026-07-01 09:35:10.084 [info] Got 1 sessions for ...
2026-07-01 09:35:10.087 [info] Getting sessions for all scopes...
2026-07-01 09:35:10.087 [info] Got 1 sessions for ...
2026-07-01 09:35:47.099 [info] Getting sessions for all scopes...
2026-07-01 09:35:47.100 [info] Got 1 sessions for ...
2026-07-01 09:35:47.102 [info] Getting sessions for all scopes...
2026-07-01 09:35:47.102 [info] Got 1 sessions for ...
2026-07-01 09:36:41.448 [info] Getting sessions for all scopes...
2026-07-01 09:36:41.448 [info] Got 1 sessions for ...
2026-07-01 09:36:41.449 [info] Getting sessions for all scopes...
2026-07-01 09:36:41.449 [info] Got 1 sessions for ...
2026-07-01 09:37:04.373 [info] Getting sessions for all scopes...
2026-07-01 09:37:04.373 [info] Got 1 sessions for ...
2026-07-01 09:37:04.374 [info] Getting sessions for all scopes...
2026-07-01 09:37:04.374 [info] Got 1 sessions for ...
2026-07-01 09:37:06.968 [info] Getting sessions for all scopes...
2026-07-01 09:37:06.968 [info] Got 1 sessions for ...
2026-07-01 09:37:06.972 [info] Getting sessions for all scopes...
2026-07-01 09:37:06.972 [info] Got 1 sessions for ...
2026-07-01 09:37:37.849 [info] Getting sessions for all scopes...
2026-07-01 09:37:37.849 [info] Got 1 sessions for ...
2026-07-01 09:37:37.858 [info] Getting sessions for all scopes...
2026-07-01 09:37:37.859 [info] Got 1 sessions for ...
2026-07-01 09:37:56.185 [info] Getting sessions for all scopes...
2026-07-01 09:37:56.185 [info] Got 1 sessions for ...
2026-07-01 09:37:56.196 [info] Getting sessions for all scopes...
2026-07-01 09:37:56.196 [info] Got 1 sessions for ...
2026-07-01 09:38:02.928 [info] Getting sessions for all scopes...
2026-07-01 09:38:02.928 [info] Got 1 sessions for ...
2026-07-01 09:38:02.928 [info] Getting sessions for all scopes...
2026-07-01 09:38:02.928 [info] Got 1 sessions for ...
2026-07-01 09:43:31.847 [info] Getting sessions for all scopes...
2026-07-01 09:43:31.847 [info] Got 1 sessions for ...
2026-07-01 09:43:31.848 [info] Getting sessions for all scopes...
2026-07-01 09:43:31.848 [info] Got 1 sessions for ...
2026-07-01 09:43:59.586 [info] Getting sessions for all scopes...
2026-07-01 09:43:59.586 [info] Got 1 sessions for ...
2026-07-01 09:43:59.586 [info] Getting sessions for all scopes...
2026-07-01 09:43:59.586 [info] Got 1 sessions for ...
2026-07-01 09:44:44.927 [info] Getting sessions for all scopes...
2026-07-01 09:44:44.927 [info] Got 1 sessions for ...
2026-07-01 09:44:44.932 [info] Getting sessions for all scopes...
2026-07-01 09:44:44.932 [info] Got 1 sessions for ...
2026-07-01 09:47:21.073 [info] Getting sessions for all scopes...
2026-07-01 09:47:21.073 [info] Got 1 sessions for ...
2026-07-01 09:47:21.074 [info] Getting sessions for all scopes...
2026-07-01 09:47:21.074 [info] Got 1 sessions for ...
2026-07-01 09:48:20.710 [info] Getting sessions for all scopes...
2026-07-01 09:48:20.710 [info] Got 1 sessions for ...
2026-07-01 09:48:20.711 [info] Getting sessions for all scopes...
2026-07-01 09:48:20.711 [info] Got 1 sessions for ...
2026-07-01 09:48:55.268 [info] Getting sessions for all scopes...
2026-07-01 09:48:55.268 [info] Got 1 sessions for ...
2026-07-01 09:48:55.269 [info] Getting sessions for all scopes...
2026-07-01 09:48:55.269 [info] Got 1 sessions for ...
2026-07-01 09:49:02.408 [info] Getting sessions for all scopes...
2026-07-01 09:49:02.408 [info] Got 1 sessions for ...
2026-07-01 09:49:02.410 [info] Getting sessions for all scopes...
2026-07-01 09:49:02.410 [info] Got 1 sessions for ...
2026-07-01 09:50:19.368 [info] Getting sessions for all scopes...
2026-07-01 09:50:19.368 [info] Got 1 sessions for ...
2026-07-01 09:50:19.370 [info] Getting sessions for all scopes...
2026-07-01 09:50:19.371 [info] Got 1 sessions for ...
2026-07-01 09:50:24.220 [info] Getting sessions for all scopes...
2026-07-01 09:50:24.220 [info] Got 1 sessions for ...
2026-07-01 09:50:24.221 [info] Getting sessions for all scopes...
2026-07-01 09:50:24.221 [info] Got 1 sessions for ...
2026-07-01 09:54:44.159 [info] Getting sessions for all scopes...
2026-07-01 09:54:44.159 [info] Got 1 sessions for ...
2026-07-01 09:54:44.160 [info] Getting sessions for all scopes...
2026-07-01 09:54:44.160 [info] Got 1 sessions for ...
2026-07-01 09:54:52.328 [info] Getting sessions for all scopes...
2026-07-01 09:54:52.328 [info] Got 1 sessions for ...
2026-07-01 09:54:52.331 [info] Getting sessions for read:user,repo,user:email,workflow...
2026-07-01 09:54:52.331 [info] Got 1 sessions for read:user,repo,user:email,workflow...
2026-07-01 09:54:53.077 [info] Getting sessions for all scopes...
2026-07-01 09:54:53.077 [info] Got 1 sessions for ...
2026-07-01 09:54:53.077 [info] Getting sessions for all scopes...
2026-07-01 09:54:53.077 [info] Got 1 sessions for ...
2026-07-01 09:54:53.078 [info] Getting sessions for read:user,repo,user:email,workflow...
2026-07-01 09:54:53.078 [info] Got 1 sessions for read:user,repo,user:email,workflow...
2026-07-01 10:05:37.590 [info] Getting sessions for all scopes...
2026-07-01 10:05:37.590 [info] Got 1 sessions for ...
2026-07-01 10:05:37.591 [info] Getting sessions for all scopes...
2026-07-01 10:05:37.591 [info] Got 1 sessions for ...
2026-07-01 10:06:58.680 [info] Getting sessions for all scopes...
2026-07-01 10:06:58.680 [info] Got 1 sessions for ...
2026-07-01 10:06:58.681 [info] Getting sessions for all scopes...
2026-07-01 10:06:58.681 [info] Got 1 sessions for ...
2026-07-01 10:07:14.771 [info] Getting sessions for all scopes...
2026-07-01 10:07:14.771 [info] Got 1 sessions for ...
2026-07-01 10:07:14.772 [info] Getting sessions for all scopes...
2026-07-01 10:07:14.772 [info] Got 1 sessions for ...
2026-07-01 10:07:18.943 [info] Getting sessions for all scopes...
2026-07-01 10:07:18.943 [info] Got 1 sessions for ...
2026-07-01 10:07:18.944 [info] Getting sessions for all scopes...
2026-07-01 10:07:18.944 [info] Got 1 sessions for ...
2026-07-01 10:07:49.147 [info] Getting sessions for all scopes...
2026-07-01 10:07:49.148 [info] Got 1 sessions for ...
2026-07-01 10:07:49.148 [info] Getting sessions for all scopes...
2026-07-01 10:07:49.148 [info] Got 1 sessions for ...
2026-07-01 10:07:49.534 [info] Getting sessions for all scopes...
2026-07-01 10:07:49.534 [info] Got 1 sessions for ...
2026-07-01 10:07:49.534 [info] Getting sessions for all scopes...
2026-07-01 10:07:49.534 [info] Got 1 sessions for ...
2026-07-01 10:07:49.935 [info] Getting sessions for all scopes...
2026-07-01 10:07:49.935 [info] Got 1 sessions for ...
2026-07-01 10:07:49.935 [info] Getting sessions for all scopes...
2026-07-01 10:07:49.935 [info] Got 1 sessions for ...
2026-07-01 10:07:50.403 [info] Getting sessions for all scopes...
2026-07-01 10:07:50.403 [info] Got 1 sessions for ...
2026-07-01 10:07:50.403 [info] Getting sessions for all scopes...
2026-07-01 10:07:50.403 [info] Got 1 sessions for ...
2026-07-01 10:07:50.957 [info] Getting sessions for all scopes...
2026-07-01 10:07:50.957 [info] Got 1 sessions for ...
2026-07-01 10:07:50.958 [info] Getting sessions for all scopes...
2026-07-01 10:07:50.958 [info] Got 1 sessions for ...
2026-07-01 10:08:44.917 [info] Getting sessions for all scopes...
2026-07-01 10:08:44.918 [info] Got 1 sessions for ...
2026-07-01 10:08:44.919 [info] Getting sessions for all scopes...
2026-07-01 10:08:44.919 [info] Got 1 sessions for ...
2026-07-01 10:08:54.315 [info] Getting sessions for all scopes...
2026-07-01 10:08:54.315 [info] Got 1 sessions for ...
2026-07-01 10:08:54.315 [info] Getting sessions for all scopes...
2026-07-01 10:08:54.315 [info] Got 1 sessions for ...
2026-07-01 10:09:23.211 [info] Getting sessions for all scopes...
2026-07-01 10:09:23.211 [info] Got 1 sessions for ...
2026-07-01 10:09:23.215 [info] Getting sessions for all scopes...
2026-07-01 10:09:23.215 [info] Got 1 sessions for ...
2026-07-01 10:09:41.317 [info] Getting sessions for all scopes...
2026-07-01 10:09:41.317 [info] Got 1 sessions for ...
2026-07-01 10:09:41.318 [info] Getting sessions for all scopes...
2026-07-01 10:09:41.318 [info] Got 1 sessions for ...
2026-07-01 10:09:51.354 [info] Getting sessions for all scopes...
2026-07-01 10:09:51.355 [info] Got 1 sessions for ...
2026-07-01 10:09:51.364 [info] Getting sessions for all scopes...
2026-07-01 10:09:51.364 [info] Got 1 sessions for ...
2026-07-01 10:10:06.951 [info] Getting sessions for all scopes...
2026-07-01 10:10:06.951 [info] Got 1 sessions for ...
2026-07-01 10:10:06.956 [info] Getting sessions for all scopes...
2026-07-01 10:10:06.956 [info] Got 1 sessions for ...
2026-07-01 10:10:53.558 [info] Getting sessions for all scopes...
2026-07-01 10:10:53.558 [info] Got 1 sessions for ...
2026-07-01 10:10:53.558 [info] Getting sessions for all scopes...
2026-07-01 10:10:53.558 [info] Got 1 sessions for ...
2026-07-01 10:11:11.718 [info] Getting sessions for all scopes...
2026-07-01 10:11:11.718 [info] Got 1 sessions for ...
2026-07-01 10:11:11.725 [info] Getting sessions for all scopes...
2026-07-01 10:11:11.725 [info] Got 1 sessions for ...
2026-07-01 10:11:26.563 [info] Getting sessions for all scopes...
2026-07-01 10:11:26.563 [info] Got 1 sessions for ...
2026-07-01 10:11:26.564 [info] Getting sessions for all scopes...
2026-07-01 10:11:26.564 [info] Got 1 sessions for ...
2026-07-01 10:11:33.946 [info] Getting sessions for all scopes...
2026-07-01 10:11:33.946 [info] Got 1 sessions for ...
2026-07-01 10:11:33.947 [info] Getting sessions for all scopes...
2026-07-01 10:11:33.947 [info] Got 1 sessions for ...
2026-07-01 10:11:38.948 [info] Getting sessions for all scopes...
2026-07-01 10:11:38.949 [info] Got 1 sessions for ...
2026-07-01 10:11:38.950 [info] Getting sessions for all scopes...
2026-07-01 10:11:38.950 [info] Got 1 sessions for ...
2026-07-01 10:12:03.011 [info] Getting sessions for all scopes...
2026-07-01 10:12:03.011 [info] Got 1 sessions for ...
2026-07-01 10:12:03.011 [info] Getting sessions for all scopes...
2026-07-01 10:12:03.011 [info] Got 1 sessions for ...
2026-07-01 10:14:12.818 [info] Getting sessions for all scopes...
2026-07-01 10:14:12.818 [info] Got 1 sessions for ...
2026-07-01 10:14:12.821 [info] Getting sessions for all scopes...
2026-07-01 10:14:12.821 [info] Got 1 sessions for ...
2026-07-01 10:14:18.766 [info] Getting sessions for all scopes...
2026-07-01 10:14:18.767 [info] Got 1 sessions for ...
2026-07-01 10:14:18.768 [info] Getting sessions for all scopes...
2026-07-01 10:14:18.768 [info] Got 1 sessions for ...
2026-07-01 10:15:49.377 [info] Getting sessions for all scopes...
2026-07-01 10:15:49.377 [info] Got 1 sessions for ...
2026-07-01 10:15:49.388 [info] Getting sessions for all scopes...
2026-07-01 10:15:49.388 [info] Got 1 sessions for ...
2026-07-01 10:15:53.432 [info] Getting sessions for all scopes...
2026-07-01 10:15:53.432 [info] Got 1 sessions for ...
2026-07-01 10:15:53.432 [info] Getting sessions for all scopes...
2026-07-01 10:15:53.432 [info] Got 1 sessions for ...
2026-07-01 10:18:45.996 [info] Getting sessions for all scopes...
2026-07-01 10:18:45.996 [info] Got 1 sessions for ...
2026-07-01 10:18:45.997 [info] Getting sessions for all scopes...
2026-07-01 10:18:45.997 [info] Got 1 sessions for ...
2026-07-01 10:18:59.998 [info] Getting sessions for all scopes...
2026-07-01 10:18:59.998 [info] Got 1 sessions for ...
2026-07-01 10:18:59.999 [info] Getting sessions for all scopes...
2026-07-01 10:18:59.999 [info] Got 1 sessions for ...
2026-07-01 10:19:29.930 [info] Getting sessions for all scopes...
2026-07-01 10:19:29.930 [info] Got 1 sessions for ...
2026-07-01 10:19:29.932 [info] Getting sessions for all scopes...
2026-07-01 10:19:29.932 [info] Got 1 sessions for ...
2026-07-01 10:21:25.456 [info] Getting sessions for all scopes...
2026-07-01 10:21:25.456 [info] Got 1 sessions for ...
2026-07-01 10:21:25.457 [info] Getting sessions for all scopes...
2026-07-01 10:21:25.457 [info] Got 1 sessions for ...
2026-07-01 10:21:32.694 [info] Getting sessions for all scopes...
2026-07-01 10:21:32.694 [info] Got 1 sessions for ...
2026-07-01 10:21:32.695 [info] Getting sessions for read:user,repo,user:email,workflow...
2026-07-01 10:21:32.695 [info] Got 1 sessions for read:user,repo,user:email,workflow...
2026-07-01 10:21:33.481 [info] Getting sessions for all scopes...
2026-07-01 10:21:33.481 [info] Got 1 sessions for ...
2026-07-01 10:21:33.482 [info] Getting sessions for all scopes...
2026-07-01 10:21:33.482 [info] Got 1 sessions for ...
2026-07-01 10:21:33.483 [info] Getting sessions for read:user,repo,user:email,workflow...
2026-07-01 10:21:33.483 [info] Got 1 sessions for read:user,repo,user:email,workflow...
2026-07-01 10:23:40.857 [info] Getting sessions for all scopes...
2026-07-01 10:23:40.857 [info] Got 1 sessions for ...
2026-07-01 10:23:40.857 [info] Getting sessions for all scopes...
2026-07-01 10:23:40.857 [info] Got 1 sessions for ...
2026-07-01 10:23:41.324 [info] Getting sessions for all scopes...
2026-07-01 10:23:41.324 [info] Got 1 sessions for ...
2026-07-01 10:23:41.326 [info] Getting sessions for all scopes...
2026-07-01 10:23:41.327 [info] Got 1 sessions for ...
2026-07-01 10:28:28.606 [info] Getting sessions for all scopes...
2026-07-01 10:28:28.606 [info] Got 1 sessions for ...
2026-07-01 10:28:28.606 [info] Getting sessions for all scopes...
2026-07-01 10:28:28.606 [info] Got 1 sessions for ...
2026-07-01 10:55:06.904 [info] Getting sessions for all scopes...
2026-07-01 10:55:06.904 [info] Got 1 sessions for ...
2026-07-01 10:55:06.907 [info] Getting sessions for read:user,repo,user:email,workflow...
2026-07-01 10:55:06.907 [info] Got 1 sessions for read:user,repo,user:email,workflow...
2026-07-01 10:55:08.667 [info] Getting sessions for all scopes...
2026-07-01 10:55:08.667 [info] Got 1 sessions for ...
2026-07-01 10:55:08.667 [info] Getting sessions for all scopes...
2026-07-01 10:55:08.667 [info] Got 1 sessions for ...
2026-07-01 10:55:08.668 [info] Getting sessions for read:user,repo,user:email,workflow...
2026-07-01 10:55:08.668 [info] Got 1 sessions for read:user,repo,user:email,workflow...
2026-07-01 11:17:15.965 [info] Getting sessions for all scopes...
2026-07-01 11:17:15.966 [info] Got 1 sessions for ...
2026-07-01 11:17:15.966 [info] Getting sessions for all scopes...
2026-07-01 11:17:15.966 [info] Got 1 sessions for ...
2026-07-01 11:18:01.202 [info] Getting sessions for all scopes...
2026-07-01 11:18:01.202 [info] Got 1 sessions for ...
2026-07-01 11:18:01.203 [info] Getting sessions for all scopes...
2026-07-01 11:18:01.203 [info] Got 1 sessions for ...
2026-07-01 11:18:08.622 [info] Getting sessions for all scopes...
2026-07-01 11:18:08.623 [info] Got 1 sessions for ...
2026-07-01 11:18:08.626 [info] Getting sessions for all scopes...
2026-07-01 11:18:08.626 [info] Got 1 sessions for ...
2026-07-01 11:18:16.926 [info] Getting sessions for all scopes...
2026-07-01 11:18:16.926 [info] Got 1 sessions for ...
2026-07-01 11:18:16.926 [info] Getting sessions for all scopes...
2026-07-01 11:18:16.926 [info] Got 1 sessions for ...
2026-07-01 11:18:22.150 [info] Getting sessions for all scopes...
2026-07-01 11:18:22.150 [info] Got 1 sessions for ...
2026-07-01 11:18:22.151 [info] Getting sessions for all scopes...
2026-07-01 11:18:22.151 [info] Got 1 sessions for ...
2026-07-01 11:18:26.122 [info] Getting sessions for all scopes...
2026-07-01 11:18:26.122 [info] Got 1 sessions for ...
2026-07-01 11:18:26.145 [info] Getting sessions for all scopes...
2026-07-01 11:18:26.146 [info] Got 1 sessions for ...
2026-07-01 11:21:47.181 [info] Getting sessions for all scopes...
2026-07-01 11:21:47.181 [info] Got 1 sessions for ...
2026-07-01 11:21:47.181 [info] Getting sessions for all scopes...
2026-07-01 11:21:47.181 [info] Got 1 sessions for ...
2026-07-01 11:21:47.722 [info] Getting sessions for all scopes...
2026-07-01 11:21:47.722 [info] Got 1 sessions for ...
2026-07-01 11:21:47.723 [info] Getting sessions for all scopes...
2026-07-01 11:21:47.723 [info] Got 1 sessions for ...
2026-07-01 11:22:08.706 [info] Getting sessions for all scopes...
2026-07-01 11:22:08.706 [info] Got 1 sessions for ...
2026-07-01 11:22:08.711 [info] Getting sessions for all scopes...
2026-07-01 11:22:08.711 [info] Got 1 sessions for ...
2026-07-01 11:22:22.295 [info] Getting sessions for all scopes...
2026-07-01 11:22:22.295 [info] Got 1 sessions for ...
2026-07-01 11:22:22.296 [info] Getting sessions for read:user,repo,user:email,workflow...
2026-07-01 11:22:22.296 [info] Got 1 sessions for read:user,repo,user:email,workflow...
2026-07-01 11:22:22.836 [info] Getting sessions for all scopes...
2026-07-01 11:22:22.836 [info] Got 1 sessions for ...
2026-07-01 11:22:22.836 [info] Getting sessions for all scopes...
2026-07-01 11:22:22.836 [info] Got 1 sessions for ...
2026-07-01 11:22:22.838 [info] Getting sessions for read:user,repo,user:email,workflow...
2026-07-01 11:22:22.838 [info] Got 1 sessions for read:user,repo,user:email,workflow...
2026-07-01 11:23:11.518 [info] Getting sessions for all scopes...
2026-07-01 11:23:11.518 [info] Got 1 sessions for ...
2026-07-01 11:23:11.519 [info] Getting sessions for all scopes...
2026-07-01 11:23:11.519 [info] Got 1 sessions for ...
2026-07-01 11:23:38.161 [info] Getting sessions for all scopes...
2026-07-01 11:23:38.162 [info] Got 1 sessions for ...
2026-07-01 11:23:38.175 [info] Getting sessions for all scopes...
2026-07-01 11:23:38.175 [info] Got 1 sessions for ...
2026-07-01 11:24:08.239 [info] Getting sessions for all scopes...
2026-07-01 11:24:08.239 [info] Got 1 sessions for ...
2026-07-01 11:24:08.241 [info] Getting sessions for all scopes...
2026-07-01 11:24:08.241 [info] Got 1 sessions for ...
2026-07-01 11:24:35.464 [info] Getting sessions for all scopes...
2026-07-01 11:24:35.464 [info] Got 1 sessions for ...
2026-07-01 11:24:35.468 [info] Getting sessions for all scopes...
2026-07-01 11:24:35.468 [info] Got 1 sessions for ...
2026-07-01 11:24:35.933 [info] Getting sessions for all scopes...
2026-07-01 11:24:35.933 [info] Got 1 sessions for ...
2026-07-01 11:24:35.934 [info] Getting sessions for all scopes...
2026-07-01 11:24:35.934 [info] Got 1 sessions for ...
2026-07-01 11:24:36.491 [info] Getting sessions for all scopes...
2026-07-01 11:24:36.491 [info] Got 1 sessions for ...
2026-07-01 11:24:36.517 [info] Getting sessions for all scopes...
2026-07-01 11:24:36.517 [info] Got 1 sessions for ...
2026-07-01 11:24:36.976 [info] Getting sessions for all scopes...
2026-07-01 11:24:36.976 [info] Got 1 sessions for ...
2026-07-01 11:24:36.976 [info] Getting sessions for all scopes...
2026-07-01 11:24:36.976 [info] Got 1 sessions for ...
2026-07-01 11:24:37.327 [info] Getting sessions for all scopes...
2026-07-01 11:24:37.327 [info] Got 1 sessions for ...
2026-07-01 11:24:37.327 [info] Getting sessions for all scopes...
2026-07-01 11:24:37.327 [info] Got 1 sessions for ...
2026-07-01 11:24:48.160 [info] Getting sessions for all scopes...
2026-07-01 11:24:48.160 [info] Got 1 sessions for ...
2026-07-01 11:24:48.161 [info] Getting sessions for all scopes...
2026-07-01 11:24:48.161 [info] Got 1 sessions for ...
2026-07-01 11:28:07.846 [info] Getting sessions for all scopes...
2026-07-01 11:28:07.846 [info] Got 1 sessions for ...
2026-07-01 11:28:07.847 [info] Getting sessions for all scopes...
2026-07-01 11:28:07.847 [info] Got 1 sessions for ...
2026-07-01 11:28:08.276 [info] Getting sessions for all scopes...
2026-07-01 11:28:08.276 [info] Got 1 sessions for ...
2026-07-01 11:28:08.277 [info] Getting sessions for all scopes...
2026-07-01 11:28:08.277 [info] Got 1 sessions for ...
2026-07-01 11:28:09.985 [info] Getting sessions for all scopes...
2026-07-01 11:28:09.985 [info] Got 1 sessions for ...
2026-07-01 11:28:09.990 [info] Getting sessions for all scopes...
2026-07-01 11:28:09.990 [info] Got 1 sessions for ...
2026-07-01 11:28:10.361 [info] Getting sessions for all scopes...
2026-07-01 11:28:10.361 [info] Got 1 sessions for ...
2026-07-01 11:28:10.366 [info] Getting sessions for all scopes...
2026-07-01 11:28:10.366 [info] Got 1 sessions for ...
2026-07-01 11:28:10.905 [info] Getting sessions for all scopes...
2026-07-01 11:28:10.905 [info] Got 1 sessions for ...
2026-07-01 11:28:10.906 [info] Getting sessions for all scopes...
2026-07-01 11:28:10.906 [info] Got 1 sessions for ...
2026-07-01 11:32:27.192 [info] Getting sessions for all scopes...
2026-07-01 11:32:27.192 [info] Got 1 sessions for ...
2026-07-01 11:32:27.192 [info] Getting sessions for all scopes...
2026-07-01 11:32:27.192 [info] Got 1 sessions for ...
2026-07-01 11:32:28.886 [info] Getting sessions for all scopes...
2026-07-01 11:32:28.886 [info] Got 1 sessions for ...
2026-07-01 11:32:28.887 [info] Getting sessions for all scopes...
2026-07-01 11:32:28.887 [info] Got 1 sessions for ...
2026-07-01 11:32:30.555 [info] Getting sessions for all scopes...
2026-07-01 11:32:30.555 [info] Got 1 sessions for ...
2026-07-01 11:32:30.556 [info] Getting sessions for all scopes...
2026-07-01 11:32:30.556 [info] Got 1 sessions for ...
2026-07-01 11:32:31.679 [info] Getting sessions for all scopes...
2026-07-01 11:32:31.679 [info] Got 1 sessions for ...
2026-07-01 11:32:31.679 [info] Getting sessions for all scopes...
2026-07-01 11:32:31.679 [info] Got 1 sessions for ...
2026-07-01 11:33:53.913 [info] Getting sessions for all scopes...
2026-07-01 11:33:53.913 [info] Got 1 sessions for ...
2026-07-01 11:33:53.914 [info] Getting sessions for all scopes...
2026-07-01 11:33:53.914 [info] Got 1 sessions for ...
2026-07-01 11:33:55.290 [info] Getting sessions for all scopes...
2026-07-01 11:33:55.290 [info] Got 1 sessions for ...
2026-07-01 11:33:55.292 [info] Getting sessions for all scopes...
2026-07-01 11:33:55.293 [info] Got 1 sessions for ...
2026-07-01 11:33:55.792 [info] Getting sessions for all scopes...
2026-07-01 11:33:55.792 [info] Got 1 sessions for ...
2026-07-01 11:33:55.838 [info] Getting sessions for all scopes...
2026-07-01 11:33:55.838 [info] Got 1 sessions for ...
2026-07-01 11:33:56.050 [info] Getting sessions for all scopes...
2026-07-01 11:33:56.051 [info] Got 1 sessions for ...
2026-07-01 11:33:56.051 [info] Getting sessions for all scopes...
2026-07-01 11:33:56.051 [info] Got 1 sessions for ...
2026-07-01 11:35:17.748 [info] Getting sessions for all scopes...
2026-07-01 11:35:17.748 [info] Got 1 sessions for ...
2026-07-01 11:35:17.755 [info] Getting sessions for all scopes...
2026-07-01 11:35:17.755 [info] Got 1 sessions for ...
2026-07-01 11:35:19.173 [info] Getting sessions for all scopes...
2026-07-01 11:35:19.173 [info] Got 1 sessions for ...
2026-07-01 11:35:19.174 [info] Getting sessions for all scopes...
2026-07-01 11:35:19.174 [info] Got 1 sessions for ...
2026-07-01 11:35:23.071 [info] Getting sessions for all scopes...
2026-07-01 11:35:23.071 [info] Got 1 sessions for ...
2026-07-01 11:35:23.073 [info] Getting sessions for all scopes...
2026-07-01 11:35:23.073 [info] Got 1 sessions for ...
2026-07-01 11:35:24.437 [info] Getting sessions for all scopes...
2026-07-01 11:35:24.437 [info] Got 1 sessions for ...
2026-07-01 11:35:24.438 [info] Getting sessions for all scopes...
2026-07-01 11:35:24.438 [info] Got 1 sessions for ...
2026-07-01 11:35:40.586 [info] Getting sessions for all scopes...
2026-07-01 11:35:40.587 [info] Got 1 sessions for ...
2026-07-01 11:35:40.588 [info] Getting sessions for all scopes...
2026-07-01 11:35:40.588 [info] Got 1 sessions for ...
2026-07-01 11:35:44.731 [info] Getting sessions for all scopes...
2026-07-01 11:35:44.731 [info] Got 1 sessions for ...
2026-07-01 11:35:44.745 [info] Getting sessions for all scopes...
2026-07-01 11:35:44.745 [info] Got 1 sessions for ...
2026-07-01 11:36:05.944 [info] Getting sessions for all scopes...
2026-07-01 11:36:05.944 [info] Got 1 sessions for ...
2026-07-01 11:36:05.947 [info] Getting sessions for all scopes...
2026-07-01 11:36:05.947 [info] Got 1 sessions for ...
2026-07-01 11:36:10.307 [info] Getting sessions for all scopes...
2026-07-01 11:36:10.307 [info] Got 1 sessions for ...
2026-07-01 11:36:10.311 [info] Getting sessions for all scopes...
2026-07-01 11:36:10.311 [info] Got 1 sessions for ...
2026-07-01 11:36:15.912 [info] Getting sessions for all scopes...
2026-07-01 11:36:15.912 [info] Got 1 sessions for ...
2026-07-01 11:36:15.914 [info] Getting sessions for all scopes...
2026-07-01 11:36:15.914 [info] Got 1 sessions for ...
2026-07-01 11:36:26.645 [info] Getting sessions for all scopes...
2026-07-01 11:36:26.645 [info] Got 1 sessions for ...
2026-07-01 11:36:26.645 [info] Getting sessions for all scopes...
2026-07-01 11:36:26.645 [info] Got 1 sessions for ...
2026-07-01 11:36:32.216 [info] Getting sessions for all scopes...
2026-07-01 11:36:32.216 [info] Got 1 sessions for ...
2026-07-01 11:36:32.216 [info] Getting sessions for all scopes...
2026-07-01 11:36:32.216 [info] Got 1 sessions for ...
2026-07-01 11:36:37.267 [info] Getting sessions for all scopes...
2026-07-01 11:36:37.267 [info] Got 1 sessions for ...
2026-07-01 11:36:37.292 [info] Getting sessions for all scopes...
2026-07-01 11:36:37.292 [info] Got 1 sessions for ...
2026-07-01 11:39:22.882 [info] Getting sessions for all scopes...
2026-07-01 11:39:22.882 [info] Got 1 sessions for ...
2026-07-01 11:39:22.882 [info] Getting sessions for all scopes...
2026-07-01 11:39:22.882 [info] Got 1 sessions for ...
2026-07-01 11:42:38.696 [info] Getting sessions for all scopes...
2026-07-01 11:42:38.696 [info] Got 1 sessions for ...
2026-07-01 11:42:38.697 [info] Getting sessions for all scopes...
2026-07-01 11:42:38.697 [info] Got 1 sessions for ...
2026-07-01 11:42:39.087 [info] Getting sessions for all scopes...
2026-07-01 11:42:39.088 [info] Got 1 sessions for ...
2026-07-01 11:42:39.089 [info] Getting sessions for all scopes...
2026-07-01 11:42:39.089 [info] Got 1 sessions for ...
2026-07-01 11:42:40.268 [info] Getting sessions for all scopes...
2026-07-01 11:42:40.269 [info] Got 1 sessions for ...
2026-07-01 11:42:40.274 [info] Getting sessions for all scopes...
2026-07-01 11:42:40.274 [info] Got 1 sessions for ...
2026-07-01 11:42:41.171 [info] Getting sessions for all scopes...
2026-07-01 11:42:41.171 [info] Got 1 sessions for ...
2026-07-01 11:42:41.176 [info] Getting sessions for all scopes...
2026-07-01 11:42:41.176 [info] Got 1 sessions for ...
2026-07-01 11:42:41.522 [info] Getting sessions for all scopes...
2026-07-01 11:42:41.522 [info] Got 1 sessions for ...
2026-07-01 11:42:41.532 [info] Getting sessions for all scopes...
2026-07-01 11:42:41.532 [info] Got 1 sessions for ...
2026-07-01 11:42:41.812 [info] Getting sessions for all scopes...
2026-07-01 11:42:41.812 [info] Got 1 sessions for ...
2026-07-01 11:42:41.841 [info] Getting sessions for all scopes...
2026-07-01 11:42:41.841 [info] Got 1 sessions for ...
2026-07-01 11:42:42.321 [info] Getting sessions for all scopes...
2026-07-01 11:42:42.321 [info] Got 1 sessions for ...
2026-07-01 11:42:42.324 [info] Getting sessions for all scopes...
2026-07-01 11:42:42.324 [info] Got 1 sessions for ...
2026-07-01 11:42:42.949 [info] Getting sessions for all scopes...
2026-07-01 11:42:42.949 [info] Got 1 sessions for ...
2026-07-01 11:42:42.950 [info] Getting sessions for all scopes...
2026-07-01 11:42:42.950 [info] Got 1 sessions for ...
2026-07-01 11:42:49.911 [info] Getting sessions for all scopes...
2026-07-01 11:42:49.911 [info] Got 1 sessions for ...
2026-07-01 11:42:49.923 [info] Getting sessions for all scopes...
2026-07-01 11:42:49.923 [info] Got 1 sessions for ...
2026-07-01 11:45:33.907 [info] Getting sessions for all scopes...
2026-07-01 11:45:33.908 [info] Got 1 sessions for ...
2026-07-01 11:45:33.908 [info] Getting sessions for all scopes...
2026-07-01 11:45:33.908 [info] Got 1 sessions for ...
2026-07-01 11:45:57.303 [info] Getting sessions for all scopes...
2026-07-01 11:45:57.303 [info] Got 1 sessions for ...
2026-07-01 11:45:57.304 [info] Getting sessions for all scopes...
2026-07-01 11:45:57.304 [info] Got 1 sessions for ...
2026-07-01 11:46:48.954 [info] Getting sessions for all scopes...
2026-07-01 11:46:48.955 [info] Got 1 sessions for ...
2026-07-01 11:46:48.955 [info] Getting sessions for all scopes...
2026-07-01 11:46:48.955 [info] Got 1 sessions for ...
2026-07-01 11:47:06.557 [info] Getting sessions for all scopes...
2026-07-01 11:47:06.558 [info] Got 1 sessions for ...
2026-07-01 11:47:06.561 [info] Getting sessions for all scopes...
2026-07-01 11:47:06.561 [info] Got 1 sessions for ...
2026-07-01 11:47:11.724 [info] Getting sessions for all scopes...
2026-07-01 11:47:11.724 [info] Got 1 sessions for ...
2026-07-01 11:47:11.764 [info] Getting sessions for all scopes...
2026-07-01 11:47:11.765 [info] Got 1 sessions for ...
2026-07-01 11:47:42.350 [info] Getting sessions for all scopes...
2026-07-01 11:47:42.350 [info] Got 1 sessions for ...
2026-07-01 11:47:42.351 [info] Getting sessions for all scopes...
2026-07-01 11:47:42.351 [info] Got 1 sessions for ...
2026-07-01 11:48:07.878 [info] Getting sessions for all scopes...
2026-07-01 11:48:07.878 [info] Got 1 sessions for ...
2026-07-01 11:48:07.878 [info] Getting sessions for all scopes...
2026-07-01 11:48:07.878 [info] Got 1 sessions for ...
2026-07-01 11:48:08.443 [info] Getting sessions for all scopes...
2026-07-01 11:48:08.443 [info] Got 1 sessions for ...
2026-07-01 11:48:08.444 [info] Getting sessions for all scopes...
2026-07-01 11:48:08.444 [info] Got 1 sessions for ...
2026-07-01 11:48:09.496 [info] Getting sessions for all scopes...
2026-07-01 11:48:09.496 [info] Got 1 sessions for ...
2026-07-01 11:48:09.512 [info] Getting sessions for all scopes...
2026-07-01 11:48:09.512 [info] Got 1 sessions for ...
2026-07-01 11:48:10.362 [info] Getting sessions for all scopes...
2026-07-01 11:48:10.362 [info] Got 1 sessions for ...
2026-07-01 11:48:10.369 [info] Getting sessions for all scopes...
2026-07-01 11:48:10.369 [info] Got 1 sessions for ...
2026-07-01 11:48:46.595 [info] Getting sessions for all scopes...
2026-07-01 11:48:46.595 [info] Got 1 sessions for ...
2026-07-01 11:48:46.596 [info] Getting sessions for all scopes...
2026-07-01 11:48:46.596 [info] Got 1 sessions for ...
2026-07-01 11:48:47.758 [info] Getting sessions for all scopes...
2026-07-01 11:48:47.759 [info] Got 1 sessions for ...
2026-07-01 11:48:47.759 [info] Getting sessions for all scopes...
2026-07-01 11:48:47.759 [info] Got 1 sessions for ...
2026-07-01 11:50:48.630 [info] Getting sessions for all scopes...
2026-07-01 11:50:48.630 [info] Got 1 sessions for ...
2026-07-01 11:50:48.633 [info] Getting sessions for all scopes...
2026-07-01 11:50:48.633 [info] Got 1 sessions for ...
2026-07-01 11:51:06.905 [info] Getting sessions for all scopes...
2026-07-01 11:51:06.905 [info] Got 1 sessions for ...
2026-07-01 11:51:06.906 [info] Getting sessions for read:user,repo,user:email,workflow...
2026-07-01 11:51:06.906 [info] Got 1 sessions for read:user,repo,user:email,workflow...
2026-07-01 11:51:07.584 [info] Getting sessions for all scopes...
2026-07-01 11:51:07.584 [info] Got 1 sessions for ...
2026-07-01 11:51:07.584 [info] Getting sessions for all scopes...
2026-07-01 11:51:07.584 [info] Got 1 sessions for ...
2026-07-01 11:51:07.585 [info] Getting sessions for read:user,repo,user:email,workflow...
2026-07-01 11:51:07.585 [info] Got 1 sessions for read:user,repo,user:email,workflow...
2026-07-01 11:51:34.048 [info] Getting sessions for all scopes...
2026-07-01 11:51:34.048 [info] Got 1 sessions for ...
2026-07-01 11:51:34.049 [info] Getting sessions for all scopes...
2026-07-01 11:51:34.049 [info] Got 1 sessions for ...
2026-07-01 11:51:36.016 [info] Getting sessions for all scopes...
2026-07-01 11:51:36.016 [info] Got 1 sessions for ...
2026-07-01 11:51:36.019 [info] Getting sessions for all scopes...
2026-07-01 11:51:36.019 [info] Got 1 sessions for ...
2026-07-01 11:51:51.114 [info] Getting sessions for all scopes...
2026-07-01 11:51:51.114 [info] Got 1 sessions for ...
2026-07-01 11:51:51.119 [info] Getting sessions for all scopes...
2026-07-01 11:51:51.119 [info] Got 1 sessions for ...
2026-07-01 11:51:55.543 [info] Getting sessions for all scopes...
2026-07-01 11:51:55.543 [info] Got 1 sessions for ...
2026-07-01 11:51:55.544 [info] Getting sessions for all scopes...
2026-07-01 11:51:55.544 [info] Got 1 sessions for ...
2026-07-01 11:52:43.592 [info] Getting sessions for all scopes...
2026-07-01 11:52:43.593 [info] Got 1 sessions for ...
2026-07-01 11:52:43.594 [info] Getting sessions for all scopes...
2026-07-01 11:52:43.594 [info] Got 1 sessions for ...
2026-07-01 11:59:32.294 [info] Getting sessions for all scopes...
2026-07-01 11:59:32.294 [info] Got 1 sessions for ...
2026-07-01 11:59:32.307 [info] Getting sessions for all scopes...
2026-07-01 11:59:32.307 [info] Got 1 sessions for ...
2026-07-01 11:59:45.891 [info] Getting sessions for all scopes...
2026-07-01 11:59:45.891 [info] Got 1 sessions for ...
2026-07-01 11:59:45.919 [info] Getting sessions for all scopes...
2026-07-01 11:59:45.919 [info] Got 1 sessions for ...
2026-07-01 11:59:50.678 [info] Getting sessions for all scopes...
2026-07-01 11:59:50.678 [info] Got 1 sessions for ...
2026-07-01 11:59:50.679 [info] Getting sessions for all scopes...
2026-07-01 11:59:50.679 [info] Got 1 sessions for ...
2026-07-01 11:59:55.872 [info] Getting sessions for all scopes...
2026-07-01 11:59:55.872 [info] Got 1 sessions for ...
2026-07-01 11:59:55.873 [info] Getting sessions for all scopes...
2026-07-01 11:59:55.873 [info] Got 1 sessions for ...
2026-07-01 12:00:29.090 [info] Getting sessions for all scopes...
2026-07-01 12:00:29.090 [info] Got 1 sessions for ...
2026-07-01 12:00:29.090 [info] Getting sessions for all scopes...
2026-07-01 12:00:29.090 [info] Got 1 sessions for ...
2026-07-01 12:00:39.926 [info] Getting sessions for all scopes...
2026-07-01 12:00:39.926 [info] Got 1 sessions for ...
2026-07-01 12:00:39.927 [info] Getting sessions for all scopes...
2026-07-01 12:00:39.927 [info] Got 1 sessions for ...
2026-07-01 12:00:49.563 [info] Getting sessions for all scopes...
2026-07-01 12:00:49.563 [info] Got 1 sessions for ...
2026-07-01 12:00:49.563 [info] Getting sessions for all scopes...
2026-07-01 12:00:49.563 [info] Got 1 sessions for ...
2026-07-01 12:00:55.480 [info] Getting sessions for all scopes...
2026-07-01 12:00:55.480 [info] Got 1 sessions for ...
2026-07-01 12:00:55.480 [info] Getting sessions for all scopes...
2026-07-01 12:00:55.480 [info] Got 1 sessions for ...
2026-07-01 12:01:06.810 [info] Getting sessions for all scopes...
2026-07-01 12:01:06.810 [info] Got 1 sessions for ...
2026-07-01 12:01:06.812 [info] Getting sessions for all scopes...
2026-07-01 12:01:06.812 [info] Got 1 sessions for ...
2026-07-01 12:01:20.606 [info] Getting sessions for all scopes...
2026-07-01 12:01:20.606 [info] Got 1 sessions for ...
2026-07-01 12:01:20.607 [info] Getting sessions for all scopes...
2026-07-01 12:01:20.607 [info] Got 1 sessions for ...
2026-07-01 12:01:36.194 [info] Getting sessions for all scopes...
2026-07-01 12:01:36.195 [info] Got 1 sessions for ...
2026-07-01 12:01:36.206 [info] Getting sessions for all scopes...
2026-07-01 12:01:36.206 [info] Got 1 sessions for ...
2026-07-01 12:01:57.883 [info] Getting sessions for all scopes...
2026-07-01 12:01:57.883 [info] Got 1 sessions for ...
2026-07-01 12:01:57.884 [info] Getting sessions for all scopes...
2026-07-01 12:01:57.884 [info] Got 1 sessions for ...
2026-07-01 12:02:47.868 [info] Getting sessions for all scopes...
2026-07-01 12:02:47.868 [info] Got 1 sessions for ...
2026-07-01 12:02:47.868 [info] Getting sessions for all scopes...
2026-07-01 12:02:47.868 [info] Got 1 sessions for ...
2026-07-01 12:03:03.908 [info] Getting sessions for all scopes...
2026-07-01 12:03:03.908 [info] Got 1 sessions for ...
2026-07-01 12:03:03.909 [info] Getting sessions for all scopes...
2026-07-01 12:03:03.909 [info] Got 1 sessions for ...
2026-07-01 12:03:26.116 [info] Getting sessions for all scopes...
2026-07-01 12:03:26.116 [info] Got 1 sessions for ...
2026-07-01 12:03:26.180 [info] Getting sessions for all scopes...
2026-07-01 12:03:26.180 [info] Got 1 sessions for ...
2026-07-01 12:03:28.799 [info] Getting sessions for all scopes...
2026-07-01 12:03:28.799 [info] Got 1 sessions for ...
2026-07-01 12:03:28.799 [info] Getting sessions for all scopes...
2026-07-01 12:03:28.799 [info] Got 1 sessions for ...
2026-07-01 12:03:29.289 [info] Getting sessions for all scopes...
2026-07-01 12:03:29.289 [info] Got 1 sessions for ...
2026-07-01 12:03:29.291 [info] Getting sessions for all scopes...
2026-07-01 12:03:29.291 [info] Got 1 sessions for ...
2026-07-01 12:03:29.862 [info] Getting sessions for all scopes...
2026-07-01 12:03:29.862 [info] Got 1 sessions for ...
2026-07-01 12:03:29.862 [info] Getting sessions for all scopes...
2026-07-01 12:03:29.862 [info] Got 1 sessions for ...
2026-07-01 12:03:30.345 [info] Getting sessions for all scopes...
2026-07-01 12:03:30.345 [info] Got 1 sessions for ...
2026-07-01 12:03:30.346 [info] Getting sessions for all scopes...
2026-07-01 12:03:30.346 [info] Got 1 sessions for ...
2026-07-01 12:03:30.961 [info] Getting sessions for all scopes...
2026-07-01 12:03:30.961 [info] Got 1 sessions for ...
2026-07-01 12:03:30.962 [info] Getting sessions for all scopes...
2026-07-01 12:03:30.962 [info] Got 1 sessions for ...
2026-07-01 12:04:42.589 [info] Getting sessions for all scopes...
2026-07-01 12:04:42.589 [info] Got 1 sessions for ...
2026-07-01 12:04:42.590 [info] Getting sessions for all scopes...
2026-07-01 12:04:42.590 [info] Got 1 sessions for ...
2026-07-01 12:05:21.813 [info] Getting sessions for all scopes...
2026-07-01 12:05:21.813 [info] Got 1 sessions for ...
2026-07-01 12:05:21.818 [info] Getting sessions for all scopes...
2026-07-01 12:05:21.818 [info] Got 1 sessions for ...
2026-07-01 12:05:32.916 [info] Getting sessions for all scopes...
2026-07-01 12:05:32.916 [info] Got 1 sessions for ...
2026-07-01 12:05:32.916 [info] Getting sessions for all scopes...
2026-07-01 12:05:32.916 [info] Got 1 sessions for ...
2026-07-01 12:06:31.199 [info] Getting sessions for all scopes...
2026-07-01 12:06:31.199 [info] Got 1 sessions for ...
2026-07-01 12:06:31.199 [info] Getting sessions for all scopes...
2026-07-01 12:06:31.199 [info] Got 1 sessions for ...
2026-07-01 12:06:52.997 [info] Getting sessions for all scopes...
2026-07-01 12:06:52.997 [info] Got 1 sessions for ...
2026-07-01 12:06:52.997 [info] Getting sessions for all scopes...
2026-07-01 12:06:52.997 [info] Got 1 sessions for ...
2026-07-01 12:07:06.192 [info] Getting sessions for all scopes...
2026-07-01 12:07:06.192 [info] Got 1 sessions for ...
2026-07-01 12:07:06.192 [info] Getting sessions for all scopes...
2026-07-01 12:07:06.192 [info] Got 1 sessions for ...
2026-07-01 12:08:35.313 [info] Getting sessions for all scopes...
2026-07-01 12:08:35.313 [info] Got 1 sessions for ...
2026-07-01 12:08:35.314 [info] Getting sessions for all scopes...
2026-07-01 12:08:35.314 [info] Got 1 sessions for ...
2026-07-01 12:08:37.672 [info] Getting sessions for all scopes...
2026-07-01 12:08:37.672 [info] Got 1 sessions for ...
2026-07-01 12:08:37.673 [info] Getting sessions for all scopes...
2026-07-01 12:08:37.673 [info] Got 1 sessions for ...
2026-07-01 12:08:57.947 [info] Getting sessions for all scopes...
2026-07-01 12:08:57.947 [info] Got 1 sessions for ...
2026-07-01 12:08:57.953 [info] Getting sessions for all scopes...
2026-07-01 12:08:57.953 [info] Got 1 sessions for ...
2026-07-01 12:09:04.934 [info] Getting sessions for all scopes...
2026-07-01 12:09:04.934 [info] Got 1 sessions for ...
2026-07-01 12:09:04.936 [info] Getting sessions for all scopes...
2026-07-01 12:09:04.936 [info] Got 1 sessions for ...
2026-07-01 12:09:17.824 [info] Getting sessions for all scopes...
2026-07-01 12:09:17.824 [info] Got 1 sessions for ...
2026-07-01 12:09:17.826 [info] Getting sessions for all scopes...
2026-07-01 12:09:17.826 [info] Got 1 sessions for ...
2026-07-01 12:09:22.529 [info] Getting sessions for all scopes...
2026-07-01 12:09:22.529 [info] Got 1 sessions for ...
2026-07-01 12:09:22.530 [info] Getting sessions for all scopes...
2026-07-01 12:09:22.530 [info] Got 1 sessions for ...
2026-07-01 12:09:26.664 [info] Getting sessions for all scopes...
2026-07-01 12:09:26.664 [info] Got 1 sessions for ...
2026-07-01 12:09:26.664 [info] Getting sessions for all scopes...
2026-07-01 12:09:26.664 [info] Got 1 sessions for ...
2026-07-01 12:09:35.255 [info] Getting sessions for all scopes...
2026-07-01 12:09:35.255 [info] Got 1 sessions for ...
2026-07-01 12:09:35.255 [info] Getting sessions for all scopes...
2026-07-01 12:09:35.255 [info] Got 1 sessions for ...
2026-07-01 12:10:02.785 [info] Getting sessions for all scopes...
2026-07-01 12:10:02.785 [info] Got 1 sessions for ...
2026-07-01 12:10:02.787 [info] Getting sessions for all scopes...
2026-07-01 12:10:02.787 [info] Got 1 sessions for ...
2026-07-01 12:10:16.709 [info] Getting sessions for all scopes...
2026-07-01 12:10:16.709 [info] Got 1 sessions for ...
2026-07-01 12:10:16.711 [info] Getting sessions for all scopes...
2026-07-01 12:10:16.711 [info] Got 1 sessions for ...
2026-07-01 12:10:31.452 [info] Getting sessions for all scopes...
2026-07-01 12:10:31.452 [info] Got 1 sessions for ...
2026-07-01 12:10:31.454 [info] Getting sessions for all scopes...
2026-07-01 12:10:31.454 [info] Got 1 sessions for ...
2026-07-01 12:10:35.375 [info] Getting sessions for all scopes...
2026-07-01 12:10:35.375 [info] Got 1 sessions for ...
2026-07-01 12:10:35.376 [info] Getting sessions for all scopes...
2026-07-01 12:10:35.376 [info] Got 1 sessions for ...
2026-07-01 12:10:42.147 [info] Getting sessions for all scopes...
2026-07-01 12:10:42.147 [info] Got 1 sessions for ...
2026-07-01 12:10:42.150 [info] Getting sessions for all scopes...
2026-07-01 12:10:42.150 [info] Got 1 sessions for ...
2026-07-01 12:11:12.169 [info] Getting sessions for all scopes...
2026-07-01 12:11:12.169 [info] Got 1 sessions for ...
2026-07-01 12:11:12.171 [info] Getting sessions for all scopes...
2026-07-01 12:11:12.171 [info] Got 1 sessions for ...
2026-07-01 12:11:27.756 [info] Getting sessions for all scopes...
2026-07-01 12:11:27.756 [info] Got 1 sessions for ...
2026-07-01 12:11:27.756 [info] Getting sessions for all scopes...
2026-07-01 12:11:27.756 [info] Got 1 sessions for ...
2026-07-01 12:12:24.219 [info] Getting sessions for all scopes...
2026-07-01 12:12:24.219 [info] Got 1 sessions for ...
2026-07-01 12:12:24.219 [info] Getting sessions for all scopes...
2026-07-01 12:12:24.219 [info] Got 1 sessions for ...
2026-07-01 12:12:31.699 [info] Getting sessions for all scopes...
2026-07-01 12:12:31.699 [info] Got 1 sessions for ...
2026-07-01 12:12:31.707 [info] Getting sessions for all scopes...
2026-07-01 12:12:31.707 [info] Got 1 sessions for ...
2026-07-01 12:12:32.698 [info] Getting sessions for all scopes...
2026-07-01 12:12:32.698 [info] Got 1 sessions for ...
2026-07-01 12:12:32.699 [info] Getting sessions for all scopes...
2026-07-01 12:12:32.699 [info] Got 1 sessions for ...
2026-07-01 12:12:33.917 [info] Getting sessions for all scopes...
2026-07-01 12:12:33.917 [info] Got 1 sessions for ...
2026-07-01 12:12:33.917 [info] Getting sessions for all scopes...
2026-07-01 12:12:33.917 [info] Got 1 sessions for ...
2026-07-01 12:13:03.922 [info] Getting sessions for all scopes...
2026-07-01 12:13:03.922 [info] Got 1 sessions for ...
2026-07-01 12:13:03.923 [info] Getting sessions for all scopes...
2026-07-01 12:13:03.923 [info] Got 1 sessions for ...
2026-07-01 12:13:04.416 [info] Getting sessions for all scopes...
2026-07-01 12:13:04.416 [info] Got 1 sessions for ...
2026-07-01 12:13:04.416 [info] Getting sessions for all scopes...
2026-07-01 12:13:04.416 [info] Got 1 sessions for ...
2026-07-01 12:14:01.915 [info] Getting sessions for all scopes...
2026-07-01 12:14:01.915 [info] Got 1 sessions for ...
2026-07-01 12:14:01.916 [info] Getting sessions for all scopes...
2026-07-01 12:14:01.916 [info] Got 1 sessions for ...
2026-07-01 12:15:05.166 [info] Getting sessions for all scopes...
2026-07-01 12:15:05.166 [info] Got 1 sessions for ...
2026-07-01 12:15:05.167 [info] Getting sessions for all scopes...
2026-07-01 12:15:05.167 [info] Got 1 sessions for ...
2026-07-01 12:15:05.668 [info] Getting sessions for all scopes...
2026-07-01 12:15:05.668 [info] Got 1 sessions for ...
2026-07-01 12:15:05.669 [info] Getting sessions for all scopes...
2026-07-01 12:15:05.669 [info] Got 1 sessions for ...
2026-07-01 12:15:06.134 [info] Getting sessions for all scopes...
2026-07-01 12:15:06.134 [info] Got 1 sessions for ...
2026-07-01 12:15:06.135 [info] Getting sessions for all scopes...
2026-07-01 12:15:06.135 [info] Got 1 sessions for ...
2026-07-01 12:15:06.611 [info] Getting sessions for all scopes...
2026-07-01 12:15:06.611 [info] Got 1 sessions for ...
2026-07-01 12:15:06.612 [info] Getting sessions for all scopes...
2026-07-01 12:15:06.612 [info] Got 1 sessions for ...
2026-07-01 12:16:32.131 [info] Getting sessions for all scopes...
2026-07-01 12:16:32.131 [info] Got 1 sessions for ...
2026-07-01 12:16:32.133 [info] Getting sessions for all scopes...
2026-07-01 12:16:32.133 [info] Got 1 sessions for ...
2026-07-01 12:16:39.039 [info] Getting sessions for all scopes...
2026-07-01 12:16:39.039 [info] Got 1 sessions for ...
2026-07-01 12:16:39.040 [info] Getting sessions for all scopes...
2026-07-01 12:16:39.040 [info] Got 1 sessions for ...
2026-07-01 12:16:45.047 [info] Getting sessions for all scopes...
2026-07-01 12:16:45.047 [info] Got 1 sessions for ...
2026-07-01 12:16:45.048 [info] Getting sessions for read:user,repo,user:email,workflow...
2026-07-01 12:16:45.048 [info] Got 1 sessions for read:user,repo,user:email,workflow...
2026-07-01 12:16:45.644 [info] Getting sessions for all scopes...
2026-07-01 12:16:45.644 [info] Got 1 sessions for ...
2026-07-01 12:16:45.644 [info] Getting sessions for all scopes...
2026-07-01 12:16:45.644 [info] Got 1 sessions for ...
2026-07-01 12:16:45.645 [info] Getting sessions for read:user,repo,user:email,workflow...
2026-07-01 12:16:45.645 [info] Got 1 sessions for read:user,repo,user:email,workflow...
2026-07-01 12:16:59.385 [info] Getting sessions for all scopes...
2026-07-01 12:16:59.385 [info] Got 1 sessions for ...
2026-07-01 12:16:59.385 [info] Getting sessions for all scopes...
2026-07-01 12:16:59.385 [info] Got 1 sessions for ...
2026-07-01 12:26:05.418 [info] Getting sessions for all scopes...
2026-07-01 12:26:05.418 [info] Got 1 sessions for ...
2026-07-01 12:26:05.435 [info] Getting sessions for all scopes...
2026-07-01 12:26:05.435 [info] Got 1 sessions for ...
2026-07-01 12:26:08.853 [info] Getting sessions for all scopes...
2026-07-01 12:26:08.853 [info] Got 1 sessions for ...
2026-07-01 12:26:08.859 [info] Getting sessions for all scopes...
2026-07-01 12:26:08.859 [info] Got 1 sessions for ...
2026-07-01 12:26:22.811 [info] Getting sessions for all scopes...
2026-07-01 12:26:22.811 [info] Got 1 sessions for ...
2026-07-01 12:26:22.813 [info] Getting sessions for all scopes...
2026-07-01 12:26:22.813 [info] Got 1 sessions for ...
2026-07-01 12:27:38.984 [info] Getting sessions for all scopes...
2026-07-01 12:27:38.985 [info] Got 1 sessions for ...
2026-07-01 12:27:39.010 [info] Getting sessions for all scopes...
2026-07-01 12:27:39.011 [info] Got 1 sessions for ...
2026-07-01 12:28:37.977 [info] Getting sessions for all scopes...
2026-07-01 12:28:37.978 [info] Got 1 sessions for ...
2026-07-01 12:28:37.978 [info] Getting sessions for all scopes...
2026-07-01 12:28:37.978 [info] Got 1 sessions for ...
2026-07-01 12:28:40.556 [info] Getting sessions for all scopes...
2026-07-01 12:28:40.556 [info] Got 1 sessions for ...
2026-07-01 12:28:40.561 [info] Getting sessions for all scopes...
2026-07-01 12:28:40.561 [info] Got 1 sessions for ...
2026-07-01 12:30:07.816 [info] Getting sessions for all scopes...
2026-07-01 12:30:07.816 [info] Got 1 sessions for ...
2026-07-01 12:30:07.817 [info] Getting sessions for all scopes...
2026-07-01 12:30:07.817 [info] Got 1 sessions for ...
2026-07-01 12:30:32.712 [info] Getting sessions for all scopes...
2026-07-01 12:30:32.712 [info] Got 1 sessions for ...
2026-07-01 12:30:32.712 [info] Getting sessions for all scopes...
2026-07-01 12:30:32.712 [info] Got 1 sessions for ...
2026-07-01 12:30:34.513 [info] Getting sessions for all scopes...
2026-07-01 12:30:34.513 [info] Got 1 sessions for ...
2026-07-01 12:30:34.513 [info] Getting sessions for all scopes...
2026-07-01 12:30:34.513 [info] Got 1 sessions for ...
2026-07-01 12:30:35.963 [info] Getting sessions for all scopes...
2026-07-01 12:30:35.963 [info] Got 1 sessions for ...
2026-07-01 12:30:35.963 [info] Getting sessions for all scopes...
2026-07-01 12:30:35.963 [info] Got 1 sessions for ...
2026-07-01 12:30:36.815 [info] Getting sessions for all scopes...
2026-07-01 12:30:36.815 [info] Got 1 sessions for ...
2026-07-01 12:30:36.815 [info] Getting sessions for all scopes...
2026-07-01 12:30:36.815 [info] Got 1 sessions for ...
2026-07-01 12:30:37.800 [info] Getting sessions for all scopes...
2026-07-01 12:30:37.800 [info] Got 1 sessions for ...
2026-07-01 12:30:37.800 [info] Getting sessions for all scopes...
2026-07-01 12:30:37.800 [info] Got 1 sessions for ...
2026-07-01 12:30:38.452 [info] Getting sessions for all scopes...
2026-07-01 12:30:38.452 [info] Got 1 sessions for ...
2026-07-01 12:30:38.453 [info] Getting sessions for all scopes...
2026-07-01 12:30:38.453 [info] Got 1 sessions for ...
2026-07-01 12:30:39.080 [info] Getting sessions for all scopes...
2026-07-01 12:30:39.081 [info] Got 1 sessions for ...
2026-07-01 12:30:39.082 [info] Getting sessions for all scopes...
2026-07-01 12:30:39.082 [info] Got 1 sessions for ...
2026-07-01 12:31:03.944 [info] Getting sessions for all scopes...
2026-07-01 12:31:03.944 [info] Got 1 sessions for ...
2026-07-01 12:31:03.959 [info] Getting sessions for all scopes...
2026-07-01 12:31:03.959 [info] Got 1 sessions for ...
2026-07-01 12:37:18.664 [info] Getting sessions for all scopes...
2026-07-01 12:37:18.664 [info] Got 1 sessions for ...
2026-07-01 12:37:18.665 [info] Getting sessions for all scopes...
2026-07-01 12:37:18.665 [info] Got 1 sessions for ...
2026-07-01 12:37:33.144 [info] Getting sessions for all scopes...
2026-07-01 12:37:33.145 [info] Got 1 sessions for ...
2026-07-01 12:37:33.200 [info] Getting sessions for all scopes...
2026-07-01 12:37:33.200 [info] Got 1 sessions for ...
2026-07-01 12:37:37.821 [info] Getting sessions for all scopes...
2026-07-01 12:37:37.822 [info] Got 1 sessions for ...
2026-07-01 12:37:37.822 [info] Getting sessions for all scopes...
2026-07-01 12:37:37.822 [info] Got 1 sessions for ...
2026-07-01 12:37:44.941 [info] Getting sessions for all scopes...
2026-07-01 12:37:44.941 [info] Got 1 sessions for ...
2026-07-01 12:37:44.942 [info] Getting sessions for all scopes...
2026-07-01 12:37:44.942 [info] Got 1 sessions for ...
2026-07-01 12:37:47.628 [info] Getting sessions for all scopes...
2026-07-01 12:37:47.628 [info] Got 1 sessions for ...
2026-07-01 12:37:47.629 [info] Getting sessions for all scopes...
2026-07-01 12:37:47.629 [info] Got 1 sessions for ...
2026-07-01 12:37:51.630 [info] Getting sessions for all scopes...
2026-07-01 12:37:51.630 [info] Got 1 sessions for ...
2026-07-01 12:37:51.631 [info] Getting sessions for read:user,repo,user:email,workflow...
2026-07-01 12:37:51.631 [info] Got 1 sessions for read:user,repo,user:email,workflow...
2026-07-01 12:37:52.334 [info] Getting sessions for all scopes...
2026-07-01 12:37:52.334 [info] Got 1 sessions for ...
2026-07-01 12:37:52.334 [info] Getting sessions for all scopes...
2026-07-01 12:37:52.334 [info] Got 1 sessions for ...
2026-07-01 12:37:52.335 [info] Getting sessions for read:user,repo,user:email,workflow...
2026-07-01 12:37:52.335 [info] Got 1 sessions for read:user,repo,user:email,workflow...
2026-07-01 12:40:40.713 [info] Getting sessions for all scopes...
2026-07-01 12:40:40.713 [info] Got 1 sessions for ...
2026-07-01 12:40:40.713 [info] Getting sessions for all scopes...
2026-07-01 12:40:40.713 [info] Got 1 sessions for ...
2026-07-01 12:41:01.603 [info] Getting sessions for all scopes...
2026-07-01 12:41:01.604 [info] Got 1 sessions for ...
2026-07-01 12:41:01.604 [info] Getting sessions for all scopes...
2026-07-01 12:41:01.604 [info] Got 1 sessions for ...
2026-07-01 12:41:10.354 [info] Getting sessions for all scopes...
2026-07-01 12:41:10.354 [info] Got 1 sessions for ...
2026-07-01 12:41:10.355 [info] Getting sessions for all scopes...
2026-07-01 12:41:10.355 [info] Got 1 sessions for ...
2026-07-01 12:41:26.928 [info] Getting sessions for all scopes...
2026-07-01 12:41:26.928 [info] Got 1 sessions for ...
2026-07-01 12:41:26.929 [info] Getting sessions for all scopes...
2026-07-01 12:41:26.929 [info] Got 1 sessions for ...
2026-07-01 12:41:28.504 [info] Getting sessions for all scopes...
2026-07-01 12:41:28.504 [info] Got 1 sessions for ...
2026-07-01 12:41:28.505 [info] Getting sessions for all scopes...
2026-07-01 12:41:28.505 [info] Got 1 sessions for ...
2026-07-01 12:42:48.216 [info] Getting sessions for all scopes...
2026-07-01 12:42:48.217 [info] Got 1 sessions for ...
2026-07-01 12:42:48.217 [info] Getting sessions for all scopes...
2026-07-01 12:42:48.217 [info] Got 1 sessions for ...
2026-07-01 12:53:34.641 [info] Getting sessions for all scopes...
2026-07-01 12:53:34.641 [info] Got 1 sessions for ...
2026-07-01 12:53:34.644 [info] Getting sessions for all scopes...
2026-07-01 12:53:34.644 [info] Got 1 sessions for ...
2026-07-01 12:53:36.560 [info] Getting sessions for all scopes...
2026-07-01 12:53:36.560 [info] Got 1 sessions for ...
2026-07-01 12:53:36.560 [info] Getting sessions for all scopes...
2026-07-01 12:53:36.561 [info] Got 1 sessions for ...
2026-07-01 12:53:38.190 [info] Getting sessions for all scopes...
2026-07-01 12:53:38.190 [info] Got 1 sessions for ...
2026-07-01 12:53:38.197 [info] Getting sessions for all scopes...
2026-07-01 12:53:38.197 [info] Got 1 sessions for ...
2026-07-01 12:53:38.624 [info] Getting sessions for all scopes...
2026-07-01 12:53:38.624 [info] Got 1 sessions for ...
2026-07-01 12:53:38.628 [info] Getting sessions for all scopes...
2026-07-01 12:53:38.628 [info] Got 1 sessions for ...
2026-07-01 12:53:39.377 [info] Getting sessions for all scopes...
2026-07-01 12:53:39.377 [info] Got 1 sessions for ...
2026-07-01 12:53:39.379 [info] Getting sessions for all scopes...
2026-07-01 12:53:39.379 [info] Got 1 sessions for ...
2026-07-01 12:54:05.967 [info] Getting sessions for all scopes...
2026-07-01 12:54:05.967 [info] Got 1 sessions for ...
2026-07-01 12:54:05.967 [info] Getting sessions for all scopes...
2026-07-01 12:54:05.967 [info] Got 1 sessions for ...
2026-07-01 12:54:13.913 [info] Getting sessions for all scopes...
2026-07-01 12:54:13.913 [info] Got 1 sessions for ...
2026-07-01 12:54:13.914 [info] Getting sessions for all scopes...
2026-07-01 12:54:13.914 [info] Got 1 sessions for ...
2026-07-01 12:55:46.926 [info] Getting sessions for all scopes...
2026-07-01 12:55:46.926 [info] Got 1 sessions for ...
2026-07-01 12:55:46.937 [info] Getting sessions for all scopes...
2026-07-01 12:55:46.937 [info] Got 1 sessions for ...
2026-07-01 12:58:10.092 [info] Getting sessions for all scopes...
2026-07-01 12:58:10.092 [info] Got 1 sessions for ...
2026-07-01 12:58:10.094 [info] Getting sessions for all scopes...
2026-07-01 12:58:10.095 [info] Got 1 sessions for ...
2026-07-01 12:59:17.666 [info] Getting sessions for all scopes...
2026-07-01 12:59:17.666 [info] Got 1 sessions for ...
2026-07-01 12:59:17.667 [info] Getting sessions for all scopes...
2026-07-01 12:59:17.668 [info] Got 1 sessions for ...
2026-07-01 13:00:15.407 [info] Getting sessions for all scopes...
2026-07-01 13:00:15.407 [info] Got 1 sessions for ...
2026-07-01 13:00:15.408 [info] Getting sessions for all scopes...
2026-07-01 13:00:15.408 [info] Got 1 sessions for ...
2026-07-01 13:01:20.090 [info] Getting sessions for all scopes...
2026-07-01 13:01:20.090 [info] Got 1 sessions for ...
2026-07-01 13:01:20.093 [info] Getting sessions for all scopes...
2026-07-01 13:01:20.093 [info] Got 1 sessions for ...
2026-07-01 13:01:27.092 [info] Getting sessions for all scopes...
2026-07-01 13:01:27.093 [info] Got 1 sessions for ...
2026-07-01 13:01:27.094 [info] Getting sessions for read:user,repo,user:email,workflow...
2026-07-01 13:01:27.094 [info] Got 1 sessions for read:user,repo,user:email,workflow...
2026-07-01 13:01:27.680 [info] Getting sessions for all scopes...
2026-07-01 13:01:27.680 [info] Got 1 sessions for ...
2026-07-01 13:01:27.681 [info] Getting sessions for all scopes...
2026-07-01 13:01:27.681 [info] Got 1 sessions for ...
2026-07-01 13:01:27.820 [info] Getting sessions for all scopes...
2026-07-01 13:01:27.820 [info] Got 1 sessions for ...
2026-07-01 13:01:27.820 [info] Getting sessions for all scopes...
2026-07-01 13:01:27.820 [info] Got 1 sessions for ...
2026-07-01 13:01:27.821 [info] Getting sessions for read:user,repo,user:email,workflow...
2026-07-01 13:01:27.821 [info] Got 1 sessions for read:user,repo,user:email,workflow...
2026-07-01 13:01:56.292 [info] Getting sessions for all scopes...
2026-07-01 13:01:56.292 [info] Got 1 sessions for ...
2026-07-01 13:01:56.292 [info] Getting sessions for all scopes...
2026-07-01 13:01:56.292 [info] Got 1 sessions for ...
2026-07-01 13:01:57.729 [info] Getting sessions for all scopes...
2026-07-01 13:01:57.729 [info] Got 1 sessions for ...
2026-07-01 13:01:57.731 [info] Getting sessions for all scopes...
2026-07-01 13:01:57.731 [info] Got 1 sessions for ...
2026-07-01 13:02:03.733 [info] Getting sessions for all scopes...
2026-07-01 13:02:03.733 [info] Got 1 sessions for ...
2026-07-01 13:02:03.733 [info] Getting sessions for all scopes...
2026-07-01 13:02:03.733 [info] Got 1 sessions for ...
2026-07-01 13:02:38.647 [info] Getting sessions for all scopes...
2026-07-01 13:02:38.647 [info] Got 1 sessions for ...
2026-07-01 13:02:38.648 [info] Getting sessions for all scopes...
2026-07-01 13:02:38.648 [info] Got 1 sessions for ...
2026-07-01 13:02:50.656 [info] Getting sessions for all scopes...
2026-07-01 13:02:50.656 [info] Got 1 sessions for ...
2026-07-01 13:02:50.656 [info] Getting sessions for all scopes...
2026-07-01 13:02:50.656 [info] Got 1 sessions for ...
2026-07-01 13:02:52.300 [info] Getting sessions for all scopes...
2026-07-01 13:02:52.300 [info] Got 1 sessions for ...
2026-07-01 13:02:52.301 [info] Getting sessions for all scopes...
2026-07-01 13:02:52.301 [info] Got 1 sessions for ...
2026-07-01 13:03:55.426 [info] Getting sessions for all scopes...
2026-07-01 13:03:55.426 [info] Got 1 sessions for ...
2026-07-01 13:03:55.434 [info] Getting sessions for all scopes...
2026-07-01 13:03:55.434 [info] Got 1 sessions for ...
2026-07-01 13:06:27.435 [info] Getting sessions for all scopes...
2026-07-01 13:06:27.435 [info] Got 1 sessions for ...
2026-07-01 13:06:27.440 [info] Getting sessions for all scopes...
2026-07-01 13:06:27.440 [info] Got 1 sessions for ...
2026-07-01 13:06:35.468 [info] Getting sessions for all scopes...
2026-07-01 13:06:35.468 [info] Got 1 sessions for ...
2026-07-01 13:06:35.468 [info] Getting sessions for all scopes...
2026-07-01 13:06:35.468 [info] Got 1 sessions for ...
2026-07-01 13:06:36.928 [info] Getting sessions for all scopes...
2026-07-01 13:06:36.929 [info] Got 1 sessions for ...
2026-07-01 13:06:36.929 [info] Getting sessions for all scopes...
2026-07-01 13:06:36.929 [info] Got 1 sessions for ...
2026-07-01 13:06:45.312 [info] Getting sessions for all scopes...
2026-07-01 13:06:45.312 [info] Got 1 sessions for ...
2026-07-01 13:06:45.314 [info] Getting sessions for all scopes...
2026-07-01 13:06:45.314 [info] Got 1 sessions for ...
2026-07-01 13:06:56.055 [info] Getting sessions for all scopes...
2026-07-01 13:06:56.055 [info] Got 1 sessions for ...
2026-07-01 13:06:56.056 [info] Getting sessions for all scopes...
2026-07-01 13:06:56.056 [info] Got 1 sessions for ...
2026-07-01 13:07:04.156 [info] Getting sessions for all scopes...
2026-07-01 13:07:04.156 [info] Got 1 sessions for ...
2026-07-01 13:07:04.157 [info] Getting sessions for all scopes...
2026-07-01 13:07:04.157 [info] Got 1 sessions for ...
2026-07-01 13:07:09.953 [info] Getting sessions for all scopes...
2026-07-01 13:07:09.953 [info] Got 1 sessions for ...
2026-07-01 13:07:09.954 [info] Getting sessions for all scopes...
2026-07-01 13:07:09.954 [info] Got 1 sessions for ...
2026-07-01 13:07:10.241 [info] Getting sessions for all scopes...
2026-07-01 13:07:10.241 [info] Got 1 sessions for ...
2026-07-01 13:07:10.242 [info] Getting sessions for all scopes...
2026-07-01 13:07:10.242 [info] Got 1 sessions for ...
2026-07-01 13:07:11.989 [info] Getting sessions for all scopes...
2026-07-01 13:07:11.989 [info] Got 1 sessions for ...
2026-07-01 13:07:11.989 [info] Getting sessions for all scopes...
2026-07-01 13:07:11.989 [info] Got 1 sessions for ...
2026-07-01 13:07:13.353 [info] Getting sessions for all scopes...
2026-07-01 13:07:13.353 [info] Got 1 sessions for ...
2026-07-01 13:07:13.353 [info] Getting sessions for all scopes...
2026-07-01 13:07:13.353 [info] Got 1 sessions for ...
2026-07-01 13:07:18.887 [info] Getting sessions for all scopes...
2026-07-01 13:07:18.887 [info] Got 1 sessions for ...
2026-07-01 13:07:18.888 [info] Getting sessions for all scopes...
2026-07-01 13:07:18.888 [info] Got 1 sessions for ...
2026-07-01 13:08:16.639 [info] Getting sessions for all scopes...
2026-07-01 13:08:16.639 [info] Got 1 sessions for ...
2026-07-01 13:08:16.707 [info] Getting sessions for all scopes...
2026-07-01 13:08:16.707 [info] Got 1 sessions for ...
2026-07-01 13:08:26.755 [info] Getting sessions for all scopes...
2026-07-01 13:08:26.755 [info] Got 1 sessions for ...
2026-07-01 13:08:26.755 [info] Getting sessions for all scopes...
2026-07-01 13:08:26.755 [info] Got 1 sessions for ...
2026-07-01 13:08:31.683 [info] Getting sessions for all scopes...
2026-07-01 13:08:31.684 [info] Got 1 sessions for ...
2026-07-01 13:08:31.684 [info] Getting sessions for all scopes...
2026-07-01 13:08:31.684 [info] Got 1 sessions for ...
2026-07-01 13:08:41.977 [info] Getting sessions for all scopes...
2026-07-01 13:08:41.977 [info] Got 1 sessions for ...
2026-07-01 13:08:41.981 [info] Getting sessions for all scopes...
2026-07-01 13:08:41.981 [info] Got 1 sessions for ...
2026-07-01 13:08:47.844 [info] Getting sessions for all scopes...
2026-07-01 13:08:47.844 [info] Got 1 sessions for ...
2026-07-01 13:08:47.845 [info] Getting sessions for all scopes...
2026-07-01 13:08:47.845 [info] Got 1 sessions for ...
2026-07-01 13:08:51.941 [info] Getting sessions for all scopes...
2026-07-01 13:08:51.941 [info] Got 1 sessions for ...
2026-07-01 13:08:51.942 [info] Getting sessions for all scopes...
2026-07-01 13:08:51.942 [info] Got 1 sessions for ...
2026-07-01 13:08:54.315 [info] Getting sessions for all scopes...
2026-07-01 13:08:54.315 [info] Got 1 sessions for ...
2026-07-01 13:08:54.316 [info] Getting sessions for all scopes...
2026-07-01 13:08:54.316 [info] Got 1 sessions for ...
2026-07-01 13:08:55.092 [info] Getting sessions for all scopes...
2026-07-01 13:08:55.093 [info] Got 1 sessions for ...
2026-07-01 13:08:55.093 [info] Getting sessions for all scopes...
2026-07-01 13:08:55.093 [info] Got 1 sessions for ...
2026-07-01 13:08:55.725 [info] Getting sessions for all scopes...
2026-07-01 13:08:55.725 [info] Got 1 sessions for ...
2026-07-01 13:08:55.726 [info] Getting sessions for all scopes...
2026-07-01 13:08:55.726 [info] Got 1 sessions for ...
2026-07-01 13:08:57.014 [info] Getting sessions for all scopes...
2026-07-01 13:08:57.014 [info] Got 1 sessions for ...
2026-07-01 13:08:57.014 [info] Getting sessions for all scopes...
2026-07-01 13:08:57.014 [info] Got 1 sessions for ...
2026-07-01 13:09:16.640 [info] Getting sessions for all scopes...
2026-07-01 13:09:16.641 [info] Got 1 sessions for ...
2026-07-01 13:09:16.641 [info] Getting sessions for all scopes...
2026-07-01 13:09:16.641 [info] Got 1 sessions for ...
2026-07-01 13:09:18.668 [info] Getting sessions for all scopes...
2026-07-01 13:09:18.668 [info] Got 1 sessions for ...
2026-07-01 13:09:18.669 [info] Getting sessions for all scopes...
2026-07-01 13:09:18.669 [info] Got 1 sessions for ...
2026-07-01 13:09:20.304 [info] Getting sessions for all scopes...
2026-07-01 13:09:20.304 [info] Got 1 sessions for ...
2026-07-01 13:09:20.313 [info] Getting sessions for all scopes...
2026-07-01 13:09:20.313 [info] Got 1 sessions for ...
2026-07-01 13:09:20.756 [info] Getting sessions for all scopes...
2026-07-01 13:09:20.756 [info] Got 1 sessions for ...
2026-07-01 13:09:20.756 [info] Getting sessions for all scopes...
2026-07-01 13:09:20.756 [info] Got 1 sessions for ...
2026-07-01 13:09:21.229 [info] Getting sessions for all scopes...
2026-07-01 13:09:21.229 [info] Got 1 sessions for ...
2026-07-01 13:09:21.232 [info] Getting sessions for all scopes...
2026-07-01 13:09:21.232 [info] Got 1 sessions for ...
2026-07-01 13:09:21.768 [info] Getting sessions for all scopes...
2026-07-01 13:09:21.769 [info] Got 1 sessions for ...
2026-07-01 13:09:21.769 [info] Getting sessions for all scopes...
2026-07-01 13:09:21.769 [info] Got 1 sessions for ...
2026-07-01 13:09:23.842 [info] Getting sessions for all scopes...
2026-07-01 13:09:23.843 [info] Got 1 sessions for ...
2026-07-01 13:09:23.844 [info] Getting sessions for all scopes...
2026-07-01 13:09:23.844 [info] Got 1 sessions for ...
2026-07-01 13:09:24.416 [info] Getting sessions for all scopes...
2026-07-01 13:09:24.416 [info] Got 1 sessions for ...
2026-07-01 13:09:24.416 [info] Getting sessions for all scopes...
2026-07-01 13:09:24.416 [info] Got 1 sessions for ...
2026-07-01 13:09:25.737 [info] Getting sessions for all scopes...
2026-07-01 13:09:25.738 [info] Got 1 sessions for ...
2026-07-01 13:09:25.741 [info] Getting sessions for all scopes...
2026-07-01 13:09:25.741 [info] Got 1 sessions for ...
2026-07-01 13:11:33.972 [info] Getting sessions for all scopes...
2026-07-01 13:11:33.972 [info] Got 1 sessions for ...
2026-07-01 13:11:33.972 [info] Getting sessions for all scopes...
2026-07-01 13:11:33.973 [info] Got 1 sessions for ...
2026-07-01 13:13:59.633 [info] Getting sessions for all scopes...
2026-07-01 13:13:59.633 [info] Got 1 sessions for ...
2026-07-01 13:13:59.634 [info] Getting sessions for all scopes...
2026-07-01 13:13:59.634 [info] Got 1 sessions for ...
2026-07-01 13:14:00.141 [info] Getting sessions for all scopes...
2026-07-01 13:14:00.141 [info] Got 1 sessions for ...
2026-07-01 13:14:00.142 [info] Getting sessions for all scopes...
2026-07-01 13:14:00.142 [info] Got 1 sessions for ...
2026-07-01 13:16:49.548 [info] Getting sessions for all scopes...
2026-07-01 13:16:49.548 [info] Got 1 sessions for ...
2026-07-01 13:16:49.549 [info] Getting sessions for all scopes...
2026-07-01 13:16:49.549 [info] Got 1 sessions for ...
