2026-07-06 06:40:30.120 [info] Reading sessions from keychain...
2026-07-06 06:40:30.120 [info] Getting sessions for all scopes...
2026-07-06 06:40:30.399 [info] Got stored sessions!
2026-07-06 06:40:30.399 [info] Got 1 verified sessions.
2026-07-06 06:40:30.399 [info] Got 1 sessions for ...
2026-07-06 06:40:30.399 [info] Getting sessions for all scopes...
2026-07-06 06:40:30.399 [info] Got 1 sessions for ...
2026-07-06 06:40:30.619 [info] Getting sessions for all scopes...
2026-07-06 06:40:30.619 [info] Got 1 sessions for ...
2026-07-06 06:40:32.821 [info] Getting sessions for all scopes...
2026-07-06 06:40:32.822 [info] Got 1 sessions for ...
2026-07-06 06:40:33.033 [info] Getting sessions for all scopes...
2026-07-06 06:40:33.033 [info] Got 1 sessions for ...
2026-07-06 06:40:33.033 [info] Getting sessions for all scopes...
2026-07-06 06:40:33.033 [info] Got 1 sessions for ...
2026-07-06 06:40:33.341 [info] Getting sessions for read:user,repo,user:email,workflow...
2026-07-06 06:40:33.341 [info] Got 1 sessions for read:user,repo,user:email,workflow...
2026-07-06 06:40:33.402 [info] FetcherService: Electron fetch failed with status: 429 
2026-07-06 06:40:33.415 [info] Unable to resolve optional EDU details. Status: 429 
2026-07-06 06:40:34.352 [info] Getting sessions for all scopes...
2026-07-06 06:40:34.352 [info] Got 1 sessions for ...
2026-07-06 06:40:34.492 [info] Getting sessions for all scopes...
2026-07-06 06:40:34.493 [info] Got 1 sessions for ...
2026-07-06 06:40:34.493 [info] Getting sessions for all scopes...
2026-07-06 06:40:34.493 [info] Got 1 sessions for ...
2026-07-06 06:40:34.493 [info] Getting sessions for all scopes...
2026-07-06 06:40:34.493 [info] Got 1 sessions for ...
2026-07-06 06:40:34.521 [info] Getting sessions for read:user,repo,user:email,workflow...
2026-07-06 06:40:34.521 [info] Got 1 sessions for read:user,repo,user:email,workflow...
2026-07-06 06:40:35.540 [info] Getting sessions for all scopes...
2026-07-06 06:40:35.540 [info] Got 1 sessions for ...
2026-07-06 06:40:35.577 [info] Getting sessions for all scopes...
2026-07-06 06:40:35.578 [info] Got 1 sessions for ...
2026-07-06 06:40:35.578 [info] Getting sessions for all scopes...
2026-07-06 06:40:35.578 [info] Got 1 sessions for ...
2026-07-06 06:40:35.637 [info] Getting sessions for all scopes...
2026-07-06 06:40:35.637 [info] Got 1 sessions for ...
2026-07-06 06:40:35.738 [info] Getting sessions for read:user,repo,user:email,workflow...
2026-07-06 06:40:35.738 [info] Got 1 sessions for read:user,repo,user:email,workflow...
2026-07-06 06:40:35.982 [info] Getting sessions for all scopes...
2026-07-06 06:40:35.982 [info] Got 1 sessions for ...
2026-07-06 06:40:35.991 [info] Getting sessions for read:user,repo,user:email,workflow...
2026-07-06 06:40:35.991 [info] Got 1 sessions for read:user,repo,user:email,workflow...
2026-07-06 06:40:36.016 [info] Getting sessions for all scopes...
2026-07-06 06:40:36.016 [info] Got 1 sessions for ...
2026-07-06 06:40:36.023 [info] Getting sessions for read:user,repo,user:email,workflow...
2026-07-06 06:40:36.023 [info] Got 1 sessions for read:user,repo,user:email,workflow...
2026-07-06 06:40:46.707 [info] Getting sessions for all scopes...
2026-07-06 06:40:46.707 [info] Got 1 sessions for ...
2026-07-06 06:40:46.773 [info] Getting sessions for all scopes...
2026-07-06 06:40:46.773 [info] Got 1 sessions for ...
2026-07-06 06:40:51.000 [info] Getting sessions for all scopes...
2026-07-06 06:40:51.000 [info] Got 1 sessions for ...
2026-07-06 06:40:51.007 [info] Getting sessions for all scopes...
2026-07-06 06:40:51.007 [info] Got 1 sessions for ...
2026-07-06 06:40:59.094 [info] Getting sessions for all scopes...
2026-07-06 06:40:59.094 [info] Got 1 sessions for ...
2026-07-06 06:40:59.096 [info] Getting sessions for all scopes...
2026-07-06 06:40:59.096 [info] Got 1 sessions for ...
2026-07-06 06:41:05.391 [info] Getting sessions for all scopes...
2026-07-06 06:41:05.391 [info] Got 1 sessions for ...
2026-07-06 06:41:05.392 [info] Getting sessions for all scopes...
2026-07-06 06:41:05.392 [info] Got 1 sessions for ...
2026-07-06 06:41:09.725 [info] Getting sessions for all scopes...
2026-07-06 06:41:09.725 [info] Got 1 sessions for ...
2026-07-06 06:41:09.726 [info] Getting sessions for all scopes...
2026-07-06 06:41:09.726 [info] Got 1 sessions for ...
2026-07-06 06:41:19.599 [info] Getting sessions for all scopes...
2026-07-06 06:41:19.599 [info] Got 1 sessions for ...
2026-07-06 06:41:19.599 [info] Getting sessions for all scopes...
2026-07-06 06:41:19.599 [info] Got 1 sessions for ...
2026-07-06 06:41:28.457 [info] Getting sessions for all scopes...
2026-07-06 06:41:28.457 [info] Got 1 sessions for ...
2026-07-06 06:41:28.461 [info] Getting sessions for all scopes...
2026-07-06 06:41:28.461 [info] Got 1 sessions for ...
2026-07-06 06:41:52.292 [info] Getting sessions for all scopes...
2026-07-06 06:41:52.292 [info] Got 1 sessions for ...
2026-07-06 06:41:52.298 [info] Getting sessions for all scopes...
2026-07-06 06:41:52.298 [info] Got 1 sessions for ...
2026-07-06 06:42:00.235 [info] Getting sessions for all scopes...
2026-07-06 06:42:00.235 [info] Got 1 sessions for ...
2026-07-06 06:42:00.235 [info] Getting sessions for all scopes...
2026-07-06 06:42:00.235 [info] Got 1 sessions for ...
2026-07-06 06:42:08.759 [info] Getting sessions for all scopes...
2026-07-06 06:42:08.759 [info] Got 1 sessions for ...
2026-07-06 06:42:08.763 [info] Getting sessions for all scopes...
2026-07-06 06:42:08.763 [info] Got 1 sessions for ...
2026-07-06 06:42:12.793 [info] Getting sessions for all scopes...
2026-07-06 06:42:12.793 [info] Got 1 sessions for ...
2026-07-06 06:42:12.793 [info] Getting sessions for all scopes...
2026-07-06 06:42:12.793 [info] Got 1 sessions for ...
2026-07-06 06:42:17.583 [info] Getting sessions for all scopes...
2026-07-06 06:42:17.583 [info] Got 1 sessions for ...
2026-07-06 06:42:17.587 [info] Getting sessions for all scopes...
2026-07-06 06:42:17.587 [info] Got 1 sessions for ...
2026-07-06 06:42:20.891 [info] Getting sessions for all scopes...
2026-07-06 06:42:20.891 [info] Got 1 sessions for ...
2026-07-06 06:42:20.892 [info] Getting sessions for all scopes...
2026-07-06 06:42:20.892 [info] Got 1 sessions for ...
2026-07-06 06:42:41.236 [info] Getting sessions for all scopes...
2026-07-06 06:42:41.236 [info] Got 1 sessions for ...
2026-07-06 06:42:41.236 [info] Getting sessions for all scopes...
2026-07-06 06:42:41.236 [info] Got 1 sessions for ...
2026-07-06 06:43:46.151 [info] Getting sessions for all scopes...
2026-07-06 06:43:46.151 [info] Got 1 sessions for ...
2026-07-06 06:43:46.152 [info] Getting sessions for all scopes...
2026-07-06 06:43:46.152 [info] Got 1 sessions for ...
2026-07-06 06:43:47.175 [info] Getting sessions for all scopes...
2026-07-06 06:43:47.175 [info] Got 1 sessions for ...
2026-07-06 06:43:47.175 [info] Getting sessions for all scopes...
2026-07-06 06:43:47.175 [info] Got 1 sessions for ...
2026-07-06 06:43:50.695 [info] Getting sessions for all scopes...
2026-07-06 06:43:50.695 [info] Got 1 sessions for ...
2026-07-06 06:43:50.695 [info] Getting sessions for all scopes...
2026-07-06 06:43:50.695 [info] Got 1 sessions for ...
2026-07-06 06:44:03.614 [info] Getting sessions for all scopes...
2026-07-06 06:44:03.614 [info] Got 1 sessions for ...
2026-07-06 06:44:03.614 [info] Getting sessions for all scopes...
2026-07-06 06:44:03.614 [info] Got 1 sessions for ...
2026-07-06 06:44:21.613 [info] Getting sessions for all scopes...
2026-07-06 06:44:21.613 [info] Got 1 sessions for ...
2026-07-06 06:44:21.628 [info] Getting sessions for all scopes...
2026-07-06 06:44:21.628 [info] Got 1 sessions for ...
2026-07-06 06:44:43.545 [info] Getting sessions for all scopes...
2026-07-06 06:44:43.545 [info] Got 1 sessions for ...
2026-07-06 06:44:43.546 [info] Getting sessions for all scopes...
2026-07-06 06:44:43.546 [info] Got 1 sessions for ...
2026-07-06 06:44:43.905 [info] Getting sessions for all scopes...
2026-07-06 06:44:43.905 [info] Got 1 sessions for ...
2026-07-06 06:44:43.906 [info] Getting sessions for all scopes...
2026-07-06 06:44:43.906 [info] Got 1 sessions for ...
2026-07-06 06:44:58.789 [info] Getting sessions for all scopes...
2026-07-06 06:44:58.790 [info] Got 1 sessions for ...
2026-07-06 06:44:58.791 [info] Getting sessions for all scopes...
2026-07-06 06:44:58.791 [info] Got 1 sessions for ...
2026-07-06 06:45:26.700 [info] Getting sessions for all scopes...
2026-07-06 06:45:26.701 [info] Got 1 sessions for ...
2026-07-06 06:45:26.702 [info] Getting sessions for all scopes...
2026-07-06 06:45:26.702 [info] Got 1 sessions for ...
2026-07-06 06:45:29.377 [info] Getting sessions for all scopes...
2026-07-06 06:45:29.377 [info] Got 1 sessions for ...
2026-07-06 06:45:29.403 [info] Getting sessions for all scopes...
2026-07-06 06:45:29.403 [info] Got 1 sessions for ...
2026-07-06 06:47:07.102 [info] Getting sessions for all scopes...
2026-07-06 06:47:07.102 [info] Got 1 sessions for ...
2026-07-06 06:47:07.103 [info] Getting sessions for all scopes...
2026-07-06 06:47:07.103 [info] Got 1 sessions for ...
2026-07-06 06:47:13.993 [info] Getting sessions for all scopes...
2026-07-06 06:47:13.993 [info] Got 1 sessions for ...
2026-07-06 06:47:13.994 [info] Getting sessions for all scopes...
2026-07-06 06:47:13.994 [info] Got 1 sessions for ...
2026-07-06 06:47:17.500 [info] Getting sessions for all scopes...
2026-07-06 06:47:17.500 [info] Got 1 sessions for ...
2026-07-06 06:47:17.500 [info] Getting sessions for all scopes...
2026-07-06 06:47:17.500 [info] Got 1 sessions for ...
2026-07-06 06:47:33.912 [info] Getting sessions for all scopes...
2026-07-06 06:47:33.912 [info] Got 1 sessions for ...
2026-07-06 06:47:33.921 [info] Getting sessions for all scopes...
2026-07-06 06:47:33.921 [info] Got 1 sessions for ...
2026-07-06 06:47:40.198 [info] Getting sessions for all scopes...
2026-07-06 06:47:40.198 [info] Got 1 sessions for ...
2026-07-06 06:47:40.212 [info] Getting sessions for all scopes...
2026-07-06 06:47:40.212 [info] Got 1 sessions for ...
2026-07-06 06:47:50.104 [info] Getting sessions for all scopes...
2026-07-06 06:47:50.104 [info] Got 1 sessions for ...
2026-07-06 06:47:50.106 [info] Getting sessions for all scopes...
2026-07-06 06:47:50.106 [info] Got 1 sessions for ...
2026-07-06 06:47:51.710 [info] Getting sessions for all scopes...
2026-07-06 06:47:51.710 [info] Got 1 sessions for ...
2026-07-06 06:47:51.715 [info] Getting sessions for all scopes...
2026-07-06 06:47:51.715 [info] Got 1 sessions for ...
2026-07-06 06:47:54.557 [info] Getting sessions for all scopes...
2026-07-06 06:47:54.557 [info] Got 1 sessions for ...
2026-07-06 06:47:54.602 [info] Getting sessions for all scopes...
2026-07-06 06:47:54.602 [info] Got 1 sessions for ...
2026-07-06 06:51:46.290 [info] Getting sessions for all scopes...
2026-07-06 06:51:46.291 [info] Got 1 sessions for ...
2026-07-06 06:51:46.295 [info] Getting sessions for all scopes...
2026-07-06 06:51:46.295 [info] Got 1 sessions for ...
2026-07-06 06:53:17.728 [info] Getting sessions for all scopes...
2026-07-06 06:53:17.728 [info] Got 1 sessions for ...
2026-07-06 06:53:17.729 [info] Getting sessions for all scopes...
2026-07-06 06:53:17.729 [info] Got 1 sessions for ...
2026-07-06 06:54:02.034 [info] Getting sessions for all scopes...
2026-07-06 06:54:02.034 [info] Got 1 sessions for ...
2026-07-06 06:54:02.034 [info] Getting sessions for all scopes...
2026-07-06 06:54:02.034 [info] Got 1 sessions for ...
2026-07-06 06:54:12.448 [info] Getting sessions for all scopes...
2026-07-06 06:54:12.448 [info] Got 1 sessions for ...
2026-07-06 06:54:12.450 [info] Getting sessions for all scopes...
2026-07-06 06:54:12.450 [info] Got 1 sessions for ...
2026-07-06 06:59:19.026 [info] Getting sessions for all scopes...
2026-07-06 06:59:19.027 [info] Got 1 sessions for ...
2026-07-06 06:59:19.030 [info] Getting sessions for all scopes...
2026-07-06 06:59:19.030 [info] Got 1 sessions for ...
2026-07-06 07:02:12.301 [info] Getting sessions for all scopes...
2026-07-06 07:02:12.301 [info] Got 1 sessions for ...
2026-07-06 07:02:12.302 [info] Getting sessions for all scopes...
2026-07-06 07:02:12.302 [info] Got 1 sessions for ...
2026-07-06 07:04:09.748 [info] Getting sessions for all scopes...
2026-07-06 07:04:09.748 [info] Got 1 sessions for ...
2026-07-06 07:04:09.774 [info] Getting sessions for all scopes...
2026-07-06 07:04:09.774 [info] Got 1 sessions for ...
2026-07-06 07:05:04.950 [info] Getting sessions for all scopes...
2026-07-06 07:05:04.950 [info] Got 1 sessions for ...
2026-07-06 07:05:04.983 [info] Getting sessions for all scopes...
2026-07-06 07:05:04.983 [info] Got 1 sessions for ...
2026-07-06 07:05:06.825 [info] Getting sessions for all scopes...
2026-07-06 07:05:06.825 [info] Got 1 sessions for ...
2026-07-06 07:05:06.828 [info] Getting sessions for all scopes...
2026-07-06 07:05:06.828 [info] Got 1 sessions for ...
2026-07-06 07:12:41.832 [info] Getting sessions for all scopes...
2026-07-06 07:12:41.832 [info] Got 1 sessions for ...
2026-07-06 07:12:41.833 [info] Getting sessions for all scopes...
2026-07-06 07:12:41.833 [info] Got 1 sessions for ...
2026-07-06 07:13:07.147 [info] Getting sessions for all scopes...
2026-07-06 07:13:07.147 [info] Got 1 sessions for ...
2026-07-06 07:13:07.148 [info] Getting sessions for all scopes...
2026-07-06 07:13:07.148 [info] Got 1 sessions for ...
2026-07-06 07:18:00.953 [info] Getting sessions for all scopes...
2026-07-06 07:18:00.953 [info] Got 1 sessions for ...
2026-07-06 07:18:00.953 [info] Getting sessions for all scopes...
2026-07-06 07:18:00.953 [info] Got 1 sessions for ...
2026-07-06 07:18:13.237 [info] Getting sessions for all scopes...
2026-07-06 07:18:13.237 [info] Got 1 sessions for ...
2026-07-06 07:18:13.238 [info] Getting sessions for all scopes...
2026-07-06 07:18:13.238 [info] Got 1 sessions for ...
2026-07-06 07:25:41.746 [info] Getting sessions for all scopes...
2026-07-06 07:25:41.746 [info] Got 1 sessions for ...
2026-07-06 07:25:41.752 [info] Getting sessions for all scopes...
2026-07-06 07:25:41.752 [info] Got 1 sessions for ...
2026-07-06 07:25:42.442 [info] Getting sessions for all scopes...
2026-07-06 07:25:42.442 [info] Got 1 sessions for ...
2026-07-06 07:25:42.443 [info] Getting sessions for all scopes...
2026-07-06 07:25:42.443 [info] Got 1 sessions for ...
2026-07-06 07:25:43.093 [info] Getting sessions for all scopes...
2026-07-06 07:25:43.093 [info] Got 1 sessions for ...
2026-07-06 07:25:43.094 [info] Getting sessions for all scopes...
2026-07-06 07:25:43.094 [info] Got 1 sessions for ...
2026-07-06 07:25:43.912 [info] Getting sessions for all scopes...
2026-07-06 07:25:43.912 [info] Got 1 sessions for ...
2026-07-06 07:25:43.912 [info] Getting sessions for all scopes...
2026-07-06 07:25:43.912 [info] Got 1 sessions for ...
2026-07-06 07:25:44.441 [info] Getting sessions for all scopes...
2026-07-06 07:25:44.441 [info] Got 1 sessions for ...
2026-07-06 07:25:44.441 [info] Getting sessions for all scopes...
2026-07-06 07:25:44.441 [info] Got 1 sessions for ...
2026-07-06 07:25:45.891 [info] Getting sessions for all scopes...
2026-07-06 07:25:45.891 [info] Got 1 sessions for ...
2026-07-06 07:25:45.892 [info] Getting sessions for all scopes...
2026-07-06 07:25:45.892 [info] Got 1 sessions for ...
2026-07-06 07:25:46.405 [info] Getting sessions for all scopes...
2026-07-06 07:25:46.405 [info] Got 1 sessions for ...
2026-07-06 07:25:46.405 [info] Getting sessions for all scopes...
2026-07-06 07:25:46.405 [info] Got 1 sessions for ...
2026-07-06 07:25:48.543 [info] Getting sessions for all scopes...
2026-07-06 07:25:48.543 [info] Got 1 sessions for ...
2026-07-06 07:25:48.543 [info] Getting sessions for all scopes...
2026-07-06 07:25:48.543 [info] Got 1 sessions for ...
2026-07-06 07:26:03.984 [info] Getting sessions for all scopes...
2026-07-06 07:26:03.984 [info] Got 1 sessions for ...
2026-07-06 07:26:03.985 [info] Getting sessions for all scopes...
2026-07-06 07:26:03.985 [info] Got 1 sessions for ...
2026-07-06 07:26:08.866 [info] Getting sessions for all scopes...
2026-07-06 07:26:08.866 [info] Got 1 sessions for ...
2026-07-06 07:26:08.867 [info] Getting sessions for all scopes...
2026-07-06 07:26:08.867 [info] Got 1 sessions for ...
2026-07-06 07:30:30.382 [info] Getting sessions for all scopes...
2026-07-06 07:30:30.382 [info] Got 1 sessions for ...
2026-07-06 07:30:30.383 [info] Getting sessions for all scopes...
2026-07-06 07:30:30.383 [info] Got 1 sessions for ...
2026-07-06 07:30:32.758 [info] Getting sessions for all scopes...
2026-07-06 07:30:32.758 [info] Got 1 sessions for ...
2026-07-06 07:30:32.758 [info] Getting sessions for all scopes...
2026-07-06 07:30:32.759 [info] Got 1 sessions for ...
2026-07-06 07:30:35.522 [info] Getting sessions for all scopes...
2026-07-06 07:30:35.522 [info] Got 1 sessions for ...
2026-07-06 07:30:35.528 [info] Getting sessions for all scopes...
2026-07-06 07:30:35.528 [info] Got 1 sessions for ...
2026-07-06 07:30:42.459 [info] Getting sessions for all scopes...
2026-07-06 07:30:42.459 [info] Got 1 sessions for ...
2026-07-06 07:30:42.460 [info] Getting sessions for all scopes...
2026-07-06 07:30:42.460 [info] Got 1 sessions for ...
2026-07-06 07:31:11.608 [info] Getting sessions for all scopes...
2026-07-06 07:31:11.608 [info] Got 1 sessions for ...
2026-07-06 07:31:11.618 [info] Getting sessions for all scopes...
2026-07-06 07:31:11.618 [info] Got 1 sessions for ...
2026-07-06 07:31:13.428 [info] Getting sessions for all scopes...
2026-07-06 07:31:13.428 [info] Got 1 sessions for ...
2026-07-06 07:31:13.429 [info] Getting sessions for all scopes...
2026-07-06 07:31:13.429 [info] Got 1 sessions for ...
2026-07-06 07:31:16.628 [info] Getting sessions for all scopes...
2026-07-06 07:31:16.628 [info] Got 1 sessions for ...
2026-07-06 07:31:16.629 [info] Getting sessions for all scopes...
2026-07-06 07:31:16.629 [info] Got 1 sessions for ...
2026-07-06 07:31:20.456 [info] Getting sessions for all scopes...
2026-07-06 07:31:20.456 [info] Got 1 sessions for ...
2026-07-06 07:31:20.457 [info] Getting sessions for all scopes...
2026-07-06 07:31:20.457 [info] Got 1 sessions for ...
2026-07-06 07:31:21.443 [info] Getting sessions for all scopes...
2026-07-06 07:31:21.443 [info] Got 1 sessions for ...
2026-07-06 07:31:21.443 [info] Getting sessions for all scopes...
2026-07-06 07:31:21.443 [info] Got 1 sessions for ...
2026-07-06 07:33:18.388 [info] Getting sessions for all scopes...
2026-07-06 07:33:18.388 [info] Got 1 sessions for ...
2026-07-06 07:33:18.390 [info] Getting sessions for all scopes...
2026-07-06 07:33:18.390 [info] Got 1 sessions for ...
