2026-07-05 05:24:15.697 [info] Reading sessions from keychain...
2026-07-05 05:24:15.697 [info] Getting sessions for all scopes...
2026-07-05 05:24:15.959 [info] Got stored sessions!
2026-07-05 05:24:15.959 [info] Got 1 verified sessions.
2026-07-05 05:24:15.959 [info] Got 1 sessions for ...
2026-07-05 05:24:15.959 [info] Getting sessions for all scopes...
2026-07-05 05:24:15.959 [info] Got 1 sessions for ...
2026-07-05 05:24:16.100 [info] Getting sessions for all scopes...
2026-07-05 05:24:16.100 [info] Got 1 sessions for ...
2026-07-05 05:24:17.509 [info] Getting sessions for all scopes...
2026-07-05 05:24:17.509 [info] Got 1 sessions for ...
2026-07-05 05:24:17.704 [info] Getting sessions for all scopes...
2026-07-05 05:24:17.704 [info] Got 1 sessions for ...
2026-07-05 05:24:17.705 [info] Getting sessions for all scopes...
2026-07-05 05:24:17.705 [info] Got 1 sessions for ...
2026-07-05 05:24:17.922 [info] Getting sessions for read:user,repo,user:email,workflow...
2026-07-05 05:24:17.922 [info] Got 1 sessions for read:user,repo,user:email,workflow...
2026-07-05 05:24:17.954 [info] Getting sessions for all scopes...
2026-07-05 05:24:17.954 [info] Got 1 sessions for ...
2026-07-05 05:24:18.017 [info] FetcherService: Electron fetch failed with status: 429 
2026-07-05 05:24:18.030 [info] Unable to resolve optional EDU details. Status: 429 
2026-07-05 05:24:18.127 [info] Getting sessions for all scopes...
2026-07-05 05:24:18.127 [info] Got 1 sessions for ...
2026-07-05 05:24:18.133 [info] Getting sessions for read:user,repo,user:email,workflow...
2026-07-05 05:24:18.133 [info] Got 1 sessions for read:user,repo,user:email,workflow...
2026-07-05 05:24:18.771 [info] Getting sessions for all scopes...
2026-07-05 05:24:18.771 [info] Got 1 sessions for ...
2026-07-05 05:24:18.772 [info] Getting sessions for all scopes...
2026-07-05 05:24:18.772 [info] Got 1 sessions for ...
2026-07-05 05:24:19.075 [info] Getting sessions for all scopes...
2026-07-05 05:24:19.075 [info] Got 1 sessions for ...
2026-07-05 05:24:19.076 [info] Getting sessions for read:user,repo,user:email,workflow...
2026-07-05 05:24:19.076 [info] Got 1 sessions for read:user,repo,user:email,workflow...
2026-07-05 05:24:19.135 [info] Getting sessions for all scopes...
2026-07-05 05:24:19.135 [info] Got 1 sessions for ...
2026-07-05 05:24:19.371 [info] Getting sessions for all scopes...
2026-07-05 05:24:19.371 [info] Got 1 sessions for ...
2026-07-05 05:24:19.377 [info] Getting sessions for read:user,repo,user:email,workflow...
2026-07-05 05:24:19.377 [info] Got 1 sessions for read:user,repo,user:email,workflow...
2026-07-05 05:24:19.712 [info] Getting sessions for all scopes...
2026-07-05 05:24:19.712 [info] Got 1 sessions for ...
2026-07-05 05:24:19.713 [info] Getting sessions for read:user,repo,user:email,workflow...
2026-07-05 05:24:19.714 [info] Got 1 sessions for read:user,repo,user:email,workflow...
2026-07-05 05:24:28.734 [info] Getting sessions for all scopes...
2026-07-05 05:24:28.734 [info] Got 1 sessions for ...
2026-07-05 05:24:28.734 [info] Getting sessions for all scopes...
2026-07-05 05:24:28.734 [info] Got 1 sessions for ...
2026-07-05 05:24:29.062 [info] Getting sessions for all scopes...
2026-07-05 05:24:29.063 [info] Got 1 sessions for ...
2026-07-05 05:24:29.068 [info] Getting sessions for all scopes...
2026-07-05 05:24:29.068 [info] Got 1 sessions for ...
2026-07-05 05:24:29.500 [info] Getting sessions for all scopes...
2026-07-05 05:24:29.500 [info] Got 1 sessions for ...
2026-07-05 05:24:29.501 [info] Getting sessions for all scopes...
2026-07-05 05:24:29.501 [info] Got 1 sessions for ...
2026-07-05 05:24:30.036 [info] Getting sessions for all scopes...
2026-07-05 05:24:30.036 [info] Got 1 sessions for ...
2026-07-05 05:24:30.036 [info] Getting sessions for all scopes...
2026-07-05 05:24:30.036 [info] Got 1 sessions for ...
2026-07-05 05:24:30.444 [info] Getting sessions for all scopes...
2026-07-05 05:24:30.444 [info] Got 1 sessions for ...
2026-07-05 05:24:30.446 [info] Getting sessions for all scopes...
2026-07-05 05:24:30.446 [info] Got 1 sessions for ...
2026-07-05 05:24:30.832 [info] Getting sessions for all scopes...
2026-07-05 05:24:30.832 [info] Got 1 sessions for ...
2026-07-05 05:24:30.833 [info] Getting sessions for all scopes...
2026-07-05 05:24:30.833 [info] Got 1 sessions for ...
2026-07-05 05:24:32.863 [info] Getting sessions for all scopes...
2026-07-05 05:24:32.863 [info] Got 1 sessions for ...
2026-07-05 05:24:32.864 [info] Getting sessions for all scopes...
2026-07-05 05:24:32.864 [info] Got 1 sessions for ...
2026-07-05 05:24:33.427 [info] Getting sessions for all scopes...
2026-07-05 05:24:33.427 [info] Got 1 sessions for ...
2026-07-05 05:24:33.428 [info] Getting sessions for all scopes...
2026-07-05 05:24:33.428 [info] Got 1 sessions for ...
2026-07-05 05:24:33.791 [info] Getting sessions for all scopes...
2026-07-05 05:24:33.791 [info] Got 1 sessions for ...
2026-07-05 05:24:33.792 [info] Getting sessions for all scopes...
2026-07-05 05:24:33.792 [info] Got 1 sessions for ...
2026-07-05 05:24:37.290 [info] Getting sessions for all scopes...
2026-07-05 05:24:37.290 [info] Got 1 sessions for ...
2026-07-05 05:24:37.291 [info] Getting sessions for all scopes...
2026-07-05 05:24:37.291 [info] Got 1 sessions for ...
2026-07-05 05:25:39.726 [info] Getting sessions for all scopes...
2026-07-05 05:25:39.726 [info] Got 1 sessions for ...
2026-07-05 05:25:39.727 [info] Getting sessions for all scopes...
2026-07-05 05:25:39.727 [info] Got 1 sessions for ...
2026-07-05 05:29:03.385 [info] Getting sessions for all scopes...
2026-07-05 05:29:03.386 [info] Got 1 sessions for ...
2026-07-05 05:29:03.388 [info] Getting sessions for all scopes...
2026-07-05 05:29:03.388 [info] Got 1 sessions for ...
2026-07-05 05:29:32.677 [info] Getting sessions for all scopes...
2026-07-05 05:29:32.677 [info] Got 1 sessions for ...
2026-07-05 05:29:32.678 [info] Getting sessions for all scopes...
2026-07-05 05:29:32.678 [info] Got 1 sessions for ...
2026-07-05 05:30:44.852 [info] Getting sessions for all scopes...
2026-07-05 05:30:44.853 [info] Got 1 sessions for ...
2026-07-05 05:30:44.854 [info] Getting sessions for all scopes...
2026-07-05 05:30:44.854 [info] Got 1 sessions for ...
2026-07-05 05:31:04.936 [info] Getting sessions for all scopes...
2026-07-05 05:31:04.936 [info] Got 1 sessions for ...
2026-07-05 05:31:04.937 [info] Getting sessions for all scopes...
2026-07-05 05:31:04.937 [info] Got 1 sessions for ...
2026-07-05 05:33:20.419 [info] Getting sessions for all scopes...
2026-07-05 05:33:20.419 [info] Got 1 sessions for ...
2026-07-05 05:33:20.420 [info] Getting sessions for all scopes...
2026-07-05 05:33:20.420 [info] Got 1 sessions for ...
2026-07-05 05:33:34.042 [info] Getting sessions for all scopes...
2026-07-05 05:33:34.042 [info] Got 1 sessions for ...
2026-07-05 05:33:34.043 [info] Getting sessions for all scopes...
2026-07-05 05:33:34.043 [info] Got 1 sessions for ...
2026-07-05 05:33:34.443 [info] Getting sessions for all scopes...
2026-07-05 05:33:34.443 [info] Got 1 sessions for ...
2026-07-05 05:33:34.444 [info] Getting sessions for all scopes...
2026-07-05 05:33:34.444 [info] Got 1 sessions for ...
2026-07-05 05:33:36.205 [info] Getting sessions for all scopes...
2026-07-05 05:33:36.205 [info] Got 1 sessions for ...
2026-07-05 05:33:36.206 [info] Getting sessions for all scopes...
2026-07-05 05:33:36.206 [info] Got 1 sessions for ...
2026-07-05 05:33:46.431 [info] Getting sessions for all scopes...
2026-07-05 05:33:46.431 [info] Got 1 sessions for ...
2026-07-05 05:33:46.432 [info] Getting sessions for all scopes...
2026-07-05 05:33:46.432 [info] Got 1 sessions for ...
2026-07-05 05:34:02.290 [info] Getting sessions for all scopes...
2026-07-05 05:34:02.291 [info] Got 1 sessions for ...
2026-07-05 05:34:02.291 [info] Getting sessions for all scopes...
2026-07-05 05:34:02.291 [info] Got 1 sessions for ...
2026-07-05 05:37:50.802 [info] Getting sessions for all scopes...
2026-07-05 05:37:50.802 [info] Got 1 sessions for ...
2026-07-05 05:37:50.803 [info] Getting sessions for all scopes...
2026-07-05 05:37:50.803 [info] Got 1 sessions for ...
2026-07-05 05:37:52.635 [info] Getting sessions for all scopes...
2026-07-05 05:37:52.635 [info] Got 1 sessions for ...
2026-07-05 05:37:52.636 [info] Getting sessions for all scopes...
2026-07-05 05:37:52.636 [info] Got 1 sessions for ...
2026-07-05 05:38:48.191 [info] Getting sessions for all scopes...
2026-07-05 05:38:48.191 [info] Got 1 sessions for ...
2026-07-05 05:38:48.192 [info] Getting sessions for all scopes...
2026-07-05 05:38:48.192 [info] Got 1 sessions for ...
2026-07-05 05:39:06.208 [info] Getting sessions for all scopes...
2026-07-05 05:39:06.208 [info] Got 1 sessions for ...
2026-07-05 05:39:06.209 [info] Getting sessions for all scopes...
2026-07-05 05:39:06.209 [info] Got 1 sessions for ...
2026-07-05 05:43:51.252 [info] Getting sessions for all scopes...
2026-07-05 05:43:51.253 [info] Got 1 sessions for ...
2026-07-05 05:43:51.297 [info] Getting sessions for all scopes...
2026-07-05 05:43:51.297 [info] Got 1 sessions for ...
2026-07-05 05:43:53.360 [info] Getting sessions for all scopes...
2026-07-05 05:43:53.360 [info] Got 1 sessions for ...
2026-07-05 05:43:53.361 [info] Getting sessions for all scopes...
2026-07-05 05:43:53.361 [info] Got 1 sessions for ...
2026-07-05 05:43:53.975 [info] Getting sessions for all scopes...
2026-07-05 05:43:53.975 [info] Got 1 sessions for ...
2026-07-05 05:43:53.976 [info] Getting sessions for all scopes...
2026-07-05 05:43:53.976 [info] Got 1 sessions for ...
2026-07-05 05:44:26.247 [info] Getting sessions for all scopes...
2026-07-05 05:44:26.247 [info] Got 1 sessions for ...
2026-07-05 05:44:26.253 [info] Getting sessions for all scopes...
2026-07-05 05:44:26.253 [info] Got 1 sessions for ...
2026-07-05 05:45:28.273 [info] Getting sessions for all scopes...
2026-07-05 05:45:28.273 [info] Got 1 sessions for ...
2026-07-05 05:45:28.273 [info] Getting sessions for all scopes...
2026-07-05 05:45:28.273 [info] Got 1 sessions for ...
2026-07-05 05:45:37.077 [info] Getting sessions for all scopes...
2026-07-05 05:45:37.077 [info] Got 1 sessions for ...
2026-07-05 05:45:37.079 [info] Getting sessions for all scopes...
2026-07-05 05:45:37.079 [info] Got 1 sessions for ...
2026-07-05 05:45:48.399 [info] Getting sessions for all scopes...
2026-07-05 05:45:48.399 [info] Got 1 sessions for ...
2026-07-05 05:45:48.400 [info] Getting sessions for all scopes...
2026-07-05 05:45:48.400 [info] Got 1 sessions for ...
2026-07-05 05:48:25.588 [info] Getting sessions for all scopes...
2026-07-05 05:48:25.589 [info] Got 1 sessions for ...
2026-07-05 05:48:25.594 [info] Getting sessions for all scopes...
2026-07-05 05:48:25.594 [info] Got 1 sessions for ...
2026-07-05 05:48:36.478 [info] Getting sessions for all scopes...
2026-07-05 05:48:36.478 [info] Got 1 sessions for ...
2026-07-05 05:48:36.479 [info] Getting sessions for all scopes...
2026-07-05 05:48:36.479 [info] Got 1 sessions for ...
2026-07-05 05:48:47.777 [info] Getting sessions for all scopes...
2026-07-05 05:48:47.777 [info] Got 1 sessions for ...
2026-07-05 05:48:47.811 [info] Getting sessions for all scopes...
2026-07-05 05:48:47.811 [info] Got 1 sessions for ...
2026-07-05 05:48:48.552 [info] Getting sessions for all scopes...
2026-07-05 05:48:48.552 [info] Got 1 sessions for ...
2026-07-05 05:48:48.552 [info] Getting sessions for all scopes...
2026-07-05 05:48:48.552 [info] Got 1 sessions for ...
2026-07-05 05:49:06.254 [info] Getting sessions for all scopes...
2026-07-05 05:49:06.254 [info] Got 1 sessions for ...
2026-07-05 05:49:06.255 [info] Getting sessions for all scopes...
2026-07-05 05:49:06.255 [info] Got 1 sessions for ...
2026-07-05 05:49:13.885 [info] Getting sessions for all scopes...
2026-07-05 05:49:13.885 [info] Got 1 sessions for ...
2026-07-05 05:49:13.886 [info] Getting sessions for all scopes...
2026-07-05 05:49:13.886 [info] Got 1 sessions for ...
2026-07-05 05:49:35.004 [info] Getting sessions for all scopes...
2026-07-05 05:49:35.004 [info] Got 1 sessions for ...
2026-07-05 05:49:35.005 [info] Getting sessions for all scopes...
2026-07-05 05:49:35.005 [info] Got 1 sessions for ...
2026-07-05 05:49:59.423 [info] Getting sessions for all scopes...
2026-07-05 05:49:59.423 [info] Got 1 sessions for ...
2026-07-05 05:49:59.435 [info] Getting sessions for all scopes...
2026-07-05 05:49:59.435 [info] Got 1 sessions for ...
2026-07-05 05:50:46.326 [info] Getting sessions for all scopes...
2026-07-05 05:50:46.327 [info] Got 1 sessions for ...
2026-07-05 05:50:46.328 [info] Getting sessions for all scopes...
2026-07-05 05:50:46.328 [info] Got 1 sessions for ...
2026-07-05 05:51:11.709 [info] Getting sessions for all scopes...
2026-07-05 05:51:11.709 [info] Got 1 sessions for ...
2026-07-05 05:51:11.709 [info] Getting sessions for all scopes...
2026-07-05 05:51:11.709 [info] Got 1 sessions for ...
2026-07-05 05:53:24.934 [info] Getting sessions for all scopes...
2026-07-05 05:53:24.935 [info] Got 1 sessions for ...
2026-07-05 05:53:24.935 [info] Getting sessions for all scopes...
2026-07-05 05:53:24.936 [info] Got 1 sessions for ...
2026-07-05 05:54:01.932 [info] Getting sessions for all scopes...
2026-07-05 05:54:01.932 [info] Got 1 sessions for ...
2026-07-05 05:54:01.933 [info] Getting sessions for all scopes...
2026-07-05 05:54:01.933 [info] Got 1 sessions for ...
2026-07-05 05:54:04.296 [info] Getting sessions for all scopes...
2026-07-05 05:54:04.296 [info] Got 1 sessions for ...
2026-07-05 05:54:04.296 [info] Getting sessions for all scopes...
2026-07-05 05:54:04.296 [info] Got 1 sessions for ...
2026-07-05 05:54:06.304 [info] Getting sessions for all scopes...
2026-07-05 05:54:06.304 [info] Got 1 sessions for ...
2026-07-05 05:54:06.319 [info] Getting sessions for all scopes...
2026-07-05 05:54:06.319 [info] Got 1 sessions for ...
2026-07-05 05:54:31.440 [info] Getting sessions for all scopes...
2026-07-05 05:54:31.440 [info] Got 1 sessions for ...
2026-07-05 05:54:31.442 [info] Getting sessions for all scopes...
2026-07-05 05:54:31.442 [info] Got 1 sessions for ...
2026-07-05 05:56:25.045 [info] Getting sessions for all scopes...
2026-07-05 05:56:25.046 [info] Got 1 sessions for ...
2026-07-05 05:56:25.057 [info] Getting sessions for all scopes...
2026-07-05 05:56:25.057 [info] Got 1 sessions for ...
2026-07-05 05:56:39.504 [info] Getting sessions for all scopes...
2026-07-05 05:56:39.505 [info] Got 1 sessions for ...
2026-07-05 05:56:39.507 [info] Getting sessions for all scopes...
2026-07-05 05:56:39.507 [info] Got 1 sessions for ...
2026-07-05 05:56:41.344 [info] Getting sessions for all scopes...
2026-07-05 05:56:41.344 [info] Got 1 sessions for ...
2026-07-05 05:56:41.345 [info] Getting sessions for all scopes...
2026-07-05 05:56:41.345 [info] Got 1 sessions for ...
2026-07-05 05:57:48.944 [info] Getting sessions for all scopes...
2026-07-05 05:57:48.944 [info] Got 1 sessions for ...
2026-07-05 05:57:48.944 [info] Getting sessions for all scopes...
2026-07-05 05:57:48.945 [info] Got 1 sessions for ...
2026-07-05 05:58:27.950 [info] Getting sessions for all scopes...
2026-07-05 05:58:27.950 [info] Got 1 sessions for ...
2026-07-05 05:58:27.951 [info] Getting sessions for all scopes...
2026-07-05 05:58:27.951 [info] Got 1 sessions for ...
2026-07-05 05:59:10.428 [info] Getting sessions for all scopes...
2026-07-05 05:59:10.428 [info] Got 1 sessions for ...
2026-07-05 05:59:10.428 [info] Getting sessions for all scopes...
2026-07-05 05:59:10.428 [info] Got 1 sessions for ...
2026-07-05 06:00:30.496 [info] Getting sessions for all scopes...
2026-07-05 06:00:30.496 [info] Got 1 sessions for ...
2026-07-05 06:00:30.496 [info] Getting sessions for all scopes...
2026-07-05 06:00:30.496 [info] Got 1 sessions for ...
2026-07-05 06:00:47.737 [info] Getting sessions for all scopes...
2026-07-05 06:00:47.737 [info] Got 1 sessions for ...
2026-07-05 06:00:47.739 [info] Getting sessions for all scopes...
2026-07-05 06:00:47.739 [info] Got 1 sessions for ...
2026-07-05 06:01:00.140 [info] Getting sessions for all scopes...
2026-07-05 06:01:00.140 [info] Got 1 sessions for ...
2026-07-05 06:01:00.140 [info] Getting sessions for all scopes...
2026-07-05 06:01:00.140 [info] Got 1 sessions for ...
2026-07-05 06:01:02.907 [info] Getting sessions for all scopes...
2026-07-05 06:01:02.907 [info] Got 1 sessions for ...
2026-07-05 06:01:02.911 [info] Getting sessions for all scopes...
2026-07-05 06:01:02.911 [info] Got 1 sessions for ...
2026-07-05 06:01:05.894 [info] Getting sessions for all scopes...
2026-07-05 06:01:05.894 [info] Got 1 sessions for ...
2026-07-05 06:01:05.895 [info] Getting sessions for all scopes...
2026-07-05 06:01:05.895 [info] Got 1 sessions for ...
2026-07-05 06:01:12.276 [info] Getting sessions for all scopes...
2026-07-05 06:01:12.276 [info] Got 1 sessions for ...
2026-07-05 06:01:12.277 [info] Getting sessions for all scopes...
2026-07-05 06:01:12.278 [info] Got 1 sessions for ...
2026-07-05 06:01:30.202 [info] Getting sessions for all scopes...
2026-07-05 06:01:30.202 [info] Got 1 sessions for ...
2026-07-05 06:01:30.209 [info] Getting sessions for all scopes...
2026-07-05 06:01:30.209 [info] Got 1 sessions for ...
2026-07-05 06:02:04.135 [info] Getting sessions for all scopes...
2026-07-05 06:02:04.135 [info] Got 1 sessions for ...
2026-07-05 06:02:04.135 [info] Getting sessions for all scopes...
2026-07-05 06:02:04.135 [info] Got 1 sessions for ...
2026-07-05 06:02:06.734 [info] Getting sessions for all scopes...
2026-07-05 06:02:06.734 [info] Got 1 sessions for ...
2026-07-05 06:02:06.736 [info] Getting sessions for all scopes...
2026-07-05 06:02:06.736 [info] Got 1 sessions for ...
2026-07-05 06:02:08.826 [info] Getting sessions for all scopes...
2026-07-05 06:02:08.826 [info] Got 1 sessions for ...
2026-07-05 06:02:08.828 [info] Getting sessions for all scopes...
2026-07-05 06:02:08.828 [info] Got 1 sessions for ...
2026-07-05 06:04:59.461 [info] Getting sessions for all scopes...
2026-07-05 06:04:59.461 [info] Got 1 sessions for ...
2026-07-05 06:04:59.464 [info] Getting sessions for all scopes...
2026-07-05 06:04:59.464 [info] Got 1 sessions for ...
2026-07-05 06:05:39.035 [info] Getting sessions for all scopes...
2026-07-05 06:05:39.035 [info] Got 1 sessions for ...
2026-07-05 06:05:39.039 [info] Getting sessions for all scopes...
2026-07-05 06:05:39.039 [info] Got 1 sessions for ...
2026-07-05 06:05:39.721 [info] Getting sessions for all scopes...
2026-07-05 06:05:39.721 [info] Got 1 sessions for ...
2026-07-05 06:05:39.722 [info] Getting sessions for all scopes...
2026-07-05 06:05:39.722 [info] Got 1 sessions for ...
2026-07-05 06:05:40.246 [info] Getting sessions for all scopes...
2026-07-05 06:05:40.246 [info] Got 1 sessions for ...
2026-07-05 06:05:40.247 [info] Getting sessions for all scopes...
2026-07-05 06:05:40.247 [info] Got 1 sessions for ...
2026-07-05 06:06:43.401 [info] Getting sessions for all scopes...
2026-07-05 06:06:43.401 [info] Got 1 sessions for ...
2026-07-05 06:06:43.402 [info] Getting sessions for all scopes...
2026-07-05 06:06:43.402 [info] Got 1 sessions for ...
2026-07-05 06:06:52.693 [info] Getting sessions for all scopes...
2026-07-05 06:06:52.693 [info] Got 1 sessions for ...
2026-07-05 06:06:52.694 [info] Getting sessions for all scopes...
2026-07-05 06:06:52.694 [info] Got 1 sessions for ...
2026-07-05 06:07:19.026 [info] Getting sessions for all scopes...
2026-07-05 06:07:19.026 [info] Got 1 sessions for ...
2026-07-05 06:07:19.027 [info] Getting sessions for all scopes...
2026-07-05 06:07:19.027 [info] Got 1 sessions for ...
2026-07-05 06:07:35.445 [info] Getting sessions for all scopes...
2026-07-05 06:07:35.445 [info] Got 1 sessions for ...
2026-07-05 06:07:35.446 [info] Getting sessions for all scopes...
2026-07-05 06:07:35.446 [info] Got 1 sessions for ...
2026-07-05 06:07:35.879 [info] Getting sessions for all scopes...
2026-07-05 06:07:35.879 [info] Got 1 sessions for ...
2026-07-05 06:07:35.890 [info] Getting sessions for all scopes...
2026-07-05 06:07:35.890 [info] Got 1 sessions for ...
2026-07-05 06:07:52.546 [info] Getting sessions for all scopes...
2026-07-05 06:07:52.546 [info] Got 1 sessions for ...
2026-07-05 06:07:52.547 [info] Getting sessions for all scopes...
2026-07-05 06:07:52.548 [info] Got 1 sessions for ...
2026-07-05 06:08:37.117 [info] Getting sessions for all scopes...
2026-07-05 06:08:37.117 [info] Got 1 sessions for ...
2026-07-05 06:08:37.118 [info] Getting sessions for all scopes...
2026-07-05 06:08:37.118 [info] Got 1 sessions for ...
2026-07-05 06:08:44.532 [info] Getting sessions for all scopes...
2026-07-05 06:08:44.532 [info] Got 1 sessions for ...
2026-07-05 06:08:44.533 [info] Getting sessions for all scopes...
2026-07-05 06:08:44.533 [info] Got 1 sessions for ...
2026-07-05 06:10:03.378 [info] Getting sessions for all scopes...
2026-07-05 06:10:03.378 [info] Got 1 sessions for ...
2026-07-05 06:10:03.379 [info] Getting sessions for all scopes...
2026-07-05 06:10:03.379 [info] Got 1 sessions for ...
2026-07-05 06:10:13.147 [info] Getting sessions for all scopes...
2026-07-05 06:10:13.148 [info] Got 1 sessions for ...
2026-07-05 06:10:13.148 [info] Getting sessions for all scopes...
2026-07-05 06:10:13.148 [info] Got 1 sessions for ...
2026-07-05 06:11:55.266 [info] Getting sessions for all scopes...
2026-07-05 06:11:55.266 [info] Got 1 sessions for ...
2026-07-05 06:11:55.267 [info] Getting sessions for all scopes...
2026-07-05 06:11:55.267 [info] Got 1 sessions for ...
2026-07-05 06:11:55.730 [info] Getting sessions for all scopes...
2026-07-05 06:11:55.730 [info] Got 1 sessions for ...
2026-07-05 06:11:55.730 [info] Getting sessions for all scopes...
2026-07-05 06:11:55.730 [info] Got 1 sessions for ...
2026-07-05 06:11:59.204 [info] Getting sessions for all scopes...
2026-07-05 06:11:59.204 [info] Got 1 sessions for ...
2026-07-05 06:11:59.205 [info] Getting sessions for all scopes...
2026-07-05 06:11:59.205 [info] Got 1 sessions for ...
2026-07-05 06:12:00.696 [info] Getting sessions for all scopes...
2026-07-05 06:12:00.696 [info] Got 1 sessions for ...
2026-07-05 06:12:00.696 [info] Getting sessions for all scopes...
2026-07-05 06:12:00.696 [info] Got 1 sessions for ...
2026-07-05 06:12:14.351 [info] Getting sessions for all scopes...
2026-07-05 06:12:14.351 [info] Got 1 sessions for ...
2026-07-05 06:12:14.352 [info] Getting sessions for all scopes...
2026-07-05 06:12:14.352 [info] Got 1 sessions for ...
2026-07-05 06:12:32.708 [info] Getting sessions for all scopes...
2026-07-05 06:12:32.709 [info] Got 1 sessions for ...
2026-07-05 06:12:32.709 [info] Getting sessions for all scopes...
2026-07-05 06:12:32.709 [info] Got 1 sessions for ...
2026-07-05 06:13:30.134 [info] Getting sessions for all scopes...
2026-07-05 06:13:30.134 [info] Got 1 sessions for ...
2026-07-05 06:13:30.135 [info] Getting sessions for all scopes...
2026-07-05 06:13:30.135 [info] Got 1 sessions for ...
2026-07-05 06:13:30.643 [info] Getting sessions for all scopes...
2026-07-05 06:13:30.643 [info] Got 1 sessions for ...
2026-07-05 06:13:30.644 [info] Getting sessions for all scopes...
2026-07-05 06:13:30.644 [info] Got 1 sessions for ...
2026-07-05 06:13:35.395 [info] Getting sessions for all scopes...
2026-07-05 06:13:35.395 [info] Got 1 sessions for ...
2026-07-05 06:13:35.395 [info] Getting sessions for all scopes...
2026-07-05 06:13:35.395 [info] Got 1 sessions for ...
2026-07-05 06:15:24.929 [info] Getting sessions for all scopes...
2026-07-05 06:15:24.929 [info] Got 1 sessions for ...
2026-07-05 06:15:24.931 [info] Getting sessions for all scopes...
2026-07-05 06:15:24.931 [info] Got 1 sessions for ...
2026-07-05 06:15:43.780 [info] Getting sessions for all scopes...
2026-07-05 06:15:43.780 [info] Got 1 sessions for ...
2026-07-05 06:15:43.782 [info] Getting sessions for all scopes...
2026-07-05 06:15:43.782 [info] Got 1 sessions for ...
2026-07-05 06:16:06.906 [info] Getting sessions for all scopes...
2026-07-05 06:16:06.906 [info] Got 1 sessions for ...
2026-07-05 06:16:06.908 [info] Getting sessions for all scopes...
2026-07-05 06:16:06.908 [info] Got 1 sessions for ...
2026-07-05 06:19:19.722 [info] Getting sessions for all scopes...
2026-07-05 06:19:19.722 [info] Got 1 sessions for ...
2026-07-05 06:19:19.724 [info] Getting sessions for read:user,repo,user:email,workflow...
2026-07-05 06:19:19.724 [info] Got 1 sessions for read:user,repo,user:email,workflow...
2026-07-05 06:19:20.552 [info] Getting sessions for all scopes...
2026-07-05 06:19:20.552 [info] Got 1 sessions for ...
2026-07-05 06:19:20.552 [info] Getting sessions for all scopes...
2026-07-05 06:19:20.552 [info] Got 1 sessions for ...
2026-07-05 06:19:20.554 [info] Getting sessions for read:user,repo,user:email,workflow...
2026-07-05 06:19:20.554 [info] Got 1 sessions for read:user,repo,user:email,workflow...
2026-07-05 06:19:47.606 [info] Getting sessions for all scopes...
2026-07-05 06:19:47.606 [info] Got 1 sessions for ...
2026-07-05 06:19:47.607 [info] Getting sessions for all scopes...
2026-07-05 06:19:47.607 [info] Got 1 sessions for ...
2026-07-05 06:23:28.155 [info] Getting sessions for all scopes...
2026-07-05 06:23:28.155 [info] Got 1 sessions for ...
2026-07-05 06:23:28.157 [info] Getting sessions for all scopes...
2026-07-05 06:23:28.157 [info] Got 1 sessions for ...
2026-07-05 06:23:50.825 [info] Getting sessions for all scopes...
2026-07-05 06:23:50.825 [info] Got 1 sessions for ...
2026-07-05 06:23:50.827 [info] Getting sessions for all scopes...
2026-07-05 06:23:50.827 [info] Got 1 sessions for ...
2026-07-05 06:23:51.177 [info] Getting sessions for all scopes...
2026-07-05 06:23:51.177 [info] Got 1 sessions for ...
2026-07-05 06:23:51.178 [info] Getting sessions for all scopes...
2026-07-05 06:23:51.178 [info] Got 1 sessions for ...
2026-07-05 06:23:52.668 [info] Getting sessions for all scopes...
2026-07-05 06:23:52.668 [info] Got 1 sessions for ...
2026-07-05 06:23:52.672 [info] Getting sessions for all scopes...
2026-07-05 06:23:52.672 [info] Got 1 sessions for ...
2026-07-05 06:23:53.280 [info] Getting sessions for all scopes...
2026-07-05 06:23:53.280 [info] Got 1 sessions for ...
2026-07-05 06:23:53.281 [info] Getting sessions for all scopes...
2026-07-05 06:23:53.281 [info] Got 1 sessions for ...
2026-07-05 06:23:53.921 [info] Getting sessions for all scopes...
2026-07-05 06:23:53.921 [info] Got 1 sessions for ...
2026-07-05 06:23:53.922 [info] Getting sessions for all scopes...
2026-07-05 06:23:53.922 [info] Got 1 sessions for ...
2026-07-05 06:23:54.623 [info] Getting sessions for all scopes...
2026-07-05 06:23:54.623 [info] Got 1 sessions for ...
2026-07-05 06:23:54.624 [info] Getting sessions for all scopes...
2026-07-05 06:23:54.624 [info] Got 1 sessions for ...
2026-07-05 06:24:00.750 [info] Getting sessions for all scopes...
2026-07-05 06:24:00.751 [info] Got 1 sessions for ...
2026-07-05 06:24:00.752 [info] Getting sessions for all scopes...
2026-07-05 06:24:00.752 [info] Got 1 sessions for ...
2026-07-05 06:24:55.490 [info] Getting sessions for all scopes...
2026-07-05 06:24:55.491 [info] Got 1 sessions for ...
2026-07-05 06:24:55.491 [info] Getting sessions for all scopes...
2026-07-05 06:24:55.491 [info] Got 1 sessions for ...
2026-07-05 06:27:51.904 [info] Getting sessions for all scopes...
2026-07-05 06:27:51.904 [info] Got 1 sessions for ...
2026-07-05 06:27:51.923 [info] Getting sessions for all scopes...
2026-07-05 06:27:51.923 [info] Got 1 sessions for ...
2026-07-05 06:27:52.988 [info] Getting sessions for all scopes...
2026-07-05 06:27:52.988 [info] Got 1 sessions for ...
2026-07-05 06:27:52.989 [info] Getting sessions for all scopes...
2026-07-05 06:27:52.989 [info] Got 1 sessions for ...
2026-07-05 06:27:58.360 [info] Getting sessions for all scopes...
2026-07-05 06:27:58.360 [info] Got 1 sessions for ...
2026-07-05 06:27:58.360 [info] Getting sessions for all scopes...
2026-07-05 06:27:58.360 [info] Got 1 sessions for ...
2026-07-05 06:28:33.128 [info] Getting sessions for all scopes...
2026-07-05 06:28:33.128 [info] Got 1 sessions for ...
2026-07-05 06:28:33.128 [info] Getting sessions for all scopes...
2026-07-05 06:28:33.128 [info] Got 1 sessions for ...
2026-07-05 06:28:34.284 [info] Getting sessions for all scopes...
2026-07-05 06:28:34.284 [info] Got 1 sessions for ...
2026-07-05 06:28:34.287 [info] Getting sessions for all scopes...
2026-07-05 06:28:34.287 [info] Got 1 sessions for ...
2026-07-05 06:31:34.460 [info] Getting sessions for all scopes...
2026-07-05 06:31:34.460 [info] Got 1 sessions for ...
2026-07-05 06:31:34.462 [info] Getting sessions for all scopes...
2026-07-05 06:31:34.463 [info] Got 1 sessions for ...
2026-07-05 06:31:34.933 [info] Getting sessions for all scopes...
2026-07-05 06:31:34.933 [info] Got 1 sessions for ...
2026-07-05 06:31:34.937 [info] Getting sessions for all scopes...
2026-07-05 06:31:34.937 [info] Got 1 sessions for ...
2026-07-05 06:31:35.355 [info] Getting sessions for all scopes...
2026-07-05 06:31:35.355 [info] Got 1 sessions for ...
2026-07-05 06:31:35.359 [info] Getting sessions for all scopes...
2026-07-05 06:31:35.359 [info] Got 1 sessions for ...
2026-07-05 06:31:36.482 [info] Getting sessions for all scopes...
2026-07-05 06:31:36.483 [info] Got 1 sessions for ...
2026-07-05 06:31:36.483 [info] Getting sessions for all scopes...
2026-07-05 06:31:36.484 [info] Got 1 sessions for ...
2026-07-05 06:31:36.963 [info] Getting sessions for all scopes...
2026-07-05 06:31:36.963 [info] Got 1 sessions for ...
2026-07-05 06:31:36.963 [info] Getting sessions for all scopes...
2026-07-05 06:31:36.963 [info] Got 1 sessions for ...
2026-07-05 06:34:56.505 [info] Getting sessions for all scopes...
2026-07-05 06:34:56.505 [info] Got 1 sessions for ...
2026-07-05 06:34:56.506 [info] Getting sessions for all scopes...
2026-07-05 06:34:56.506 [info] Got 1 sessions for ...
2026-07-05 06:36:27.602 [info] Getting sessions for all scopes...
2026-07-05 06:36:27.602 [info] Got 1 sessions for ...
2026-07-05 06:36:27.602 [info] Getting sessions for all scopes...
2026-07-05 06:36:27.602 [info] Got 1 sessions for ...
2026-07-05 06:44:03.957 [info] Getting sessions for all scopes...
2026-07-05 06:44:03.957 [info] Got 1 sessions for ...
2026-07-05 06:44:03.962 [info] Getting sessions for all scopes...
2026-07-05 06:44:03.962 [info] Got 1 sessions for ...
2026-07-05 06:44:04.372 [info] Getting sessions for all scopes...
2026-07-05 06:44:04.372 [info] Got 1 sessions for ...
2026-07-05 06:44:04.373 [info] Getting sessions for all scopes...
2026-07-05 06:44:04.374 [info] Got 1 sessions for ...
2026-07-05 06:44:30.819 [info] Getting sessions for all scopes...
2026-07-05 06:44:30.819 [info] Got 1 sessions for ...
2026-07-05 06:44:30.820 [info] Getting sessions for all scopes...
2026-07-05 06:44:30.820 [info] Got 1 sessions for ...
2026-07-05 06:47:21.582 [info] Getting sessions for all scopes...
2026-07-05 06:47:21.582 [info] Got 1 sessions for ...
2026-07-05 06:47:21.602 [info] Getting sessions for all scopes...
2026-07-05 06:47:21.602 [info] Got 1 sessions for ...
2026-07-05 06:50:41.846 [info] Getting sessions for all scopes...
2026-07-05 06:50:41.846 [info] Got 1 sessions for ...
2026-07-05 06:50:41.847 [info] Getting sessions for all scopes...
2026-07-05 06:50:41.847 [info] Got 1 sessions for ...
2026-07-05 06:51:02.605 [info] Getting sessions for all scopes...
2026-07-05 06:51:02.605 [info] Got 1 sessions for ...
2026-07-05 06:51:02.606 [info] Getting sessions for all scopes...
2026-07-05 06:51:02.606 [info] Got 1 sessions for ...
2026-07-05 06:52:19.409 [info] Getting sessions for all scopes...
2026-07-05 06:52:19.409 [info] Got 1 sessions for ...
2026-07-05 06:52:19.411 [info] Getting sessions for all scopes...
2026-07-05 06:52:19.411 [info] Got 1 sessions for ...
2026-07-05 06:52:25.106 [info] Getting sessions for all scopes...
2026-07-05 06:52:25.106 [info] Got 1 sessions for ...
2026-07-05 06:52:25.111 [info] Getting sessions for all scopes...
2026-07-05 06:52:25.111 [info] Got 1 sessions for ...
2026-07-05 06:53:12.532 [info] Getting sessions for all scopes...
2026-07-05 06:53:12.532 [info] Got 1 sessions for ...
2026-07-05 06:53:12.532 [info] Getting sessions for all scopes...
2026-07-05 06:53:12.532 [info] Got 1 sessions for ...
2026-07-05 06:53:35.312 [info] Getting sessions for all scopes...
2026-07-05 06:53:35.312 [info] Got 1 sessions for ...
2026-07-05 06:53:35.315 [info] Getting sessions for all scopes...
2026-07-05 06:53:35.315 [info] Got 1 sessions for ...
2026-07-05 06:53:38.070 [info] Getting sessions for all scopes...
2026-07-05 06:53:38.070 [info] Got 1 sessions for ...
2026-07-05 06:53:38.071 [info] Getting sessions for all scopes...
2026-07-05 06:53:38.071 [info] Got 1 sessions for ...
2026-07-05 06:53:44.248 [info] Getting sessions for all scopes...
2026-07-05 06:53:44.248 [info] Got 1 sessions for ...
2026-07-05 06:53:44.252 [info] Getting sessions for all scopes...
2026-07-05 06:53:44.252 [info] Got 1 sessions for ...
2026-07-05 06:53:59.516 [info] Getting sessions for all scopes...
2026-07-05 06:53:59.516 [info] Got 1 sessions for ...
2026-07-05 06:53:59.518 [info] Getting sessions for all scopes...
2026-07-05 06:53:59.518 [info] Got 1 sessions for ...
2026-07-05 06:56:13.070 [info] Getting sessions for all scopes...
2026-07-05 06:56:13.070 [info] Got 1 sessions for ...
2026-07-05 06:56:13.070 [info] Getting sessions for all scopes...
2026-07-05 06:56:13.070 [info] Got 1 sessions for ...
2026-07-05 06:56:15.738 [info] Getting sessions for all scopes...
2026-07-05 06:56:15.738 [info] Got 1 sessions for ...
2026-07-05 06:56:15.823 [info] Getting sessions for all scopes...
2026-07-05 06:56:15.823 [info] Got 1 sessions for ...
2026-07-05 06:56:25.482 [info] Getting sessions for all scopes...
2026-07-05 06:56:25.482 [info] Got 1 sessions for ...
2026-07-05 06:56:25.487 [info] Getting sessions for all scopes...
2026-07-05 06:56:25.488 [info] Got 1 sessions for ...
2026-07-05 06:56:35.823 [info] Getting sessions for all scopes...
2026-07-05 06:56:35.823 [info] Got 1 sessions for ...
2026-07-05 06:56:35.824 [info] Getting sessions for all scopes...
2026-07-05 06:56:35.824 [info] Got 1 sessions for ...
2026-07-05 06:57:56.695 [info] Getting sessions for all scopes...
2026-07-05 06:57:56.695 [info] Got 1 sessions for ...
2026-07-05 06:57:56.703 [info] Getting sessions for all scopes...
2026-07-05 06:57:56.703 [info] Got 1 sessions for ...
2026-07-05 06:58:00.877 [info] Getting sessions for all scopes...
2026-07-05 06:58:00.878 [info] Got 1 sessions for ...
2026-07-05 06:58:00.878 [info] Getting sessions for all scopes...
2026-07-05 06:58:00.878 [info] Got 1 sessions for ...
2026-07-05 07:03:07.402 [info] Getting sessions for all scopes...
2026-07-05 07:03:07.402 [info] Got 1 sessions for ...
2026-07-05 07:03:07.418 [info] Getting sessions for all scopes...
2026-07-05 07:03:07.418 [info] Got 1 sessions for ...
2026-07-05 07:03:50.366 [info] Getting sessions for all scopes...
2026-07-05 07:03:50.366 [info] Got 1 sessions for ...
2026-07-05 07:03:50.367 [info] Getting sessions for all scopes...
2026-07-05 07:03:50.367 [info] Got 1 sessions for ...
2026-07-05 07:03:50.717 [info] Getting sessions for all scopes...
2026-07-05 07:03:50.718 [info] Got 1 sessions for ...
2026-07-05 07:03:50.718 [info] Getting sessions for all scopes...
2026-07-05 07:03:50.718 [info] Got 1 sessions for ...
2026-07-05 07:04:04.097 [info] Getting sessions for all scopes...
2026-07-05 07:04:04.097 [info] Got 1 sessions for ...
2026-07-05 07:04:04.097 [info] Getting sessions for all scopes...
2026-07-05 07:04:04.097 [info] Got 1 sessions for ...
2026-07-05 07:12:57.953 [info] Getting sessions for all scopes...
2026-07-05 07:12:57.953 [info] Got 1 sessions for ...
2026-07-05 07:12:57.958 [info] Getting sessions for all scopes...
2026-07-05 07:12:57.958 [info] Got 1 sessions for ...
2026-07-05 07:14:32.573 [info] Getting sessions for all scopes...
2026-07-05 07:14:32.573 [info] Got 1 sessions for ...
2026-07-05 07:14:32.573 [info] Getting sessions for all scopes...
2026-07-05 07:14:32.573 [info] Got 1 sessions for ...
2026-07-05 07:14:32.912 [info] Getting sessions for all scopes...
2026-07-05 07:14:32.913 [info] Got 1 sessions for ...
2026-07-05 07:14:32.913 [info] Getting sessions for all scopes...
2026-07-05 07:14:32.913 [info] Got 1 sessions for ...
2026-07-05 07:15:10.251 [info] Getting sessions for all scopes...
2026-07-05 07:15:10.251 [info] Got 1 sessions for ...
2026-07-05 07:15:10.253 [info] Getting sessions for all scopes...
2026-07-05 07:15:10.253 [info] Got 1 sessions for ...
2026-07-05 07:16:08.203 [info] Getting sessions for all scopes...
2026-07-05 07:16:08.203 [info] Got 1 sessions for ...
2026-07-05 07:16:08.204 [info] Getting sessions for all scopes...
2026-07-05 07:16:08.204 [info] Got 1 sessions for ...
2026-07-05 07:16:58.609 [info] Getting sessions for all scopes...
2026-07-05 07:16:58.609 [info] Got 1 sessions for ...
2026-07-05 07:16:58.610 [info] Getting sessions for all scopes...
2026-07-05 07:16:58.610 [info] Got 1 sessions for ...
2026-07-05 07:19:05.821 [info] Getting sessions for all scopes...
2026-07-05 07:19:05.821 [info] Got 1 sessions for ...
2026-07-05 07:19:05.824 [info] Getting sessions for all scopes...
2026-07-05 07:19:05.824 [info] Got 1 sessions for ...
2026-07-05 07:19:15.775 [info] Getting sessions for all scopes...
2026-07-05 07:19:15.775 [info] Got 1 sessions for ...
2026-07-05 07:19:15.777 [info] Getting sessions for all scopes...
2026-07-05 07:19:15.777 [info] Got 1 sessions for ...
2026-07-05 07:19:55.381 [info] Getting sessions for all scopes...
2026-07-05 07:19:55.381 [info] Got 1 sessions for ...
2026-07-05 07:19:55.383 [info] Getting sessions for all scopes...
2026-07-05 07:19:55.383 [info] Got 1 sessions for ...
2026-07-05 07:20:03.778 [info] Getting sessions for all scopes...
2026-07-05 07:20:03.778 [info] Got 1 sessions for ...
2026-07-05 07:20:03.779 [info] Getting sessions for all scopes...
2026-07-05 07:20:03.779 [info] Got 1 sessions for ...
2026-07-05 07:21:19.139 [info] Getting sessions for all scopes...
2026-07-05 07:21:19.139 [info] Got 1 sessions for ...
2026-07-05 07:21:19.142 [info] Getting sessions for all scopes...
2026-07-05 07:21:19.142 [info] Got 1 sessions for ...
2026-07-05 07:22:08.627 [info] Getting sessions for all scopes...
2026-07-05 07:22:08.627 [info] Got 1 sessions for ...
2026-07-05 07:22:08.628 [info] Getting sessions for all scopes...
2026-07-05 07:22:08.628 [info] Got 1 sessions for ...
2026-07-05 07:22:18.604 [info] Getting sessions for all scopes...
2026-07-05 07:22:18.604 [info] Got 1 sessions for ...
2026-07-05 07:22:18.605 [info] Getting sessions for all scopes...
2026-07-05 07:22:18.605 [info] Got 1 sessions for ...
2026-07-05 07:23:04.839 [info] Getting sessions for all scopes...
2026-07-05 07:23:04.839 [info] Got 1 sessions for ...
2026-07-05 07:23:04.840 [info] Getting sessions for all scopes...
2026-07-05 07:23:04.840 [info] Got 1 sessions for ...
2026-07-05 07:23:43.361 [info] Getting sessions for all scopes...
2026-07-05 07:23:43.361 [info] Got 1 sessions for ...
2026-07-05 07:23:43.367 [info] Getting sessions for all scopes...
2026-07-05 07:23:43.367 [info] Got 1 sessions for ...
2026-07-05 07:24:05.294 [info] Getting sessions for all scopes...
2026-07-05 07:24:05.294 [info] Got 1 sessions for ...
2026-07-05 07:24:05.295 [info] Getting sessions for all scopes...
2026-07-05 07:24:05.295 [info] Got 1 sessions for ...
2026-07-05 07:24:25.931 [info] Getting sessions for all scopes...
2026-07-05 07:24:25.931 [info] Got 1 sessions for ...
2026-07-05 07:24:25.932 [info] Getting sessions for all scopes...
2026-07-05 07:24:25.932 [info] Got 1 sessions for ...
2026-07-05 07:24:35.005 [info] Getting sessions for all scopes...
2026-07-05 07:24:35.005 [info] Got 1 sessions for ...
2026-07-05 07:24:35.006 [info] Getting sessions for all scopes...
2026-07-05 07:24:35.006 [info] Got 1 sessions for ...
2026-07-05 07:24:39.027 [info] Getting sessions for all scopes...
2026-07-05 07:24:39.027 [info] Got 1 sessions for ...
2026-07-05 07:24:39.027 [info] Getting sessions for all scopes...
2026-07-05 07:24:39.028 [info] Got 1 sessions for ...
2026-07-05 07:24:40.089 [info] Getting sessions for all scopes...
2026-07-05 07:24:40.089 [info] Got 1 sessions for ...
2026-07-05 07:24:40.089 [info] Getting sessions for all scopes...
2026-07-05 07:24:40.089 [info] Got 1 sessions for ...
2026-07-05 07:24:40.576 [info] Getting sessions for all scopes...
2026-07-05 07:24:40.576 [info] Got 1 sessions for ...
2026-07-05 07:24:40.577 [info] Getting sessions for all scopes...
2026-07-05 07:24:40.577 [info] Got 1 sessions for ...
2026-07-05 07:24:41.033 [info] Getting sessions for all scopes...
2026-07-05 07:24:41.033 [info] Got 1 sessions for ...
2026-07-05 07:24:41.034 [info] Getting sessions for all scopes...
2026-07-05 07:24:41.034 [info] Got 1 sessions for ...
2026-07-05 07:24:51.315 [info] Getting sessions for all scopes...
2026-07-05 07:24:51.315 [info] Got 1 sessions for ...
2026-07-05 07:24:51.315 [info] Getting sessions for all scopes...
2026-07-05 07:24:51.315 [info] Got 1 sessions for ...
2026-07-05 07:26:36.198 [info] Getting sessions for all scopes...
2026-07-05 07:26:36.198 [info] Got 1 sessions for ...
2026-07-05 07:26:36.207 [info] Getting sessions for all scopes...
2026-07-05 07:26:36.208 [info] Got 1 sessions for ...
2026-07-05 07:27:42.896 [info] Getting sessions for all scopes...
2026-07-05 07:27:42.896 [info] Got 1 sessions for ...
2026-07-05 07:27:42.898 [info] Getting sessions for all scopes...
2026-07-05 07:27:42.898 [info] Got 1 sessions for ...
2026-07-05 07:27:43.910 [info] Getting sessions for all scopes...
2026-07-05 07:27:43.910 [info] Got 1 sessions for ...
2026-07-05 07:27:43.912 [info] Getting sessions for all scopes...
2026-07-05 07:27:43.912 [info] Got 1 sessions for ...
2026-07-05 07:27:44.317 [info] Getting sessions for all scopes...
2026-07-05 07:27:44.317 [info] Got 1 sessions for ...
2026-07-05 07:27:44.338 [info] Getting sessions for all scopes...
2026-07-05 07:27:44.338 [info] Got 1 sessions for ...
2026-07-05 07:27:44.625 [info] Getting sessions for all scopes...
2026-07-05 07:27:44.625 [info] Got 1 sessions for ...
2026-07-05 07:27:44.626 [info] Getting sessions for all scopes...
2026-07-05 07:27:44.626 [info] Got 1 sessions for ...
2026-07-05 07:27:44.985 [info] Getting sessions for all scopes...
2026-07-05 07:27:44.985 [info] Got 1 sessions for ...
2026-07-05 07:27:44.985 [info] Getting sessions for all scopes...
2026-07-05 07:27:44.985 [info] Got 1 sessions for ...
2026-07-05 07:27:45.348 [info] Getting sessions for all scopes...
2026-07-05 07:27:45.348 [info] Got 1 sessions for ...
2026-07-05 07:27:45.350 [info] Getting sessions for all scopes...
2026-07-05 07:27:45.350 [info] Got 1 sessions for ...
2026-07-05 07:27:46.177 [info] Getting sessions for all scopes...
2026-07-05 07:27:46.177 [info] Got 1 sessions for ...
2026-07-05 07:27:46.178 [info] Getting sessions for all scopes...
2026-07-05 07:27:46.178 [info] Got 1 sessions for ...
2026-07-05 07:27:48.121 [info] Getting sessions for all scopes...
2026-07-05 07:27:48.121 [info] Got 1 sessions for ...
2026-07-05 07:27:48.121 [info] Getting sessions for all scopes...
2026-07-05 07:27:48.121 [info] Got 1 sessions for ...
2026-07-05 07:29:00.892 [info] Getting sessions for all scopes...
2026-07-05 07:29:00.893 [info] Got 1 sessions for ...
2026-07-05 07:29:00.894 [info] Getting sessions for all scopes...
2026-07-05 07:29:00.894 [info] Got 1 sessions for ...
2026-07-05 07:29:11.363 [info] Getting sessions for all scopes...
2026-07-05 07:29:11.363 [info] Got 1 sessions for ...
2026-07-05 07:29:11.366 [info] Getting sessions for all scopes...
2026-07-05 07:29:11.366 [info] Got 1 sessions for ...
2026-07-05 08:10:54.126 [info] Getting sessions for all scopes...
2026-07-05 08:10:54.126 [info] Got 1 sessions for ...
2026-07-05 08:10:54.127 [info] Getting sessions for all scopes...
2026-07-05 08:10:54.127 [info] Got 1 sessions for ...
2026-07-05 08:11:17.656 [info] Getting sessions for all scopes...
2026-07-05 08:11:17.656 [info] Got 1 sessions for ...
2026-07-05 08:11:17.657 [info] Getting sessions for all scopes...
2026-07-05 08:11:17.657 [info] Got 1 sessions for ...
2026-07-05 08:11:21.101 [info] Getting sessions for all scopes...
2026-07-05 08:11:21.101 [info] Got 1 sessions for ...
2026-07-05 08:11:21.104 [info] Getting sessions for all scopes...
2026-07-05 08:11:21.104 [info] Got 1 sessions for ...
2026-07-05 08:12:52.238 [info] Getting sessions for all scopes...
2026-07-05 08:12:52.238 [info] Got 1 sessions for ...
2026-07-05 08:12:52.238 [info] Getting sessions for all scopes...
2026-07-05 08:12:52.238 [info] Got 1 sessions for ...
2026-07-05 08:13:09.208 [info] Getting sessions for all scopes...
2026-07-05 08:13:09.208 [info] Got 1 sessions for ...
2026-07-05 08:13:09.209 [info] Getting sessions for all scopes...
2026-07-05 08:13:09.209 [info] Got 1 sessions for ...
2026-07-05 08:13:11.421 [info] Getting sessions for all scopes...
2026-07-05 08:13:11.421 [info] Got 1 sessions for ...
2026-07-05 08:13:11.423 [info] Getting sessions for all scopes...
2026-07-05 08:13:11.423 [info] Got 1 sessions for ...
2026-07-05 08:13:12.510 [info] Getting sessions for all scopes...
2026-07-05 08:13:12.510 [info] Got 1 sessions for ...
2026-07-05 08:13:12.516 [info] Getting sessions for all scopes...
2026-07-05 08:13:12.516 [info] Got 1 sessions for ...
2026-07-05 08:13:31.794 [info] Getting sessions for all scopes...
2026-07-05 08:13:31.795 [info] Got 1 sessions for ...
2026-07-05 08:13:31.800 [info] Getting sessions for all scopes...
2026-07-05 08:13:31.800 [info] Got 1 sessions for ...
2026-07-05 08:15:47.444 [info] Getting sessions for all scopes...
2026-07-05 08:15:47.444 [info] Got 1 sessions for ...
2026-07-05 08:15:47.454 [info] Getting sessions for all scopes...
2026-07-05 08:15:47.454 [info] Got 1 sessions for ...
2026-07-05 08:15:47.829 [info] Getting sessions for all scopes...
2026-07-05 08:15:47.829 [info] Got 1 sessions for ...
2026-07-05 08:15:47.838 [info] Getting sessions for all scopes...
2026-07-05 08:15:47.838 [info] Got 1 sessions for ...
2026-07-05 08:15:49.616 [info] Getting sessions for all scopes...
2026-07-05 08:15:49.617 [info] Got 1 sessions for ...
2026-07-05 08:15:49.620 [info] Getting sessions for all scopes...
2026-07-05 08:15:49.620 [info] Got 1 sessions for ...
2026-07-05 08:16:23.319 [info] Getting sessions for all scopes...
2026-07-05 08:16:23.319 [info] Got 1 sessions for ...
2026-07-05 08:16:23.331 [info] Getting sessions for all scopes...
2026-07-05 08:16:23.331 [info] Got 1 sessions for ...
2026-07-05 08:16:29.294 [info] Getting sessions for all scopes...
2026-07-05 08:16:29.294 [info] Got 1 sessions for ...
2026-07-05 08:16:29.295 [info] Getting sessions for all scopes...
2026-07-05 08:16:29.295 [info] Got 1 sessions for ...
2026-07-05 08:20:09.334 [info] Getting sessions for all scopes...
2026-07-05 08:20:09.334 [info] Got 1 sessions for ...
2026-07-05 08:20:09.381 [info] Getting sessions for all scopes...
2026-07-05 08:20:09.381 [info] Got 1 sessions for ...
2026-07-05 08:22:31.560 [info] Getting sessions for all scopes...
2026-07-05 08:22:31.560 [info] Got 1 sessions for ...
2026-07-05 08:22:31.560 [info] Getting sessions for all scopes...
2026-07-05 08:22:31.560 [info] Got 1 sessions for ...
2026-07-05 08:22:40.770 [info] Getting sessions for all scopes...
2026-07-05 08:22:40.770 [info] Got 1 sessions for ...
2026-07-05 08:22:40.771 [info] Getting sessions for all scopes...
2026-07-05 08:22:40.771 [info] Got 1 sessions for ...
2026-07-05 08:23:12.502 [info] Getting sessions for all scopes...
2026-07-05 08:23:12.502 [info] Got 1 sessions for ...
2026-07-05 08:23:12.548 [info] Getting sessions for all scopes...
2026-07-05 08:23:12.548 [info] Got 1 sessions for ...
2026-07-05 08:25:57.360 [info] Getting sessions for all scopes...
2026-07-05 08:25:57.361 [info] Got 1 sessions for ...
2026-07-05 08:25:57.365 [info] Getting sessions for all scopes...
2026-07-05 08:25:57.365 [info] Got 1 sessions for ...
2026-07-05 08:28:40.314 [info] Getting sessions for all scopes...
2026-07-05 08:28:40.314 [info] Got 1 sessions for ...
2026-07-05 08:28:40.314 [info] Getting sessions for all scopes...
2026-07-05 08:28:40.314 [info] Got 1 sessions for ...
2026-07-05 08:28:43.138 [info] Getting sessions for all scopes...
2026-07-05 08:28:43.138 [info] Got 1 sessions for ...
2026-07-05 08:28:43.139 [info] Getting sessions for all scopes...
2026-07-05 08:28:43.139 [info] Got 1 sessions for ...
2026-07-05 08:30:18.529 [info] Getting sessions for all scopes...
2026-07-05 08:30:18.529 [info] Got 1 sessions for ...
2026-07-05 08:30:18.530 [info] Getting sessions for all scopes...
2026-07-05 08:30:18.530 [info] Got 1 sessions for ...
2026-07-05 08:31:57.920 [info] Getting sessions for all scopes...
2026-07-05 08:31:57.921 [info] Got 1 sessions for ...
2026-07-05 08:31:57.939 [info] Getting sessions for all scopes...
2026-07-05 08:31:57.939 [info] Got 1 sessions for ...
2026-07-05 08:33:23.056 [info] Getting sessions for all scopes...
2026-07-05 08:33:23.056 [info] Got 1 sessions for ...
2026-07-05 08:33:23.056 [info] Getting sessions for all scopes...
2026-07-05 08:33:23.056 [info] Got 1 sessions for ...
2026-07-05 08:34:15.717 [info] Getting sessions for all scopes...
2026-07-05 08:34:15.717 [info] Got 1 sessions for ...
2026-07-05 08:34:15.718 [info] Getting sessions for all scopes...
2026-07-05 08:34:15.718 [info] Got 1 sessions for ...
2026-07-05 08:35:43.905 [info] Getting sessions for all scopes...
2026-07-05 08:35:43.905 [info] Got 1 sessions for ...
2026-07-05 08:35:43.905 [info] Getting sessions for all scopes...
2026-07-05 08:35:43.905 [info] Got 1 sessions for ...
2026-07-05 08:36:47.716 [info] Getting sessions for all scopes...
2026-07-05 08:36:47.717 [info] Got 1 sessions for ...
2026-07-05 08:36:47.718 [info] Getting sessions for all scopes...
2026-07-05 08:36:47.718 [info] Got 1 sessions for ...
2026-07-05 08:42:27.745 [info] Getting sessions for all scopes...
2026-07-05 08:42:27.745 [info] Got 1 sessions for ...
2026-07-05 08:42:27.751 [info] Getting sessions for all scopes...
2026-07-05 08:42:27.751 [info] Got 1 sessions for ...
2026-07-05 08:42:45.483 [info] Getting sessions for all scopes...
2026-07-05 08:42:45.484 [info] Got 1 sessions for ...
2026-07-05 08:42:45.484 [info] Getting sessions for all scopes...
2026-07-05 08:42:45.484 [info] Got 1 sessions for ...
2026-07-05 08:46:47.758 [info] Getting sessions for all scopes...
2026-07-05 08:46:47.758 [info] Got 1 sessions for ...
2026-07-05 08:46:47.788 [info] Getting sessions for all scopes...
2026-07-05 08:46:47.788 [info] Got 1 sessions for ...
2026-07-05 08:47:13.001 [info] Getting sessions for all scopes...
2026-07-05 08:47:13.001 [info] Got 1 sessions for ...
2026-07-05 08:47:13.002 [info] Getting sessions for all scopes...
2026-07-05 08:47:13.002 [info] Got 1 sessions for ...
2026-07-05 08:51:58.934 [info] Getting sessions for all scopes...
2026-07-05 08:51:58.934 [info] Got 1 sessions for ...
2026-07-05 08:51:58.986 [info] Getting sessions for all scopes...
2026-07-05 08:51:58.986 [info] Got 1 sessions for ...
2026-07-05 08:52:29.356 [info] Getting sessions for all scopes...
2026-07-05 08:52:29.356 [info] Got 1 sessions for ...
2026-07-05 08:52:29.357 [info] Getting sessions for all scopes...
2026-07-05 08:52:29.357 [info] Got 1 sessions for ...
2026-07-05 08:52:30.498 [info] Getting sessions for all scopes...
2026-07-05 08:52:30.498 [info] Got 1 sessions for ...
2026-07-05 08:52:30.499 [info] Getting sessions for all scopes...
2026-07-05 08:52:30.499 [info] Got 1 sessions for ...
2026-07-05 08:54:21.280 [info] Getting sessions for all scopes...
2026-07-05 08:54:21.280 [info] Got 1 sessions for ...
2026-07-05 08:54:21.282 [info] Getting sessions for all scopes...
2026-07-05 08:54:21.282 [info] Got 1 sessions for ...
2026-07-05 08:54:50.419 [info] Getting sessions for all scopes...
2026-07-05 08:54:50.419 [info] Got 1 sessions for ...
2026-07-05 08:54:50.419 [info] Getting sessions for all scopes...
2026-07-05 08:54:50.419 [info] Got 1 sessions for ...
2026-07-05 08:57:12.244 [info] Getting sessions for all scopes...
2026-07-05 08:57:12.245 [info] Got 1 sessions for ...
2026-07-05 08:57:12.250 [info] Getting sessions for all scopes...
2026-07-05 08:57:12.251 [info] Got 1 sessions for ...
2026-07-05 08:57:29.293 [info] Getting sessions for all scopes...
2026-07-05 08:57:29.293 [info] Got 1 sessions for ...
2026-07-05 08:57:29.303 [info] Getting sessions for all scopes...
2026-07-05 08:57:29.303 [info] Got 1 sessions for ...
2026-07-05 08:57:35.836 [info] Getting sessions for all scopes...
2026-07-05 08:57:35.836 [info] Got 1 sessions for ...
2026-07-05 08:57:35.846 [info] Getting sessions for all scopes...
2026-07-05 08:57:35.846 [info] Got 1 sessions for ...
2026-07-05 08:58:15.033 [info] Getting sessions for all scopes...
2026-07-05 08:58:15.033 [info] Got 1 sessions for ...
2026-07-05 08:58:15.036 [info] Getting sessions for all scopes...
2026-07-05 08:58:15.036 [info] Got 1 sessions for ...
2026-07-05 09:00:12.846 [info] Getting sessions for all scopes...
2026-07-05 09:00:12.847 [info] Got 1 sessions for ...
2026-07-05 09:00:12.856 [info] Getting sessions for all scopes...
2026-07-05 09:00:12.856 [info] Got 1 sessions for ...
2026-07-05 09:00:13.603 [info] Getting sessions for all scopes...
2026-07-05 09:00:13.603 [info] Got 1 sessions for ...
2026-07-05 09:00:13.604 [info] Getting sessions for all scopes...
2026-07-05 09:00:13.604 [info] Got 1 sessions for ...
2026-07-05 09:04:00.961 [info] Getting sessions for all scopes...
2026-07-05 09:04:00.961 [info] Got 1 sessions for ...
2026-07-05 09:04:00.964 [info] Getting sessions for all scopes...
2026-07-05 09:04:00.964 [info] Got 1 sessions for ...
2026-07-05 09:04:09.545 [info] Getting sessions for all scopes...
2026-07-05 09:04:09.545 [info] Got 1 sessions for ...
2026-07-05 09:04:09.548 [info] Getting sessions for all scopes...
2026-07-05 09:04:09.548 [info] Got 1 sessions for ...
2026-07-05 09:04:51.853 [info] Getting sessions for all scopes...
2026-07-05 09:04:51.853 [info] Got 1 sessions for ...
2026-07-05 09:04:51.853 [info] Getting sessions for all scopes...
2026-07-05 09:04:51.853 [info] Got 1 sessions for ...
2026-07-05 09:05:44.008 [info] Getting sessions for all scopes...
2026-07-05 09:05:44.008 [info] Got 1 sessions for ...
2026-07-05 09:05:44.010 [info] Getting sessions for all scopes...
2026-07-05 09:05:44.010 [info] Got 1 sessions for ...
2026-07-05 09:06:49.577 [info] Getting sessions for all scopes...
2026-07-05 09:06:49.578 [info] Got 1 sessions for ...
2026-07-05 09:06:49.578 [info] Getting sessions for all scopes...
2026-07-05 09:06:49.578 [info] Got 1 sessions for ...
2026-07-05 09:06:51.603 [info] Getting sessions for all scopes...
2026-07-05 09:06:51.603 [info] Got 1 sessions for ...
2026-07-05 09:06:51.603 [info] Getting sessions for all scopes...
2026-07-05 09:06:51.603 [info] Got 1 sessions for ...
2026-07-05 09:06:52.263 [info] Getting sessions for all scopes...
2026-07-05 09:06:52.263 [info] Got 1 sessions for ...
2026-07-05 09:06:52.267 [info] Getting sessions for all scopes...
2026-07-05 09:06:52.268 [info] Got 1 sessions for ...
2026-07-05 10:11:10.884 [info] Getting sessions for all scopes...
2026-07-05 10:11:10.884 [info] Got 1 sessions for ...
2026-07-05 10:11:10.885 [info] Getting sessions for all scopes...
2026-07-05 10:11:10.885 [info] Got 1 sessions for ...
2026-07-05 10:11:17.354 [info] Getting sessions for all scopes...
2026-07-05 10:11:17.354 [info] Got 1 sessions for ...
2026-07-05 10:11:17.354 [info] Getting sessions for all scopes...
2026-07-05 10:11:17.354 [info] Got 1 sessions for ...
2026-07-05 10:11:20.080 [info] Getting sessions for all scopes...
2026-07-05 10:11:20.080 [info] Got 1 sessions for ...
2026-07-05 10:11:20.081 [info] Getting sessions for all scopes...
2026-07-05 10:11:20.081 [info] Got 1 sessions for ...
2026-07-05 10:11:26.132 [info] Getting sessions for all scopes...
2026-07-05 10:11:26.132 [info] Got 1 sessions for ...
2026-07-05 10:11:26.132 [info] Getting sessions for all scopes...
2026-07-05 10:11:26.132 [info] Got 1 sessions for ...
2026-07-05 10:12:34.075 [info] Getting sessions for all scopes...
2026-07-05 10:12:34.075 [info] Got 1 sessions for ...
2026-07-05 10:12:34.082 [info] Getting sessions for all scopes...
2026-07-05 10:12:34.082 [info] Got 1 sessions for ...
2026-07-05 10:12:42.810 [info] Getting sessions for all scopes...
2026-07-05 10:12:42.810 [info] Got 1 sessions for ...
2026-07-05 10:12:42.811 [info] Getting sessions for all scopes...
2026-07-05 10:12:42.811 [info] Got 1 sessions for ...
2026-07-05 10:13:06.962 [info] Getting sessions for all scopes...
2026-07-05 10:13:06.962 [info] Got 1 sessions for ...
2026-07-05 10:13:06.967 [info] Getting sessions for all scopes...
2026-07-05 10:13:06.967 [info] Got 1 sessions for ...
2026-07-05 10:13:08.326 [info] Getting sessions for all scopes...
2026-07-05 10:13:08.326 [info] Got 1 sessions for ...
2026-07-05 10:13:08.336 [info] Getting sessions for all scopes...
2026-07-05 10:13:08.336 [info] Got 1 sessions for ...
2026-07-05 10:17:58.637 [info] Getting sessions for all scopes...
2026-07-05 10:17:58.637 [info] Got 1 sessions for ...
2026-07-05 10:17:58.637 [info] Getting sessions for all scopes...
2026-07-05 10:17:58.638 [info] Got 1 sessions for ...
2026-07-05 10:18:13.104 [info] Getting sessions for all scopes...
2026-07-05 10:18:13.104 [info] Got 1 sessions for ...
2026-07-05 10:18:13.105 [info] Getting sessions for all scopes...
2026-07-05 10:18:13.105 [info] Got 1 sessions for ...
2026-07-05 10:18:23.571 [info] Getting sessions for all scopes...
2026-07-05 10:18:23.571 [info] Got 1 sessions for ...
2026-07-05 10:18:23.571 [info] Getting sessions for all scopes...
2026-07-05 10:18:23.571 [info] Got 1 sessions for ...
2026-07-05 10:19:33.506 [info] Getting sessions for all scopes...
2026-07-05 10:19:33.506 [info] Got 1 sessions for ...
2026-07-05 10:19:33.508 [info] Getting sessions for all scopes...
2026-07-05 10:19:33.508 [info] Got 1 sessions for ...
2026-07-05 10:19:35.054 [info] Getting sessions for all scopes...
2026-07-05 10:19:35.054 [info] Got 1 sessions for ...
2026-07-05 10:19:35.055 [info] Getting sessions for all scopes...
2026-07-05 10:19:35.056 [info] Got 1 sessions for ...
2026-07-05 10:20:03.186 [info] Getting sessions for all scopes...
2026-07-05 10:20:03.186 [info] Got 1 sessions for ...
2026-07-05 10:20:03.188 [info] Getting sessions for all scopes...
2026-07-05 10:20:03.188 [info] Got 1 sessions for ...
2026-07-05 10:20:28.459 [info] Getting sessions for all scopes...
2026-07-05 10:20:28.459 [info] Got 1 sessions for ...
2026-07-05 10:20:28.459 [info] Getting sessions for all scopes...
2026-07-05 10:20:28.459 [info] Got 1 sessions for ...
2026-07-05 10:20:30.971 [info] Getting sessions for all scopes...
2026-07-05 10:20:30.971 [info] Got 1 sessions for ...
2026-07-05 10:20:30.972 [info] Getting sessions for all scopes...
2026-07-05 10:20:30.972 [info] Got 1 sessions for ...
2026-07-05 10:21:22.878 [info] Getting sessions for all scopes...
2026-07-05 10:21:22.878 [info] Got 1 sessions for ...
2026-07-05 10:21:22.878 [info] Getting sessions for all scopes...
2026-07-05 10:21:22.878 [info] Got 1 sessions for ...
2026-07-05 10:23:10.344 [info] Getting sessions for all scopes...
2026-07-05 10:23:10.344 [info] Got 1 sessions for ...
2026-07-05 10:23:10.347 [info] Getting sessions for all scopes...
2026-07-05 10:23:10.347 [info] Got 1 sessions for ...
2026-07-05 10:23:13.086 [info] Getting sessions for all scopes...
2026-07-05 10:23:13.086 [info] Got 1 sessions for ...
2026-07-05 10:23:13.086 [info] Getting sessions for all scopes...
2026-07-05 10:23:13.086 [info] Got 1 sessions for ...
2026-07-05 10:23:14.701 [info] Getting sessions for all scopes...
2026-07-05 10:23:14.701 [info] Got 1 sessions for ...
2026-07-05 10:23:14.702 [info] Getting sessions for all scopes...
2026-07-05 10:23:14.702 [info] Got 1 sessions for ...
2026-07-05 10:23:29.688 [info] Getting sessions for all scopes...
2026-07-05 10:23:29.688 [info] Got 1 sessions for ...
2026-07-05 10:23:29.689 [info] Getting sessions for all scopes...
2026-07-05 10:23:29.689 [info] Got 1 sessions for ...
2026-07-05 10:25:34.444 [info] Getting sessions for all scopes...
2026-07-05 10:25:34.444 [info] Got 1 sessions for ...
2026-07-05 10:25:34.446 [info] Getting sessions for all scopes...
2026-07-05 10:25:34.446 [info] Got 1 sessions for ...
2026-07-05 10:28:56.962 [info] Getting sessions for all scopes...
2026-07-05 10:28:56.962 [info] Got 1 sessions for ...
2026-07-05 10:28:56.969 [info] Getting sessions for all scopes...
2026-07-05 10:28:56.969 [info] Got 1 sessions for ...
2026-07-05 10:29:07.191 [info] Getting sessions for all scopes...
2026-07-05 10:29:07.191 [info] Got 1 sessions for ...
2026-07-05 10:29:07.192 [info] Getting sessions for all scopes...
2026-07-05 10:29:07.192 [info] Got 1 sessions for ...
2026-07-05 10:30:14.793 [info] Getting sessions for all scopes...
2026-07-05 10:30:14.793 [info] Got 1 sessions for ...
2026-07-05 10:30:14.794 [info] Getting sessions for all scopes...
2026-07-05 10:30:14.794 [info] Got 1 sessions for ...
