2026-07-06 07:35:16.860 [info] [main] Log level: Info
2026-07-06 07:35:16.860 [info] [main] Validating found git in: "git"
2026-07-06 07:35:16.860 [info] [main] Using git "2.55.0" from "git"
2026-07-06 07:35:16.860 [info] [Model][doInitialScan] Initial repository scan started
2026-07-06 07:35:16.860 [info] > git rev-parse --show-toplevel [3ms]
2026-07-06 07:35:16.860 [info] > git rev-parse --path-format=relative --show-toplevel [8ms]
2026-07-06 07:35:16.860 [info] > git rev-parse --show-toplevel [6ms]
2026-07-06 07:35:16.860 [info] > git rev-parse --path-format=relative --show-toplevel [8ms]
2026-07-06 07:35:16.875 [info] > git rev-parse --show-toplevel [5ms]
2026-07-06 07:35:16.893 [info] > git rev-parse --path-format=relative --show-toplevel [7ms]
2026-07-06 07:35:17.022 [info] > git rev-parse --show-toplevel [79ms]
2026-07-06 07:35:17.078 [info] > git rev-parse --path-format=relative --show-toplevel [45ms]
2026-07-06 07:35:17.116 [info] > git rev-parse --show-toplevel [10ms]
2026-07-06 07:35:18.872 [info] > git rev-parse --path-format=relative --show-toplevel [1748ms]
2026-07-06 07:35:19.159 [info] > git rev-parse --show-toplevel [92ms]
2026-07-06 07:35:19.196 [info] > git rev-parse --path-format=relative --show-toplevel [30ms]
2026-07-06 07:35:19.406 [info] > git rev-parse --show-toplevel [168ms]
2026-07-06 07:35:19.492 [info] > git rev-parse --path-format=relative --show-toplevel [76ms]
2026-07-06 07:35:19.582 [info] > git rev-parse --show-toplevel [28ms]
2026-07-06 07:35:19.593 [info] > git rev-parse --path-format=relative --show-toplevel [3ms]
2026-07-06 07:35:19.657 [info] > git rev-parse --show-toplevel [31ms]
2026-07-06 07:35:19.666 [info] > git rev-parse --path-format=relative --show-toplevel [3ms]
2026-07-06 07:35:19.689 [info] > git rev-parse --show-toplevel [7ms]
2026-07-06 07:35:19.702 [info] > git rev-parse --path-format=relative --show-toplevel [4ms]
2026-07-06 07:35:19.707 [info] [Model][doInitialScan] Initial repository scan completed - repositories (0), closed repositories (0), parent repositories (1), unsafe repositories (0)
2026-07-06 07:35:19.734 [info] > git rev-parse --show-toplevel [4ms]
2026-07-06 07:35:19.752 [info] > git rev-parse --path-format=relative --show-toplevel [5ms]
2026-07-06 07:35:21.191 [info] > git rev-parse --show-toplevel [388ms]
2026-07-06 07:35:21.230 [info] > git rev-parse --path-format=relative --show-toplevel [30ms]
2026-07-06 07:35:21.493 [info] > git rev-parse --show-toplevel [59ms]
2026-07-06 07:35:21.513 [info] > git rev-parse --path-format=relative --show-toplevel [14ms]
2026-07-06 07:35:21.533 [info] > git rev-parse --show-toplevel [2ms]
2026-07-06 07:35:21.542 [info] > git rev-parse --path-format=relative --show-toplevel [2ms]
2026-07-06 07:35:21.762 [info] > git rev-parse --show-toplevel [8ms]
2026-07-06 07:35:21.762 [info] fatal: not a git repository (or any parent up to mount point /)
Stopping at filesystem boundary (GIT_DISCOVERY_ACROSS_FILESYSTEM not set).
2026-07-06 07:35:21.790 [info] > git rev-parse --show-toplevel [2ms]
2026-07-06 07:35:21.790 [info] fatal: not a git repository (or any parent up to mount point /)
Stopping at filesystem boundary (GIT_DISCOVERY_ACROSS_FILESYSTEM not set).
2026-07-06 07:35:25.944 [info] > git rev-parse --show-toplevel [2ms]
2026-07-06 07:35:25.955 [info] > git rev-parse --path-format=relative --show-toplevel [3ms]
2026-07-06 07:35:25.990 [info] > git rev-parse --show-toplevel [0ms]
2026-07-06 07:35:26.001 [info] > git rev-parse --path-format=relative --show-toplevel [2ms]
2026-07-06 07:35:26.382 [info] > git rev-parse --show-toplevel [2ms]
2026-07-06 07:35:26.391 [info] > git rev-parse --path-format=relative --show-toplevel [2ms]
2026-07-06 07:35:26.566 [info] > git rev-parse --show-toplevel [1ms]
2026-07-06 07:35:26.576 [info] > git rev-parse --path-format=relative --show-toplevel [1ms]
