2026-06-28 20:16:08.481 [info] Python-envs extension version: 1.36.0
2026-06-28 20:16:08.481 [info] 
=== Python Envs Configuration Levels ===
2026-06-28 20:16:08.481 [info] {
  "section": "Python Envs Configuration Levels",
  "defaultEnvManager": {
    "workspaceFolderValue": "undefined",
    "workspaceValue": "undefined",
    "globalValue": "undefined",
    "defaultValue": "ms-python.python:venv"
  },
  "defaultPackageManager": {
    "workspaceFolderValue": "undefined",
    "workspaceValue": "undefined",
    "globalValue": "undefined",
    "defaultValue": "ms-python.python:pip"
  }
}
2026-06-28 20:16:08.481 [info] [pet] Starting Python Locator /home/taianlux/.vscode/extensions/ms-python.vscode-python-envs-1.36.0-linux-x64/python-env-tools/bin/pet server
2026-06-28 20:16:08.481 [info] Registering pyenv manager (environments will be discovered lazily)
2026-06-28 20:16:08.481 [info] Registering pipenv manager (environments will be discovered lazily)
2026-06-28 20:16:08.481 [info] Registering poetry manager (environments will be discovered lazily)
2026-06-28 20:16:08.497 [info] [pet] configure: Sending configuration update: {"workspaceDirectories":["/home/taianlux/.config/quickshell"],"environmentDirectories":["/home/taianlux/.config/quickshell/.venv","/home/taianlux/.config/quickshell/*/.venv"],"pipenvExecutable":"pipenv","poetryExecutable":"poetry","cacheDirectory":"/home/taianlux/.config/Code/User/globalStorage/ms-python.vscode-python-envs/pythonLocator"}
2026-06-28 20:16:08.662 [info] Discovered env: /usr/bin/python
2026-06-28 20:16:08.797 [info] Conda not found, turning off conda features. [Error: Conda not found
	at L (/home/taianlux/.vscode/extensions/ms-python.vscode-python-envs-1.36.0-linux-x64/dist/extension.js:2:629081)
	at runNextTicks (node:internal/process/task_queues:65:5)
	at process.processImmediate (node:internal/timers:472:9)
	at async V (/home/taianlux/.vscode/extensions/ms-python.vscode-python-envs-1.36.0-linux-x64/dist/extension.js:2:629206)
	at async t.registerCondaFeatures (/home/taianlux/.vscode/extensions/ms-python.vscode-python-envs-1.36.0-linux-x64/dist/extension.js:2:648591)
	at async t.safeRegister (/home/taianlux/.vscode/extensions/ms-python.vscode-python-envs-1.36.0-linux-x64/dist/extension.js:2:290365)
	at async Promise.all (index 1)
	at async Immediate.<anonymous> (/home/taianlux/.vscode/extensions/ms-python.vscode-python-envs-1.36.0-linux-x64/dist/extension.js:2:782813)]
2026-06-28 20:16:08.802 [info] [interpreterSelection] Applying initial environment selection for 1 workspace folder(s)
2026-06-28 20:16:08.806 [info] [SYS_SET] scope=/home/taianlux/.config/quickshell, project=/home/taianlux/.config/quickshell, normalizedKey=/home/taianlux/.config/quickshell, env=Python 3.14.6.final.0-3lf1vvtl3yi
2026-06-28 20:16:08.810 [info] Python API: Changed environment from undefined to Python 3.14.6.final.0 for: /home/taianlux/.config/quickshell
2026-06-28 20:16:08.810 [info] Internal: Changed environment from undefined to Python 3.14.6.final.0 for: /home/taianlux/.config/quickshell
2026-06-28 20:16:08.811 [info] [interpreterSelection] quickshell: Python 3.14.6.final.0 (source: autoDiscovery)
2026-06-28 20:16:08.811 [info] [interpreterSelection] Workspace env resolved, deferring global scope to background
2026-06-28 20:16:08.826 [info] Python API: Changed environment from undefined to Python 3.14.6.final.0 for: global
2026-06-28 20:16:08.826 [info] Internal: Changed environment from undefined to Python 3.14.6.final.0 for: global
2026-06-28 20:16:08.826 [info] [interpreterSelection] global: Python 3.14.6.final.0 (source: autoDiscovery)
2026-06-28 20:16:08.827 [info] Refreshing pyenv environments
2026-06-28 20:16:08.832 [info] Pipenv not found via settings, cache, or PATH
2026-06-28 20:16:08.833 [info] Refreshing pipenv environments
2026-06-28 20:16:08.834 [info] Pipenv not found via settings, cache, or PATH
2026-06-28 20:16:08.834 [info] Found 0 pipenv environments
2026-06-28 20:16:08.835 [info] Pipenv not found via settings, cache, or PATH
2026-06-28 20:16:08.838 [info] Refreshing poetry environments
2026-06-28 20:16:08.839 [info] Poetry executable not found
2026-06-28 20:16:08.842 [info] Environment discovery complete: 1 environments found (Global: 1)
