2026-07-04 12:43:46.151 [info] Reading sessions from keychain...
2026-07-04 12:43:46.151 [info] Getting sessions for all scopes...
2026-07-04 12:43:46.584 [info] Got stored sessions!
2026-07-04 12:43:46.585 [info] Got 1 verified sessions.
2026-07-04 12:43:46.585 [info] Got 1 sessions for ...
2026-07-04 12:43:46.585 [info] Getting sessions for all scopes...
2026-07-04 12:43:46.585 [info] Got 1 sessions for ...
2026-07-04 12:43:46.757 [info] Getting sessions for all scopes...
2026-07-04 12:43:46.757 [info] Got 1 sessions for ...
2026-07-04 12:43:49.256 [info] Getting sessions for all scopes...
2026-07-04 12:43:49.256 [info] Got 1 sessions for ...
2026-07-04 12:43:49.462 [info] Getting sessions for all scopes...
2026-07-04 12:43:49.462 [info] Got 1 sessions for ...
2026-07-04 12:43:49.462 [info] Getting sessions for all scopes...
2026-07-04 12:43:49.462 [info] Got 1 sessions for ...
2026-07-04 12:43:49.687 [info] FetcherService: Electron fetch failed with status: 429 
2026-07-04 12:43:49.700 [info] Unable to resolve optional EDU details. Status: 429 
2026-07-04 12:43:49.755 [info] Getting sessions for read:user,repo,user:email,workflow...
2026-07-04 12:43:49.755 [info] Got 1 sessions for read:user,repo,user:email,workflow...
2026-07-04 12:43:49.814 [info] Getting sessions for all scopes...
2026-07-04 12:43:49.814 [info] Got 1 sessions for ...
2026-07-04 12:43:49.997 [info] Getting sessions for all scopes...
2026-07-04 12:43:49.997 [info] Got 1 sessions for ...
2026-07-04 12:43:50.001 [info] Getting sessions for read:user,repo,user:email,workflow...
2026-07-04 12:43:50.001 [info] Got 1 sessions for read:user,repo,user:email,workflow...
2026-07-04 12:43:51.329 [info] Getting sessions for all scopes...
2026-07-04 12:43:51.329 [info] Got 1 sessions for ...
2026-07-04 12:43:51.330 [info] Getting sessions for all scopes...
2026-07-04 12:43:51.330 [info] Got 1 sessions for ...
2026-07-04 12:43:51.394 [info] Getting sessions for all scopes...
2026-07-04 12:43:51.394 [info] Got 1 sessions for ...
2026-07-04 12:43:51.450 [info] Getting sessions for all scopes...
2026-07-04 12:43:51.451 [info] Got 1 sessions for ...
2026-07-04 12:43:51.550 [info] Getting sessions for read:user,repo,user:email,workflow...
2026-07-04 12:43:51.551 [info] Got 1 sessions for read:user,repo,user:email,workflow...
2026-07-04 12:43:51.906 [info] Getting sessions for all scopes...
2026-07-04 12:43:51.906 [info] Got 1 sessions for ...
2026-07-04 12:43:51.907 [info] Getting sessions for read:user,repo,user:email,workflow...
2026-07-04 12:43:51.907 [info] Got 1 sessions for read:user,repo,user:email,workflow...
2026-07-04 12:43:52.148 [info] Getting sessions for all scopes...
2026-07-04 12:43:52.148 [info] Got 1 sessions for ...
2026-07-04 12:43:52.158 [info] Getting sessions for read:user,repo,user:email,workflow...
2026-07-04 12:43:52.158 [info] Got 1 sessions for read:user,repo,user:email,workflow...
2026-07-04 12:44:00.047 [info] Getting sessions for all scopes...
2026-07-04 12:44:00.047 [info] Got 1 sessions for ...
2026-07-04 12:44:00.064 [info] Getting sessions for all scopes...
2026-07-04 12:44:00.064 [info] Got 1 sessions for ...
2026-07-04 12:44:13.074 [info] Getting sessions for all scopes...
2026-07-04 12:44:13.074 [info] Got 1 sessions for ...
2026-07-04 12:44:13.078 [info] Getting sessions for all scopes...
2026-07-04 12:44:13.078 [info] Got 1 sessions for ...
2026-07-04 12:44:32.716 [info] Getting sessions for all scopes...
2026-07-04 12:44:32.716 [info] Got 1 sessions for ...
2026-07-04 12:44:32.717 [info] Getting sessions for all scopes...
2026-07-04 12:44:32.717 [info] Got 1 sessions for ...
2026-07-04 12:44:43.627 [info] Getting sessions for all scopes...
2026-07-04 12:44:43.627 [info] Got 1 sessions for ...
2026-07-04 12:44:43.629 [info] Getting sessions for all scopes...
2026-07-04 12:44:43.629 [info] Got 1 sessions for ...
2026-07-04 12:44:45.498 [info] Getting sessions for all scopes...
2026-07-04 12:44:45.498 [info] Got 1 sessions for ...
2026-07-04 12:44:45.499 [info] Getting sessions for all scopes...
2026-07-04 12:44:45.499 [info] Got 1 sessions for ...
2026-07-04 12:45:01.127 [info] Getting sessions for all scopes...
2026-07-04 12:45:01.127 [info] Got 1 sessions for ...
2026-07-04 12:45:01.128 [info] Getting sessions for all scopes...
2026-07-04 12:45:01.129 [info] Got 1 sessions for ...
2026-07-04 12:45:12.015 [info] Getting sessions for all scopes...
2026-07-04 12:45:12.015 [info] Got 1 sessions for ...
2026-07-04 12:45:12.017 [info] Getting sessions for all scopes...
2026-07-04 12:45:12.017 [info] Got 1 sessions for ...
2026-07-04 12:45:48.821 [info] Getting sessions for all scopes...
2026-07-04 12:45:48.821 [info] Got 1 sessions for ...
2026-07-04 12:45:48.840 [info] Getting sessions for all scopes...
2026-07-04 12:45:48.840 [info] Got 1 sessions for ...
2026-07-04 12:49:47.041 [info] Getting sessions for all scopes...
2026-07-04 12:49:47.041 [info] Got 1 sessions for ...
2026-07-04 12:49:47.146 [info] Getting sessions for all scopes...
2026-07-04 12:49:47.146 [info] Got 1 sessions for ...
2026-07-04 12:49:56.784 [info] Getting sessions for all scopes...
2026-07-04 12:49:56.784 [info] Got 1 sessions for ...
2026-07-04 12:49:56.786 [info] Getting sessions for all scopes...
2026-07-04 12:49:56.786 [info] Got 1 sessions for ...
2026-07-04 12:50:20.132 [info] Getting sessions for all scopes...
2026-07-04 12:50:20.132 [info] Got 1 sessions for ...
2026-07-04 12:50:20.134 [info] Getting sessions for all scopes...
2026-07-04 12:50:20.134 [info] Got 1 sessions for ...
2026-07-04 12:52:11.900 [info] Getting sessions for all scopes...
2026-07-04 12:52:11.900 [info] Got 1 sessions for ...
2026-07-04 12:52:11.928 [info] Getting sessions for all scopes...
2026-07-04 12:52:11.928 [info] Got 1 sessions for ...
2026-07-04 12:52:19.881 [info] Getting sessions for all scopes...
2026-07-04 12:52:19.881 [info] Got 1 sessions for ...
2026-07-04 12:52:19.883 [info] Getting sessions for all scopes...
2026-07-04 12:52:19.883 [info] Got 1 sessions for ...
2026-07-04 12:54:53.606 [info] Getting sessions for all scopes...
2026-07-04 12:54:53.606 [info] Got 1 sessions for ...
2026-07-04 12:54:53.606 [info] Getting sessions for all scopes...
2026-07-04 12:54:53.606 [info] Got 1 sessions for ...
2026-07-04 12:55:33.063 [info] Getting sessions for all scopes...
2026-07-04 12:55:33.063 [info] Got 1 sessions for ...
2026-07-04 12:55:33.083 [info] Getting sessions for all scopes...
2026-07-04 12:55:33.083 [info] Got 1 sessions for ...
2026-07-04 12:55:46.256 [info] Getting sessions for all scopes...
2026-07-04 12:55:46.257 [info] Got 1 sessions for ...
2026-07-04 12:55:46.259 [info] Getting sessions for all scopes...
2026-07-04 12:55:46.259 [info] Got 1 sessions for ...
2026-07-04 13:02:36.998 [info] Getting sessions for all scopes...
2026-07-04 13:02:37.001 [info] Got 1 sessions for ...
2026-07-04 13:02:37.007 [info] Getting sessions for all scopes...
2026-07-04 13:02:37.007 [info] Got 1 sessions for ...
2026-07-04 13:02:39.624 [info] Getting sessions for all scopes...
2026-07-04 13:02:39.624 [info] Got 1 sessions for ...
2026-07-04 13:02:39.662 [info] Getting sessions for all scopes...
2026-07-04 13:02:39.662 [info] Got 1 sessions for ...
2026-07-04 13:02:44.375 [info] Getting sessions for all scopes...
2026-07-04 13:02:44.375 [info] Got 1 sessions for ...
2026-07-04 13:02:44.376 [info] Getting sessions for all scopes...
2026-07-04 13:02:44.376 [info] Got 1 sessions for ...
2026-07-04 13:04:19.508 [info] Getting sessions for all scopes...
2026-07-04 13:04:19.508 [info] Got 1 sessions for ...
2026-07-04 13:04:19.509 [info] Getting sessions for all scopes...
2026-07-04 13:04:19.509 [info] Got 1 sessions for ...
2026-07-04 13:04:29.125 [info] Getting sessions for all scopes...
2026-07-04 13:04:29.125 [info] Got 1 sessions for ...
2026-07-04 13:04:29.125 [info] Getting sessions for all scopes...
2026-07-04 13:04:29.125 [info] Got 1 sessions for ...
2026-07-04 13:04:51.227 [info] Getting sessions for all scopes...
2026-07-04 13:04:51.227 [info] Got 1 sessions for ...
2026-07-04 13:04:51.229 [info] Getting sessions for read:user,repo,user:email,workflow...
2026-07-04 13:04:51.229 [info] Got 1 sessions for read:user,repo,user:email,workflow...
2026-07-04 13:04:51.983 [info] Getting sessions for all scopes...
2026-07-04 13:04:51.983 [info] Got 1 sessions for ...
2026-07-04 13:04:51.983 [info] Getting sessions for all scopes...
2026-07-04 13:04:51.983 [info] Got 1 sessions for ...
2026-07-04 13:04:52.069 [info] Getting sessions for read:user,repo,user:email,workflow...
2026-07-04 13:04:52.069 [info] Got 1 sessions for read:user,repo,user:email,workflow...
2026-07-04 13:05:29.508 [info] Getting sessions for all scopes...
2026-07-04 13:05:29.508 [info] Got 1 sessions for ...
2026-07-04 13:05:29.508 [info] Getting sessions for all scopes...
2026-07-04 13:05:29.508 [info] Got 1 sessions for ...
2026-07-04 13:05:46.271 [info] Getting sessions for all scopes...
2026-07-04 13:05:46.272 [info] Got 1 sessions for ...
2026-07-04 13:05:46.277 [info] Getting sessions for all scopes...
2026-07-04 13:05:46.277 [info] Got 1 sessions for ...
2026-07-04 13:08:02.909 [info] Getting sessions for all scopes...
2026-07-04 13:08:02.909 [info] Got 1 sessions for ...
2026-07-04 13:08:02.910 [info] Getting sessions for all scopes...
2026-07-04 13:08:02.911 [info] Got 1 sessions for ...
2026-07-04 13:10:41.738 [info] Getting sessions for all scopes...
2026-07-04 13:10:41.738 [info] Got 1 sessions for ...
2026-07-04 13:10:41.739 [info] Getting sessions for all scopes...
2026-07-04 13:10:41.739 [info] Got 1 sessions for ...
2026-07-04 13:10:50.655 [info] Getting sessions for all scopes...
2026-07-04 13:10:50.655 [info] Got 1 sessions for ...
2026-07-04 13:10:50.668 [info] Getting sessions for all scopes...
2026-07-04 13:10:50.668 [info] Got 1 sessions for ...
2026-07-04 13:11:03.644 [info] Getting sessions for all scopes...
2026-07-04 13:11:03.644 [info] Got 1 sessions for ...
2026-07-04 13:11:03.646 [info] Getting sessions for all scopes...
2026-07-04 13:11:03.646 [info] Got 1 sessions for ...
2026-07-04 13:11:07.254 [info] Getting sessions for all scopes...
2026-07-04 13:11:07.254 [info] Got 1 sessions for ...
2026-07-04 13:11:07.257 [info] Getting sessions for all scopes...
2026-07-04 13:11:07.257 [info] Got 1 sessions for ...
2026-07-04 13:11:52.267 [info] Getting sessions for all scopes...
2026-07-04 13:11:52.267 [info] Got 1 sessions for ...
2026-07-04 13:11:52.312 [info] Getting sessions for all scopes...
2026-07-04 13:11:52.312 [info] Got 1 sessions for ...
2026-07-04 13:12:06.828 [info] Getting sessions for all scopes...
2026-07-04 13:12:06.828 [info] Got 1 sessions for ...
2026-07-04 13:12:06.830 [info] Getting sessions for all scopes...
2026-07-04 13:12:06.831 [info] Got 1 sessions for ...
2026-07-04 13:12:17.479 [info] Getting sessions for all scopes...
2026-07-04 13:12:17.480 [info] Got 1 sessions for ...
2026-07-04 13:12:17.495 [info] Getting sessions for all scopes...
2026-07-04 13:12:17.495 [info] Got 1 sessions for ...
2026-07-04 13:12:29.182 [info] Getting sessions for all scopes...
2026-07-04 13:12:29.182 [info] Got 1 sessions for ...
2026-07-04 13:12:29.183 [info] Getting sessions for all scopes...
2026-07-04 13:12:29.183 [info] Got 1 sessions for ...
2026-07-04 13:12:32.593 [info] Getting sessions for all scopes...
2026-07-04 13:12:32.593 [info] Got 1 sessions for ...
2026-07-04 13:12:32.593 [info] Getting sessions for all scopes...
2026-07-04 13:12:32.593 [info] Got 1 sessions for ...
2026-07-04 13:12:37.313 [info] Getting sessions for all scopes...
2026-07-04 13:12:37.313 [info] Got 1 sessions for ...
2026-07-04 13:12:37.314 [info] Getting sessions for all scopes...
2026-07-04 13:12:37.314 [info] Got 1 sessions for ...
2026-07-04 13:12:52.797 [info] Getting sessions for all scopes...
2026-07-04 13:12:52.797 [info] Got 1 sessions for ...
2026-07-04 13:12:52.799 [info] Getting sessions for all scopes...
2026-07-04 13:12:52.799 [info] Got 1 sessions for ...
2026-07-04 13:13:01.597 [info] Getting sessions for all scopes...
2026-07-04 13:13:01.597 [info] Got 1 sessions for ...
2026-07-04 13:13:01.598 [info] Getting sessions for all scopes...
2026-07-04 13:13:01.598 [info] Got 1 sessions for ...
2026-07-04 13:13:27.166 [info] Getting sessions for all scopes...
2026-07-04 13:13:27.166 [info] Got 1 sessions for ...
2026-07-04 13:13:27.167 [info] Getting sessions for all scopes...
2026-07-04 13:13:27.167 [info] Got 1 sessions for ...
2026-07-04 13:17:48.564 [info] Getting sessions for all scopes...
2026-07-04 13:17:48.564 [info] Got 1 sessions for ...
2026-07-04 13:17:48.574 [info] Getting sessions for all scopes...
2026-07-04 13:17:48.574 [info] Got 1 sessions for ...
2026-07-04 13:19:47.295 [info] Getting sessions for all scopes...
2026-07-04 13:19:47.295 [info] Got 1 sessions for ...
2026-07-04 13:19:47.296 [info] Getting sessions for all scopes...
2026-07-04 13:19:47.296 [info] Got 1 sessions for ...
2026-07-04 13:19:49.087 [info] Getting sessions for all scopes...
2026-07-04 13:19:49.087 [info] Got 1 sessions for ...
2026-07-04 13:19:49.088 [info] Getting sessions for all scopes...
2026-07-04 13:19:49.088 [info] Got 1 sessions for ...
2026-07-04 13:19:52.523 [info] Getting sessions for all scopes...
2026-07-04 13:19:52.523 [info] Got 1 sessions for ...
2026-07-04 13:19:52.527 [info] Getting sessions for all scopes...
2026-07-04 13:19:52.527 [info] Got 1 sessions for ...
2026-07-04 13:19:56.750 [info] Getting sessions for all scopes...
2026-07-04 13:19:56.750 [info] Got 1 sessions for ...
2026-07-04 13:19:56.751 [info] Getting sessions for all scopes...
2026-07-04 13:19:56.751 [info] Got 1 sessions for ...
2026-07-04 13:20:05.546 [info] Getting sessions for all scopes...
2026-07-04 13:20:05.546 [info] Got 1 sessions for ...
2026-07-04 13:20:05.547 [info] Getting sessions for all scopes...
2026-07-04 13:20:05.547 [info] Got 1 sessions for ...
2026-07-04 13:20:45.068 [info] Getting sessions for all scopes...
2026-07-04 13:20:45.068 [info] Got 1 sessions for ...
2026-07-04 13:20:45.069 [info] Getting sessions for all scopes...
2026-07-04 13:20:45.069 [info] Got 1 sessions for ...
2026-07-04 13:20:55.566 [info] Getting sessions for all scopes...
2026-07-04 13:20:55.566 [info] Got 1 sessions for ...
2026-07-04 13:20:55.566 [info] Getting sessions for all scopes...
2026-07-04 13:20:55.566 [info] Got 1 sessions for ...
2026-07-04 13:21:03.064 [info] Getting sessions for all scopes...
2026-07-04 13:21:03.064 [info] Got 1 sessions for ...
2026-07-04 13:21:03.064 [info] Getting sessions for all scopes...
2026-07-04 13:21:03.064 [info] Got 1 sessions for ...
2026-07-04 13:21:39.439 [info] Getting sessions for all scopes...
2026-07-04 13:21:39.439 [info] Got 1 sessions for ...
2026-07-04 13:21:39.442 [info] Getting sessions for all scopes...
2026-07-04 13:21:39.442 [info] Got 1 sessions for ...
2026-07-04 13:23:10.562 [info] Getting sessions for all scopes...
2026-07-04 13:23:10.562 [info] Got 1 sessions for ...
2026-07-04 13:23:10.589 [info] Getting sessions for all scopes...
2026-07-04 13:23:10.589 [info] Got 1 sessions for ...
2026-07-04 13:23:26.796 [info] Getting sessions for all scopes...
2026-07-04 13:23:26.796 [info] Got 1 sessions for ...
2026-07-04 13:23:26.826 [info] Getting sessions for all scopes...
2026-07-04 13:23:26.827 [info] Got 1 sessions for ...
2026-07-04 13:23:29.043 [info] Getting sessions for all scopes...
2026-07-04 13:23:29.043 [info] Got 1 sessions for ...
2026-07-04 13:23:29.054 [info] Getting sessions for all scopes...
2026-07-04 13:23:29.054 [info] Got 1 sessions for ...
2026-07-04 13:25:57.900 [info] Getting sessions for all scopes...
2026-07-04 13:25:57.900 [info] Got 1 sessions for ...
2026-07-04 13:25:57.900 [info] Getting sessions for all scopes...
2026-07-04 13:25:57.900 [info] Got 1 sessions for ...
2026-07-04 13:26:17.908 [info] Getting sessions for all scopes...
2026-07-04 13:26:17.908 [info] Got 1 sessions for ...
2026-07-04 13:26:17.911 [info] Getting sessions for all scopes...
2026-07-04 13:26:17.911 [info] Got 1 sessions for ...
2026-07-04 13:27:14.868 [info] Getting sessions for all scopes...
2026-07-04 13:27:14.868 [info] Got 1 sessions for ...
2026-07-04 13:27:14.878 [info] Getting sessions for all scopes...
2026-07-04 13:27:14.878 [info] Got 1 sessions for ...
2026-07-04 13:27:16.008 [info] Getting sessions for all scopes...
2026-07-04 13:27:16.008 [info] Got 1 sessions for ...
2026-07-04 13:27:16.050 [info] Getting sessions for all scopes...
2026-07-04 13:27:16.050 [info] Got 1 sessions for ...
2026-07-04 13:27:29.999 [info] Getting sessions for all scopes...
2026-07-04 13:27:29.999 [info] Got 1 sessions for ...
2026-07-04 13:27:30.000 [info] Getting sessions for all scopes...
2026-07-04 13:27:30.000 [info] Got 1 sessions for ...
2026-07-04 13:27:58.059 [info] Getting sessions for all scopes...
2026-07-04 13:27:58.060 [info] Got 1 sessions for ...
2026-07-04 13:27:58.061 [info] Getting sessions for all scopes...
2026-07-04 13:27:58.061 [info] Got 1 sessions for ...
2026-07-04 13:28:20.081 [info] Getting sessions for all scopes...
2026-07-04 13:28:20.081 [info] Got 1 sessions for ...
2026-07-04 13:28:20.082 [info] Getting sessions for all scopes...
2026-07-04 13:28:20.082 [info] Got 1 sessions for ...
2026-07-04 13:28:21.934 [info] Getting sessions for all scopes...
2026-07-04 13:28:21.934 [info] Got 1 sessions for ...
2026-07-04 13:28:21.962 [info] Getting sessions for all scopes...
2026-07-04 13:28:21.962 [info] Got 1 sessions for ...
2026-07-04 13:28:25.322 [info] Getting sessions for all scopes...
2026-07-04 13:28:25.322 [info] Got 1 sessions for ...
2026-07-04 13:28:25.328 [info] Getting sessions for all scopes...
2026-07-04 13:28:25.328 [info] Got 1 sessions for ...
2026-07-04 13:28:27.748 [info] Getting sessions for all scopes...
2026-07-04 13:28:27.748 [info] Got 1 sessions for ...
2026-07-04 13:28:27.749 [info] Getting sessions for all scopes...
2026-07-04 13:28:27.749 [info] Got 1 sessions for ...
2026-07-04 13:29:04.915 [info] Getting sessions for all scopes...
2026-07-04 13:29:04.915 [info] Got 1 sessions for ...
2026-07-04 13:29:04.916 [info] Getting sessions for all scopes...
2026-07-04 13:29:04.916 [info] Got 1 sessions for ...
2026-07-04 13:29:06.830 [info] Getting sessions for all scopes...
2026-07-04 13:29:06.830 [info] Got 1 sessions for ...
2026-07-04 13:29:06.841 [info] Getting sessions for all scopes...
2026-07-04 13:29:06.841 [info] Got 1 sessions for ...
2026-07-04 13:29:10.500 [info] Getting sessions for all scopes...
2026-07-04 13:29:10.500 [info] Got 1 sessions for ...
2026-07-04 13:29:10.513 [info] Getting sessions for all scopes...
2026-07-04 13:29:10.513 [info] Got 1 sessions for ...
2026-07-04 13:29:12.212 [info] Getting sessions for all scopes...
2026-07-04 13:29:12.212 [info] Got 1 sessions for ...
2026-07-04 13:29:12.213 [info] Getting sessions for all scopes...
2026-07-04 13:29:12.213 [info] Got 1 sessions for ...
2026-07-04 13:29:12.680 [info] Getting sessions for all scopes...
2026-07-04 13:29:12.680 [info] Got 1 sessions for ...
2026-07-04 13:29:12.681 [info] Getting sessions for all scopes...
2026-07-04 13:29:12.681 [info] Got 1 sessions for ...
2026-07-04 13:31:18.500 [info] Getting sessions for all scopes...
2026-07-04 13:31:18.500 [info] Got 1 sessions for ...
2026-07-04 13:31:18.510 [info] Getting sessions for all scopes...
2026-07-04 13:31:18.511 [info] Got 1 sessions for ...
2026-07-04 13:31:19.647 [info] Getting sessions for all scopes...
2026-07-04 13:31:19.647 [info] Got 1 sessions for ...
2026-07-04 13:31:19.648 [info] Getting sessions for all scopes...
2026-07-04 13:31:19.648 [info] Got 1 sessions for ...
2026-07-04 13:31:20.025 [info] Getting sessions for all scopes...
2026-07-04 13:31:20.025 [info] Got 1 sessions for ...
2026-07-04 13:31:20.051 [info] Getting sessions for all scopes...
2026-07-04 13:31:20.051 [info] Got 1 sessions for ...
2026-07-04 13:31:20.391 [info] Getting sessions for all scopes...
2026-07-04 13:31:20.391 [info] Got 1 sessions for ...
2026-07-04 13:31:20.394 [info] Getting sessions for all scopes...
2026-07-04 13:31:20.394 [info] Got 1 sessions for ...
2026-07-04 13:38:31.931 [info] Getting sessions for all scopes...
2026-07-04 13:38:31.932 [info] Got 1 sessions for ...
2026-07-04 13:38:31.944 [info] Getting sessions for all scopes...
2026-07-04 13:38:31.944 [info] Got 1 sessions for ...
2026-07-04 13:38:35.269 [info] Getting sessions for all scopes...
2026-07-04 13:38:35.269 [info] Got 1 sessions for ...
2026-07-04 13:38:35.269 [info] Getting sessions for all scopes...
2026-07-04 13:38:35.269 [info] Got 1 sessions for ...
2026-07-04 13:38:35.270 [info] Getting sessions for all scopes...
2026-07-04 13:38:35.270 [info] Got 1 sessions for ...
2026-07-04 13:38:35.339 [info] Getting sessions for read:user,repo,user:email,workflow...
2026-07-04 13:38:35.339 [info] Got 1 sessions for read:user,repo,user:email,workflow...
2026-07-04 13:38:36.160 [info] Getting sessions for all scopes...
2026-07-04 13:38:36.160 [info] Got 1 sessions for ...
2026-07-04 13:38:36.160 [info] Getting sessions for all scopes...
2026-07-04 13:38:36.160 [info] Got 1 sessions for ...
2026-07-04 13:38:36.163 [info] Getting sessions for read:user,repo,user:email,workflow...
2026-07-04 13:38:36.163 [info] Got 1 sessions for read:user,repo,user:email,workflow...
2026-07-04 13:38:36.552 [info] Getting sessions for all scopes...
2026-07-04 13:38:36.552 [info] Got 1 sessions for ...
2026-07-04 13:38:36.555 [info] Getting sessions for read:user,repo,user:email,workflow...
2026-07-04 13:38:36.555 [info] Got 1 sessions for read:user,repo,user:email,workflow...
2026-07-04 13:38:54.367 [info] Getting sessions for all scopes...
2026-07-04 13:38:54.367 [info] Got 1 sessions for ...
2026-07-04 13:38:54.369 [info] Getting sessions for all scopes...
2026-07-04 13:38:54.369 [info] Got 1 sessions for ...
2026-07-04 13:39:16.775 [info] Getting sessions for all scopes...
2026-07-04 13:39:16.775 [info] Got 1 sessions for ...
2026-07-04 13:39:16.792 [info] Getting sessions for all scopes...
2026-07-04 13:39:16.792 [info] Got 1 sessions for ...
2026-07-04 13:40:14.700 [info] Getting sessions for all scopes...
2026-07-04 13:40:14.700 [info] Got 1 sessions for ...
2026-07-04 13:40:14.701 [info] Getting sessions for all scopes...
2026-07-04 13:40:14.701 [info] Got 1 sessions for ...
2026-07-04 13:42:06.992 [info] Getting sessions for all scopes...
2026-07-04 13:42:06.992 [info] Got 1 sessions for ...
2026-07-04 13:42:06.992 [info] Getting sessions for all scopes...
2026-07-04 13:42:06.992 [info] Got 1 sessions for ...
2026-07-04 13:42:07.715 [info] Getting sessions for all scopes...
2026-07-04 13:42:07.715 [info] Got 1 sessions for ...
2026-07-04 13:42:07.716 [info] Getting sessions for all scopes...
2026-07-04 13:42:07.716 [info] Got 1 sessions for ...
2026-07-04 13:42:08.002 [info] Getting sessions for all scopes...
2026-07-04 13:42:08.002 [info] Got 1 sessions for ...
2026-07-04 13:42:08.015 [info] Getting sessions for all scopes...
2026-07-04 13:42:08.015 [info] Got 1 sessions for ...
2026-07-04 13:42:08.255 [info] Getting sessions for all scopes...
2026-07-04 13:42:08.255 [info] Got 1 sessions for ...
2026-07-04 13:42:08.255 [info] Getting sessions for all scopes...
2026-07-04 13:42:08.255 [info] Got 1 sessions for ...
2026-07-04 13:42:08.717 [info] Getting sessions for all scopes...
2026-07-04 13:42:08.717 [info] Got 1 sessions for ...
2026-07-04 13:42:08.730 [info] Getting sessions for all scopes...
2026-07-04 13:42:08.731 [info] Got 1 sessions for ...
2026-07-04 13:43:16.993 [info] Getting sessions for all scopes...
2026-07-04 13:43:16.993 [info] Got 1 sessions for ...
2026-07-04 13:43:17.015 [info] Getting sessions for all scopes...
2026-07-04 13:43:17.015 [info] Got 1 sessions for ...
2026-07-04 13:44:17.692 [info] Getting sessions for all scopes...
2026-07-04 13:44:17.692 [info] Got 1 sessions for ...
2026-07-04 13:44:17.692 [info] Getting sessions for all scopes...
2026-07-04 13:44:17.692 [info] Got 1 sessions for ...
2026-07-04 13:44:21.390 [info] Getting sessions for all scopes...
2026-07-04 13:44:21.390 [info] Got 1 sessions for ...
2026-07-04 13:44:21.406 [info] Getting sessions for all scopes...
2026-07-04 13:44:21.406 [info] Got 1 sessions for ...
2026-07-04 13:44:23.474 [info] Getting sessions for all scopes...
2026-07-04 13:44:23.474 [info] Got 1 sessions for ...
2026-07-04 13:44:23.477 [info] Getting sessions for all scopes...
2026-07-04 13:44:23.477 [info] Got 1 sessions for ...
2026-07-04 13:45:08.470 [info] Getting sessions for all scopes...
2026-07-04 13:45:08.470 [info] Got 1 sessions for ...
2026-07-04 13:45:08.472 [info] Getting sessions for all scopes...
2026-07-04 13:45:08.472 [info] Got 1 sessions for ...
2026-07-04 13:45:33.417 [info] Getting sessions for all scopes...
2026-07-04 13:45:33.417 [info] Got 1 sessions for ...
2026-07-04 13:45:33.419 [info] Getting sessions for all scopes...
2026-07-04 13:45:33.419 [info] Got 1 sessions for ...
2026-07-04 13:45:49.170 [info] Getting sessions for all scopes...
2026-07-04 13:45:49.170 [info] Got 1 sessions for ...
2026-07-04 13:45:49.171 [info] Getting sessions for all scopes...
2026-07-04 13:45:49.172 [info] Got 1 sessions for ...
2026-07-04 13:45:50.540 [info] Getting sessions for all scopes...
2026-07-04 13:45:50.540 [info] Got 1 sessions for ...
2026-07-04 13:45:50.540 [info] Getting sessions for all scopes...
2026-07-04 13:45:50.540 [info] Got 1 sessions for ...
2026-07-04 13:46:12.201 [info] Getting sessions for all scopes...
2026-07-04 13:46:12.201 [info] Got 1 sessions for ...
2026-07-04 13:46:12.213 [info] Getting sessions for all scopes...
2026-07-04 13:46:12.213 [info] Got 1 sessions for ...
2026-07-04 13:46:12.936 [info] Getting sessions for all scopes...
2026-07-04 13:46:12.936 [info] Got 1 sessions for ...
2026-07-04 13:46:12.937 [info] Getting sessions for all scopes...
2026-07-04 13:46:12.937 [info] Got 1 sessions for ...
2026-07-04 13:46:13.352 [info] Getting sessions for all scopes...
2026-07-04 13:46:13.352 [info] Got 1 sessions for ...
2026-07-04 13:46:13.360 [info] Getting sessions for all scopes...
2026-07-04 13:46:13.360 [info] Got 1 sessions for ...
2026-07-04 13:46:13.646 [info] Getting sessions for all scopes...
2026-07-04 13:46:13.646 [info] Got 1 sessions for ...
2026-07-04 13:46:13.647 [info] Getting sessions for all scopes...
2026-07-04 13:46:13.647 [info] Got 1 sessions for ...
2026-07-04 13:46:13.902 [info] Getting sessions for all scopes...
2026-07-04 13:46:13.902 [info] Got 1 sessions for ...
2026-07-04 13:46:13.912 [info] Getting sessions for all scopes...
2026-07-04 13:46:13.913 [info] Got 1 sessions for ...
2026-07-04 13:46:14.248 [info] Getting sessions for all scopes...
2026-07-04 13:46:14.248 [info] Got 1 sessions for ...
2026-07-04 13:46:14.283 [info] Getting sessions for all scopes...
2026-07-04 13:46:14.283 [info] Got 1 sessions for ...
2026-07-04 13:48:25.475 [info] Getting sessions for all scopes...
2026-07-04 13:48:25.475 [info] Got 1 sessions for ...
2026-07-04 13:48:25.485 [info] Getting sessions for all scopes...
2026-07-04 13:48:25.485 [info] Got 1 sessions for ...
2026-07-04 13:49:00.730 [info] Getting sessions for all scopes...
2026-07-04 13:49:00.730 [info] Got 1 sessions for ...
2026-07-04 13:49:00.730 [info] Getting sessions for all scopes...
2026-07-04 13:49:00.730 [info] Got 1 sessions for ...
2026-07-04 13:49:10.414 [info] Getting sessions for all scopes...
2026-07-04 13:49:10.414 [info] Got 1 sessions for ...
2026-07-04 13:49:10.415 [info] Getting sessions for all scopes...
2026-07-04 13:49:10.415 [info] Got 1 sessions for ...
2026-07-04 13:49:14.452 [info] Getting sessions for all scopes...
2026-07-04 13:49:14.452 [info] Got 1 sessions for ...
2026-07-04 13:49:14.452 [info] Getting sessions for all scopes...
2026-07-04 13:49:14.452 [info] Got 1 sessions for ...
2026-07-04 13:49:28.015 [info] Getting sessions for all scopes...
2026-07-04 13:49:28.015 [info] Got 1 sessions for ...
2026-07-04 13:49:28.016 [info] Getting sessions for all scopes...
2026-07-04 13:49:28.016 [info] Got 1 sessions for ...
2026-07-04 13:49:47.474 [info] Getting sessions for all scopes...
2026-07-04 13:49:47.474 [info] Got 1 sessions for ...
2026-07-04 13:49:47.492 [info] Getting sessions for all scopes...
2026-07-04 13:49:47.492 [info] Got 1 sessions for ...
2026-07-04 13:52:06.095 [info] Getting sessions for all scopes...
2026-07-04 13:52:06.095 [info] Got 1 sessions for ...
2026-07-04 13:52:06.124 [info] Getting sessions for all scopes...
2026-07-04 13:52:06.124 [info] Got 1 sessions for ...
2026-07-04 13:52:35.334 [info] Getting sessions for all scopes...
2026-07-04 13:52:35.334 [info] Got 1 sessions for ...
2026-07-04 13:52:35.334 [info] Getting sessions for all scopes...
2026-07-04 13:52:35.334 [info] Got 1 sessions for ...
2026-07-04 13:53:27.689 [info] Getting sessions for all scopes...
2026-07-04 13:53:27.689 [info] Got 1 sessions for ...
2026-07-04 13:53:27.690 [info] Getting sessions for all scopes...
2026-07-04 13:53:27.690 [info] Got 1 sessions for ...
2026-07-04 13:53:33.242 [info] Getting sessions for all scopes...
2026-07-04 13:53:33.242 [info] Got 1 sessions for ...
2026-07-04 13:53:33.243 [info] Getting sessions for all scopes...
2026-07-04 13:53:33.243 [info] Got 1 sessions for ...
2026-07-04 13:53:45.478 [info] Getting sessions for all scopes...
2026-07-04 13:53:45.479 [info] Got 1 sessions for ...
2026-07-04 13:53:45.484 [info] Getting sessions for all scopes...
2026-07-04 13:53:45.484 [info] Got 1 sessions for ...
2026-07-04 13:53:52.232 [info] Getting sessions for all scopes...
2026-07-04 13:53:52.232 [info] Got 1 sessions for ...
2026-07-04 13:53:52.233 [info] Getting sessions for all scopes...
2026-07-04 13:53:52.233 [info] Got 1 sessions for ...
2026-07-04 13:54:58.084 [info] Getting sessions for all scopes...
2026-07-04 13:54:58.084 [info] Got 1 sessions for ...
2026-07-04 13:54:58.093 [info] Getting sessions for all scopes...
2026-07-04 13:54:58.093 [info] Got 1 sessions for ...
2026-07-04 13:55:06.713 [info] Getting sessions for all scopes...
2026-07-04 13:55:06.713 [info] Got 1 sessions for ...
2026-07-04 13:55:06.714 [info] Getting sessions for all scopes...
2026-07-04 13:55:06.714 [info] Got 1 sessions for ...
2026-07-04 13:55:19.848 [info] Getting sessions for all scopes...
2026-07-04 13:55:19.848 [info] Got 1 sessions for ...
2026-07-04 13:55:19.849 [info] Getting sessions for all scopes...
2026-07-04 13:55:19.849 [info] Got 1 sessions for ...
2026-07-04 13:55:26.413 [info] Getting sessions for all scopes...
2026-07-04 13:55:26.413 [info] Got 1 sessions for ...
2026-07-04 13:55:26.414 [info] Getting sessions for all scopes...
2026-07-04 13:55:26.414 [info] Got 1 sessions for ...
2026-07-04 13:55:35.520 [info] Getting sessions for all scopes...
2026-07-04 13:55:35.520 [info] Got 1 sessions for ...
2026-07-04 13:55:35.522 [info] Getting sessions for all scopes...
2026-07-04 13:55:35.522 [info] Got 1 sessions for ...
2026-07-04 13:55:37.227 [info] Getting sessions for all scopes...
2026-07-04 13:55:37.227 [info] Got 1 sessions for ...
2026-07-04 13:55:37.227 [info] Getting sessions for all scopes...
2026-07-04 13:55:37.227 [info] Got 1 sessions for ...
2026-07-04 13:56:30.819 [info] Getting sessions for all scopes...
2026-07-04 13:56:30.819 [info] Got 1 sessions for ...
2026-07-04 13:56:30.821 [info] Getting sessions for all scopes...
2026-07-04 13:56:30.821 [info] Got 1 sessions for ...
2026-07-04 13:56:31.682 [info] Getting sessions for all scopes...
2026-07-04 13:56:31.682 [info] Got 1 sessions for ...
2026-07-04 13:56:31.699 [info] Getting sessions for all scopes...
2026-07-04 13:56:31.699 [info] Got 1 sessions for ...
2026-07-04 13:56:32.229 [info] Getting sessions for all scopes...
2026-07-04 13:56:32.231 [info] Got 1 sessions for ...
2026-07-04 13:56:32.234 [info] Getting sessions for all scopes...
2026-07-04 13:56:32.234 [info] Got 1 sessions for ...
2026-07-04 13:56:35.883 [info] Getting sessions for all scopes...
2026-07-04 13:56:35.883 [info] Got 1 sessions for ...
2026-07-04 13:56:35.884 [info] Getting sessions for all scopes...
2026-07-04 13:56:35.884 [info] Got 1 sessions for ...
2026-07-04 13:56:59.772 [info] Getting sessions for all scopes...
2026-07-04 13:56:59.772 [info] Got 1 sessions for ...
2026-07-04 13:56:59.773 [info] Getting sessions for all scopes...
2026-07-04 13:56:59.773 [info] Got 1 sessions for ...
2026-07-04 13:57:04.948 [info] Getting sessions for all scopes...
2026-07-04 13:57:04.948 [info] Got 1 sessions for ...
2026-07-04 13:57:04.973 [info] Getting sessions for all scopes...
2026-07-04 13:57:04.973 [info] Got 1 sessions for ...
2026-07-04 13:57:07.257 [info] Getting sessions for all scopes...
2026-07-04 13:57:07.257 [info] Got 1 sessions for ...
2026-07-04 13:57:07.257 [info] Getting sessions for all scopes...
2026-07-04 13:57:07.257 [info] Got 1 sessions for ...
2026-07-04 13:57:15.246 [info] Getting sessions for all scopes...
2026-07-04 13:57:15.246 [info] Got 1 sessions for ...
2026-07-04 13:57:15.249 [info] Getting sessions for all scopes...
2026-07-04 13:57:15.249 [info] Got 1 sessions for ...
2026-07-04 13:57:40.564 [info] Getting sessions for all scopes...
2026-07-04 13:57:40.564 [info] Got 1 sessions for ...
2026-07-04 13:57:40.566 [info] Getting sessions for all scopes...
2026-07-04 13:57:40.566 [info] Got 1 sessions for ...
2026-07-04 13:57:49.023 [info] Getting sessions for all scopes...
2026-07-04 13:57:49.023 [info] Got 1 sessions for ...
2026-07-04 13:57:49.024 [info] Getting sessions for all scopes...
2026-07-04 13:57:49.024 [info] Got 1 sessions for ...
2026-07-04 13:57:49.787 [info] Getting sessions for all scopes...
2026-07-04 13:57:49.787 [info] Got 1 sessions for ...
2026-07-04 13:57:49.795 [info] Getting sessions for all scopes...
2026-07-04 13:57:49.795 [info] Got 1 sessions for ...
2026-07-04 13:58:43.683 [info] Getting sessions for all scopes...
2026-07-04 13:58:43.683 [info] Got 1 sessions for ...
2026-07-04 13:58:43.683 [info] Getting sessions for all scopes...
2026-07-04 13:58:43.683 [info] Got 1 sessions for ...
2026-07-04 14:01:47.595 [info] Getting sessions for all scopes...
2026-07-04 14:01:47.596 [info] Got 1 sessions for ...
2026-07-04 14:01:47.600 [info] Getting sessions for all scopes...
2026-07-04 14:01:47.600 [info] Got 1 sessions for ...
2026-07-04 14:01:57.058 [info] Getting sessions for all scopes...
2026-07-04 14:01:57.058 [info] Got 1 sessions for ...
2026-07-04 14:01:57.062 [info] Getting sessions for read:user,repo,user:email,workflow...
2026-07-04 14:01:57.062 [info] Got 1 sessions for read:user,repo,user:email,workflow...
2026-07-04 14:01:57.884 [info] Getting sessions for all scopes...
2026-07-04 14:01:57.884 [info] Got 1 sessions for ...
2026-07-04 14:01:57.884 [info] Getting sessions for all scopes...
2026-07-04 14:01:57.884 [info] Got 1 sessions for ...
2026-07-04 14:01:57.887 [info] Getting sessions for read:user,repo,user:email,workflow...
2026-07-04 14:01:57.887 [info] Got 1 sessions for read:user,repo,user:email,workflow...
2026-07-04 14:02:50.968 [info] Getting sessions for all scopes...
2026-07-04 14:02:50.968 [info] Got 1 sessions for ...
2026-07-04 14:02:50.970 [info] Getting sessions for all scopes...
2026-07-04 14:02:50.970 [info] Got 1 sessions for ...
2026-07-04 14:03:06.025 [info] Getting sessions for all scopes...
2026-07-04 14:03:06.025 [info] Got 1 sessions for ...
2026-07-04 14:03:06.026 [info] Getting sessions for all scopes...
2026-07-04 14:03:06.026 [info] Got 1 sessions for ...
2026-07-04 14:03:56.408 [info] Getting sessions for all scopes...
2026-07-04 14:03:56.408 [info] Got 1 sessions for ...
2026-07-04 14:03:56.434 [info] Getting sessions for all scopes...
2026-07-04 14:03:56.434 [info] Got 1 sessions for ...
2026-07-04 14:04:16.977 [info] Getting sessions for all scopes...
2026-07-04 14:04:16.977 [info] Got 1 sessions for ...
2026-07-04 14:04:16.978 [info] Getting sessions for all scopes...
2026-07-04 14:04:16.978 [info] Got 1 sessions for ...
2026-07-04 14:04:28.389 [info] Getting sessions for all scopes...
2026-07-04 14:04:28.389 [info] Got 1 sessions for ...
2026-07-04 14:04:28.389 [info] Getting sessions for all scopes...
2026-07-04 14:04:28.389 [info] Got 1 sessions for ...
2026-07-04 14:04:35.411 [info] Getting sessions for all scopes...
2026-07-04 14:04:35.411 [info] Got 1 sessions for ...
2026-07-04 14:04:35.412 [info] Getting sessions for all scopes...
2026-07-04 14:04:35.412 [info] Got 1 sessions for ...
2026-07-04 14:06:13.496 [info] Getting sessions for all scopes...
2026-07-04 14:06:13.497 [info] Got 1 sessions for ...
2026-07-04 14:06:13.522 [info] Getting sessions for all scopes...
2026-07-04 14:06:13.523 [info] Got 1 sessions for ...
2026-07-04 14:06:47.563 [info] Getting sessions for all scopes...
2026-07-04 14:06:47.563 [info] Got 1 sessions for ...
2026-07-04 14:06:47.564 [info] Getting sessions for all scopes...
2026-07-04 14:06:47.564 [info] Got 1 sessions for ...
2026-07-04 14:11:13.386 [info] Getting sessions for all scopes...
2026-07-04 14:11:13.386 [info] Got 1 sessions for ...
2026-07-04 14:11:13.396 [info] Getting sessions for all scopes...
2026-07-04 14:11:13.396 [info] Got 1 sessions for ...
2026-07-04 14:11:41.682 [info] Getting sessions for all scopes...
2026-07-04 14:11:41.682 [info] Got 1 sessions for ...
2026-07-04 14:11:41.724 [info] Getting sessions for all scopes...
2026-07-04 14:11:41.724 [info] Got 1 sessions for ...
2026-07-04 14:12:08.061 [info] Getting sessions for all scopes...
2026-07-04 14:12:08.061 [info] Got 1 sessions for ...
2026-07-04 14:12:08.063 [info] Getting sessions for all scopes...
2026-07-04 14:12:08.063 [info] Got 1 sessions for ...
2026-07-04 14:12:08.860 [info] Getting sessions for all scopes...
2026-07-04 14:12:08.861 [info] Got 1 sessions for ...
2026-07-04 14:12:08.861 [info] Getting sessions for all scopes...
2026-07-04 14:12:08.861 [info] Got 1 sessions for ...
2026-07-04 14:12:34.982 [info] Getting sessions for all scopes...
2026-07-04 14:12:34.982 [info] Got 1 sessions for ...
2026-07-04 14:12:34.982 [info] Getting sessions for all scopes...
2026-07-04 14:12:34.982 [info] Got 1 sessions for ...
2026-07-04 14:12:56.781 [info] Getting sessions for all scopes...
2026-07-04 14:12:56.781 [info] Got 1 sessions for ...
2026-07-04 14:12:56.791 [info] Getting sessions for all scopes...
2026-07-04 14:12:56.791 [info] Got 1 sessions for ...
2026-07-04 14:12:59.236 [info] Getting sessions for all scopes...
2026-07-04 14:12:59.236 [info] Got 1 sessions for ...
2026-07-04 14:12:59.238 [info] Getting sessions for all scopes...
2026-07-04 14:12:59.238 [info] Got 1 sessions for ...
2026-07-04 14:13:03.733 [info] Getting sessions for all scopes...
2026-07-04 14:13:03.733 [info] Got 1 sessions for ...
2026-07-04 14:13:03.733 [info] Getting sessions for all scopes...
2026-07-04 14:13:03.733 [info] Got 1 sessions for ...
2026-07-04 14:13:07.261 [info] Getting sessions for all scopes...
2026-07-04 14:13:07.261 [info] Got 1 sessions for ...
2026-07-04 14:13:07.262 [info] Getting sessions for all scopes...
2026-07-04 14:13:07.262 [info] Got 1 sessions for ...
2026-07-04 14:13:14.381 [info] Getting sessions for all scopes...
2026-07-04 14:13:14.381 [info] Got 1 sessions for ...
2026-07-04 14:13:14.394 [info] Getting sessions for all scopes...
2026-07-04 14:13:14.394 [info] Got 1 sessions for ...
2026-07-04 14:13:14.680 [info] Getting sessions for all scopes...
2026-07-04 14:13:14.680 [info] Got 1 sessions for ...
2026-07-04 14:13:14.681 [info] Getting sessions for all scopes...
2026-07-04 14:13:14.681 [info] Got 1 sessions for ...
2026-07-04 14:13:15.153 [info] Getting sessions for all scopes...
2026-07-04 14:13:15.153 [info] Got 1 sessions for ...
2026-07-04 14:13:15.155 [info] Getting sessions for all scopes...
2026-07-04 14:13:15.155 [info] Got 1 sessions for ...
2026-07-04 14:33:52.151 [info] Getting sessions for all scopes...
2026-07-04 14:33:52.151 [info] Got 1 sessions for ...
2026-07-04 14:33:52.153 [info] Getting sessions for read:user,repo,user:email,workflow...
2026-07-04 14:33:52.153 [info] Got 1 sessions for read:user,repo,user:email,workflow...
2026-07-04 14:33:52.882 [info] Getting sessions for all scopes...
2026-07-04 14:33:52.882 [info] Got 1 sessions for ...
2026-07-04 14:33:52.882 [info] Getting sessions for all scopes...
2026-07-04 14:33:52.882 [info] Got 1 sessions for ...
2026-07-04 14:33:52.883 [info] Getting sessions for read:user,repo,user:email,workflow...
2026-07-04 14:33:52.883 [info] Got 1 sessions for read:user,repo,user:email,workflow...
2026-07-04 16:10:59.396 [info] Getting sessions for all scopes...
2026-07-04 16:10:59.396 [info] Got 1 sessions for ...
2026-07-04 16:10:59.398 [info] Getting sessions for all scopes...
2026-07-04 16:10:59.398 [info] Got 1 sessions for ...
2026-07-04 16:12:10.161 [info] Getting sessions for all scopes...
2026-07-04 16:12:10.161 [info] Got 1 sessions for ...
2026-07-04 16:12:10.162 [info] Getting sessions for all scopes...
2026-07-04 16:12:10.162 [info] Got 1 sessions for ...
2026-07-04 16:12:39.655 [info] Getting sessions for all scopes...
2026-07-04 16:12:39.655 [info] Got 1 sessions for ...
2026-07-04 16:12:39.663 [info] Getting sessions for all scopes...
2026-07-04 16:12:39.663 [info] Got 1 sessions for ...
2026-07-04 16:18:09.779 [info] Getting sessions for all scopes...
2026-07-04 16:18:09.779 [info] Got 1 sessions for ...
2026-07-04 16:18:09.781 [info] Getting sessions for all scopes...
2026-07-04 16:18:09.781 [info] Got 1 sessions for ...
2026-07-04 16:18:26.602 [info] Getting sessions for all scopes...
2026-07-04 16:18:26.602 [info] Got 1 sessions for ...
2026-07-04 16:18:26.603 [info] Getting sessions for all scopes...
2026-07-04 16:18:26.604 [info] Got 1 sessions for ...
2026-07-04 16:19:20.949 [info] Getting sessions for all scopes...
2026-07-04 16:19:20.949 [info] Got 1 sessions for ...
2026-07-04 16:19:20.950 [info] Getting sessions for all scopes...
2026-07-04 16:19:20.950 [info] Got 1 sessions for ...
2026-07-04 16:19:53.520 [info] Getting sessions for all scopes...
2026-07-04 16:19:53.520 [info] Got 1 sessions for ...
2026-07-04 16:19:53.539 [info] Getting sessions for all scopes...
2026-07-04 16:19:53.539 [info] Got 1 sessions for ...
2026-07-04 16:20:17.655 [info] Getting sessions for all scopes...
2026-07-04 16:20:17.655 [info] Got 1 sessions for ...
2026-07-04 16:20:17.655 [info] Getting sessions for all scopes...
2026-07-04 16:20:17.655 [info] Got 1 sessions for ...
2026-07-04 16:21:40.347 [info] Getting sessions for all scopes...
2026-07-04 16:21:40.347 [info] Got 1 sessions for ...
2026-07-04 16:21:40.354 [info] Getting sessions for all scopes...
2026-07-04 16:21:40.354 [info] Got 1 sessions for ...
2026-07-04 16:24:36.869 [info] Getting sessions for all scopes...
2026-07-04 16:24:36.869 [info] Got 1 sessions for ...
2026-07-04 16:24:36.888 [info] Getting sessions for all scopes...
2026-07-04 16:24:36.888 [info] Got 1 sessions for ...
2026-07-04 16:24:44.116 [info] Getting sessions for all scopes...
2026-07-04 16:24:44.116 [info] Got 1 sessions for ...
2026-07-04 16:24:44.117 [info] Getting sessions for all scopes...
2026-07-04 16:24:44.117 [info] Got 1 sessions for ...
2026-07-04 16:25:19.753 [info] Getting sessions for all scopes...
2026-07-04 16:25:19.753 [info] Got 1 sessions for ...
2026-07-04 16:25:19.754 [info] Getting sessions for all scopes...
2026-07-04 16:25:19.754 [info] Got 1 sessions for ...
2026-07-04 16:26:30.199 [info] Getting sessions for all scopes...
2026-07-04 16:26:30.199 [info] Got 1 sessions for ...
2026-07-04 16:26:30.205 [info] Getting sessions for all scopes...
2026-07-04 16:26:30.205 [info] Got 1 sessions for ...
2026-07-04 16:26:33.122 [info] Getting sessions for all scopes...
2026-07-04 16:26:33.122 [info] Got 1 sessions for ...
2026-07-04 16:26:33.122 [info] Getting sessions for all scopes...
2026-07-04 16:26:33.122 [info] Got 1 sessions for ...
2026-07-04 16:27:05.091 [info] Getting sessions for all scopes...
2026-07-04 16:27:05.092 [info] Got 1 sessions for ...
2026-07-04 16:27:05.093 [info] Getting sessions for all scopes...
2026-07-04 16:27:05.093 [info] Got 1 sessions for ...
2026-07-04 16:27:27.845 [info] Getting sessions for all scopes...
2026-07-04 16:27:27.845 [info] Got 1 sessions for ...
2026-07-04 16:27:27.846 [info] Getting sessions for all scopes...
2026-07-04 16:27:27.846 [info] Got 1 sessions for ...
2026-07-04 16:27:36.928 [info] Getting sessions for all scopes...
2026-07-04 16:27:36.928 [info] Got 1 sessions for ...
2026-07-04 16:27:36.928 [info] Getting sessions for all scopes...
2026-07-04 16:27:36.928 [info] Got 1 sessions for ...
2026-07-04 16:27:39.264 [info] Getting sessions for all scopes...
2026-07-04 16:27:39.264 [info] Got 1 sessions for ...
2026-07-04 16:27:39.264 [info] Getting sessions for all scopes...
2026-07-04 16:27:39.264 [info] Got 1 sessions for ...
2026-07-04 16:27:40.149 [info] Getting sessions for all scopes...
2026-07-04 16:27:40.149 [info] Got 1 sessions for ...
2026-07-04 16:27:40.162 [info] Getting sessions for all scopes...
2026-07-04 16:27:40.162 [info] Got 1 sessions for ...
2026-07-04 16:27:51.677 [info] Getting sessions for all scopes...
2026-07-04 16:27:51.677 [info] Got 1 sessions for ...
2026-07-04 16:27:51.678 [info] Getting sessions for all scopes...
2026-07-04 16:27:51.678 [info] Got 1 sessions for ...
2026-07-04 16:28:08.363 [info] Getting sessions for all scopes...
2026-07-04 16:28:08.363 [info] Got 1 sessions for ...
2026-07-04 16:28:08.363 [info] Getting sessions for all scopes...
2026-07-04 16:28:08.363 [info] Got 1 sessions for ...
2026-07-04 16:28:16.942 [info] Getting sessions for all scopes...
2026-07-04 16:28:16.942 [info] Got 1 sessions for ...
2026-07-04 16:28:16.943 [info] Getting sessions for all scopes...
2026-07-04 16:28:16.943 [info] Got 1 sessions for ...
2026-07-04 16:28:23.113 [info] Getting sessions for all scopes...
2026-07-04 16:28:23.113 [info] Got 1 sessions for ...
2026-07-04 16:28:23.127 [info] Getting sessions for all scopes...
2026-07-04 16:28:23.127 [info] Got 1 sessions for ...
2026-07-04 16:28:28.727 [info] Getting sessions for all scopes...
2026-07-04 16:28:28.727 [info] Got 1 sessions for ...
2026-07-04 16:28:28.742 [info] Getting sessions for all scopes...
2026-07-04 16:28:28.743 [info] Got 1 sessions for ...
2026-07-04 16:28:33.130 [info] Getting sessions for all scopes...
2026-07-04 16:28:33.131 [info] Got 1 sessions for ...
2026-07-04 16:28:33.132 [info] Getting sessions for all scopes...
2026-07-04 16:28:33.132 [info] Got 1 sessions for ...
2026-07-04 16:28:34.259 [info] Getting sessions for all scopes...
2026-07-04 16:28:34.260 [info] Got 1 sessions for ...
2026-07-04 16:28:34.260 [info] Getting sessions for all scopes...
2026-07-04 16:28:34.260 [info] Got 1 sessions for ...
2026-07-04 16:28:35.689 [info] Getting sessions for all scopes...
2026-07-04 16:28:35.689 [info] Got 1 sessions for ...
2026-07-04 16:28:35.689 [info] Getting sessions for all scopes...
2026-07-04 16:28:35.689 [info] Got 1 sessions for ...
2026-07-04 16:28:38.327 [info] Getting sessions for all scopes...
2026-07-04 16:28:38.327 [info] Got 1 sessions for ...
2026-07-04 16:28:38.327 [info] Getting sessions for all scopes...
2026-07-04 16:28:38.327 [info] Got 1 sessions for ...
