qt.languageserver.server: Did Setup
Using the build directories found in the .qmlls.ini file. Your build folder might not be found if no .qmlls.ini files are present in the root source folder.
Argument "/usr/lib/x86_64-linux-gnu/qt6/qml" passed to -I does not exist.
Using import directories passed by -I: "/usr/lib/qt6/qml", "/usr/lib/x86_64-linux-gnu/qt6/qml".
Using 1 job for CMake, you can increase that value with the QMLLS_CMAKE_JOBS environment variable or the --cmake-jobs option.
qt.languageserver.server: Ignoring cancellation of non in progress request QJsonValue(double, 3)
qt.languageserver.server: Ignoring cancellation of non in progress request QJsonValue(double, 5)
qt.languageserver.server: Ignoring cancellation of non in progress request QJsonValue(double, 6)
qt.languageserver.server: Ignoring cancellation of non in progress request QJsonValue(double, 7)
qt.languageserver.server: Ignoring cancellation of non in progress request QJsonValue(double, 8)
qt.languageserver.server: Ignoring cancellation of non in progress request QJsonValue(double, 10)
qt.languageserver.server: Ignoring cancellation of non in progress request QJsonValue(double, 11)
qt.languageserver.server: Ignoring cancellation of non in progress request QJsonValue(double, 14)
qt.languageserver.server: Ignoring cancellation of non in progress request QJsonValue(double, 15)
qt.languageserver.server: Ignoring cancellation of non in progress request QJsonValue(double, 16)
qt.languageserver.server: Ignoring cancellation of non in progress request QJsonValue(double, 21)
qt.languageserver.server: Ignoring cancellation of non in progress request QJsonValue(double, 31)
qt.qmldom: Parsed invalid file /home/taianlux/.config/quickshell/components/WallpaperSelector.qml/home/taianlux/.config/quickshell/components/WallpaperSelector.qml:[Dom][QmlFile][Parsing] Error: Syntax error for .currentItem

qt.languageserver.server: avoid update of validDoc to  2 of document "file:///home/taianlux/.config/quickshell/components/WallpaperSelector.qml" as it is invalid
qt.qmldom: Parsed invalid file /home/taianlux/.config/quickshell/components/WallpaperSelector.qml/home/taianlux/.config/quickshell/components/WallpaperSelector.qml:[Dom][QmlFile][Parsing] Error: Syntax error for .currentItem

qt.languageserver.server: avoid update of validDoc to  3 of document "file:///home/taianlux/.config/quickshell/components/WallpaperSelector.qml" as it is invalid
qt.languageserver.server: Ignoring cancellation of non in progress request QJsonValue(double, 36)
qt.languageserver.completions: No valid document for completions for  "file:///home/taianlux/.config/quickshell/components/WallpaperSelector.qml"
qt.languageserver.server: Ignoring cancellation of non in progress request QJsonValue(double, 42)
qt.qmldom: Parsed invalid file /home/taianlux/.config/quickshell/components/WallpaperSelector.qml/home/taianlux/.config/quickshell/components/WallpaperSelector.qml:[Dom][QmlFile][Parsing] Error: Expected token `numeric literal' for .currentItem

qt.languageserver.server: avoid update of validDoc to  5 of document "file:///home/taianlux/.config/quickshell/components/WallpaperSelector.qml" as it is invalid
qt.languageserver.utils: "Couldn't find the C++ file 'private/qqmlbuiltins_p.h'."
qt.qmldom: Parsed invalid file /home/taianlux/.config/quickshell/components/WallpaperSelector.qml/home/taianlux/.config/quickshell/components/WallpaperSelector.qml:[Dom][QmlFile][Parsing] Error: Expected token `numeric literal' for .currentItem

qt.languageserver.server: avoid update of validDoc to  7 of document "file:///home/taianlux/.config/quickshell/components/WallpaperSelector.qml" as it is invalid
qt.languageserver.server: avoid update of validDoc to  7 of document "file:///home/taianlux/.config/quickshell/components/WallpaperSelector.qml" as it is invalid
qt.qmldom: Parsed invalid file /home/taianlux/.config/quickshell/components/theme/ThemeChanger.qml/home/taianlux/.config/quickshell/components/theme/ThemeChanger.qml:[Dom][QmlFile][Parsing] Error: Expected token `numeric literal' for .currentItem

qt.languageserver.server: avoid update of validDoc to  1 of document "file:///home/taianlux/.config/quickshell/components/theme/ThemeChanger.qml" as it is invalid
[Dom] Error: Non existing path to load: '/home/taianlux/.config/quickshell/modules/components/theme'
[Dom] Error: Non existing path to load: '/home/taianlux/.config/quickshell/modules/components/theme'
[Dom] Error: Non existing path to load: '/home/taianlux/.config/quickshell/modules/components/theme'
[Dom] Error: Non existing path to load: '/home/taianlux/.config/quickshell/modules/components/theme'
[Dom] Error: Non existing path to load: '/home/taianlux/.config/quickshell/modules/components/theme'
qt.languageserver.server: Ignoring cancellation of non in progress request QJsonValue(double, 179)
[Dom] Error: Non existing path to load: '/home/taianlux/.config/quickshell/modules/components/theme'
[Dom] Error: Non existing path to load: '/home/taianlux/.config/quickshell/modules/components/theme'
[Dom] Error: Non existing path to load: '/home/taianlux/.config/quickshell/modules/components/theme'
[Dom] Error: Non existing path to load: '/home/taianlux/.config/quickshell/modules/components/theme'
qt.qmldom: Parsed invalid file /home/taianlux/.config/quickshell/modules/Bar.qml/home/taianlux/.config/quickshell/modules/Bar.qml:[Dom][QmlFile][Parsing] Error: Expected token `}' for .currentItem

qt.languageserver.server: avoid update of validDoc to  19 of document "file:///home/taianlux/.config/quickshell/modules/Bar.qml" as it is invalid
qt.qmldom: Parsed invalid file /home/taianlux/.config/quickshell/modules/Bar.qml/home/taianlux/.config/quickshell/modules/Bar.qml:[Dom][QmlFile][Parsing] Error: Expected token `}' for .currentItem

qt.languageserver.server: avoid update of validDoc to  20 of document "file:///home/taianlux/.config/quickshell/modules/Bar.qml" as it is invalid
qt.qmldom: Parsed invalid file /home/taianlux/.config/quickshell/modules/Bar.qml/home/taianlux/.config/quickshell/modules/Bar.qml:[Dom][QmlFile][Parsing] Error: Expected token `}' for .currentItem

qt.languageserver.server: avoid update of validDoc to  21 of document "file:///home/taianlux/.config/quickshell/modules/Bar.qml" as it is invalid
qt.qmldom: Parsed invalid file /home/taianlux/.config/quickshell/modules/Bar.qml/home/taianlux/.config/quickshell/modules/Bar.qml:[Dom][QmlFile][Parsing] Error: Expected token `}' for .currentItem

qt.languageserver.server: avoid update of validDoc to  22 of document "file:///home/taianlux/.config/quickshell/modules/Bar.qml" as it is invalid
qt.qmldom: Parsed invalid file /home/taianlux/.config/quickshell/modules/Bar.qml/home/taianlux/.config/quickshell/modules/Bar.qml:[Dom][QmlFile][Parsing] Error: Expected token `}' for .currentItem

qt.languageserver.server: avoid update of validDoc to  23 of document "file:///home/taianlux/.config/quickshell/modules/Bar.qml" as it is invalid
qt.qmldom: Parsed invalid file /home/taianlux/.config/quickshell/modules/Bar.qml/home/taianlux/.config/quickshell/modules/Bar.qml:[Dom][QmlFile][Parsing] Error: Expected token `}' for .currentItem

qt.languageserver.server: avoid update of validDoc to  24 of document "file:///home/taianlux/.config/quickshell/modules/Bar.qml" as it is invalid
qt.qmldom: Parsed invalid file /home/taianlux/.config/quickshell/modules/Bar.qml/home/taianlux/.config/quickshell/modules/Bar.qml:[Dom][QmlFile][Parsing] Error: Expected token `}' for .currentItem

qt.languageserver.server: Version 25 of document "file:///home/taianlux/.config/quickshell/modules/Bar.qml" is not the latest anymore
qt.qmldom: Parsed invalid file /home/taianlux/.config/quickshell/modules/Bar.qml/home/taianlux/.config/quickshell/modules/Bar.qml:[Dom][QmlFile][Parsing] Error: Expected token `}' for .currentItem

qt.languageserver.server: avoid update of validDoc to  26 of document "file:///home/taianlux/.config/quickshell/modules/Bar.qml" as it is invalid
qt.qmldom: Parsed invalid file /home/taianlux/.config/quickshell/modules/Bar.qml/home/taianlux/.config/quickshell/modules/Bar.qml:[Dom][QmlFile][Parsing] Error: Expected token `}' for .currentItem

qt.languageserver.server: Version 27 of document "file:///home/taianlux/.config/quickshell/modules/Bar.qml" is not the latest anymore
qt.qmldom: Parsed invalid file /home/taianlux/.config/quickshell/modules/Bar.qml/home/taianlux/.config/quickshell/modules/Bar.qml:[Dom][QmlFile][Parsing] Error: Expected token `}' for .currentItem

qt.languageserver.server: avoid update of validDoc to  28 of document "file:///home/taianlux/.config/quickshell/modules/Bar.qml" as it is invalid
qt.qmldom: Parsed invalid file /home/taianlux/.config/quickshell/modules/Bar.qml/home/taianlux/.config/quickshell/modules/Bar.qml:[Dom][QmlFile][Parsing] Error: Expected token `}' for .currentItem

qt.languageserver.server: Version 29 of document "file:///home/taianlux/.config/quickshell/modules/Bar.qml" is not the latest anymore
qt.qmldom: Parsed invalid file /home/taianlux/.config/quickshell/modules/Bar.qml/home/taianlux/.config/quickshell/modules/Bar.qml:[Dom][QmlFile][Parsing] Error: Expected token `}' for .currentItem

qt.languageserver.server: avoid update of validDoc to  30 of document "file:///home/taianlux/.config/quickshell/modules/Bar.qml" as it is invalid
qt.qmldom: Parsed invalid file /home/taianlux/.config/quickshell/modules/Bar.qml/home/taianlux/.config/quickshell/modules/Bar.qml:[Dom][QmlFile][Parsing] Error: Expected token `}' for .currentItem

qt.languageserver.server: avoid update of validDoc to  31 of document "file:///home/taianlux/.config/quickshell/modules/Bar.qml" as it is invalid
qt.qmldom: Parsed invalid file /home/taianlux/.config/quickshell/modules/Bar.qml/home/taianlux/.config/quickshell/modules/Bar.qml:[Dom][QmlFile][Parsing] Error: Expected token `}' for .currentItem

qt.languageserver.server: Version 32 of document "file:///home/taianlux/.config/quickshell/modules/Bar.qml" is not the latest anymore
qt.qmldom: Parsed invalid file /home/taianlux/.config/quickshell/modules/Bar.qml/home/taianlux/.config/quickshell/modules/Bar.qml:[Dom][QmlFile][Parsing] Error: Expected token `}' for .currentItem

qt.languageserver.server: avoid update of validDoc to  33 of document "file:///home/taianlux/.config/quickshell/modules/Bar.qml" as it is invalid
qt.qmldom: Parsed invalid file /home/taianlux/.config/quickshell/modules/Bar.qml/home/taianlux/.config/quickshell/modules/Bar.qml:[Dom][QmlFile][Parsing] Error: Expected token `}' for .currentItem

qt.languageserver.server: avoid update of validDoc to  34 of document "file:///home/taianlux/.config/quickshell/modules/Bar.qml" as it is invalid
qt.qmldom: Parsed invalid file /home/taianlux/.config/quickshell/modules/Bar.qml/home/taianlux/.config/quickshell/modules/Bar.qml:[Dom][QmlFile][Parsing] Error: Expected token `}' for .currentItem

qt.languageserver.server: avoid update of validDoc to  35 of document "file:///home/taianlux/.config/quickshell/modules/Bar.qml" as it is invalid
qt.qmldom: Parsed invalid file /home/taianlux/.config/quickshell/modules/Bar.qml/home/taianlux/.config/quickshell/modules/Bar.qml:[Dom][QmlFile][Parsing] Error: Expected token `}' for .currentItem

qt.languageserver.server: Version 36 of document "file:///home/taianlux/.config/quickshell/modules/Bar.qml" is not the latest anymore
qt.qmldom: Parsed invalid file /home/taianlux/.config/quickshell/modules/Bar.qml/home/taianlux/.config/quickshell/modules/Bar.qml:[Dom][QmlFile][Parsing] Error: Expected token `}' for .currentItem

qt.languageserver.server: avoid update of validDoc to  37 of document "file:///home/taianlux/.config/quickshell/modules/Bar.qml" as it is invalid
qt.qmldom: Parsed invalid file /home/taianlux/.config/quickshell/modules/Bar.qml/home/taianlux/.config/quickshell/modules/Bar.qml:[Dom][QmlFile][Parsing] Error: Expected token `}' for .currentItem

qt.languageserver.server: Version 38 of document "file:///home/taianlux/.config/quickshell/modules/Bar.qml" is not the latest anymore
qt.qmldom: Parsed invalid file /home/taianlux/.config/quickshell/modules/Bar.qml/home/taianlux/.config/quickshell/modules/Bar.qml:[Dom][QmlFile][Parsing] Error: Expected token `}' for .currentItem

qt.languageserver.server: avoid update of validDoc to  40 of document "file:///home/taianlux/.config/quickshell/modules/Bar.qml" as it is invalid
qt.qmldom: Parsed invalid file /home/taianlux/.config/quickshell/modules/Bar.qml/home/taianlux/.config/quickshell/modules/Bar.qml:[Dom][QmlFile][Parsing] Error: Expected token `}' for .currentItem

qt.languageserver.server: Version 41 of document "file:///home/taianlux/.config/quickshell/modules/Bar.qml" is not the latest anymore
qt.qmldom: Parsed invalid file /home/taianlux/.config/quickshell/modules/Bar.qml/home/taianlux/.config/quickshell/modules/Bar.qml:[Dom][QmlFile][Parsing] Error: Expected token `}' for .currentItem

qt.languageserver.server: avoid update of validDoc to  42 of document "file:///home/taianlux/.config/quickshell/modules/Bar.qml" as it is invalid
qt.qmldom: Parsed invalid file /home/taianlux/.config/quickshell/modules/Bar.qml/home/taianlux/.config/quickshell/modules/Bar.qml:[Dom][QmlFile][Parsing] Error: Expected token `}' for .currentItem

qt.languageserver.server: Version 43 of document "file:///home/taianlux/.config/quickshell/modules/Bar.qml" is not the latest anymore
qt.qmldom: Parsed invalid file /home/taianlux/.config/quickshell/modules/Bar.qml/home/taianlux/.config/quickshell/modules/Bar.qml:[Dom][QmlFile][Parsing] Error: Expected token `}' for .currentItem

qt.languageserver.server: avoid update of validDoc to  44 of document "file:///home/taianlux/.config/quickshell/modules/Bar.qml" as it is invalid
qt.qmldom: Parsed invalid file /home/taianlux/.config/quickshell/modules/Bar.qml/home/taianlux/.config/quickshell/modules/Bar.qml:[Dom][QmlFile][Parsing] Error: Expected token `}' for .currentItem

qt.languageserver.server: avoid update of validDoc to  45 of document "file:///home/taianlux/.config/quickshell/modules/Bar.qml" as it is invalid
qt.qmldom: Parsed invalid file /home/taianlux/.config/quickshell/modules/Bar.qml/home/taianlux/.config/quickshell/modules/Bar.qml:[Dom][QmlFile][Parsing] Error: Expected token `}' for .currentItem

qt.languageserver.server: Version 46 of document "file:///home/taianlux/.config/quickshell/modules/Bar.qml" is not the latest anymore
qt.qmldom: Parsed invalid file /home/taianlux/.config/quickshell/modules/Bar.qml/home/taianlux/.config/quickshell/modules/Bar.qml:[Dom][QmlFile][Parsing] Error: Expected token `}' for .currentItem

qt.languageserver.server: avoid update of validDoc to  47 of document "file:///home/taianlux/.config/quickshell/modules/Bar.qml" as it is invalid
qt.qmldom: Parsed invalid file /home/taianlux/.config/quickshell/modules/Bar.qml/home/taianlux/.config/quickshell/modules/Bar.qml:[Dom][QmlFile][Parsing] Error: Expected token `}' for .currentItem

qt.languageserver.server: avoid update of validDoc to  48 of document "file:///home/taianlux/.config/quickshell/modules/Bar.qml" as it is invalid
qt.qmldom: Parsed invalid file /home/taianlux/.config/quickshell/modules/Bar.qml/home/taianlux/.config/quickshell/modules/Bar.qml:[Dom][QmlFile][Parsing] Error: Expected token `}' for .currentItem

qt.languageserver.server: avoid update of validDoc to  49 of document "file:///home/taianlux/.config/quickshell/modules/Bar.qml" as it is invalid
qt.qmldom: Parsed invalid file /home/taianlux/.config/quickshell/modules/Bar.qml/home/taianlux/.config/quickshell/modules/Bar.qml:[Dom][QmlFile][Parsing] Error: Expected token `}' for .currentItem

qt.languageserver.server: Version 50 of document "file:///home/taianlux/.config/quickshell/modules/Bar.qml" is not the latest anymore
qt.qmldom: Parsed invalid file /home/taianlux/.config/quickshell/modules/Bar.qml/home/taianlux/.config/quickshell/modules/Bar.qml:[Dom][QmlFile][Parsing] Error: Expected token `}' for .currentItem

qt.languageserver.server: avoid update of validDoc to  51 of document "file:///home/taianlux/.config/quickshell/modules/Bar.qml" as it is invalid
qt.qmldom: Parsed invalid file /home/taianlux/.config/quickshell/modules/Bar.qml/home/taianlux/.config/quickshell/modules/Bar.qml:[Dom][QmlFile][Parsing] Error: Expected token `}' for .currentItem

qt.languageserver.server: Version 52 of document "file:///home/taianlux/.config/quickshell/modules/Bar.qml" is not the latest anymore
qt.qmldom: Parsed invalid file /home/taianlux/.config/quickshell/modules/Bar.qml/home/taianlux/.config/quickshell/modules/Bar.qml:[Dom][QmlFile][Parsing] Error: Expected token `}' for .currentItem

qt.languageserver.server: avoid update of validDoc to  53 of document "file:///home/taianlux/.config/quickshell/modules/Bar.qml" as it is invalid
qt.qmldom: Parsed invalid file /home/taianlux/.config/quickshell/modules/Bar.qml/home/taianlux/.config/quickshell/modules/Bar.qml:[Dom][QmlFile][Parsing] Error: Expected token `}' for .currentItem

qt.languageserver.server: avoid update of validDoc to  54 of document "file:///home/taianlux/.config/quickshell/modules/Bar.qml" as it is invalid
qt.qmldom: Parsed invalid file /home/taianlux/.config/quickshell/modules/Bar.qml/home/taianlux/.config/quickshell/modules/Bar.qml:[Dom][QmlFile][Parsing] Error: Expected token `}' for .currentItem

qt.languageserver.server: avoid update of validDoc to  55 of document "file:///home/taianlux/.config/quickshell/modules/Bar.qml" as it is invalid
qt.qmldom: Parsed invalid file /home/taianlux/.config/quickshell/modules/Bar.qml/home/taianlux/.config/quickshell/modules/Bar.qml:[Dom][QmlFile][Parsing] Error: Expected token `}' for .currentItem

qt.languageserver.server: avoid update of validDoc to  56 of document "file:///home/taianlux/.config/quickshell/modules/Bar.qml" as it is invalid
qt.qmldom: Parsed invalid file /home/taianlux/.config/quickshell/modules/Bar.qml/home/taianlux/.config/quickshell/modules/Bar.qml:[Dom][QmlFile][Parsing] Error: Expected token `}' for .currentItem

qt.languageserver.server: avoid update of validDoc to  57 of document "file:///home/taianlux/.config/quickshell/modules/Bar.qml" as it is invalid
qt.qmldom: Parsed invalid file /home/taianlux/.config/quickshell/modules/Bar.qml/home/taianlux/.config/quickshell/modules/Bar.qml:[Dom][QmlFile][Parsing] Error: Expected token `}' for .currentItem

qt.languageserver.server: avoid update of validDoc to  58 of document "file:///home/taianlux/.config/quickshell/modules/Bar.qml" as it is invalid
qt.qmldom: Parsed invalid file /home/taianlux/.config/quickshell/modules/Bar.qml/home/taianlux/.config/quickshell/modules/Bar.qml:[Dom][QmlFile][Parsing] Error: Expected token `}' for .currentItem

qt.languageserver.server: avoid update of validDoc to  59 of document "file:///home/taianlux/.config/quickshell/modules/Bar.qml" as it is invalid
qt.qmldom: Parsed invalid file /home/taianlux/.config/quickshell/modules/Bar.qml/home/taianlux/.config/quickshell/modules/Bar.qml:[Dom][QmlFile][Parsing] Error: Expected token `}' for .currentItem

qt.languageserver.server: avoid update of validDoc to  60 of document "file:///home/taianlux/.config/quickshell/modules/Bar.qml" as it is invalid
qt.qmldom: Parsed invalid file /home/taianlux/.config/quickshell/modules/Bar.qml/home/taianlux/.config/quickshell/modules/Bar.qml:[Dom][QmlFile][Parsing] Error: Expected token `}' for .currentItem

qt.languageserver.server: avoid update of validDoc to  61 of document "file:///home/taianlux/.config/quickshell/modules/Bar.qml" as it is invalid
qt.qmldom: Parsed invalid file /home/taianlux/.config/quickshell/modules/Bar.qml/home/taianlux/.config/quickshell/modules/Bar.qml:[Dom][QmlFile][Parsing] Error: Expected token `}' for .currentItem

qt.languageserver.server: Version 62 of document "file:///home/taianlux/.config/quickshell/modules/Bar.qml" is not the latest anymore
qt.qmldom: Parsed invalid file /home/taianlux/.config/quickshell/modules/Bar.qml/home/taianlux/.config/quickshell/modules/Bar.qml:[Dom][QmlFile][Parsing] Error: Expected token `}' for .currentItem

qt.languageserver.server: avoid update of validDoc to  63 of document "file:///home/taianlux/.config/quickshell/modules/Bar.qml" as it is invalid
qt.qmldom: Parsed invalid file /home/taianlux/.config/quickshell/modules/Bar.qml/home/taianlux/.config/quickshell/modules/Bar.qml:[Dom][QmlFile][Parsing] Error: Expected token `}' for .currentItem

qt.languageserver.server: avoid update of validDoc to  64 of document "file:///home/taianlux/.config/quickshell/modules/Bar.qml" as it is invalid
qt.qmldom: Parsed invalid file /home/taianlux/.config/quickshell/modules/Bar.qml/home/taianlux/.config/quickshell/modules/Bar.qml:[Dom][QmlFile][Parsing] Error: Expected token `}' for .currentItem

qt.languageserver.server: avoid update of validDoc to  65 of document "file:///home/taianlux/.config/quickshell/modules/Bar.qml" as it is invalid
qt.qmldom: Parsed invalid file /home/taianlux/.config/quickshell/modules/Bar.qml/home/taianlux/.config/quickshell/modules/Bar.qml:[Dom][QmlFile][Parsing] Error: Expected token `}' for .currentItem

qt.languageserver.server: Version 66 of document "file:///home/taianlux/.config/quickshell/modules/Bar.qml" is not the latest anymore
qt.qmldom: Parsed invalid file /home/taianlux/.config/quickshell/modules/Bar.qml/home/taianlux/.config/quickshell/modules/Bar.qml:[Dom][QmlFile][Parsing] Error: Expected token `}' for .currentItem

qt.languageserver.server: avoid update of validDoc to  67 of document "file:///home/taianlux/.config/quickshell/modules/Bar.qml" as it is invalid
qt.qmldom: Parsed invalid file /home/taianlux/.config/quickshell/modules/Bar.qml/home/taianlux/.config/quickshell/modules/Bar.qml:[Dom][QmlFile][Parsing] Error: Expected token `}' for .currentItem

qt.languageserver.server: avoid update of validDoc to  68 of document "file:///home/taianlux/.config/quickshell/modules/Bar.qml" as it is invalid
qt.qmldom: Parsed invalid file /home/taianlux/.config/quickshell/modules/Bar.qml/home/taianlux/.config/quickshell/modules/Bar.qml:[Dom][QmlFile][Parsing] Error: Expected token `}' for .currentItem

qt.languageserver.server: avoid update of validDoc to  69 of document "file:///home/taianlux/.config/quickshell/modules/Bar.qml" as it is invalid
qt.qmldom: Parsed invalid file /home/taianlux/.config/quickshell/modules/Bar.qml/home/taianlux/.config/quickshell/modules/Bar.qml:[Dom][QmlFile][Parsing] Error: Expected token `}' for .currentItem

qt.languageserver.server: avoid update of validDoc to  70 of document "file:///home/taianlux/.config/quickshell/modules/Bar.qml" as it is invalid
qt.qmldom: Parsed invalid file /home/taianlux/.config/quickshell/modules/Bar.qml/home/taianlux/.config/quickshell/modules/Bar.qml:[Dom][QmlFile][Parsing] Error: Expected token `}' for .currentItem

qt.languageserver.server: avoid update of validDoc to  71 of document "file:///home/taianlux/.config/quickshell/modules/Bar.qml" as it is invalid
qt.qmldom: Parsed invalid file /home/taianlux/.config/quickshell/modules/Bar.qml/home/taianlux/.config/quickshell/modules/Bar.qml:[Dom][QmlFile][Parsing] Error: Expected token `}' for .currentItem

qt.languageserver.server: avoid update of validDoc to  72 of document "file:///home/taianlux/.config/quickshell/modules/Bar.qml" as it is invalid
qt.qmldom: Parsed invalid file /home/taianlux/.config/quickshell/modules/Bar.qml/home/taianlux/.config/quickshell/modules/Bar.qml:[Dom][QmlFile][Parsing] Error: Expected token `}' for .currentItem

qt.languageserver.server: avoid update of validDoc to  73 of document "file:///home/taianlux/.config/quickshell/modules/Bar.qml" as it is invalid
qt.qmldom: Parsed invalid file /home/taianlux/.config/quickshell/modules/Bar.qml/home/taianlux/.config/quickshell/modules/Bar.qml:[Dom][QmlFile][Parsing] Error: Expected token `}' for .currentItem

qt.languageserver.server: avoid update of validDoc to  74 of document "file:///home/taianlux/.config/quickshell/modules/Bar.qml" as it is invalid
qt.qmldom: Parsed invalid file /home/taianlux/.config/quickshell/modules/Bar.qml/home/taianlux/.config/quickshell/modules/Bar.qml:[Dom][QmlFile][Parsing] Error: Expected token `}' for .currentItem

qt.languageserver.server: avoid update of validDoc to  75 of document "file:///home/taianlux/.config/quickshell/modules/Bar.qml" as it is invalid
qt.qmldom: Parsed invalid file /home/taianlux/.config/quickshell/modules/Bar.qml/home/taianlux/.config/quickshell/modules/Bar.qml:[Dom][QmlFile][Parsing] Error: Expected token `}' for .currentItem

qt.languageserver.server: avoid update of validDoc to  76 of document "file:///home/taianlux/.config/quickshell/modules/Bar.qml" as it is invalid
[Dom] Error: Non existing path to load: '/home/taianlux/.config/quickshell/modules/components/theme'
[Dom] Error: Non existing path to load: '/home/taianlux/.config/quickshell/modules/components/theme'
[Dom] Error: Non existing path to load: '/home/taianlux/.config/quickshell/modules/components/theme'
qt.languageserver.server: Version 79 of document "file:///home/taianlux/.config/quickshell/modules/Bar.qml" is not the latest anymore
[Dom] Error: Non existing path to load: '/home/taianlux/.config/quickshell/modules/components/theme'
[Dom] Error: Non existing path to load: '/home/taianlux/.config/quickshell/modules/components/theme'
[Dom] Error: Non existing path to load: '/home/taianlux/.config/quickshell/modules/components/theme'
qt.languageserver.server: Version 82 of document "file:///home/taianlux/.config/quickshell/modules/Bar.qml" is not the latest anymore
[Dom] Error: Non existing path to load: '/home/taianlux/.config/quickshell/modules/components/theme'
[Dom] Error: Non existing path to load: '/home/taianlux/.config/quickshell/modules/components/theme'
qt.languageserver.server: Version 84 of document "file:///home/taianlux/.config/quickshell/modules/Bar.qml" is not the latest anymore
[Dom] Error: Non existing path to load: '/home/taianlux/.config/quickshell/modules/components/theme'
[Dom] Error: Non existing path to load: '/home/taianlux/.config/quickshell/modules/components/theme'
qt.languageserver.server: Version 86 of document "file:///home/taianlux/.config/quickshell/modules/Bar.qml" is not the latest anymore
[Dom] Error: Non existing path to load: '/home/taianlux/.config/quickshell/modules/components/theme'
[Dom] Error: Non existing path to load: '/home/taianlux/.config/quickshell/modules/components/theme'
[Dom] Error: Non existing path to load: '/home/taianlux/.config/quickshell/modules/components/theme'
[Dom] Error: Non existing path to load: '/home/taianlux/.config/quickshell/modules/components/theme'
qt.languageserver.server: Ignoring cancellation of non in progress request QJsonValue(double, 192)
[Dom] Error: Non existing path to load: '/home/taianlux/.config/quickshell/modules/components/theme'
[Dom] Error: Non existing path to load: '/home/taianlux/.config/quickshell/modules/components/theme'
[Dom] Error: Non existing path to load: '/home/taianlux/.config/quickshell/modules/components/theme'
qt.languageserver.utils: "Couldn't find the C++ file 'qquickitem.h'."
qt.languageserver.utils: "Couldn't find the C++ file 'qquickitem.h'."
qt.qmldom: Parsed invalid file /home/taianlux/.config/quickshell/modules/Bar.qml/home/taianlux/.config/quickshell/modules/Bar.qml:82:35: [Dom][QmlFile][Parsing] Error: Expected token `,' for .currentItem

qt.languageserver.server: avoid update of validDoc to  94 of document "file:///home/taianlux/.config/quickshell/modules/Bar.qml" as it is invalid
[Dom] Error: Non existing path to load: '/home/taianlux/.config/quickshell/modules/components/theme'
qt.qmldom: Parsed invalid file /home/taianlux/.config/quickshell/modules/Bar.qml/home/taianlux/.config/quickshell/modules/Bar.qml:82:35: [Dom][QmlFile][Parsing] Error: Expected token `,' for .currentItem

qt.languageserver.server: avoid update of validDoc to  96 of document "file:///home/taianlux/.config/quickshell/modules/Bar.qml" as it is invalid
[Dom] Error: Non existing path to load: '/home/taianlux/.config/quickshell/modules/components/theme'
[Dom] Error: Non existing path to load: '/home/taianlux/.config/quickshell/modules/components/theme'
qt.languageserver.server: Ignoring cancellation of non in progress request QJsonValue(double, 211)
[Dom] Error: Non existing path to load: '/home/taianlux/.config/quickshell/modules/components/theme'
[Dom] Error: Non existing path to load: '/home/taianlux/.config/quickshell/modules/components/theme'
[Dom] Error: Non existing path to load: '/home/taianlux/.config/quickshell/modules/components/theme'
[Dom] Error: Non existing path to load: '/home/taianlux/.config/quickshell/modules/components/theme'
[Dom] Error: Non existing path to load: '/home/taianlux/.config/quickshell/modules/components/theme'
[Dom] Error: Non existing path to load: '/home/taianlux/.config/quickshell/modules/components/theme'
[Dom] Error: Non existing path to load: '/home/taianlux/.config/quickshell/modules/components/theme'
qt.languageserver.server: Ignoring cancellation of non in progress request QJsonValue(double, 252)
[Dom] Error: Non existing path to load: '/home/taianlux/.config/quickshell/modules/components/theme'
qt.languageserver.server: Version 106 of document "file:///home/taianlux/.config/quickshell/modules/Bar.qml" is not the latest anymore
[Dom] Error: Non existing path to load: '/home/taianlux/.config/quickshell/modules/components/theme'
[Dom] Error: Non existing path to load: '/home/taianlux/.config/quickshell/modules/components/theme'
qt.languageserver.server: Version 108 of document "file:///home/taianlux/.config/quickshell/modules/Bar.qml" is not the latest anymore
[Dom] Error: Non existing path to load: '/home/taianlux/.config/quickshell/modules/components/theme'
[Dom] Error: Non existing path to load: '/home/taianlux/.config/quickshell/modules/components/theme'
qt.languageserver.server: Version 110 of document "file:///home/taianlux/.config/quickshell/modules/Bar.qml" is not the latest anymore
[Dom] Error: Non existing path to load: '/home/taianlux/.config/quickshell/modules/components/theme'
qt.qmldom: Parsed invalid file /home/taianlux/.config/quickshell/modules/Bar.qml/home/taianlux/.config/quickshell/modules/Bar.qml:57:27: [Dom][QmlFile][Parsing] Error: Unexpected token `.' for .currentItem

[Dom] Error: Non existing path to load: '/home/taianlux/.config/quickshell/modules/components/theme'
qt.languageserver.server: avoid update of validDoc to  112 of document "file:///home/taianlux/.config/quickshell/modules/Bar.qml" as it is invalid
[Dom] Error: Non existing path to load: '/home/taianlux/.config/quickshell/modules/components/theme'
qt.languageserver.server: Ignoring cancellation of non in progress request QJsonValue(double, 263)
[Dom] Error: Non existing path to load: '/home/taianlux/.config/quickshell/modules/components/theme'
qt.languageserver.server: Ignoring cancellation of non in progress request QJsonValue(double, 265)
[Dom] Error: Non existing path to load: '/home/taianlux/.config/quickshell/modules/components/theme'
qt.languageserver.server: Ignoring cancellation of non in progress request QJsonValue(double, 268)
[Dom] Error: Non existing path to load: '/home/taianlux/.config/quickshell/modules/components/theme'
[Dom] Error: Non existing path to load: '/home/taianlux/.config/quickshell/modules/components/theme'
[Dom] Error: Non existing path to load: '/home/taianlux/.config/quickshell/modules/components/theme'
[Dom] Error: Non existing path to load: '/home/taianlux/.config/quickshell/modules/components/theme'
[Dom] Error: Non existing path to load: '/home/taianlux/.config/quickshell/modules/components/theme'
qt.languageserver.server: Ignoring cancellation of non in progress request QJsonValue(double, 279)
qt.qmldom: Parsed invalid file /home/taianlux/.config/quickshell/modules/Bar.qml/home/taianlux/.config/quickshell/modules/Bar.qml:82:35: [Dom][QmlFile][Parsing] Error: Expected token `,' for .currentItem

qt.languageserver.server: avoid update of validDoc to  121 of document "file:///home/taianlux/.config/quickshell/modules/Bar.qml" as it is invalid
[Dom] Error: Non existing path to load: '/home/taianlux/.config/quickshell/modules/components/theme'
qt.languageserver.server: Ignoring cancellation of non in progress request QJsonValue(double, 283)
qt.qmldom: Parsed invalid file /home/taianlux/.config/quickshell/modules/Bar.qml/home/taianlux/.config/quickshell/modules/Bar.qml:82:35: [Dom][QmlFile][Parsing] Error: Expected token `,' for .currentItem

qt.languageserver.server: avoid update of validDoc to  123 of document "file:///home/taianlux/.config/quickshell/modules/Bar.qml" as it is invalid
[Dom] Error: Non existing path to load: '/home/taianlux/.config/quickshell/modules/components/theme'
qt.languageserver.server: Ignoring cancellation of non in progress request QJsonValue(double, 288)
[Dom] Error: Non existing path to load: '/home/taianlux/.config/quickshell/modules/components/theme'
[Dom] Error: Non existing path to load: '/home/taianlux/.config/quickshell/modules/components/theme'
[Dom] Error: Non existing path to load: '/home/taianlux/.config/quickshell/modules/components/theme'
qt.languageserver.server: Ignoring cancellation of non in progress request QJsonValue(double, 302)
[Dom] Error: Non existing path to load: '/home/taianlux/.config/quickshell/modules/components/theme'
qt.languageserver.server: Ignoring cancellation of non in progress request QJsonValue(double, 303)
qt.languageserver.utils: "Couldn't find the C++ file 'private/qquickanchors_p.h'."
qt.languageserver.server: Ignoring cancellation of non in progress request QJsonValue(double, 314)
[Dom] Error: Non existing path to load: '/home/taianlux/.config/quickshell/modules/components/theme'
[Dom] Error: Non existing path to load: '/home/taianlux/.config/quickshell/modules/components/theme'
[Dom] Error: Non existing path to load: '/home/taianlux/.config/quickshell/modules/components/theme'
qt.qmldom: Parsed invalid file /home/taianlux/.config/quickshell/components/theme/ThemeChanger.qml/home/taianlux/.config/quickshell/components/theme/ThemeChanger.qml:[Dom][QmlFile][Parsing] Error: Expected token `}' for .currentItem

qt.languageserver.server: avoid update of validDoc to  4 of document "file:///home/taianlux/.config/quickshell/components/theme/ThemeChanger.qml" as it is invalid
qt.languageserver.completions: No valid document for completions for  "file:///home/taianlux/.config/quickshell/components/theme/ThemeChanger.qml"
qt.qmldom: Parsed invalid file /home/taianlux/.config/quickshell/components/theme/ThemeChanger.qml/home/taianlux/.config/quickshell/components/theme/ThemeChanger.qml:[Dom][QmlFile][Parsing] Error: Expected token `numeric literal' for .currentItem

qt.languageserver.server: avoid update of validDoc to  5 of document "file:///home/taianlux/.config/quickshell/components/theme/ThemeChanger.qml" as it is invalid
qt.qmldom: Parsed invalid file /home/taianlux/.config/quickshell/shell.qml/home/taianlux/.config/quickshell/shell.qml:7:1: [Dom][QmlFile][Parsing] Error: Unexpected token `identifier' for .currentItem

qt.languageserver.server: avoid update of validDoc to  14 of document "file:///home/taianlux/.config/quickshell/shell.qml" as it is invalid
qt.qmldom: Parsed invalid file /home/taianlux/.config/quickshell/shell.qml/home/taianlux/.config/quickshell/shell.qml:7:1: [Dom][QmlFile][Parsing] Error: Unexpected token `identifier' for .currentItem

qt.languageserver.server: avoid update of validDoc to  15 of document "file:///home/taianlux/.config/quickshell/shell.qml" as it is invalid
qt.qmldom: Parsed invalid file /home/taianlux/.config/quickshell/shell.qml/home/taianlux/.config/quickshell/shell.qml:7:1: [Dom][QmlFile][Parsing] Error: Unexpected token `identifier' for .currentItem

qt.languageserver.server: avoid update of validDoc to  16 of document "file:///home/taianlux/.config/quickshell/shell.qml" as it is invalid
qt.qmldom: Parsed invalid file /home/taianlux/.config/quickshell/shell.qml/home/taianlux/.config/quickshell/shell.qml:7:1: [Dom][QmlFile][Parsing] Error: Unexpected token `identifier' for .currentItem

qt.languageserver.server: avoid update of validDoc to  17 of document "file:///home/taianlux/.config/quickshell/shell.qml" as it is invalid
qt.qmldom: Parsed invalid file /home/taianlux/.config/quickshell/shell.qml/home/taianlux/.config/quickshell/shell.qml:7:1: [Dom][QmlFile][Parsing] Error: Unexpected token `identifier' for .currentItem

qt.languageserver.server: avoid update of validDoc to  18 of document "file:///home/taianlux/.config/quickshell/shell.qml" as it is invalid
qt.languageserver.server: Version 22 of document "file:///home/taianlux/.config/quickshell/shell.qml" is not the latest anymore
qt.qmldom: Parsed invalid file /home/taianlux/.config/quickshell/shell.qml/home/taianlux/.config/quickshell/shell.qml:21:5: [Dom][QmlFile][Parsing] Error: Unexpected token `' for .currentItem

qt.languageserver.server: avoid update of validDoc to  23 of document "file:///home/taianlux/.config/quickshell/shell.qml" as it is invalid
qt.qmldom: Parsed invalid file /home/taianlux/.config/quickshell/components/theme/ThemeChanger.qml/home/taianlux/.config/quickshell/components/theme/ThemeChanger.qml:1:1: [Dom][QmlFile][Parsing] Error: Expected token `numeric literal' for .currentItem

qt.languageserver.server: avoid update of validDoc to  7 of document "file:///home/taianlux/.config/quickshell/components/theme/ThemeChanger.qml" as it is invalid
qt.qmldom: Parsed invalid file /home/taianlux/.config/quickshell/components/theme/ThemeChanger.qml/home/taianlux/.config/quickshell/components/theme/ThemeChanger.qml:[Dom][QmlFile][Parsing] Error: Expected token `numeric literal' for .currentItem

qt.languageserver.server: avoid update of validDoc to  8 of document "file:///home/taianlux/.config/quickshell/components/theme/ThemeChanger.qml" as it is invalid
qt.languageserver.utils: "Couldn't find the C++ file 'panelinterface.hpp'."
qt.languageserver.utils: "Couldn't find the C++ file 'panelinterface.hpp'."
qt.languageserver.server: Ignoring cancellation of non in progress request QJsonValue(double, 468)
