2026-06-29 19:13:30.700 [info] [main] Log level: Info
2026-06-29 19:13:30.700 [info] [main] Validating found git in: "git"
2026-06-29 19:13:30.700 [info] [main] Using git "2.54.0" from "git"
2026-06-29 19:13:30.700 [info] [Model][doInitialScan] Initial repository scan started
2026-06-29 19:13:30.700 [info] > git rev-parse --show-toplevel [68ms]
2026-06-29 19:13:30.700 [info] fatal: not a git repository (or any parent up to mount point /)
Stopping at filesystem boundary (GIT_DISCOVERY_ACROSS_FILESYSTEM not set).
2026-06-29 19:13:30.700 [info] > git rev-parse --show-toplevel [140ms]
2026-06-29 19:13:30.700 [info] fatal: not a git repository (or any parent up to mount point /)
Stopping at filesystem boundary (GIT_DISCOVERY_ACROSS_FILESYSTEM not set).
2026-06-29 19:13:30.700 [info] > git rev-parse --show-toplevel [19ms]
2026-06-29 19:13:30.700 [info] fatal: not a git repository (or any parent up to mount point /)
Stopping at filesystem boundary (GIT_DISCOVERY_ACROSS_FILESYSTEM not set).
2026-06-29 19:13:30.701 [info] > git rev-parse --show-toplevel [43ms]
2026-06-29 19:13:30.701 [info] fatal: not a git repository (or any parent up to mount point /)
Stopping at filesystem boundary (GIT_DISCOVERY_ACROSS_FILESYSTEM not set).
2026-06-29 19:13:30.782 [info] > git rev-parse --show-toplevel [72ms]
2026-06-29 19:13:30.782 [info] fatal: not a git repository (or any parent up to mount point /)
Stopping at filesystem boundary (GIT_DISCOVERY_ACROSS_FILESYSTEM not set).
2026-06-29 19:13:30.806 [info] > git rev-parse --show-toplevel [17ms]
2026-06-29 19:13:30.806 [info] fatal: not a git repository (or any parent up to mount point /)
Stopping at filesystem boundary (GIT_DISCOVERY_ACROSS_FILESYSTEM not set).
2026-06-29 19:13:30.812 [info] > git rev-parse --show-toplevel [1ms]
2026-06-29 19:13:30.812 [info] fatal: not a git repository (or any parent up to mount point /)
Stopping at filesystem boundary (GIT_DISCOVERY_ACROSS_FILESYSTEM not set).
2026-06-29 19:13:30.851 [info] > git rev-parse --show-toplevel [34ms]
2026-06-29 19:13:30.851 [info] fatal: not a git repository (or any parent up to mount point /)
Stopping at filesystem boundary (GIT_DISCOVERY_ACROSS_FILESYSTEM not set).
2026-06-29 19:13:30.859 [info] > git rev-parse --show-toplevel [3ms]
2026-06-29 19:13:30.859 [info] fatal: not a git repository (or any parent up to mount point /)
Stopping at filesystem boundary (GIT_DISCOVERY_ACROSS_FILESYSTEM not set).
2026-06-29 19:13:30.866 [info] > git rev-parse --show-toplevel [2ms]
2026-06-29 19:13:30.866 [info] fatal: not a git repository (or any parent up to mount point /)
Stopping at filesystem boundary (GIT_DISCOVERY_ACROSS_FILESYSTEM not set).
2026-06-29 19:13:30.872 [info] > git rev-parse --show-toplevel [1ms]
2026-06-29 19:13:30.872 [info] fatal: not a git repository (or any parent up to mount point /)
Stopping at filesystem boundary (GIT_DISCOVERY_ACROSS_FILESYSTEM not set).
2026-06-29 19:13:30.877 [info] > git rev-parse --show-toplevel [0ms]
2026-06-29 19:13:30.877 [info] fatal: not a git repository (or any parent up to mount point /)
Stopping at filesystem boundary (GIT_DISCOVERY_ACROSS_FILESYSTEM not set).
2026-06-29 19:13:30.883 [info] > git rev-parse --show-toplevel [1ms]
2026-06-29 19:13:30.883 [info] fatal: not a git repository (or any parent up to mount point /)
Stopping at filesystem boundary (GIT_DISCOVERY_ACROSS_FILESYSTEM not set).
2026-06-29 19:13:30.888 [info] > git rev-parse --show-toplevel [0ms]
2026-06-29 19:13:30.888 [info] fatal: not a git repository (or any parent up to mount point /)
Stopping at filesystem boundary (GIT_DISCOVERY_ACROSS_FILESYSTEM not set).
2026-06-29 19:13:30.893 [info] > git rev-parse --show-toplevel [1ms]
2026-06-29 19:13:30.893 [info] fatal: not a git repository (or any parent up to mount point /)
Stopping at filesystem boundary (GIT_DISCOVERY_ACROSS_FILESYSTEM not set).
2026-06-29 19:13:30.899 [info] > git rev-parse --show-toplevel [2ms]
2026-06-29 19:13:30.899 [info] fatal: not a git repository (or any parent up to mount point /)
Stopping at filesystem boundary (GIT_DISCOVERY_ACROSS_FILESYSTEM not set).
2026-06-29 19:13:30.904 [info] > git rev-parse --show-toplevel [1ms]
2026-06-29 19:13:30.904 [info] fatal: not a git repository (or any parent up to mount point /)
Stopping at filesystem boundary (GIT_DISCOVERY_ACROSS_FILESYSTEM not set).
2026-06-29 19:13:30.905 [info] [Model][doInitialScan] Initial repository scan completed - repositories (0), closed repositories (0), parent repositories (0), unsafe repositories (0)
2026-06-29 19:13:31.972 [info] > git rev-parse --show-toplevel [215ms]
2026-06-29 19:13:31.972 [info] fatal: not a git repository (or any parent up to mount point /)
Stopping at filesystem boundary (GIT_DISCOVERY_ACROSS_FILESYSTEM not set).
2026-06-29 19:13:32.416 [info] > git rev-parse --show-toplevel [16ms]
2026-06-29 19:13:32.416 [info] fatal: not a git repository (or any parent up to mount point /)
Stopping at filesystem boundary (GIT_DISCOVERY_ACROSS_FILESYSTEM not set).
2026-06-29 19:13:32.418 [info] > git rev-parse --show-toplevel [3ms]
2026-06-29 19:13:32.418 [info] fatal: not a git repository (or any parent up to mount point /)
Stopping at filesystem boundary (GIT_DISCOVERY_ACROSS_FILESYSTEM not set).
