2026-06-07 19:20:27.434 [info] [main] Log level: Info
2026-06-07 19:20:27.434 [info] [main] Validating found git in: "git"
2026-06-07 19:20:27.434 [info] [main] Using git "2.54.0" from "git"
2026-06-07 19:20:27.434 [info] [Model][doInitialScan] Initial repository scan started
2026-06-07 19:20:27.434 [info] > git rev-parse --show-toplevel [2ms]
2026-06-07 19:20:27.434 [info] fatal: not a git repository (or any parent up to mount point /)
Stopping at filesystem boundary (GIT_DISCOVERY_ACROSS_FILESYSTEM not set).
2026-06-07 19:20:27.434 [info] > git rev-parse --show-toplevel [12ms]
2026-06-07 19:20:27.434 [info] fatal: not a git repository (or any parent up to mount point /)
Stopping at filesystem boundary (GIT_DISCOVERY_ACROSS_FILESYSTEM not set).
2026-06-07 19:20:27.434 [info] > git rev-parse --show-toplevel [1ms]
2026-06-07 19:20:27.434 [info] fatal: not a git repository (or any parent up to mount point /)
Stopping at filesystem boundary (GIT_DISCOVERY_ACROSS_FILESYSTEM not set).
2026-06-07 19:20:27.434 [info] > git rev-parse --show-toplevel [1185ms]
2026-06-07 19:20:27.434 [info] fatal: not a git repository (or any parent up to mount point /)
Stopping at filesystem boundary (GIT_DISCOVERY_ACROSS_FILESYSTEM not set).
2026-06-07 19:20:27.489 [info] > git rev-parse --show-toplevel [52ms]
2026-06-07 19:20:27.489 [info] fatal: not a git repository (or any parent up to mount point /)
Stopping at filesystem boundary (GIT_DISCOVERY_ACROSS_FILESYSTEM not set).
2026-06-07 19:20:27.647 [info] > git rev-parse --show-toplevel [36ms]
2026-06-07 19:20:27.647 [info] fatal: not a git repository (or any parent up to mount point /)
Stopping at filesystem boundary (GIT_DISCOVERY_ACROSS_FILESYSTEM not set).
2026-06-07 19:20:27.672 [info] > git rev-parse --show-toplevel [9ms]
2026-06-07 19:20:27.672 [info] fatal: not a git repository (or any parent up to mount point /)
Stopping at filesystem boundary (GIT_DISCOVERY_ACROSS_FILESYSTEM not set).
2026-06-07 19:20:27.674 [info] [Model][doInitialScan] Initial repository scan completed - repositories (0), closed repositories (0), parent repositories (0), unsafe repositories (0)
2026-06-07 19:20:27.760 [info] > git rev-parse --show-toplevel [55ms]
2026-06-07 19:20:27.760 [info] fatal: not a git repository (or any parent up to mount point /)
Stopping at filesystem boundary (GIT_DISCOVERY_ACROSS_FILESYSTEM not set).
2026-06-07 19:20:27.771 [info] > git rev-parse --show-toplevel [6ms]
2026-06-07 19:20:27.771 [info] fatal: not a git repository (or any parent up to mount point /)
Stopping at filesystem boundary (GIT_DISCOVERY_ACROSS_FILESYSTEM not set).
2026-06-07 19:20:27.796 [info] > git rev-parse --show-toplevel [20ms]
2026-06-07 19:20:27.796 [info] fatal: not a git repository (or any parent up to mount point /)
Stopping at filesystem boundary (GIT_DISCOVERY_ACROSS_FILESYSTEM not set).
2026-06-07 19:20:27.811 [info] > git rev-parse --show-toplevel [7ms]
2026-06-07 19:20:27.811 [info] fatal: not a git repository (or any parent up to mount point /)
Stopping at filesystem boundary (GIT_DISCOVERY_ACROSS_FILESYSTEM not set).
2026-06-07 19:20:27.879 [info] > git rev-parse --show-toplevel [61ms]
2026-06-07 19:20:27.879 [info] fatal: not a git repository (or any parent up to mount point /)
Stopping at filesystem boundary (GIT_DISCOVERY_ACROSS_FILESYSTEM not set).
2026-06-07 19:20:28.950 [info] > git rev-parse --show-toplevel [30ms]
2026-06-07 19:20:28.950 [info] fatal: not a git repository (or any parent up to mount point /)
Stopping at filesystem boundary (GIT_DISCOVERY_ACROSS_FILESYSTEM not set).
2026-06-07 19:20:29.516 [info] > git rev-parse --show-toplevel [6ms]
2026-06-07 19:20:29.516 [info] fatal: not a git repository (or any parent up to mount point /)
Stopping at filesystem boundary (GIT_DISCOVERY_ACROSS_FILESYSTEM not set).
2026-06-07 19:20:43.690 [info] > git rev-parse --show-toplevel [2ms]
2026-06-07 19:20:43.690 [info] fatal: not a git repository (or any parent up to mount point /)
Stopping at filesystem boundary (GIT_DISCOVERY_ACROSS_FILESYSTEM not set).
