2026-06-29 10:26:07.435 [info] [main] Log level: Info
2026-06-29 10:26:07.436 [info] [main] Validating found git in: "git"
2026-06-29 10:26:07.436 [info] [main] Using git "2.54.0" from "git"
2026-06-29 10:26:07.436 [info] [Model][doInitialScan] Initial repository scan started
2026-06-29 10:26:07.436 [info] > git rev-parse --show-toplevel [4ms]
2026-06-29 10:26:07.436 [info] fatal: not a git repository (or any parent up to mount point /)
Stopping at filesystem boundary (GIT_DISCOVERY_ACROSS_FILESYSTEM not set).
2026-06-29 10:26:07.436 [info] > git rev-parse --show-toplevel [3ms]
2026-06-29 10:26:07.436 [info] fatal: not a git repository (or any parent up to mount point /)
Stopping at filesystem boundary (GIT_DISCOVERY_ACROSS_FILESYSTEM not set).
2026-06-29 10:26:08.502 [info] > git rev-parse --show-toplevel [1062ms]
2026-06-29 10:26:08.502 [info] fatal: not a git repository (or any parent up to mount point /)
Stopping at filesystem boundary (GIT_DISCOVERY_ACROSS_FILESYSTEM not set).
2026-06-29 10:26:08.719 [info] > git rev-parse --show-toplevel [82ms]
2026-06-29 10:26:08.719 [info] fatal: not a git repository (or any parent up to mount point /)
Stopping at filesystem boundary (GIT_DISCOVERY_ACROSS_FILESYSTEM not set).
2026-06-29 10:26:08.811 [info] > git rev-parse --show-toplevel [36ms]
2026-06-29 10:26:08.811 [info] fatal: not a git repository (or any parent up to mount point /)
Stopping at filesystem boundary (GIT_DISCOVERY_ACROSS_FILESYSTEM not set).
2026-06-29 10:26:08.840 [info] > git rev-parse --show-toplevel [1ms]
2026-06-29 10:26:08.840 [info] fatal: not a git repository (or any parent up to mount point /)
Stopping at filesystem boundary (GIT_DISCOVERY_ACROSS_FILESYSTEM not set).
2026-06-29 10:26:08.952 [info] > git rev-parse --show-toplevel [80ms]
2026-06-29 10:26:08.952 [info] fatal: not a git repository (or any parent up to mount point /)
Stopping at filesystem boundary (GIT_DISCOVERY_ACROSS_FILESYSTEM not set).
2026-06-29 10:26:08.954 [info] [Model][doInitialScan] Initial repository scan completed - repositories (0), closed repositories (0), parent repositories (0), unsafe repositories (0)
2026-06-29 10:26:08.965 [info] > git rev-parse --show-toplevel [5ms]
2026-06-29 10:26:08.965 [info] fatal: not a git repository (or any parent up to mount point /)
Stopping at filesystem boundary (GIT_DISCOVERY_ACROSS_FILESYSTEM not set).
2026-06-29 10:26:08.987 [info] > git rev-parse --show-toplevel [17ms]
2026-06-29 10:26:08.987 [info] fatal: not a git repository (or any parent up to mount point /)
Stopping at filesystem boundary (GIT_DISCOVERY_ACROSS_FILESYSTEM not set).
2026-06-29 10:26:09.039 [info] > git rev-parse --show-toplevel [45ms]
2026-06-29 10:26:09.039 [info] fatal: not a git repository (or any parent up to mount point /)
Stopping at filesystem boundary (GIT_DISCOVERY_ACROSS_FILESYSTEM not set).
2026-06-29 10:26:09.080 [info] > git rev-parse --show-toplevel [21ms]
2026-06-29 10:26:09.081 [info] fatal: not a git repository (or any parent up to mount point /)
Stopping at filesystem boundary (GIT_DISCOVERY_ACROSS_FILESYSTEM not set).
2026-06-29 10:26:09.091 [info] > git rev-parse --show-toplevel [3ms]
2026-06-29 10:26:09.091 [info] fatal: not a git repository (or any parent up to mount point /)
Stopping at filesystem boundary (GIT_DISCOVERY_ACROSS_FILESYSTEM not set).
2026-06-29 10:26:10.113 [info] > git rev-parse --show-toplevel [19ms]
2026-06-29 10:26:10.113 [info] fatal: not a git repository (or any parent up to mount point /)
Stopping at filesystem boundary (GIT_DISCOVERY_ACROSS_FILESYSTEM not set).
2026-06-29 10:26:10.528 [info] > git rev-parse --show-toplevel [1ms]
2026-06-29 10:26:10.528 [info] fatal: not a git repository (or any parent up to mount point /)
Stopping at filesystem boundary (GIT_DISCOVERY_ACROSS_FILESYSTEM not set).
2026-06-29 10:26:10.533 [info] > git rev-parse --show-toplevel [0ms]
2026-06-29 10:26:10.533 [info] fatal: not a git repository (or any parent up to mount point /)
Stopping at filesystem boundary (GIT_DISCOVERY_ACROSS_FILESYSTEM not set).
2026-06-29 10:38:18.583 [info] > git rev-parse --show-toplevel [1ms]
2026-06-29 10:38:18.583 [info] fatal: not a git repository (or any parent up to mount point /)
Stopping at filesystem boundary (GIT_DISCOVERY_ACROSS_FILESYSTEM not set).
2026-06-29 10:57:04.088 [info] > git rev-parse --show-toplevel [2ms]
2026-06-29 10:57:04.088 [info] fatal: not a git repository (or any parent up to mount point /)
Stopping at filesystem boundary (GIT_DISCOVERY_ACROSS_FILESYSTEM not set).
2026-06-29 10:57:19.856 [info] > git rev-parse --show-toplevel [1ms]
2026-06-29 10:57:19.856 [info] fatal: not a git repository (or any parent up to mount point /)
Stopping at filesystem boundary (GIT_DISCOVERY_ACROSS_FILESYSTEM not set).
2026-06-29 10:57:39.050 [info] > git rev-parse --show-toplevel [1ms]
2026-06-29 10:57:39.050 [info] fatal: not a git repository (or any parent up to mount point /)
Stopping at filesystem boundary (GIT_DISCOVERY_ACROSS_FILESYSTEM not set).
2026-06-29 10:57:39.503 [info] > git rev-parse --show-toplevel [2ms]
2026-06-29 10:57:39.503 [info] fatal: not a git repository (or any parent up to mount point /)
Stopping at filesystem boundary (GIT_DISCOVERY_ACROSS_FILESYSTEM not set).
2026-06-29 10:57:57.932 [info] > git rev-parse --show-toplevel [1ms]
2026-06-29 10:57:57.932 [info] fatal: not a git repository (or any parent up to mount point /)
Stopping at filesystem boundary (GIT_DISCOVERY_ACROSS_FILESYSTEM not set).
2026-06-29 10:58:25.028 [info] > git rev-parse --show-toplevel [1ms]
2026-06-29 10:58:25.028 [info] fatal: not a git repository (or any parent up to mount point /)
Stopping at filesystem boundary (GIT_DISCOVERY_ACROSS_FILESYSTEM not set).
2026-06-29 10:58:29.995 [info] > git rev-parse --show-toplevel [1ms]
2026-06-29 10:58:29.995 [info] fatal: not a git repository (or any parent up to mount point /)
Stopping at filesystem boundary (GIT_DISCOVERY_ACROSS_FILESYSTEM not set).
2026-06-29 10:58:38.109 [info] > git rev-parse --show-toplevel [1ms]
2026-06-29 10:58:38.109 [info] fatal: not a git repository (or any parent up to mount point /)
Stopping at filesystem boundary (GIT_DISCOVERY_ACROSS_FILESYSTEM not set).
2026-06-29 11:06:18.623 [info] > git rev-parse --show-toplevel [1ms]
2026-06-29 11:06:18.623 [info] fatal: not a git repository (or any parent up to mount point /)
Stopping at filesystem boundary (GIT_DISCOVERY_ACROSS_FILESYSTEM not set).
2026-06-29 11:06:58.891 [info] > git rev-parse --show-toplevel [1ms]
2026-06-29 11:06:58.891 [info] fatal: not a git repository (or any parent up to mount point /)
Stopping at filesystem boundary (GIT_DISCOVERY_ACROSS_FILESYSTEM not set).
2026-06-29 11:07:25.453 [info] > git rev-parse --show-toplevel [0ms]
2026-06-29 11:07:25.453 [info] fatal: not a git repository (or any parent up to mount point /)
Stopping at filesystem boundary (GIT_DISCOVERY_ACROSS_FILESYSTEM not set).
2026-06-29 11:16:31.045 [info] > git rev-parse --show-toplevel [1ms]
2026-06-29 11:16:31.045 [info] fatal: not a git repository (or any parent up to mount point /)
Stopping at filesystem boundary (GIT_DISCOVERY_ACROSS_FILESYSTEM not set).
2026-06-29 11:17:22.526 [info] > git rev-parse --show-toplevel [0ms]
2026-06-29 11:17:22.527 [info] fatal: not a git repository (or any parent up to mount point /)
Stopping at filesystem boundary (GIT_DISCOVERY_ACROSS_FILESYSTEM not set).
2026-06-29 11:29:09.176 [info] > git rev-parse --show-toplevel [1ms]
2026-06-29 11:29:09.176 [info] fatal: not a git repository (or any parent up to mount point /)
Stopping at filesystem boundary (GIT_DISCOVERY_ACROSS_FILESYSTEM not set).
2026-06-29 11:31:22.517 [info] > git rev-parse --show-toplevel [1ms]
2026-06-29 11:31:22.518 [info] fatal: not a git repository (or any parent up to mount point /)
Stopping at filesystem boundary (GIT_DISCOVERY_ACROSS_FILESYSTEM not set).
2026-06-29 11:32:47.755 [info] > git rev-parse --show-toplevel [4ms]
2026-06-29 11:32:47.756 [info] fatal: not a git repository (or any parent up to mount point /)
Stopping at filesystem boundary (GIT_DISCOVERY_ACROSS_FILESYSTEM not set).
2026-06-29 11:32:55.733 [info] > git rev-parse --show-toplevel [1ms]
2026-06-29 11:32:55.733 [info] fatal: not a git repository (or any parent up to mount point /)
Stopping at filesystem boundary (GIT_DISCOVERY_ACROSS_FILESYSTEM not set).
2026-06-29 11:41:58.922 [info] > git rev-parse --show-toplevel [1ms]
2026-06-29 11:41:58.922 [info] fatal: not a git repository (or any parent up to mount point /)
Stopping at filesystem boundary (GIT_DISCOVERY_ACROSS_FILESYSTEM not set).
2026-06-29 11:43:01.775 [info] > git rev-parse --show-toplevel [1ms]
2026-06-29 11:43:01.775 [info] fatal: not a git repository (or any parent up to mount point /)
Stopping at filesystem boundary (GIT_DISCOVERY_ACROSS_FILESYSTEM not set).
2026-06-29 11:43:22.826 [info] > git rev-parse --show-toplevel [1ms]
2026-06-29 11:43:22.826 [info] fatal: not a git repository (or any parent up to mount point /)
Stopping at filesystem boundary (GIT_DISCOVERY_ACROSS_FILESYSTEM not set).
2026-06-29 11:47:26.120 [info] > git rev-parse --show-toplevel [1ms]
2026-06-29 11:47:26.120 [info] fatal: not a git repository (or any parent up to mount point /)
Stopping at filesystem boundary (GIT_DISCOVERY_ACROSS_FILESYSTEM not set).
2026-06-29 11:47:44.502 [info] > git rev-parse --show-toplevel [1ms]
2026-06-29 11:47:44.502 [info] fatal: not a git repository (or any parent up to mount point /)
Stopping at filesystem boundary (GIT_DISCOVERY_ACROSS_FILESYSTEM not set).
2026-06-29 11:48:06.338 [info] > git rev-parse --show-toplevel [1ms]
2026-06-29 11:48:06.338 [info] fatal: not a git repository (or any parent up to mount point /)
Stopping at filesystem boundary (GIT_DISCOVERY_ACROSS_FILESYSTEM not set).
2026-06-29 11:55:12.566 [info] > git rev-parse --show-toplevel [1ms]
2026-06-29 11:55:12.566 [info] fatal: not a git repository (or any parent up to mount point /)
Stopping at filesystem boundary (GIT_DISCOVERY_ACROSS_FILESYSTEM not set).
2026-06-29 11:55:30.275 [info] > git rev-parse --show-toplevel [1ms]
2026-06-29 11:55:30.275 [info] fatal: not a git repository (or any parent up to mount point /)
Stopping at filesystem boundary (GIT_DISCOVERY_ACROSS_FILESYSTEM not set).
2026-06-29 11:55:38.759 [info] > git rev-parse --show-toplevel [1ms]
2026-06-29 11:55:38.759 [info] fatal: not a git repository (or any parent up to mount point /)
Stopping at filesystem boundary (GIT_DISCOVERY_ACROSS_FILESYSTEM not set).
2026-06-29 11:59:41.633 [info] > git rev-parse --show-toplevel [0ms]
2026-06-29 11:59:41.633 [info] fatal: not a git repository (or any parent up to mount point /)
Stopping at filesystem boundary (GIT_DISCOVERY_ACROSS_FILESYSTEM not set).
2026-06-29 15:21:18.591 [info] > git rev-parse --show-toplevel [1ms]
2026-06-29 15:21:18.591 [info] fatal: not a git repository (or any parent up to mount point /)
Stopping at filesystem boundary (GIT_DISCOVERY_ACROSS_FILESYSTEM not set).
2026-06-29 15:23:01.315 [info] > git rev-parse --show-toplevel [1ms]
2026-06-29 15:23:01.315 [info] fatal: not a git repository (or any parent up to mount point /)
Stopping at filesystem boundary (GIT_DISCOVERY_ACROSS_FILESYSTEM not set).
2026-06-29 15:23:03.773 [info] > git rev-parse --show-toplevel [0ms]
2026-06-29 15:23:03.773 [info] fatal: not a git repository (or any parent up to mount point /)
Stopping at filesystem boundary (GIT_DISCOVERY_ACROSS_FILESYSTEM not set).
2026-06-29 15:23:04.131 [info] > git rev-parse --show-toplevel [1ms]
2026-06-29 15:23:04.131 [info] fatal: not a git repository (or any parent up to mount point /)
Stopping at filesystem boundary (GIT_DISCOVERY_ACROSS_FILESYSTEM not set).
2026-06-29 15:23:04.483 [info] > git rev-parse --show-toplevel [1ms]
2026-06-29 15:23:04.483 [info] fatal: not a git repository (or any parent up to mount point /)
Stopping at filesystem boundary (GIT_DISCOVERY_ACROSS_FILESYSTEM not set).
2026-06-29 15:23:04.871 [info] > git rev-parse --show-toplevel [1ms]
2026-06-29 15:23:04.871 [info] fatal: not a git repository (or any parent up to mount point /)
Stopping at filesystem boundary (GIT_DISCOVERY_ACROSS_FILESYSTEM not set).
2026-06-29 15:23:12.186 [info] > git rev-parse --show-toplevel [2ms]
2026-06-29 15:23:12.186 [info] fatal: not a git repository (or any parent up to mount point /)
Stopping at filesystem boundary (GIT_DISCOVERY_ACROSS_FILESYSTEM not set).
2026-06-29 15:23:39.480 [info] > git rev-parse --show-toplevel [1ms]
2026-06-29 15:23:39.480 [info] fatal: not a git repository (or any parent up to mount point /)
Stopping at filesystem boundary (GIT_DISCOVERY_ACROSS_FILESYSTEM not set).
2026-06-29 15:29:58.681 [info] > git rev-parse --show-toplevel [1ms]
2026-06-29 15:29:58.681 [info] fatal: not a git repository (or any parent up to mount point /)
Stopping at filesystem boundary (GIT_DISCOVERY_ACROSS_FILESYSTEM not set).
2026-06-29 15:30:24.523 [info] > git rev-parse --show-toplevel [1ms]
2026-06-29 15:30:24.523 [info] fatal: not a git repository (or any parent up to mount point /)
Stopping at filesystem boundary (GIT_DISCOVERY_ACROSS_FILESYSTEM not set).
2026-06-29 15:30:26.303 [info] > git rev-parse --show-toplevel [1ms]
2026-06-29 15:30:26.303 [info] fatal: not a git repository (or any parent up to mount point /)
Stopping at filesystem boundary (GIT_DISCOVERY_ACROSS_FILESYSTEM not set).
2026-06-29 15:30:27.385 [info] > git rev-parse --show-toplevel [1ms]
2026-06-29 15:30:27.385 [info] fatal: not a git repository (or any parent up to mount point /)
Stopping at filesystem boundary (GIT_DISCOVERY_ACROSS_FILESYSTEM not set).
2026-06-29 15:30:29.086 [info] > git rev-parse --show-toplevel [1ms]
2026-06-29 15:30:29.086 [info] fatal: not a git repository (or any parent up to mount point /)
Stopping at filesystem boundary (GIT_DISCOVERY_ACROSS_FILESYSTEM not set).
2026-06-29 15:30:29.677 [info] > git rev-parse --show-toplevel [1ms]
2026-06-29 15:30:29.677 [info] fatal: not a git repository (or any parent up to mount point /)
Stopping at filesystem boundary (GIT_DISCOVERY_ACROSS_FILESYSTEM not set).
2026-06-29 15:30:30.966 [info] > git rev-parse --show-toplevel [0ms]
2026-06-29 15:30:30.966 [info] fatal: not a git repository (or any parent up to mount point /)
Stopping at filesystem boundary (GIT_DISCOVERY_ACROSS_FILESYSTEM not set).
2026-06-29 15:30:31.546 [info] > git rev-parse --show-toplevel [1ms]
2026-06-29 15:30:31.546 [info] fatal: not a git repository (or any parent up to mount point /)
Stopping at filesystem boundary (GIT_DISCOVERY_ACROSS_FILESYSTEM not set).
2026-06-29 15:30:34.376 [info] > git rev-parse --show-toplevel [0ms]
2026-06-29 15:30:34.376 [info] fatal: not a git repository (or any parent up to mount point /)
Stopping at filesystem boundary (GIT_DISCOVERY_ACROSS_FILESYSTEM not set).
2026-06-29 15:30:35.029 [info] > git rev-parse --show-toplevel [2ms]
2026-06-29 15:30:35.029 [info] fatal: not a git repository (or any parent up to mount point /)
Stopping at filesystem boundary (GIT_DISCOVERY_ACROSS_FILESYSTEM not set).
2026-06-29 15:30:39.187 [info] > git rev-parse --show-toplevel [1ms]
2026-06-29 15:30:39.187 [info] fatal: not a git repository (or any parent up to mount point /)
Stopping at filesystem boundary (GIT_DISCOVERY_ACROSS_FILESYSTEM not set).
2026-06-29 15:30:41.620 [info] > git rev-parse --show-toplevel [1ms]
2026-06-29 15:30:41.620 [info] fatal: not a git repository (or any parent up to mount point /)
Stopping at filesystem boundary (GIT_DISCOVERY_ACROSS_FILESYSTEM not set).
2026-06-29 15:30:43.131 [info] > git rev-parse --show-toplevel [1ms]
2026-06-29 15:30:43.131 [info] fatal: not a git repository (or any parent up to mount point /)
Stopping at filesystem boundary (GIT_DISCOVERY_ACROSS_FILESYSTEM not set).
2026-06-29 15:30:47.403 [info] > git rev-parse --show-toplevel [1ms]
2026-06-29 15:30:47.403 [info] fatal: not a git repository (or any parent up to mount point /)
Stopping at filesystem boundary (GIT_DISCOVERY_ACROSS_FILESYSTEM not set).
2026-06-29 15:30:47.986 [info] > git rev-parse --show-toplevel [1ms]
2026-06-29 15:30:47.986 [info] fatal: not a git repository (or any parent up to mount point /)
Stopping at filesystem boundary (GIT_DISCOVERY_ACROSS_FILESYSTEM not set).
2026-06-29 15:30:54.619 [info] > git rev-parse --show-toplevel [1ms]
2026-06-29 15:30:54.619 [info] fatal: not a git repository (or any parent up to mount point /)
Stopping at filesystem boundary (GIT_DISCOVERY_ACROSS_FILESYSTEM not set).
2026-06-29 15:30:57.644 [info] > git rev-parse --show-toplevel [1ms]
2026-06-29 15:30:57.644 [info] fatal: not a git repository (or any parent up to mount point /)
Stopping at filesystem boundary (GIT_DISCOVERY_ACROSS_FILESYSTEM not set).
2026-06-29 15:31:01.329 [info] > git rev-parse --show-toplevel [1ms]
2026-06-29 15:31:01.330 [info] fatal: not a git repository (or any parent up to mount point /)
Stopping at filesystem boundary (GIT_DISCOVERY_ACROSS_FILESYSTEM not set).
2026-06-29 15:31:09.175 [info] > git rev-parse --show-toplevel [0ms]
2026-06-29 15:31:09.175 [info] fatal: not a git repository (or any parent up to mount point /)
Stopping at filesystem boundary (GIT_DISCOVERY_ACROSS_FILESYSTEM not set).
2026-06-29 15:31:09.944 [info] > git rev-parse --show-toplevel [1ms]
2026-06-29 15:31:09.944 [info] fatal: not a git repository (or any parent up to mount point /)
Stopping at filesystem boundary (GIT_DISCOVERY_ACROSS_FILESYSTEM not set).
2026-06-29 15:31:15.474 [info] > git rev-parse --show-toplevel [1ms]
2026-06-29 15:31:15.474 [info] fatal: not a git repository (or any parent up to mount point /)
Stopping at filesystem boundary (GIT_DISCOVERY_ACROSS_FILESYSTEM not set).
2026-06-29 15:32:14.862 [info] > git rev-parse --show-toplevel [0ms]
2026-06-29 15:32:14.862 [info] fatal: not a git repository (or any parent up to mount point /)
Stopping at filesystem boundary (GIT_DISCOVERY_ACROSS_FILESYSTEM not set).
2026-06-29 15:32:16.292 [info] > git rev-parse --show-toplevel [1ms]
2026-06-29 15:32:16.292 [info] fatal: not a git repository (or any parent up to mount point /)
Stopping at filesystem boundary (GIT_DISCOVERY_ACROSS_FILESYSTEM not set).
2026-06-29 15:32:29.839 [info] > git rev-parse --show-toplevel [0ms]
2026-06-29 15:32:29.839 [info] fatal: not a git repository (or any parent up to mount point /)
Stopping at filesystem boundary (GIT_DISCOVERY_ACROSS_FILESYSTEM not set).
2026-06-29 15:34:05.560 [info] > git rev-parse --show-toplevel [1ms]
2026-06-29 15:34:05.560 [info] fatal: not a git repository (or any parent up to mount point /)
Stopping at filesystem boundary (GIT_DISCOVERY_ACROSS_FILESYSTEM not set).
2026-06-29 15:35:51.480 [info] > git rev-parse --show-toplevel [1ms]
2026-06-29 15:35:51.480 [info] fatal: not a git repository (or any parent up to mount point /)
Stopping at filesystem boundary (GIT_DISCOVERY_ACROSS_FILESYSTEM not set).
2026-06-29 15:36:54.490 [info] > git rev-parse --show-toplevel [1ms]
2026-06-29 15:36:54.490 [info] fatal: not a git repository (or any parent up to mount point /)
Stopping at filesystem boundary (GIT_DISCOVERY_ACROSS_FILESYSTEM not set).
2026-06-29 16:13:51.777 [info] > git rev-parse --show-toplevel [1ms]
2026-06-29 16:13:51.777 [info] fatal: not a git repository (or any parent up to mount point /)
Stopping at filesystem boundary (GIT_DISCOVERY_ACROSS_FILESYSTEM not set).
2026-06-29 16:26:25.982 [info] > git rev-parse --show-toplevel [1ms]
2026-06-29 16:26:25.982 [info] fatal: not a git repository (or any parent up to mount point /)
Stopping at filesystem boundary (GIT_DISCOVERY_ACROSS_FILESYSTEM not set).
2026-06-29 16:26:55.665 [info] > git rev-parse --show-toplevel [1ms]
2026-06-29 16:26:55.665 [info] fatal: not a git repository (or any parent up to mount point /)
Stopping at filesystem boundary (GIT_DISCOVERY_ACROSS_FILESYSTEM not set).
2026-06-29 16:27:13.176 [info] > git rev-parse --show-toplevel [1ms]
2026-06-29 16:27:13.176 [info] fatal: not a git repository (or any parent up to mount point /)
Stopping at filesystem boundary (GIT_DISCOVERY_ACROSS_FILESYSTEM not set).
2026-06-29 16:27:24.050 [info] > git rev-parse --show-toplevel [2ms]
2026-06-29 16:27:24.050 [info] fatal: not a git repository (or any parent up to mount point /)
Stopping at filesystem boundary (GIT_DISCOVERY_ACROSS_FILESYSTEM not set).
2026-06-29 16:28:04.220 [info] > git rev-parse --show-toplevel [1ms]
2026-06-29 16:28:04.220 [info] fatal: not a git repository (or any parent up to mount point /)
Stopping at filesystem boundary (GIT_DISCOVERY_ACROSS_FILESYSTEM not set).
2026-06-29 16:28:16.666 [info] > git rev-parse --show-toplevel [2ms]
2026-06-29 16:28:16.666 [info] fatal: not a git repository (or any parent up to mount point /)
Stopping at filesystem boundary (GIT_DISCOVERY_ACROSS_FILESYSTEM not set).
2026-06-29 16:28:17.072 [info] > git rev-parse --show-toplevel [2ms]
2026-06-29 16:28:17.072 [info] fatal: not a git repository (or any parent up to mount point /)
Stopping at filesystem boundary (GIT_DISCOVERY_ACROSS_FILESYSTEM not set).
2026-06-29 16:28:19.655 [info] > git rev-parse --show-toplevel [1ms]
2026-06-29 16:28:19.655 [info] fatal: not a git repository (or any parent up to mount point /)
Stopping at filesystem boundary (GIT_DISCOVERY_ACROSS_FILESYSTEM not set).
2026-06-29 16:46:33.530 [info] > git rev-parse --show-toplevel [0ms]
2026-06-29 16:46:33.530 [info] fatal: not a git repository (or any parent up to mount point /)
Stopping at filesystem boundary (GIT_DISCOVERY_ACROSS_FILESYSTEM not set).
2026-06-29 16:46:34.574 [info] > git rev-parse --show-toplevel [1ms]
2026-06-29 16:46:34.574 [info] fatal: not a git repository (or any parent up to mount point /)
Stopping at filesystem boundary (GIT_DISCOVERY_ACROSS_FILESYSTEM not set).
2026-06-29 16:46:35.568 [info] > git rev-parse --show-toplevel [0ms]
2026-06-29 16:46:35.569 [info] fatal: not a git repository (or any parent up to mount point /)
Stopping at filesystem boundary (GIT_DISCOVERY_ACROSS_FILESYSTEM not set).
2026-06-29 16:46:36.108 [info] > git rev-parse --show-toplevel [1ms]
2026-06-29 16:46:36.108 [info] fatal: not a git repository (or any parent up to mount point /)
Stopping at filesystem boundary (GIT_DISCOVERY_ACROSS_FILESYSTEM not set).
2026-06-29 16:46:36.611 [info] > git rev-parse --show-toplevel [1ms]
2026-06-29 16:46:36.611 [info] fatal: not a git repository (or any parent up to mount point /)
Stopping at filesystem boundary (GIT_DISCOVERY_ACROSS_FILESYSTEM not set).
2026-06-29 16:46:37.073 [info] > git rev-parse --show-toplevel [0ms]
2026-06-29 16:46:37.073 [info] fatal: not a git repository (or any parent up to mount point /)
Stopping at filesystem boundary (GIT_DISCOVERY_ACROSS_FILESYSTEM not set).
2026-06-29 16:46:37.441 [info] > git rev-parse --show-toplevel [0ms]
2026-06-29 16:46:37.441 [info] fatal: not a git repository (or any parent up to mount point /)
Stopping at filesystem boundary (GIT_DISCOVERY_ACROSS_FILESYSTEM not set).
2026-06-29 16:46:37.808 [info] > git rev-parse --show-toplevel [1ms]
2026-06-29 16:46:37.808 [info] fatal: not a git repository (or any parent up to mount point /)
Stopping at filesystem boundary (GIT_DISCOVERY_ACROSS_FILESYSTEM not set).
2026-06-29 16:46:38.178 [info] > git rev-parse --show-toplevel [1ms]
2026-06-29 16:46:38.178 [info] fatal: not a git repository (or any parent up to mount point /)
Stopping at filesystem boundary (GIT_DISCOVERY_ACROSS_FILESYSTEM not set).
2026-06-29 16:46:38.565 [info] > git rev-parse --show-toplevel [0ms]
2026-06-29 16:46:38.565 [info] fatal: not a git repository (or any parent up to mount point /)
Stopping at filesystem boundary (GIT_DISCOVERY_ACROSS_FILESYSTEM not set).
2026-06-29 16:46:48.063 [info] > git rev-parse --show-toplevel [0ms]
2026-06-29 16:46:48.063 [info] fatal: not a git repository (or any parent up to mount point /)
Stopping at filesystem boundary (GIT_DISCOVERY_ACROSS_FILESYSTEM not set).
2026-06-29 16:48:11.311 [info] > git rev-parse --show-toplevel [1ms]
2026-06-29 16:48:11.311 [info] fatal: not a git repository (or any parent up to mount point /)
Stopping at filesystem boundary (GIT_DISCOVERY_ACROSS_FILESYSTEM not set).
2026-06-29 16:48:41.693 [info] > git rev-parse --show-toplevel [1ms]
2026-06-29 16:48:41.693 [info] fatal: not a git repository (or any parent up to mount point /)
Stopping at filesystem boundary (GIT_DISCOVERY_ACROSS_FILESYSTEM not set).
2026-06-29 16:50:49.723 [info] > git rev-parse --show-toplevel [1ms]
2026-06-29 16:50:49.723 [info] fatal: not a git repository (or any parent up to mount point /)
Stopping at filesystem boundary (GIT_DISCOVERY_ACROSS_FILESYSTEM not set).
2026-06-29 16:51:03.276 [info] > git rev-parse --show-toplevel [1ms]
2026-06-29 16:51:03.276 [info] fatal: not a git repository (or any parent up to mount point /)
Stopping at filesystem boundary (GIT_DISCOVERY_ACROSS_FILESYSTEM not set).
2026-06-29 16:51:55.190 [info] > git rev-parse --show-toplevel [2ms]
2026-06-29 16:51:55.190 [info] fatal: not a git repository (or any parent up to mount point /)
Stopping at filesystem boundary (GIT_DISCOVERY_ACROSS_FILESYSTEM not set).
2026-06-29 16:51:56.769 [info] > git rev-parse --show-toplevel [1ms]
2026-06-29 16:51:56.769 [info] fatal: not a git repository (or any parent up to mount point /)
Stopping at filesystem boundary (GIT_DISCOVERY_ACROSS_FILESYSTEM not set).
2026-06-29 16:53:37.754 [info] > git rev-parse --show-toplevel [1ms]
2026-06-29 16:53:37.754 [info] fatal: not a git repository (or any parent up to mount point /)
Stopping at filesystem boundary (GIT_DISCOVERY_ACROSS_FILESYSTEM not set).
2026-06-29 16:54:54.674 [info] > git rev-parse --show-toplevel [0ms]
2026-06-29 16:54:54.674 [info] fatal: not a git repository (or any parent up to mount point /)
Stopping at filesystem boundary (GIT_DISCOVERY_ACROSS_FILESYSTEM not set).
2026-06-29 16:55:35.184 [info] > git rev-parse --show-toplevel [1ms]
2026-06-29 16:55:35.184 [info] fatal: not a git repository (or any parent up to mount point /)
Stopping at filesystem boundary (GIT_DISCOVERY_ACROSS_FILESYSTEM not set).
2026-06-29 16:55:44.824 [info] > git rev-parse --show-toplevel [0ms]
2026-06-29 16:55:44.824 [info] fatal: not a git repository (or any parent up to mount point /)
Stopping at filesystem boundary (GIT_DISCOVERY_ACROSS_FILESYSTEM not set).
2026-06-29 16:55:59.525 [info] > git rev-parse --show-toplevel [1ms]
2026-06-29 16:55:59.525 [info] fatal: not a git repository (or any parent up to mount point /)
Stopping at filesystem boundary (GIT_DISCOVERY_ACROSS_FILESYSTEM not set).
2026-06-29 16:56:04.864 [info] > git rev-parse --show-toplevel [1ms]
2026-06-29 16:56:04.864 [info] fatal: not a git repository (or any parent up to mount point /)
Stopping at filesystem boundary (GIT_DISCOVERY_ACROSS_FILESYSTEM not set).
2026-06-29 16:57:03.522 [info] > git rev-parse --show-toplevel [2ms]
2026-06-29 16:57:03.522 [info] fatal: not a git repository (or any parent up to mount point /)
Stopping at filesystem boundary (GIT_DISCOVERY_ACROSS_FILESYSTEM not set).
2026-06-29 16:57:51.281 [info] > git rev-parse --show-toplevel [1ms]
2026-06-29 16:57:51.281 [info] fatal: not a git repository (or any parent up to mount point /)
Stopping at filesystem boundary (GIT_DISCOVERY_ACROSS_FILESYSTEM not set).
2026-06-29 16:58:08.125 [info] > git rev-parse --show-toplevel [1ms]
2026-06-29 16:58:08.125 [info] fatal: not a git repository (or any parent up to mount point /)
Stopping at filesystem boundary (GIT_DISCOVERY_ACROSS_FILESYSTEM not set).
2026-06-29 16:58:35.507 [info] > git rev-parse --show-toplevel [1ms]
2026-06-29 16:58:35.507 [info] fatal: not a git repository (or any parent up to mount point /)
Stopping at filesystem boundary (GIT_DISCOVERY_ACROSS_FILESYSTEM not set).
2026-06-29 16:59:37.865 [info] > git rev-parse --show-toplevel [1ms]
2026-06-29 16:59:37.865 [info] fatal: not a git repository (or any parent up to mount point /)
Stopping at filesystem boundary (GIT_DISCOVERY_ACROSS_FILESYSTEM not set).
2026-06-29 17:03:55.901 [info] > git rev-parse --show-toplevel [1ms]
2026-06-29 17:03:55.901 [info] fatal: not a git repository (or any parent up to mount point /)
Stopping at filesystem boundary (GIT_DISCOVERY_ACROSS_FILESYSTEM not set).
2026-06-29 17:07:10.015 [info] > git rev-parse --show-toplevel [1ms]
2026-06-29 17:07:10.015 [info] fatal: not a git repository (or any parent up to mount point /)
Stopping at filesystem boundary (GIT_DISCOVERY_ACROSS_FILESYSTEM not set).
2026-06-29 17:10:54.449 [info] > git rev-parse --show-toplevel [1ms]
2026-06-29 17:10:54.449 [info] fatal: not a git repository (or any parent up to mount point /)
Stopping at filesystem boundary (GIT_DISCOVERY_ACROSS_FILESYSTEM not set).
2026-06-29 17:17:40.274 [info] > git rev-parse --show-toplevel [1ms]
2026-06-29 17:17:40.275 [info] fatal: not a git repository (or any parent up to mount point /)
Stopping at filesystem boundary (GIT_DISCOVERY_ACROSS_FILESYSTEM not set).
2026-06-29 17:18:43.718 [info] > git rev-parse --show-toplevel [0ms]
2026-06-29 17:18:43.719 [info] fatal: not a git repository (or any parent up to mount point /)
Stopping at filesystem boundary (GIT_DISCOVERY_ACROSS_FILESYSTEM not set).
2026-06-29 17:18:53.256 [info] > git rev-parse --show-toplevel [1ms]
2026-06-29 17:18:53.256 [info] fatal: not a git repository (or any parent up to mount point /)
Stopping at filesystem boundary (GIT_DISCOVERY_ACROSS_FILESYSTEM not set).
2026-06-29 17:20:39.543 [info] > git rev-parse --show-toplevel [0ms]
2026-06-29 17:20:39.543 [info] fatal: not a git repository (or any parent up to mount point /)
Stopping at filesystem boundary (GIT_DISCOVERY_ACROSS_FILESYSTEM not set).
2026-06-29 17:26:57.396 [info] > git rev-parse --show-toplevel [0ms]
2026-06-29 17:26:57.396 [info] fatal: not a git repository (or any parent up to mount point /)
Stopping at filesystem boundary (GIT_DISCOVERY_ACROSS_FILESYSTEM not set).
2026-06-29 17:29:10.819 [info] > git rev-parse --show-toplevel [1ms]
2026-06-29 17:29:10.819 [info] fatal: not a git repository (or any parent up to mount point /)
Stopping at filesystem boundary (GIT_DISCOVERY_ACROSS_FILESYSTEM not set).
2026-06-29 17:41:57.065 [info] > git rev-parse --show-toplevel [2ms]
2026-06-29 17:41:57.065 [info] fatal: not a git repository (or any parent up to mount point /)
Stopping at filesystem boundary (GIT_DISCOVERY_ACROSS_FILESYSTEM not set).
2026-06-29 17:41:59.011 [info] > git rev-parse --show-toplevel [1ms]
2026-06-29 17:41:59.011 [info] fatal: not a git repository (or any parent up to mount point /)
Stopping at filesystem boundary (GIT_DISCOVERY_ACROSS_FILESYSTEM not set).
2026-06-29 17:42:00.744 [info] > git rev-parse --show-toplevel [1ms]
2026-06-29 17:42:00.744 [info] fatal: not a git repository (or any parent up to mount point /)
Stopping at filesystem boundary (GIT_DISCOVERY_ACROSS_FILESYSTEM not set).
2026-06-29 17:42:02.421 [info] > git rev-parse --show-toplevel [1ms]
2026-06-29 17:42:02.421 [info] fatal: not a git repository (or any parent up to mount point /)
Stopping at filesystem boundary (GIT_DISCOVERY_ACROSS_FILESYSTEM not set).
