2026-06-17 12:58:14.383 [info] Reading sessions from keychain...
2026-06-17 12:58:14.383 [info] Getting sessions for all scopes...
2026-06-17 12:58:14.485 [info] Got stored sessions!
2026-06-17 12:58:14.485 [info] Got 1 verified sessions.
2026-06-17 12:58:14.485 [info] Got 1 sessions for ...
2026-06-17 12:58:14.486 [info] Getting sessions for all scopes...
2026-06-17 12:58:14.486 [info] Got 1 sessions for ...
2026-06-17 12:58:14.581 [info] Getting sessions for all scopes...
2026-06-17 12:58:14.581 [info] Got 1 sessions for ...
2026-06-17 12:58:16.269 [info] Getting sessions for all scopes...
2026-06-17 12:58:16.269 [info] Got 1 sessions for ...
2026-06-17 12:58:16.306 [info] Getting sessions for all scopes...
2026-06-17 12:58:16.306 [info] Got 1 sessions for ...
2026-06-17 12:58:16.417 [info] Getting sessions for all scopes...
2026-06-17 12:58:16.417 [info] Got 1 sessions for ...
2026-06-17 12:58:16.417 [info] Getting sessions for all scopes...
2026-06-17 12:58:16.417 [info] Got 1 sessions for ...
2026-06-17 12:58:16.557 [info] Getting sessions for read:user,repo,user:email,workflow...
2026-06-17 12:58:16.557 [info] Got 1 sessions for read:user,repo,user:email,workflow...
2026-06-17 12:58:16.742 [info] Getting sessions for all scopes...
2026-06-17 12:58:16.742 [info] Got 1 sessions for ...
2026-06-17 12:58:16.743 [info] Getting sessions for read:user,repo,user:email,workflow...
2026-06-17 12:58:16.743 [info] Got 1 sessions for read:user,repo,user:email,workflow...
2026-06-17 12:58:16.758 [info] FetcherService: Electron fetch failed with status: 429 
2026-06-17 12:58:16.766 [info] Unable to resolve optional EDU details. Status: 429 
2026-06-17 12:58:17.987 [info] Getting sessions for all scopes...
2026-06-17 12:58:17.987 [info] Got 1 sessions for ...
2026-06-17 12:58:17.988 [info] Getting sessions for all scopes...
2026-06-17 12:58:17.988 [info] Got 1 sessions for ...
2026-06-17 12:58:18.041 [info] Getting sessions for read:user,repo,user:email,workflow...
2026-06-17 12:58:18.041 [info] Got 1 sessions for read:user,repo,user:email,workflow...
2026-06-17 12:58:18.277 [info] Getting sessions for all scopes...
2026-06-17 12:58:18.277 [info] Got 1 sessions for ...
2026-06-17 12:58:18.277 [info] Getting sessions for all scopes...
2026-06-17 12:58:18.277 [info] Got 1 sessions for ...
2026-06-17 12:58:18.278 [info] Getting sessions for all scopes...
2026-06-17 12:58:18.278 [info] Got 1 sessions for ...
2026-06-17 12:58:18.281 [info] Getting sessions for all scopes...
2026-06-17 12:58:18.281 [info] Got 1 sessions for ...
2026-06-17 12:58:18.289 [info] Getting sessions for read:user,repo,user:email,workflow...
2026-06-17 12:58:18.289 [info] Got 1 sessions for read:user,repo,user:email,workflow...
2026-06-17 12:58:18.540 [info] Getting sessions for all scopes...
2026-06-17 12:58:18.540 [info] Got 1 sessions for ...
2026-06-17 12:58:18.541 [info] Getting sessions for read:user,repo,user:email,workflow...
2026-06-17 12:58:18.541 [info] Got 1 sessions for read:user,repo,user:email,workflow...
2026-06-17 12:58:18.664 [info] Getting sessions for all scopes...
2026-06-17 12:58:18.664 [info] Got 1 sessions for ...
2026-06-17 12:58:18.664 [info] Getting sessions for read:user,repo,user:email,workflow...
2026-06-17 12:58:18.664 [info] Got 1 sessions for read:user,repo,user:email,workflow...
2026-06-17 12:58:18.675 [info] Getting sessions for all scopes...
2026-06-17 12:58:18.675 [info] Got 1 sessions for ...
2026-06-17 12:58:18.675 [info] Getting sessions for read:user,repo,user:email,workflow...
2026-06-17 12:58:18.676 [info] Got 1 sessions for read:user,repo,user:email,workflow...
2026-06-17 12:58:32.747 [info] Getting sessions for all scopes...
2026-06-17 12:58:32.747 [info] Got 1 sessions for ...
2026-06-17 12:58:32.750 [info] Getting sessions for all scopes...
2026-06-17 12:58:32.750 [info] Got 1 sessions for ...
2026-06-17 12:59:26.007 [info] Getting sessions for all scopes...
2026-06-17 12:59:26.007 [info] Got 1 sessions for ...
2026-06-17 12:59:26.007 [info] Getting sessions for all scopes...
2026-06-17 12:59:26.007 [info] Got 1 sessions for ...
2026-06-17 12:59:49.935 [info] Getting sessions for all scopes...
2026-06-17 12:59:49.935 [info] Got 1 sessions for ...
2026-06-17 12:59:49.936 [info] Getting sessions for all scopes...
2026-06-17 12:59:49.936 [info] Got 1 sessions for ...
2026-06-17 13:03:46.961 [info] Getting sessions for all scopes...
2026-06-17 13:03:46.961 [info] Got 1 sessions for ...
2026-06-17 13:03:46.961 [info] Getting sessions for all scopes...
2026-06-17 13:03:46.961 [info] Got 1 sessions for ...
2026-06-17 13:04:15.795 [info] Getting sessions for all scopes...
2026-06-17 13:04:15.795 [info] Got 1 sessions for ...
2026-06-17 13:04:15.796 [info] Getting sessions for all scopes...
2026-06-17 13:04:15.796 [info] Got 1 sessions for ...
2026-06-17 13:04:17.200 [info] Getting sessions for all scopes...
2026-06-17 13:04:17.200 [info] Got 1 sessions for ...
2026-06-17 13:04:17.201 [info] Getting sessions for all scopes...
2026-06-17 13:04:17.201 [info] Got 1 sessions for ...
2026-06-17 13:04:29.655 [info] Getting sessions for all scopes...
2026-06-17 13:04:29.655 [info] Got 1 sessions for ...
2026-06-17 13:04:29.657 [info] Getting sessions for all scopes...
2026-06-17 13:04:29.657 [info] Got 1 sessions for ...
2026-06-17 13:04:46.692 [info] Getting sessions for all scopes...
2026-06-17 13:04:46.692 [info] Got 1 sessions for ...
2026-06-17 13:04:46.696 [info] Getting sessions for all scopes...
2026-06-17 13:04:46.696 [info] Got 1 sessions for ...
2026-06-17 13:04:56.954 [info] Getting sessions for all scopes...
2026-06-17 13:04:56.955 [info] Got 1 sessions for ...
2026-06-17 13:04:56.955 [info] Getting sessions for all scopes...
2026-06-17 13:04:56.955 [info] Got 1 sessions for ...
2026-06-17 13:05:00.321 [info] Getting sessions for all scopes...
2026-06-17 13:05:00.321 [info] Got 1 sessions for ...
2026-06-17 13:05:00.322 [info] Getting sessions for all scopes...
2026-06-17 13:05:00.322 [info] Got 1 sessions for ...
2026-06-17 13:05:15.688 [info] Getting sessions for all scopes...
2026-06-17 13:05:15.688 [info] Got 1 sessions for ...
2026-06-17 13:05:15.720 [info] Getting sessions for all scopes...
2026-06-17 13:05:15.720 [info] Got 1 sessions for ...
2026-06-17 13:05:18.918 [info] Getting sessions for all scopes...
2026-06-17 13:05:18.918 [info] Got 1 sessions for ...
2026-06-17 13:05:18.923 [info] Getting sessions for all scopes...
2026-06-17 13:05:18.923 [info] Got 1 sessions for ...
2026-06-17 13:05:19.842 [info] Getting sessions for all scopes...
2026-06-17 13:05:19.842 [info] Got 1 sessions for ...
2026-06-17 13:05:19.843 [info] Getting sessions for all scopes...
2026-06-17 13:05:19.843 [info] Got 1 sessions for ...
2026-06-17 13:05:27.580 [info] Getting sessions for all scopes...
2026-06-17 13:05:27.580 [info] Got 1 sessions for ...
2026-06-17 13:05:27.581 [info] Getting sessions for all scopes...
2026-06-17 13:05:27.581 [info] Got 1 sessions for ...
2026-06-17 13:05:43.655 [info] Getting sessions for all scopes...
2026-06-17 13:05:43.655 [info] Got 1 sessions for ...
2026-06-17 13:05:43.656 [info] Getting sessions for all scopes...
2026-06-17 13:05:43.656 [info] Got 1 sessions for ...
2026-06-17 13:05:52.047 [info] Getting sessions for all scopes...
2026-06-17 13:05:52.047 [info] Got 1 sessions for ...
2026-06-17 13:05:52.048 [info] Getting sessions for all scopes...
2026-06-17 13:05:52.048 [info] Got 1 sessions for ...
2026-06-17 13:05:57.925 [info] Getting sessions for all scopes...
2026-06-17 13:05:57.925 [info] Got 1 sessions for ...
2026-06-17 13:05:57.925 [info] Getting sessions for all scopes...
2026-06-17 13:05:57.925 [info] Got 1 sessions for ...
2026-06-17 13:06:01.040 [info] Getting sessions for all scopes...
2026-06-17 13:06:01.040 [info] Got 1 sessions for ...
2026-06-17 13:06:01.041 [info] Getting sessions for all scopes...
2026-06-17 13:06:01.041 [info] Got 1 sessions for ...
2026-06-17 13:06:06.607 [info] Getting sessions for all scopes...
2026-06-17 13:06:06.608 [info] Got 1 sessions for ...
2026-06-17 13:06:06.608 [info] Getting sessions for all scopes...
2026-06-17 13:06:06.609 [info] Got 1 sessions for ...
2026-06-17 13:08:24.524 [info] Getting sessions for all scopes...
2026-06-17 13:08:24.524 [info] Got 1 sessions for ...
2026-06-17 13:08:24.526 [info] Getting sessions for all scopes...
2026-06-17 13:08:24.526 [info] Got 1 sessions for ...
2026-06-17 13:08:35.233 [info] Getting sessions for all scopes...
2026-06-17 13:08:35.233 [info] Got 1 sessions for ...
2026-06-17 13:08:35.233 [info] Getting sessions for all scopes...
2026-06-17 13:08:35.233 [info] Got 1 sessions for ...
2026-06-17 13:08:38.930 [info] Getting sessions for all scopes...
2026-06-17 13:08:38.930 [info] Got 1 sessions for ...
2026-06-17 13:08:38.931 [info] Getting sessions for all scopes...
2026-06-17 13:08:38.931 [info] Got 1 sessions for ...
2026-06-17 13:10:05.283 [info] Getting sessions for all scopes...
2026-06-17 13:10:05.283 [info] Got 1 sessions for ...
2026-06-17 13:10:05.309 [info] Getting sessions for all scopes...
2026-06-17 13:10:05.309 [info] Got 1 sessions for ...
2026-06-17 13:12:05.988 [info] Getting sessions for all scopes...
2026-06-17 13:12:05.988 [info] Got 1 sessions for ...
2026-06-17 13:12:05.990 [info] Getting sessions for all scopes...
2026-06-17 13:12:05.990 [info] Got 1 sessions for ...
2026-06-17 13:12:44.097 [info] Getting sessions for all scopes...
2026-06-17 13:12:44.097 [info] Got 1 sessions for ...
2026-06-17 13:12:44.098 [info] Getting sessions for all scopes...
2026-06-17 13:12:44.098 [info] Got 1 sessions for ...
2026-06-17 13:12:45.378 [info] Getting sessions for all scopes...
2026-06-17 13:12:45.378 [info] Got 1 sessions for ...
2026-06-17 13:12:45.379 [info] Getting sessions for all scopes...
2026-06-17 13:12:45.379 [info] Got 1 sessions for ...
2026-06-17 13:12:47.600 [info] Getting sessions for all scopes...
2026-06-17 13:12:47.600 [info] Got 1 sessions for ...
2026-06-17 13:12:47.601 [info] Getting sessions for all scopes...
2026-06-17 13:12:47.601 [info] Got 1 sessions for ...
2026-06-17 13:12:59.229 [info] Getting sessions for all scopes...
2026-06-17 13:12:59.229 [info] Got 1 sessions for ...
2026-06-17 13:12:59.229 [info] Getting sessions for all scopes...
2026-06-17 13:12:59.229 [info] Got 1 sessions for ...
2026-06-17 13:13:00.652 [info] Getting sessions for all scopes...
2026-06-17 13:13:00.652 [info] Got 1 sessions for ...
2026-06-17 13:13:00.652 [info] Getting sessions for all scopes...
2026-06-17 13:13:00.652 [info] Got 1 sessions for ...
2026-06-17 13:13:03.028 [info] Getting sessions for all scopes...
2026-06-17 13:13:03.028 [info] Got 1 sessions for ...
2026-06-17 13:13:03.028 [info] Getting sessions for all scopes...
2026-06-17 13:13:03.028 [info] Got 1 sessions for ...
2026-06-17 13:13:06.966 [info] Getting sessions for all scopes...
2026-06-17 13:13:06.966 [info] Got 1 sessions for ...
2026-06-17 13:13:06.967 [info] Getting sessions for all scopes...
2026-06-17 13:13:06.967 [info] Got 1 sessions for ...
2026-06-17 13:14:24.214 [info] Getting sessions for all scopes...
2026-06-17 13:14:24.214 [info] Got 1 sessions for ...
2026-06-17 13:14:24.216 [info] Getting sessions for all scopes...
2026-06-17 13:14:24.216 [info] Got 1 sessions for ...
2026-06-17 13:14:59.793 [info] Getting sessions for all scopes...
2026-06-17 13:14:59.793 [info] Got 1 sessions for ...
2026-06-17 13:14:59.794 [info] Getting sessions for all scopes...
2026-06-17 13:14:59.794 [info] Got 1 sessions for ...
2026-06-17 13:15:24.432 [info] Getting sessions for all scopes...
2026-06-17 13:15:24.432 [info] Got 1 sessions for ...
2026-06-17 13:15:24.433 [info] Getting sessions for all scopes...
2026-06-17 13:15:24.433 [info] Got 1 sessions for ...
2026-06-17 13:15:27.514 [info] Getting sessions for all scopes...
2026-06-17 13:15:27.514 [info] Got 1 sessions for ...
2026-06-17 13:15:27.515 [info] Getting sessions for all scopes...
2026-06-17 13:15:27.515 [info] Got 1 sessions for ...
2026-06-17 13:15:31.724 [info] Getting sessions for all scopes...
2026-06-17 13:15:31.724 [info] Got 1 sessions for ...
2026-06-17 13:15:31.725 [info] Getting sessions for all scopes...
2026-06-17 13:15:31.725 [info] Got 1 sessions for ...
2026-06-17 13:15:36.381 [info] Getting sessions for all scopes...
2026-06-17 13:15:36.381 [info] Got 1 sessions for ...
2026-06-17 13:15:36.382 [info] Getting sessions for all scopes...
2026-06-17 13:15:36.382 [info] Got 1 sessions for ...
2026-06-17 13:15:42.034 [info] Getting sessions for all scopes...
2026-06-17 13:15:42.034 [info] Got 1 sessions for ...
2026-06-17 13:15:42.034 [info] Getting sessions for all scopes...
2026-06-17 13:15:42.034 [info] Got 1 sessions for ...
2026-06-17 13:15:59.380 [info] Getting sessions for all scopes...
2026-06-17 13:15:59.380 [info] Got 1 sessions for ...
2026-06-17 13:15:59.380 [info] Getting sessions for all scopes...
2026-06-17 13:15:59.380 [info] Got 1 sessions for ...
2026-06-17 13:16:00.544 [info] Getting sessions for all scopes...
2026-06-17 13:16:00.544 [info] Got 1 sessions for ...
2026-06-17 13:16:00.544 [info] Getting sessions for all scopes...
2026-06-17 13:16:00.544 [info] Got 1 sessions for ...
2026-06-17 13:16:19.991 [info] Getting sessions for all scopes...
2026-06-17 13:16:19.991 [info] Got 1 sessions for ...
2026-06-17 13:16:19.991 [info] Getting sessions for all scopes...
2026-06-17 13:16:19.991 [info] Got 1 sessions for ...
2026-06-17 13:16:20.988 [info] Getting sessions for all scopes...
2026-06-17 13:16:20.988 [info] Got 1 sessions for ...
2026-06-17 13:16:20.989 [info] Getting sessions for all scopes...
2026-06-17 13:16:20.989 [info] Got 1 sessions for ...
2026-06-17 13:16:21.685 [info] Getting sessions for all scopes...
2026-06-17 13:16:21.685 [info] Got 1 sessions for ...
2026-06-17 13:16:21.686 [info] Getting sessions for all scopes...
2026-06-17 13:16:21.686 [info] Got 1 sessions for ...
2026-06-17 13:16:23.551 [info] Getting sessions for all scopes...
2026-06-17 13:16:23.551 [info] Got 1 sessions for ...
2026-06-17 13:16:23.552 [info] Getting sessions for all scopes...
2026-06-17 13:16:23.552 [info] Got 1 sessions for ...
2026-06-17 13:16:24.165 [info] Getting sessions for all scopes...
2026-06-17 13:16:24.165 [info] Got 1 sessions for ...
2026-06-17 13:16:24.166 [info] Getting sessions for all scopes...
2026-06-17 13:16:24.166 [info] Got 1 sessions for ...
2026-06-17 13:17:02.755 [info] Getting sessions for all scopes...
2026-06-17 13:17:02.755 [info] Got 1 sessions for ...
2026-06-17 13:17:02.757 [info] Getting sessions for all scopes...
2026-06-17 13:17:02.757 [info] Got 1 sessions for ...
2026-06-17 13:19:09.906 [info] Getting sessions for all scopes...
2026-06-17 13:19:09.906 [info] Got 1 sessions for ...
2026-06-17 13:19:09.906 [info] Getting sessions for all scopes...
2026-06-17 13:19:09.906 [info] Got 1 sessions for ...
2026-06-17 13:19:40.446 [info] Getting sessions for all scopes...
2026-06-17 13:19:40.446 [info] Got 1 sessions for ...
2026-06-17 13:19:40.447 [info] Getting sessions for all scopes...
2026-06-17 13:19:40.447 [info] Got 1 sessions for ...
2026-06-17 13:21:34.024 [info] Getting sessions for all scopes...
2026-06-17 13:21:34.024 [info] Got 1 sessions for ...
2026-06-17 13:21:34.025 [info] Getting sessions for all scopes...
2026-06-17 13:21:34.025 [info] Got 1 sessions for ...
2026-06-17 13:26:42.167 [info] Getting sessions for all scopes...
2026-06-17 13:26:42.167 [info] Got 1 sessions for ...
2026-06-17 13:26:42.170 [info] Getting sessions for all scopes...
2026-06-17 13:26:42.170 [info] Got 1 sessions for ...
2026-06-17 13:27:16.717 [info] Getting sessions for all scopes...
2026-06-17 13:27:16.717 [info] Got 1 sessions for ...
2026-06-17 13:27:16.718 [info] Getting sessions for all scopes...
2026-06-17 13:27:16.718 [info] Got 1 sessions for ...
2026-06-17 13:27:17.620 [info] Getting sessions for all scopes...
2026-06-17 13:27:17.620 [info] Got 1 sessions for ...
2026-06-17 13:27:17.620 [info] Getting sessions for all scopes...
2026-06-17 13:27:17.620 [info] Got 1 sessions for ...
2026-06-17 13:27:18.697 [info] Getting sessions for all scopes...
2026-06-17 13:27:18.697 [info] Got 1 sessions for ...
2026-06-17 13:27:18.697 [info] Getting sessions for all scopes...
2026-06-17 13:27:18.697 [info] Got 1 sessions for ...
2026-06-17 13:27:19.774 [info] Getting sessions for all scopes...
2026-06-17 13:27:19.774 [info] Got 1 sessions for ...
2026-06-17 13:27:19.775 [info] Getting sessions for all scopes...
2026-06-17 13:27:19.775 [info] Got 1 sessions for ...
2026-06-17 13:27:46.071 [info] Getting sessions for all scopes...
2026-06-17 13:27:46.071 [info] Got 1 sessions for ...
2026-06-17 13:27:46.072 [info] Getting sessions for all scopes...
2026-06-17 13:27:46.072 [info] Got 1 sessions for ...
2026-06-17 13:28:09.666 [info] Getting sessions for all scopes...
2026-06-17 13:28:09.666 [info] Got 1 sessions for ...
2026-06-17 13:28:09.669 [info] Getting sessions for all scopes...
2026-06-17 13:28:09.669 [info] Got 1 sessions for ...
2026-06-17 13:28:10.487 [info] Getting sessions for all scopes...
2026-06-17 13:28:10.487 [info] Got 1 sessions for ...
2026-06-17 13:28:10.488 [info] Getting sessions for all scopes...
2026-06-17 13:28:10.488 [info] Got 1 sessions for ...
2026-06-17 13:28:12.419 [info] Getting sessions for all scopes...
2026-06-17 13:28:12.419 [info] Got 1 sessions for ...
2026-06-17 13:28:12.420 [info] Getting sessions for all scopes...
2026-06-17 13:28:12.420 [info] Got 1 sessions for ...
2026-06-17 13:28:13.869 [info] Getting sessions for all scopes...
2026-06-17 13:28:13.869 [info] Got 1 sessions for ...
2026-06-17 13:28:13.870 [info] Getting sessions for all scopes...
2026-06-17 13:28:13.870 [info] Got 1 sessions for ...
2026-06-17 13:28:14.851 [info] Getting sessions for all scopes...
2026-06-17 13:28:14.851 [info] Got 1 sessions for ...
2026-06-17 13:28:14.854 [info] Getting sessions for all scopes...
2026-06-17 13:28:14.854 [info] Got 1 sessions for ...
2026-06-17 13:28:16.275 [info] Getting sessions for all scopes...
2026-06-17 13:28:16.275 [info] Got 1 sessions for ...
2026-06-17 13:28:16.276 [info] Getting sessions for all scopes...
2026-06-17 13:28:16.276 [info] Got 1 sessions for ...
2026-06-17 13:28:18.136 [info] Getting sessions for all scopes...
2026-06-17 13:28:18.136 [info] Got 1 sessions for ...
2026-06-17 13:28:18.137 [info] Getting sessions for all scopes...
2026-06-17 13:28:18.137 [info] Got 1 sessions for ...
2026-06-17 13:31:56.792 [info] Getting sessions for all scopes...
2026-06-17 13:31:56.792 [info] Got 1 sessions for ...
2026-06-17 13:31:56.793 [info] Getting sessions for all scopes...
2026-06-17 13:31:56.793 [info] Got 1 sessions for ...
2026-06-17 13:32:01.154 [info] Getting sessions for all scopes...
2026-06-17 13:32:01.154 [info] Got 1 sessions for ...
2026-06-17 13:32:01.155 [info] Getting sessions for all scopes...
2026-06-17 13:32:01.155 [info] Got 1 sessions for ...
2026-06-17 13:32:02.991 [info] Getting sessions for all scopes...
2026-06-17 13:32:02.991 [info] Got 1 sessions for ...
2026-06-17 13:32:02.992 [info] Getting sessions for all scopes...
2026-06-17 13:32:02.992 [info] Got 1 sessions for ...
2026-06-17 13:32:15.354 [info] Getting sessions for all scopes...
2026-06-17 13:32:15.354 [info] Got 1 sessions for ...
2026-06-17 13:32:15.355 [info] Getting sessions for all scopes...
2026-06-17 13:32:15.355 [info] Got 1 sessions for ...
2026-06-17 13:34:28.952 [info] Getting sessions for all scopes...
2026-06-17 13:34:28.952 [info] Got 1 sessions for ...
2026-06-17 13:34:28.957 [info] Getting sessions for all scopes...
2026-06-17 13:34:28.957 [info] Got 1 sessions for ...
2026-06-17 13:35:01.480 [info] Getting sessions for all scopes...
2026-06-17 13:35:01.480 [info] Got 1 sessions for ...
2026-06-17 13:35:01.482 [info] Getting sessions for all scopes...
2026-06-17 13:35:01.482 [info] Got 1 sessions for ...
2026-06-17 13:35:02.369 [info] Getting sessions for all scopes...
2026-06-17 13:35:02.369 [info] Got 1 sessions for ...
2026-06-17 13:35:02.370 [info] Getting sessions for all scopes...
2026-06-17 13:35:02.370 [info] Got 1 sessions for ...
2026-06-17 13:35:03.416 [info] Getting sessions for all scopes...
2026-06-17 13:35:03.417 [info] Got 1 sessions for ...
2026-06-17 13:35:03.418 [info] Getting sessions for all scopes...
2026-06-17 13:35:03.418 [info] Got 1 sessions for ...
2026-06-17 13:36:41.931 [info] Getting sessions for all scopes...
2026-06-17 13:36:41.931 [info] Got 1 sessions for ...
2026-06-17 13:36:41.932 [info] Getting sessions for all scopes...
2026-06-17 13:36:41.932 [info] Got 1 sessions for ...
2026-06-17 13:36:47.638 [info] Getting sessions for all scopes...
2026-06-17 13:36:47.638 [info] Got 1 sessions for ...
2026-06-17 13:36:47.639 [info] Getting sessions for all scopes...
2026-06-17 13:36:47.639 [info] Got 1 sessions for ...
2026-06-17 13:36:48.496 [info] Getting sessions for all scopes...
2026-06-17 13:36:48.496 [info] Got 1 sessions for ...
2026-06-17 13:36:48.496 [info] Getting sessions for all scopes...
2026-06-17 13:36:48.496 [info] Got 1 sessions for ...
2026-06-17 13:37:21.939 [info] Getting sessions for all scopes...
2026-06-17 13:37:21.939 [info] Got 1 sessions for ...
2026-06-17 13:37:21.940 [info] Getting sessions for all scopes...
2026-06-17 13:37:21.940 [info] Got 1 sessions for ...
2026-06-17 13:37:38.558 [info] Getting sessions for all scopes...
2026-06-17 13:37:38.558 [info] Got 1 sessions for ...
2026-06-17 13:37:38.559 [info] Getting sessions for all scopes...
2026-06-17 13:37:38.559 [info] Got 1 sessions for ...
2026-06-17 13:38:45.941 [info] Getting sessions for all scopes...
2026-06-17 13:38:45.941 [info] Got 1 sessions for ...
2026-06-17 13:38:45.942 [info] Getting sessions for all scopes...
2026-06-17 13:38:45.942 [info] Got 1 sessions for ...
2026-06-17 13:39:51.264 [info] Getting sessions for all scopes...
2026-06-17 13:39:51.264 [info] Got 1 sessions for ...
2026-06-17 13:39:51.264 [info] Getting sessions for all scopes...
2026-06-17 13:39:51.264 [info] Got 1 sessions for ...
2026-06-17 13:39:53.146 [info] Getting sessions for all scopes...
2026-06-17 13:39:53.146 [info] Got 1 sessions for ...
2026-06-17 13:39:53.147 [info] Getting sessions for all scopes...
2026-06-17 13:39:53.147 [info] Got 1 sessions for ...
2026-06-17 13:39:56.068 [info] Getting sessions for all scopes...
2026-06-17 13:39:56.068 [info] Got 1 sessions for ...
2026-06-17 13:39:56.069 [info] Getting sessions for all scopes...
2026-06-17 13:39:56.069 [info] Got 1 sessions for ...
