2026-06-28 20:17:13.752 [info] RunInTerminalTool: Command rewritten by TZt: Removed redundant cd command []
2026-06-28 20:17:13.753 [info] RunInTerminalTool: Command rewritten by Kqe: Prepended with a space to exclude from shell history []
2026-06-28 20:17:13.856 [info] RunInTerminalTool#CommandLineAutoApproveAnalyzer: Parsed sub-commands via bash grammar [["quickshell -p shell.qml"]]
2026-06-28 20:17:13.858 [info] RunInTerminalTool#CommandLineAutoApproveAnalyzer: All sub-commands NOT auto-approved [null]
2026-06-28 20:17:13.858 [info] RunInTerminalTool#CommandLineAutoApproveAnalyzer: Command line NOT auto-approved [null]
2026-06-28 20:17:13.858 [info] RunInTerminalTool#CommandLineAutoApproveAnalyzer: - Command 'quickshell -p shell.qml' has no matching auto approve entries [null]
2026-06-28 20:17:13.858 [info] RunInTerminalTool#CommandLineAutoApproveAnalyzer: - Command line 'quickshell -p shell.qml' has no matching auto approve entries [null]
2026-06-28 20:17:13.867 [info] RunInTerminalTool#CommandLineFileWriteAnalyzer: File writes detected [[]]
2026-06-28 20:17:18.549 [info] ToolTerminalCreator#createTerminal: Waiting 4996ms for shell integration []
2026-06-28 20:17:18.549 [info] ToolTerminalCreator#_waitForShellIntegration: base 4996ms, effective 4996ms, screenReaderOptimized=false []
2026-06-28 20:17:18.663 [info] ToolTerminalCreator#_waitForShellIntegration: Rich SI available eventually []
2026-06-28 20:17:18.664 [info] ToolTerminalCreator#_waitForShellIntegration: Promise complete, disposing store []
2026-06-28 20:17:18.664 [info] ToolTerminalCreator#createTerminal: Waiting up to 2s for PromptInputModel state to change []
2026-06-28 20:17:18.709 [info] RunInTerminalTool: Using `rich` execute strategy for command ` quickshell -p shell.qml` []
2026-06-28 20:17:18.780 [info] trackIdleOnPrompt: State Initial → Executing (sequence C) []
2026-06-28 20:17:28.800 [warning] Shell integration failed to add capabilities within 10 seconds []
2026-06-28 20:19:18.712 [info] RunInTerminalTool: shellIntegrationQuality=rich at banner decision time []
2026-06-28 20:19:28.732 [warning] Shell integration failed to add capabilities within 10 seconds []
2026-06-28 22:01:16.336 [warning] Shell integration failed to add capabilities within 10 seconds []
2026-06-28 22:38:07.487 [warning] Shell integration failed to add capabilities within 10 seconds []
2026-06-28 22:55:49.464 [info] RunInTerminalTool: Command rewritten by Kqe: Prepended with a space to exclude from shell history []
2026-06-28 22:55:49.483 [info] RunInTerminalTool#CommandLineAutoApproveAnalyzer: Parsed sub-commands via bash grammar [["grep -R \"enum AnchorEdge\\|AnchorEdge\" /usr/include /usr/share","head -40"]]
2026-06-28 22:55:49.484 [info] RunInTerminalTool#CommandLineAutoApproveAnalyzer: All sub-commands auto-approved [null]
2026-06-28 22:55:49.484 [info] RunInTerminalTool#CommandLineAutoApproveAnalyzer: - Command 'grep -R "enum AnchorEdge\|AnchorEdge" /usr/include /usr/share' is approved by allow list rule: grep [null]
2026-06-28 22:55:49.484 [info] RunInTerminalTool#CommandLineAutoApproveAnalyzer: - Command 'head -40' is approved by allow list rule: head [null]
2026-06-28 22:55:49.484 [info] RunInTerminalTool#CommandLineAutoApproveAnalyzer: - Command line 'grep -R "enum AnchorEdge\|AnchorEdge" /usr/include /usr/share 2>/dev/null | head -40' has no matching auto approve entries [null]
2026-06-28 22:55:49.496 [info] RunInTerminalTool#CommandLineFileWriteAnalyzer: Detected cwd ["file:///home/taianlux/.config/quickshell"]
2026-06-28 22:55:49.496 [info] RunInTerminalTool#CommandLineFileWriteAnalyzer: File writes detected [["Symbol(null device)"]]
2026-06-28 22:55:49.496 [info] RunInTerminalTool#CommandLineFileWriteAnalyzer: File write to null device allowed [null]
2026-06-28 22:59:28.359 [warning] Shell integration failed to add capabilities within 10 seconds []
2026-06-28 22:59:42.723 [info] RunInTerminalTool: Command rewritten by TZt: Removed redundant cd command []
2026-06-28 22:59:42.724 [info] RunInTerminalTool: Command rewritten by Kqe: Prepended with a space to exclude from shell history []
2026-06-28 22:59:42.746 [info] RunInTerminalTool#CommandLineAutoApproveAnalyzer: Parsed sub-commands via bash grammar [["quickshell -p shell.qml"]]
2026-06-28 22:59:42.747 [info] RunInTerminalTool#CommandLineAutoApproveAnalyzer: All sub-commands NOT auto-approved [null]
2026-06-28 22:59:42.747 [info] RunInTerminalTool#CommandLineAutoApproveAnalyzer: Command line NOT auto-approved [null]
2026-06-28 22:59:42.747 [info] RunInTerminalTool#CommandLineAutoApproveAnalyzer: - Command 'quickshell -p shell.qml' has no matching auto approve entries [null]
2026-06-28 22:59:42.747 [info] RunInTerminalTool#CommandLineAutoApproveAnalyzer: - Command line 'quickshell -p shell.qml' has no matching auto approve entries [null]
2026-06-28 22:59:42.756 [info] RunInTerminalTool#CommandLineFileWriteAnalyzer: File writes detected [[]]
