qt.languageserver.server: Did Setup
Using the build directories found in the .qmlls.ini file. Your build folder might not be found if no .qmlls.ini files are present in the root source folder.
Argument "/usr/lib/x86_64-linux-gnu/qt6/qml" passed to -I does not exist.
Using import directories passed by -I: "/usr/lib/qt6/qml", "/usr/lib/x86_64-linux-gnu/qt6/qml".
Using 1 job for CMake, you can increase that value with the QMLLS_CMAKE_JOBS environment variable or the --cmake-jobs option.
qt.qmldom: Parsed invalid file /home/taianlux/.config/quickshell/components/theme/ThemeChanger.qml/home/taianlux/.config/quickshell/components/theme/ThemeChanger.qml:[Dom][QmlFile][Parsing] Error: Expected token `numeric literal' for .currentItem

qt.languageserver.server: Ignoring cancellation of non in progress request QJsonValue(double, 2)
qt.languageserver.server: avoid update of validDoc to  2 of document "file:///home/taianlux/.config/quickshell/components/theme/ThemeChanger.qml" as it is invalid
qt.languageserver.server: Ignoring cancellation of non in progress request QJsonValue(double, 3)
qt.languageserver.server: Ignoring cancellation of non in progress request QJsonValue(double, 4)
qt.languageserver.server: Ignoring cancellation of non in progress request QJsonValue(double, 5)
qt.languageserver.server: Ignoring cancellation of non in progress request QJsonValue(double, 6)
qt.languageserver.server: Ignoring cancellation of non in progress request QJsonValue(double, 8)
qt.languageserver.server: Ignoring cancellation of non in progress request QJsonValue(double, 9)
qt.languageserver.server: Ignoring cancellation of non in progress request QJsonValue(double, 10)
qt.languageserver.server: Ignoring cancellation of non in progress request QJsonValue(double, 11)
qt.languageserver.server: Ignoring cancellation of non in progress request QJsonValue(double, 12)
qt.languageserver.server: Ignoring cancellation of non in progress request QJsonValue(double, 14)
qt.languageserver.server: Ignoring cancellation of non in progress request QJsonValue(double, 20)
qt.languageserver.utils: "Couldn't find the C++ file 'private/qqmllistmodel_p.h'."
qt.languageserver.server: Ignoring cancellation of non in progress request QJsonValue(double, 21)
qt.languageserver.server: Ignoring cancellation of non in progress request QJsonValue(double, 22)
qt.languageserver.server: Ignoring cancellation of non in progress request QJsonValue(double, 23)
qt.languageserver.server: Ignoring cancellation of non in progress request QJsonValue(double, 24)
qt.languageserver.server: Ignoring cancellation of non in progress request QJsonValue(double, 25)
qt.languageserver.server: Ignoring cancellation of non in progress request QJsonValue(double, 27)
qt.languageserver.server: Ignoring cancellation of non in progress request QJsonValue(double, 28)
qt.languageserver.server: Ignoring cancellation of non in progress request QJsonValue(double, 26)
qt.languageserver.server: Ignoring cancellation of non in progress request QJsonValue(double, 30)
qt.languageserver.server: Ignoring cancellation of non in progress request QJsonValue(double, 31)
qt.languageserver.server: Ignoring cancellation of non in progress request QJsonValue(double, 34)
qt.languageserver.server: Ignoring cancellation of non in progress request QJsonValue(double, 39)
qt.qmldom: Parsed invalid file /home/taianlux/.config/quickshell/components/theme/ThemeChanger.qml/home/taianlux/.config/quickshell/components/theme/ThemeChanger.qml:[Dom][QmlFile][Parsing] Error: Expected token `numeric literal' for .currentItem

qt.languageserver.server: avoid update of validDoc to  4 of document "file:///home/taianlux/.config/quickshell/components/theme/ThemeChanger.qml" as it is invalid
qt.languageserver.utils: "Couldn't find the C++ file 'panelinterface.hpp'."
qt.languageserver.utils: "Couldn't find the C++ file 'panelinterface.hpp'."
qt.qmldom: Parsed invalid file /home/taianlux/.config/quickshell/components/theme/ThemeChanger.qml/home/taianlux/.config/quickshell/components/theme/ThemeChanger.qml:[Dom][QmlFile][Parsing] Error: Expected token `numeric literal' for .currentItem

qt.languageserver.server: avoid update of validDoc to  6 of document "file:///home/taianlux/.config/quickshell/components/theme/ThemeChanger.qml" as it is invalid
qt.languageserver.server: Ignoring cancellation of non in progress request QJsonValue(double, 135)
qt.qmldom: Parsed invalid file /home/taianlux/.config/quickshell/components/theme/ThemeChanger.qml/home/taianlux/.config/quickshell/components/theme/ThemeChanger.qml:76:62: [Dom][QmlFile][Parsing] Error: Expected token `,' for .currentItem

qt.languageserver.server: Version 15 of document "file:///home/taianlux/.config/quickshell/components/theme/ThemeChanger.qml" is not the latest anymore
qt.qmldom: Parsed invalid file /home/taianlux/.config/quickshell/components/theme/ThemeChanger.qml/home/taianlux/.config/quickshell/components/theme/ThemeChanger.qml:76:61: [Dom][QmlFile][Parsing] Error: Expected token `,' for .currentItem

qt.languageserver.server: avoid update of validDoc to  16 of document "file:///home/taianlux/.config/quickshell/components/theme/ThemeChanger.qml" as it is invalid
qt.qmldom: Parsed invalid file /home/taianlux/.config/quickshell/components/theme/ThemeChanger.qml/home/taianlux/.config/quickshell/components/theme/ThemeChanger.qml:76:60: [Dom][QmlFile][Parsing] Error: Expected token `,' for .currentItem

qt.languageserver.server: avoid update of validDoc to  17 of document "file:///home/taianlux/.config/quickshell/components/theme/ThemeChanger.qml" as it is invalid
qt.qmldom: Parsed invalid file /home/taianlux/.config/quickshell/components/theme/ThemeChanger.qml/home/taianlux/.config/quickshell/components/theme/ThemeChanger.qml:76:59: [Dom][QmlFile][Parsing] Error: Expected token `,' for .currentItem

qt.languageserver.server: avoid update of validDoc to  18 of document "file:///home/taianlux/.config/quickshell/components/theme/ThemeChanger.qml" as it is invalid
qt.qmldom: Parsed invalid file /home/taianlux/.config/quickshell/components/theme/ThemeChanger.qml/home/taianlux/.config/quickshell/components/theme/ThemeChanger.qml:76:58: [Dom][QmlFile][Parsing] Error: Expected token `,' for .currentItem

qt.languageserver.server: avoid update of validDoc to  19 of document "file:///home/taianlux/.config/quickshell/components/theme/ThemeChanger.qml" as it is invalid
qt.languageserver.server: Ignoring cancellation of non in progress request QJsonValue(double, 154)
qt.languageserver.server: Ignoring cancellation of non in progress request QJsonValue(double, 158)
qt.qmldom: Parsed invalid file /home/taianlux/.config/quickshell/components/theme/ThemeChanger.qml/home/taianlux/.config/quickshell/components/theme/ThemeChanger.qml:77:64: [Dom][QmlFile][Parsing] Error: Invalid regular expression flag 'F' for .currentItem

qt.languageserver.server: avoid update of validDoc to  23 of document "file:///home/taianlux/.config/quickshell/components/theme/ThemeChanger.qml" as it is invalid
qt.qmldom: Parsed invalid file /home/taianlux/.config/quickshell/components/theme/ThemeChanger.qml/home/taianlux/.config/quickshell/components/theme/ThemeChanger.qml:77:63: [Dom][QmlFile][Parsing] Error: Invalid regular expression flag 'F' for .currentItem

qt.languageserver.server: avoid update of validDoc to  24 of document "file:///home/taianlux/.config/quickshell/components/theme/ThemeChanger.qml" as it is invalid
qt.qmldom: Parsed invalid file /home/taianlux/.config/quickshell/components/theme/ThemeChanger.qml/home/taianlux/.config/quickshell/components/theme/ThemeChanger.qml:77:78: [Dom][QmlFile][Parsing] Error: Expected token `,' for .currentItem

qt.languageserver.server: avoid update of validDoc to  25 of document "file:///home/taianlux/.config/quickshell/components/theme/ThemeChanger.qml" as it is invalid
qt.qmldom: Parsed invalid file /home/taianlux/.config/quickshell/components/theme/ThemeChanger.qml/home/taianlux/.config/quickshell/components/theme/ThemeChanger.qml:77:77: [Dom][QmlFile][Parsing] Error: Expected token `,' for .currentItem

qt.languageserver.server: avoid update of validDoc to  26 of document "file:///home/taianlux/.config/quickshell/components/theme/ThemeChanger.qml" as it is invalid
qt.qmldom: Parsed invalid file /home/taianlux/.config/quickshell/components/theme/ThemeChanger.qml/home/taianlux/.config/quickshell/components/theme/ThemeChanger.qml:77:76: [Dom][QmlFile][Parsing] Error: Expected token `,' for .currentItem

qt.languageserver.server: avoid update of validDoc to  27 of document "file:///home/taianlux/.config/quickshell/components/theme/ThemeChanger.qml" as it is invalid
qt.qmldom: Parsed invalid file /home/taianlux/.config/quickshell/components/theme/ThemeChanger.qml/home/taianlux/.config/quickshell/components/theme/ThemeChanger.qml:77:75: [Dom][QmlFile][Parsing] Error: Expected token `,' for .currentItem

qt.languageserver.server: avoid update of validDoc to  28 of document "file:///home/taianlux/.config/quickshell/components/theme/ThemeChanger.qml" as it is invalid
qt.qmldom: Parsed invalid file /home/taianlux/.config/quickshell/components/theme/ThemeChanger.qml/home/taianlux/.config/quickshell/components/theme/ThemeChanger.qml:77:74: [Dom][QmlFile][Parsing] Error: Expected token `,' for .currentItem

qt.languageserver.server: avoid update of validDoc to  29 of document "file:///home/taianlux/.config/quickshell/components/theme/ThemeChanger.qml" as it is invalid
qt.qmldom: Parsed invalid file /home/taianlux/.config/quickshell/components/theme/ThemeChanger.qml/home/taianlux/.config/quickshell/components/theme/ThemeChanger.qml:77:73: [Dom][QmlFile][Parsing] Error: Expected token `,' for .currentItem

qt.languageserver.server: avoid update of validDoc to  30 of document "file:///home/taianlux/.config/quickshell/components/theme/ThemeChanger.qml" as it is invalid
qt.qmldom: Parsed invalid file /home/taianlux/.config/quickshell/components/theme/ThemeChanger.qml/home/taianlux/.config/quickshell/components/theme/ThemeChanger.qml:77:72: [Dom][QmlFile][Parsing] Error: Expected token `,' for .currentItem

qt.languageserver.server: avoid update of validDoc to  31 of document "file:///home/taianlux/.config/quickshell/components/theme/ThemeChanger.qml" as it is invalid
qt.qmldom: Parsed invalid file /home/taianlux/.config/quickshell/components/theme/ThemeChanger.qml/home/taianlux/.config/quickshell/components/theme/ThemeChanger.qml:77:71: [Dom][QmlFile][Parsing] Error: Expected token `,' for .currentItem

qt.languageserver.server: avoid update of validDoc to  32 of document "file:///home/taianlux/.config/quickshell/components/theme/ThemeChanger.qml" as it is invalid
qt.qmldom: Parsed invalid file /home/taianlux/.config/quickshell/components/theme/ThemeChanger.qml/home/taianlux/.config/quickshell/components/theme/ThemeChanger.qml:77:70: [Dom][QmlFile][Parsing] Error: Expected token `,' for .currentItem

qt.languageserver.server: avoid update of validDoc to  33 of document "file:///home/taianlux/.config/quickshell/components/theme/ThemeChanger.qml" as it is invalid
qt.qmldom: Parsed invalid file /home/taianlux/.config/quickshell/components/theme/ThemeChanger.qml/home/taianlux/.config/quickshell/components/theme/ThemeChanger.qml:77:69: [Dom][QmlFile][Parsing] Error: Expected token `,' for .currentItem

qt.languageserver.server: avoid update of validDoc to  34 of document "file:///home/taianlux/.config/quickshell/components/theme/ThemeChanger.qml" as it is invalid
qt.qmldom: Parsed invalid file /home/taianlux/.config/quickshell/components/theme/ThemeChanger.qml/home/taianlux/.config/quickshell/components/theme/ThemeChanger.qml:77:68: [Dom][QmlFile][Parsing] Error: Expected token `,' for .currentItem

qt.languageserver.server: avoid update of validDoc to  35 of document "file:///home/taianlux/.config/quickshell/components/theme/ThemeChanger.qml" as it is invalid
qt.qmldom: Parsed invalid file /home/taianlux/.config/quickshell/components/theme/ThemeChanger.qml/home/taianlux/.config/quickshell/components/theme/ThemeChanger.qml:77:67: [Dom][QmlFile][Parsing] Error: Expected token `,' for .currentItem

qt.languageserver.server: avoid update of validDoc to  36 of document "file:///home/taianlux/.config/quickshell/components/theme/ThemeChanger.qml" as it is invalid
qt.qmldom: Parsed invalid file /home/taianlux/.config/quickshell/components/theme/ThemeChanger.qml/home/taianlux/.config/quickshell/components/theme/ThemeChanger.qml:77:66: [Dom][QmlFile][Parsing] Error: Expected token `,' for .currentItem

qt.languageserver.server: avoid update of validDoc to  37 of document "file:///home/taianlux/.config/quickshell/components/theme/ThemeChanger.qml" as it is invalid
qt.qmldom: Parsed invalid file /home/taianlux/.config/quickshell/components/theme/ThemeChanger.qml/home/taianlux/.config/quickshell/components/theme/ThemeChanger.qml:77:65: [Dom][QmlFile][Parsing] Error: Expected token `,' for .currentItem

qt.languageserver.server: avoid update of validDoc to  38 of document "file:///home/taianlux/.config/quickshell/components/theme/ThemeChanger.qml" as it is invalid
qt.qmldom: Parsed invalid file /home/taianlux/.config/quickshell/components/theme/ThemeChanger.qml/home/taianlux/.config/quickshell/components/theme/ThemeChanger.qml:77:64: [Dom][QmlFile][Parsing] Error: Expected token `,' for .currentItem

qt.languageserver.server: avoid update of validDoc to  39 of document "file:///home/taianlux/.config/quickshell/components/theme/ThemeChanger.qml" as it is invalid
qt.qmldom: Parsed invalid file /home/taianlux/.config/quickshell/components/theme/ThemeChanger.qml/home/taianlux/.config/quickshell/components/theme/ThemeChanger.qml:77:63: [Dom][QmlFile][Parsing] Error: Expected token `,' for .currentItem

qt.languageserver.server: avoid update of validDoc to  40 of document "file:///home/taianlux/.config/quickshell/components/theme/ThemeChanger.qml" as it is invalid
qt.qmldom: Parsed invalid file /home/taianlux/.config/quickshell/components/theme/ThemeChanger.qml/home/taianlux/.config/quickshell/components/theme/ThemeChanger.qml:77:62: [Dom][QmlFile][Parsing] Error: Expected token `,' for .currentItem

qt.languageserver.server: avoid update of validDoc to  41 of document "file:///home/taianlux/.config/quickshell/components/theme/ThemeChanger.qml" as it is invalid
qt.qmldom: Parsed invalid file /home/taianlux/.config/quickshell/components/theme/ThemeChanger.qml/home/taianlux/.config/quickshell/components/theme/ThemeChanger.qml:77:61: [Dom][QmlFile][Parsing] Error: Expected token `,' for .currentItem

qt.languageserver.server: avoid update of validDoc to  42 of document "file:///home/taianlux/.config/quickshell/components/theme/ThemeChanger.qml" as it is invalid
qt.qmldom: Parsed invalid file /home/taianlux/.config/quickshell/components/theme/ThemeChanger.qml/home/taianlux/.config/quickshell/components/theme/ThemeChanger.qml:77:60: [Dom][QmlFile][Parsing] Error: Expected token `,' for .currentItem

qt.languageserver.server: avoid update of validDoc to  43 of document "file:///home/taianlux/.config/quickshell/components/theme/ThemeChanger.qml" as it is invalid
qt.qmldom: Parsed invalid file /home/taianlux/.config/quickshell/components/theme/ThemeChanger.qml/home/taianlux/.config/quickshell/components/theme/ThemeChanger.qml:77:59: [Dom][QmlFile][Parsing] Error: Expected token `,' for .currentItem

qt.languageserver.server: avoid update of validDoc to  44 of document "file:///home/taianlux/.config/quickshell/components/theme/ThemeChanger.qml" as it is invalid
qt.qmldom: Parsed invalid file /home/taianlux/.config/quickshell/components/theme/ThemeChanger.qml/home/taianlux/.config/quickshell/components/theme/ThemeChanger.qml:77:58: [Dom][QmlFile][Parsing] Error: Expected token `,' for .currentItem

qt.languageserver.server: avoid update of validDoc to  45 of document "file:///home/taianlux/.config/quickshell/components/theme/ThemeChanger.qml" as it is invalid
qt.qmldom: Parsed invalid file /home/taianlux/.config/quickshell/components/theme/ThemeChanger.qml/home/taianlux/.config/quickshell/components/theme/ThemeChanger.qml:77:41: [Dom][QmlFile][Parsing] Error: Invalid regular expression flag 'F' for .currentItem

qt.languageserver.server: avoid update of validDoc to  46 of document "file:///home/taianlux/.config/quickshell/components/theme/ThemeChanger.qml" as it is invalid
qt.languageserver.server: Version 50 of document "file:///home/taianlux/.config/quickshell/components/theme/ThemeChanger.qml" is not the latest anymore
qt.languageserver.server: Ignoring cancellation of non in progress request QJsonValue(double, 200)
qt.languageserver.server: Ignoring cancellation of non in progress request QJsonValue(double, 198)
qt.languageserver.server: Version 53 of document "file:///home/taianlux/.config/quickshell/components/theme/ThemeChanger.qml" is not the latest anymore
qt.languageserver.server: Version 57 of document "file:///home/taianlux/.config/quickshell/components/theme/ThemeChanger.qml" is not the latest anymore
qt.languageserver.server: Version 58 of document "file:///home/taianlux/.config/quickshell/components/theme/ThemeChanger.qml" is not the latest anymore
qt.languageserver.server: Version 59 of document "file:///home/taianlux/.config/quickshell/components/theme/ThemeChanger.qml" is not the latest anymore
qt.qmldom: Parsed invalid file /home/taianlux/.config/quickshell/components/theme/ThemeChanger.qml/home/taianlux/.config/quickshell/components/theme/ThemeChanger.qml:76:40: [Dom][QmlFile][Parsing] Error: Expected token `,' for .currentItem

qt.languageserver.server: avoid update of validDoc to  61 of document "file:///home/taianlux/.config/quickshell/components/theme/ThemeChanger.qml" as it is invalid
qt.languageserver.utils: "Couldn't find the C++ file 'process.hpp'."
qt.languageserver.utils: "Couldn't find the C++ file 'process.hpp'."
qt.qmldom: Parsed invalid file /home/taianlux/.config/quickshell/components/theme/ThemeChanger.qml/home/taianlux/.config/quickshell/components/theme/ThemeChanger.qml:[Dom][QmlFile][Parsing] Error: Expected token `numeric literal' for .currentItem

qt.languageserver.server: avoid update of validDoc to  63 of document "file:///home/taianlux/.config/quickshell/components/theme/ThemeChanger.qml" as it is invalid
qt.languageserver.utils: "Couldn't find the C++ file 'panelinterface.hpp'."
qt.languageserver.server: Version 66 of document "file:///home/taianlux/.config/quickshell/components/theme/ThemeChanger.qml" is not the latest anymore
qt.languageserver.server: Ignoring cancellation of non in progress request QJsonValue(double, 260)
qt.languageserver.server: Ignoring cancellation of non in progress request QJsonValue(double, 267)
qt.qmldom: Parsed invalid file /home/taianlux/.config/quickshell/components/theme/ThemeChanger.qml/home/taianlux/.config/quickshell/components/theme/ThemeChanger.qml:476:1: [Dom][QmlFile][Parsing] Error: Syntax error for .currentItem

qt.languageserver.server: avoid update of validDoc to  77 of document "file:///home/taianlux/.config/quickshell/components/theme/ThemeChanger.qml" as it is invalid
qt.qmldom: Parsed invalid file /home/taianlux/.config/quickshell/components/theme/ThemeChanger.qml/home/taianlux/.config/quickshell/components/theme/ThemeChanger.qml:509:1: [Dom][QmlFile][Parsing] Error: Syntax error for .currentItem

qt.languageserver.server: avoid update of validDoc to  78 of document "file:///home/taianlux/.config/quickshell/components/theme/ThemeChanger.qml" as it is invalid
[Error - 1:13:07 p.m.] Request textDocument/definition failed.
  Message: Cannot proceed: current QML document is invalid! Fix all the errors in your QML code and try again.
  Code: 0 
[Error - 1:13:07 p.m.] Request textDocument/definition failed.
  Message: Cannot proceed: current QML document is invalid! Fix all the errors in your QML code and try again.
  Code: 0 
qt.languageserver.server: Ignoring cancellation of non in progress request QJsonValue(double, 343)
qt.languageserver.server: Ignoring cancellation of non in progress request QJsonValue(double, 344)
qt.languageserver.server: Ignoring cancellation of non in progress request QJsonValue(double, 346)
qt.languageserver.server: Version 81 of document "file:///home/taianlux/.config/quickshell/components/theme/ThemeChanger.qml" is not the latest anymore
qt.languageserver.server: Version 82 of document "file:///home/taianlux/.config/quickshell/components/theme/ThemeChanger.qml" is not the latest anymore
qt.languageserver.utils: "Couldn't find the C++ file 'wlr_layershell.hpp'."
qt.qmldom: Parsed invalid file /home/taianlux/.config/quickshell/components/theme/ThemeChanger.qml/home/taianlux/.config/quickshell/components/theme/ThemeChanger.qml:[Dom][QmlFile][Parsing] Error: Expected token `numeric literal' for .currentItem

qt.languageserver.server: avoid update of validDoc to  86 of document "file:///home/taianlux/.config/quickshell/components/theme/ThemeChanger.qml" as it is invalid
qt.languageserver.server: Ignoring cancellation of non in progress request QJsonValue(double, 385)
qt.qmldom: Parsed invalid file /home/taianlux/.config/quickshell/components/theme/ThemeChanger.qml/home/taianlux/.config/quickshell/components/theme/ThemeChanger.qml:[Dom][QmlFile][Parsing] Error: Expected token `numeric literal' for .currentItem

qt.languageserver.server: avoid update of validDoc to  95 of document "file:///home/taianlux/.config/quickshell/components/theme/ThemeChanger.qml" as it is invalid
qt.languageserver.server: Ignoring cancellation of non in progress request QJsonValue(double, 431)
[Dom] Error: Non existing path to load: '/home/taianlux/.config/quickshell/modules/components/theme'
qt.languageserver.utils: "Couldn't find the C++ file 'shell.hpp'."
qt.languageserver.utils: "Couldn't find the C++ file 'windowinterface.hpp'."
qt.qmldom: Parsed invalid file /home/taianlux/.config/quickshell/components/theme/ThemeChanger.qml/home/taianlux/.config/quickshell/components/theme/ThemeChanger.qml:[Dom][QmlFile][Parsing] Error: Expected token `numeric literal' for .currentItem

qt.languageserver.server: avoid update of validDoc to  104 of document "file:///home/taianlux/.config/quickshell/components/theme/ThemeChanger.qml" as it is invalid
qt.qmldom: Parsed invalid file /home/taianlux/.config/quickshell/components/theme/ThemeChanger.qml/home/taianlux/.config/quickshell/components/theme/ThemeChanger.qml:[Dom][QmlFile][Parsing] Error: Expected token `numeric literal' for .currentItem

qt.languageserver.server: avoid update of validDoc to  106 of document "file:///home/taianlux/.config/quickshell/components/theme/ThemeChanger.qml" as it is invalid
qt.languageserver.utils: "Couldn't find the C++ file 'panelinterface.hpp'."
qt.languageserver.utils: "Couldn't find the C++ file 'panelinterface.hpp'."
qt.languageserver.utils: "Couldn't find the C++ file 'qquickitem.h'."
qt.languageserver.utils: "Couldn't find the C++ file 'qquickitem.h'."
qt.languageserver.utils: "Couldn't find the C++ file 'qquickitem.h'."
qt.languageserver.utils: "Couldn't find the C++ file 'qquickitem.h'."
qt.languageserver.utils: "Couldn't find the C++ file 'qquickitem.h'."
qt.languageserver.utils: "Couldn't find the C++ file 'qquickitem.h'."
qt.languageserver.utils: "Couldn't find the C++ file 'qquickitem.h'."
qt.languageserver.utils: "Couldn't find the C++ file 'private/qquickrectangle_p.h'."
qt.languageserver.utils: "Couldn't find the C++ file 'private/qquickrectangle_p.h'."
qt.qmldom: Parsed invalid file /home/taianlux/.config/quickshell/components/theme/ThemeChanger.qml/home/taianlux/.config/quickshell/components/theme/ThemeChanger.qml:[Dom][QmlFile][Parsing] Error: Expected token `numeric literal' for .currentItem

qt.languageserver.server: avoid update of validDoc to  108 of document "file:///home/taianlux/.config/quickshell/components/theme/ThemeChanger.qml" as it is invalid
qt.languageserver.utils: "Couldn't find the C++ file 'panelinterface.hpp'."
qt.languageserver.utils: "Couldn't find the C++ file 'qquickitem.h'."
qt.languageserver.server: Ignoring cancellation of non in progress request QJsonValue(double, 534)
qt.languageserver.utils: "Couldn't find the C++ file 'qquickitem.h'."
qt.languageserver.utils: "Couldn't find the C++ file 'qquickitem.h'."
qt.languageserver.utils: "Couldn't find the C++ file 'qquickitem.h'."
qt.languageserver.utils: "Couldn't find the C++ file 'qquickitem.h'."
qt.languageserver.utils: "Couldn't find the C++ file 'qquickitem.h'."
qt.qmldom: Parsed invalid file /home/taianlux/.config/quickshell/components/theme/ThemeChanger.qml/home/taianlux/.config/quickshell/components/theme/ThemeChanger.qml:[Dom][QmlFile][Parsing] Error: Expected token `numeric literal' for .currentItem

qt.languageserver.server: avoid update of validDoc to  110 of document "file:///home/taianlux/.config/quickshell/components/theme/ThemeChanger.qml" as it is invalid
qt.qmldom: Parsed invalid file /home/taianlux/.config/quickshell/components/theme/ThemeChanger.qml/home/taianlux/.config/quickshell/components/theme/ThemeChanger.qml:[Dom][QmlFile][Parsing] Error: Syntax error for .currentItem

qt.languageserver.server: avoid update of validDoc to  112 of document "file:///home/taianlux/.config/quickshell/components/theme/ThemeChanger.qml" as it is invalid
qt.languageserver.completions: No valid document for completions for  "file:///home/taianlux/.config/quickshell/components/theme/ThemeChanger.qml"
qt.qmldom: Parsed invalid file /home/taianlux/.config/quickshell/components/theme/ThemeChanger.qml/home/taianlux/.config/quickshell/components/theme/ThemeChanger.qml:[Dom][QmlFile][Parsing] Error: Expected token `numeric literal' for .currentItem

qt.languageserver.server: avoid update of validDoc to  113 of document "file:///home/taianlux/.config/quickshell/components/theme/ThemeChanger.qml" as it is invalid
qt.languageserver.utils: "Couldn't find the C++ file 'panelinterface.hpp'."
qt.languageserver.utils: "Couldn't find the C++ file 'panelinterface.hpp'."
qt.qmldom: Parsed invalid file /home/taianlux/.config/quickshell/components/theme/ThemeChanger.qml/home/taianlux/.config/quickshell/components/theme/ThemeChanger.qml:[Dom][QmlFile][Parsing] Error: Expected token `numeric literal' for .currentItem

qt.languageserver.server: avoid update of validDoc to  115 of document "file:///home/taianlux/.config/quickshell/components/theme/ThemeChanger.qml" as it is invalid
qt.qmldom: Parsed invalid file /home/taianlux/.config/quickshell/components/theme/ThemeChanger.qml/home/taianlux/.config/quickshell/components/theme/ThemeChanger.qml:[Dom][QmlFile][Parsing] Error: Expected token `numeric literal' for .currentItem

qt.languageserver.server: avoid update of validDoc to  117 of document "file:///home/taianlux/.config/quickshell/components/theme/ThemeChanger.qml" as it is invalid
qt.languageserver.server: Ignoring cancellation of non in progress request QJsonValue(double, 595)
qt.qmldom: Parsed invalid file /home/taianlux/.config/quickshell/components/theme/ThemeChanger.qml/home/taianlux/.config/quickshell/components/theme/ThemeChanger.qml:1:1: [Dom][QmlFile][Parsing] Error: Expected token `numeric literal' for .currentItem

qt.languageserver.server: avoid update of validDoc to  119 of document "file:///home/taianlux/.config/quickshell/components/theme/ThemeChanger.qml" as it is invalid
qt.qmldom: Parsed invalid file /home/taianlux/.config/quickshell/components/theme/ThemeChanger.qml/home/taianlux/.config/quickshell/components/theme/ThemeChanger.qml:[Dom][QmlFile][Parsing] Error: Expected token `numeric literal' for .currentItem

qt.languageserver.server: avoid update of validDoc to  120 of document "file:///home/taianlux/.config/quickshell/components/theme/ThemeChanger.qml" as it is invalid
qt.languageserver.utils: "Couldn't find the C++ file 'panelinterface.hpp'."
qt.languageserver.utils: "Couldn't find the C++ file 'panelinterface.hpp'."
qt.languageserver.utils: "Couldn't find the C++ file 'panelinterface.hpp'."
qt.languageserver.utils: "Couldn't find the C++ file 'panelinterface.hpp'."
qt.languageserver.utils: "Couldn't find the C++ file 'panelinterface.hpp'."
qt.languageserver.utils: "Couldn't find the C++ file 'panelinterface.hpp'."
qt.languageserver.utils: "Couldn't find the C++ file 'panelinterface.hpp'."
qt.languageserver.utils: "Couldn't find the C++ file 'panelinterface.hpp'."
qt.languageserver.utils: "Couldn't find the C++ file 'panelinterface.hpp'."
qt.languageserver.utils: "Couldn't find the C++ file 'panelinterface.hpp'."
qt.languageserver.utils: "Couldn't find the C++ file 'panelinterface.hpp'."
qt.languageserver.utils: "Couldn't find the C++ file 'panelinterface.hpp'."
qt.languageserver.utils: "Couldn't find the C++ file 'qquickitem.h'."
qt.languageserver.utils: "Couldn't find the C++ file 'qquickitem.h'."
qt.languageserver.utils: "Couldn't find the C++ file 'qquickitem.h'."
qt.languageserver.utils: "Couldn't find the C++ file 'qquickitem.h'."
qt.languageserver.utils: "Couldn't find the C++ file 'qquickitem.h'."
qt.languageserver.utils: "Couldn't find the C++ file 'private/qquickrectangle_p.h'."
qt.languageserver.utils: "Couldn't find the C++ file 'private/qquickrectangle_p.h'."
qt.languageserver.utils: "Couldn't find the C++ file 'private/qquickrectangle_p.h'."
qt.qmldom: Parsed invalid file /home/taianlux/.config/quickshell/components/theme/ThemeChanger.qml/home/taianlux/.config/quickshell/components/theme/ThemeChanger.qml:[Dom][QmlFile][Parsing] Error: Expected token `numeric literal' for .currentItem

qt.languageserver.server: avoid update of validDoc to  122 of document "file:///home/taianlux/.config/quickshell/components/theme/ThemeChanger.qml" as it is invalid
qt.languageserver.utils: "Couldn't find the C++ file 'private/qquickrectangle_p.h'."
qt.languageserver.utils: "Couldn't find the C++ file 'private/qquickrectangle_p.h'."
qt.languageserver.server: Ignoring cancellation of non in progress request QJsonValue(double, 691)
qt.languageserver.utils: "Couldn't find the C++ file 'private/qquicklayout_p.h'."
qt.languageserver.utils: "Couldn't find the C++ file 'private/qquicklayout_p.h'."
qt.languageserver.utils: "Couldn't find the C++ file 'private/qquicklayout_p.h'."
qt.languageserver.utils: "Couldn't find the C++ file 'private/qquicklayout_p.h'."
qt.languageserver.utils: "Couldn't find the C++ file 'private/qquicklayout_p.h'."
qt.languageserver.utils: "Couldn't find the C++ file 'private/qquicklayout_p.h'."
qt.languageserver.server: Ignoring cancellation of non in progress request QJsonValue(double, 710)
qt.languageserver.utils: "Couldn't find the C++ file 'private/qquickitemview_p.h'."
[Dom] Warning: Failed to find main qmldir file for Core  in /usr/lib/qt6/qml, /usr/lib/x86_64-linux-gnu/qt6/qml, /home/runner/work/qmlls-workflow/qmlls-workflow/qt-build/qtbase/qml, /usr/bin, /usr/lib/qt6/qml.
[Dom] Error: Non existing path to load: '/home/taianlux/TaianDotFiles/quickshell/.config/quickshell/modules/components/theme'
[Dom] Warning: Failed to find main qmldir file for Core  in /usr/lib/qt6/qml, /usr/lib/x86_64-linux-gnu/qt6/qml, /home/runner/work/qmlls-workflow/qmlls-workflow/qt-build/qtbase/qml, /usr/bin, /usr/lib/qt6/qml.
[Dom] Warning: Failed to find main qmldir file for Core  in /usr/lib/qt6/qml, /usr/lib/x86_64-linux-gnu/qt6/qml, /home/runner/work/qmlls-workflow/qmlls-workflow/qt-build/qtbase/qml, /usr/bin, /usr/lib/qt6/qml.
[Dom] Warning: Failed to find main qmldir file for Core  in /usr/lib/qt6/qml, /usr/lib/x86_64-linux-gnu/qt6/qml, /home/runner/work/qmlls-workflow/qmlls-workflow/qt-build/qtbase/qml, /usr/bin, /usr/lib/qt6/qml.
[Dom] Warning: Failed to find main qmldir file for Core  in /usr/lib/qt6/qml, /usr/lib/x86_64-linux-gnu/qt6/qml, /home/runner/work/qmlls-workflow/qmlls-workflow/qt-build/qtbase/qml, /usr/bin, /usr/lib/qt6/qml.
[Dom] Warning: Failed to find main qmldir file for Core  in /usr/lib/qt6/qml, /usr/lib/x86_64-linux-gnu/qt6/qml, /home/runner/work/qmlls-workflow/qmlls-workflow/qt-build/qtbase/qml, /usr/bin, /usr/lib/qt6/qml.
[Dom] Warning: Failed to find main qmldir file for Core  in /usr/lib/qt6/qml, /usr/lib/x86_64-linux-gnu/qt6/qml, /home/runner/work/qmlls-workflow/qmlls-workflow/qt-build/qtbase/qml, /usr/bin, /usr/lib/qt6/qml.
[Dom] Warning: Failed to find main qmldir file for Core  in /usr/lib/qt6/qml, /usr/lib/x86_64-linux-gnu/qt6/qml, /home/runner/work/qmlls-workflow/qmlls-workflow/qt-build/qtbase/qml, /usr/bin, /usr/lib/qt6/qml.
[Dom] Warning: Failed to find main qmldir file for Core  in /usr/lib/qt6/qml, /usr/lib/x86_64-linux-gnu/qt6/qml, /home/runner/work/qmlls-workflow/qmlls-workflow/qt-build/qtbase/qml, /usr/bin, /usr/lib/qt6/qml.
[Dom] Warning: Failed to find main qmldir file for Core  in /usr/lib/qt6/qml, /usr/lib/x86_64-linux-gnu/qt6/qml, /home/runner/work/qmlls-workflow/qmlls-workflow/qt-build/qtbase/qml, /usr/bin, /usr/lib/qt6/qml.
[Dom] Warning: Failed to find main qmldir file for Core  in /usr/lib/qt6/qml, /usr/lib/x86_64-linux-gnu/qt6/qml, /home/runner/work/qmlls-workflow/qmlls-workflow/qt-build/qtbase/qml, /usr/bin, /usr/lib/qt6/qml.
[Dom] Warning: Failed to find main qmldir file for Core  in /usr/lib/qt6/qml, /usr/lib/x86_64-linux-gnu/qt6/qml, /home/runner/work/qmlls-workflow/qmlls-workflow/qt-build/qtbase/qml, /usr/bin, /usr/lib/qt6/qml.
[Dom] Warning: Failed to find main qmldir file for Core  in /usr/lib/qt6/qml, /usr/lib/x86_64-linux-gnu/qt6/qml, /home/runner/work/qmlls-workflow/qmlls-workflow/qt-build/qtbase/qml, /usr/bin, /usr/lib/qt6/qml.
[Dom] Warning: Failed to find main qmldir file for Core  in /usr/lib/qt6/qml, /usr/lib/x86_64-linux-gnu/qt6/qml, /home/runner/work/qmlls-workflow/qmlls-workflow/qt-build/qtbase/qml, /usr/bin, /usr/lib/qt6/qml.
[Dom] Error: Non existing path to load: '/home/taianlux/TaianDotFiles/quickshell/.config/quickshell/components/shell/../core'
[Dom] Error: Non existing path to load: '/home/taianlux/TaianDotFiles/quickshell/.config/quickshell/components/shell/../core'
[Dom] Error: Non existing path to load: '/home/taianlux/TaianDotFiles/quickshell/.config/quickshell/modules/launcher/../core'
qt.languageserver.server: Ignoring cancellation of non in progress request QJsonValue(double, 827)
qt.languageserver.utils: "Couldn't find the C++ file 'process.hpp'."
qt.languageserver.utils: "Couldn't find the C++ file 'private/qqmlbuiltins_p.h'."
qt.languageserver.server: Ignoring cancellation of non in progress request QJsonValue(double, 856)
qt.qmldom: Parsed invalid file /home/taianlux/TaianDotFiles/quickshell/.config/quickshell/services/WallpaperService.qml/home/taianlux/TaianDotFiles/quickshell/.config/quickshell/services/WallpaperService.qml:33:32: [Dom][QmlFile][Parsing] Error: Expected token `,' for .currentItem

qt.languageserver.server: avoid update of validDoc to  12 of document "file:///home/taianlux/.config/quickshell/services/WallpaperService.qml" as it is invalid
qt.qmldom: Parsed invalid file /home/taianlux/TaianDotFiles/quickshell/.config/quickshell/services/WallpaperService.qml/home/taianlux/TaianDotFiles/quickshell/.config/quickshell/services/WallpaperService.qml:33:32: [Dom][QmlFile][Parsing] Error: Expected token `,' for .currentItem

qt.languageserver.server: avoid update of validDoc to  13 of document "file:///home/taianlux/.config/quickshell/services/WallpaperService.qml" as it is invalid
qt.qmldom: Parsed invalid file /home/taianlux/TaianDotFiles/quickshell/.config/quickshell/services/WallpaperService.qml/home/taianlux/TaianDotFiles/quickshell/.config/quickshell/services/WallpaperService.qml:33:32: [Dom][QmlFile][Parsing] Error: Expected token `,' for .currentItem

qt.languageserver.server: avoid update of validDoc to  14 of document "file:///home/taianlux/.config/quickshell/services/WallpaperService.qml" as it is invalid
qt.qmldom: Parsed invalid file /home/taianlux/TaianDotFiles/quickshell/.config/quickshell/services/WallpaperService.qml/home/taianlux/TaianDotFiles/quickshell/.config/quickshell/services/WallpaperService.qml:33:32: [Dom][QmlFile][Parsing] Error: Expected token `,' for .currentItem

qt.languageserver.server: avoid update of validDoc to  15 of document "file:///home/taianlux/.config/quickshell/services/WallpaperService.qml" as it is invalid
qt.qmldom: Parsed invalid file /home/taianlux/TaianDotFiles/quickshell/.config/quickshell/services/WallpaperService.qml/home/taianlux/TaianDotFiles/quickshell/.config/quickshell/services/WallpaperService.qml:33:32: [Dom][QmlFile][Parsing] Error: Expected token `,' for .currentItem

qt.languageserver.server: avoid update of validDoc to  16 of document "file:///home/taianlux/.config/quickshell/services/WallpaperService.qml" as it is invalid
qt.qmldom: Parsed invalid file /home/taianlux/TaianDotFiles/quickshell/.config/quickshell/services/WallpaperService.qml/home/taianlux/TaianDotFiles/quickshell/.config/quickshell/services/WallpaperService.qml:33:32: [Dom][QmlFile][Parsing] Error: Expected token `,' for .currentItem

qt.languageserver.server: avoid update of validDoc to  17 of document "file:///home/taianlux/.config/quickshell/services/WallpaperService.qml" as it is invalid
qt.qmldom: Parsed invalid file /home/taianlux/TaianDotFiles/quickshell/.config/quickshell/services/WallpaperService.qml/home/taianlux/TaianDotFiles/quickshell/.config/quickshell/services/WallpaperService.qml:33:32: [Dom][QmlFile][Parsing] Error: Expected token `,' for .currentItem

qt.languageserver.server: avoid update of validDoc to  18 of document "file:///home/taianlux/.config/quickshell/services/WallpaperService.qml" as it is invalid
qt.qmldom: Parsed invalid file /home/taianlux/TaianDotFiles/quickshell/.config/quickshell/services/WallpaperService.qml/home/taianlux/TaianDotFiles/quickshell/.config/quickshell/services/WallpaperService.qml:33:32: [Dom][QmlFile][Parsing] Error: Expected token `,' for .currentItem

qt.languageserver.server: avoid update of validDoc to  19 of document "file:///home/taianlux/.config/quickshell/services/WallpaperService.qml" as it is invalid
qt.qmldom: Parsed invalid file /home/taianlux/TaianDotFiles/quickshell/.config/quickshell/services/WallpaperService.qml/home/taianlux/TaianDotFiles/quickshell/.config/quickshell/services/WallpaperService.qml:33:32: [Dom][QmlFile][Parsing] Error: Expected token `,' for .currentItem

qt.languageserver.server: avoid update of validDoc to  20 of document "file:///home/taianlux/.config/quickshell/services/WallpaperService.qml" as it is invalid
qt.qmldom: Parsed invalid file /home/taianlux/TaianDotFiles/quickshell/.config/quickshell/services/WallpaperService.qml/home/taianlux/TaianDotFiles/quickshell/.config/quickshell/services/WallpaperService.qml:33:32: [Dom][QmlFile][Parsing] Error: Expected token `,' for .currentItem

qt.languageserver.server: avoid update of validDoc to  21 of document "file:///home/taianlux/.config/quickshell/services/WallpaperService.qml" as it is invalid
qt.qmldom: Parsed invalid file /home/taianlux/TaianDotFiles/quickshell/.config/quickshell/services/WallpaperService.qml/home/taianlux/TaianDotFiles/quickshell/.config/quickshell/services/WallpaperService.qml:33:32: [Dom][QmlFile][Parsing] Error: Expected token `,' for .currentItem

qt.languageserver.server: avoid update of validDoc to  22 of document "file:///home/taianlux/.config/quickshell/services/WallpaperService.qml" as it is invalid
qt.qmldom: Parsed invalid file /home/taianlux/TaianDotFiles/quickshell/.config/quickshell/services/WallpaperService.qml/home/taianlux/TaianDotFiles/quickshell/.config/quickshell/services/WallpaperService.qml:33:32: [Dom][QmlFile][Parsing] Error: Expected token `,' for .currentItem

qt.languageserver.server: avoid update of validDoc to  23 of document "file:///home/taianlux/.config/quickshell/services/WallpaperService.qml" as it is invalid
qt.qmldom: Parsed invalid file /home/taianlux/TaianDotFiles/quickshell/.config/quickshell/services/WallpaperService.qml/home/taianlux/TaianDotFiles/quickshell/.config/quickshell/services/WallpaperService.qml:33:32: [Dom][QmlFile][Parsing] Error: Expected token `,' for .currentItem

qt.languageserver.server: avoid update of validDoc to  24 of document "file:///home/taianlux/.config/quickshell/services/WallpaperService.qml" as it is invalid
qt.qmldom: Parsed invalid file /home/taianlux/TaianDotFiles/quickshell/.config/quickshell/services/WallpaperService.qml/home/taianlux/TaianDotFiles/quickshell/.config/quickshell/services/WallpaperService.qml:33:32: [Dom][QmlFile][Parsing] Error: Expected token `,' for .currentItem

qt.languageserver.server: avoid update of validDoc to  25 of document "file:///home/taianlux/.config/quickshell/services/WallpaperService.qml" as it is invalid
qt.qmldom: Parsed invalid file /home/taianlux/TaianDotFiles/quickshell/.config/quickshell/services/WallpaperService.qml/home/taianlux/TaianDotFiles/quickshell/.config/quickshell/services/WallpaperService.qml:33:32: [Dom][QmlFile][Parsing] Error: Expected token `,' for .currentItem

qt.languageserver.server: avoid update of validDoc to  26 of document "file:///home/taianlux/.config/quickshell/services/WallpaperService.qml" as it is invalid
qt.qmldom: Parsed invalid file /home/taianlux/TaianDotFiles/quickshell/.config/quickshell/services/WallpaperService.qml/home/taianlux/TaianDotFiles/quickshell/.config/quickshell/services/WallpaperService.qml:33:32: [Dom][QmlFile][Parsing] Error: Expected token `,' for .currentItem

qt.languageserver.server: avoid update of validDoc to  27 of document "file:///home/taianlux/.config/quickshell/services/WallpaperService.qml" as it is invalid
qt.languageserver.server: Version 31 of document "file:///home/taianlux/.config/quickshell/services/WallpaperService.qml" is not the latest anymore
qt.languageserver.server: Version 33 of document "file:///home/taianlux/.config/quickshell/services/WallpaperService.qml" is not the latest anymore
qt.languageserver.server: Version 35 of document "file:///home/taianlux/.config/quickshell/services/WallpaperService.qml" is not the latest anymore
qt.languageserver.server: Version 36 of document "file:///home/taianlux/.config/quickshell/services/WallpaperService.qml" is not the latest anymore
qt.languageserver.server: Version 38 of document "file:///home/taianlux/.config/quickshell/services/WallpaperService.qml" is not the latest anymore
qt.languageserver.server: Version 52 of document "file:///home/taianlux/.config/quickshell/services/WallpaperService.qml" is not the latest anymore
qt.languageserver.server: Version 54 of document "file:///home/taianlux/.config/quickshell/services/WallpaperService.qml" is not the latest anymore
qt.languageserver.server: Ignoring cancellation of non in progress request QJsonValue(double, 919)
qt.qmldom: Parsed invalid file /home/taianlux/TaianDotFiles/quickshell/.config/quickshell/services/WallpaperService.qml/home/taianlux/TaianDotFiles/quickshell/.config/quickshell/services/WallpaperService.qml:[Dom][QmlFile][Parsing] Error: Expected token `numeric literal' for .currentItem

qt.languageserver.server: avoid update of validDoc to  64 of document "file:///home/taianlux/.config/quickshell/services/WallpaperService.qml" as it is invalid
qt.qmldom: Parsed invalid file /home/taianlux/TaianDotFiles/quickshell/.config/quickshell/services/WallpaperService.qml/home/taianlux/TaianDotFiles/quickshell/.config/quickshell/services/WallpaperService.qml:[Dom][QmlFile][Parsing] Error: Expected token `numeric literal' for .currentItem

qt.languageserver.server: avoid update of validDoc to  80 of document "file:///home/taianlux/.config/quickshell/services/WallpaperService.qml" as it is invalid
qt.languageserver.server: Version 4 of document "file:///home/taianlux/.config/quickshell/modules/Bar.qml" is not the latest anymore
