2026-06-14 15:50:45.651 [info] [aebc6443-996d-45c2-90f0-388ff96faa56] Native Broker enabled: false
2026-06-14 15:50:45.693 [info] [getSessions] [all] starting
2026-06-14 15:50:45.693 [info] [getSessions] [all] returned 0 session(s)
2026-06-14 15:50:45.693 [info] [getSessions] [all] starting
2026-06-14 15:50:45.693 [info] [getSessions] [all] returned 0 session(s)
2026-06-14 15:50:45.693 [info] [getSessions] [all] starting
2026-06-14 15:50:45.693 [info] [getSessions] [all] returned 0 session(s)
2026-06-14 15:50:45.705 [info] [getSessions] [499b84ac-1321-427f-aa17-267ca6975798/.default offline_access] starting
2026-06-14 15:50:45.705 [info] [aebc6443-996d-45c2-90f0-388ff96faa56] Native Broker enabled: false
2026-06-14 15:50:45.707 [info] [getSessions] [499b84ac-1321-427f-aa17-267ca6975798/.default offline_access] returned 0 session(s)
2026-06-14 15:50:47.389 [info] [getSessions] [499b84ac-1321-427f-aa17-267ca6975798/.default offline_access] starting
2026-06-14 15:50:47.390 [info] [getSessions] [499b84ac-1321-427f-aa17-267ca6975798/.default offline_access] returned 0 session(s)
2026-06-14 16:46:49.733 [info] [getSessions] [499b84ac-1321-427f-aa17-267ca6975798/.default offline_access] starting
2026-06-14 16:46:49.733 [info] [getSessions] [499b84ac-1321-427f-aa17-267ca6975798/.default offline_access] returned 0 session(s)
2026-06-14 17:42:50.430 [info] [getSessions] [499b84ac-1321-427f-aa17-267ca6975798/.default offline_access] starting
2026-06-14 17:42:50.430 [info] [getSessions] [499b84ac-1321-427f-aa17-267ca6975798/.default offline_access] returned 0 session(s)
2026-06-14 18:38:51.491 [info] [getSessions] [499b84ac-1321-427f-aa17-267ca6975798/.default offline_access] starting
2026-06-14 18:38:51.491 [info] [getSessions] [499b84ac-1321-427f-aa17-267ca6975798/.default offline_access] returned 0 session(s)
2026-06-14 19:34:52.303 [info] [getSessions] [499b84ac-1321-427f-aa17-267ca6975798/.default offline_access] starting
2026-06-14 19:34:52.303 [info] [getSessions] [499b84ac-1321-427f-aa17-267ca6975798/.default offline_access] returned 0 session(s)
2026-06-14 22:08:54.082 [info] [getSessions] [499b84ac-1321-427f-aa17-267ca6975798/.default offline_access] starting
2026-06-14 22:08:54.082 [info] [getSessions] [499b84ac-1321-427f-aa17-267ca6975798/.default offline_access] returned 0 session(s)
2026-06-14 22:09:10.296 [info] Microsoft Authentication is deactivating...
