2026-07-05 10:56:21.175 [info] Reading sessions from keychain...
2026-07-05 10:56:21.175 [info] Getting sessions for all scopes...
2026-07-05 10:56:21.353 [info] Got stored sessions!
2026-07-05 10:56:21.353 [info] Got 1 verified sessions.
2026-07-05 10:56:21.353 [info] Got 1 sessions for ...
2026-07-05 10:56:21.353 [info] Getting sessions for all scopes...
2026-07-05 10:56:21.353 [info] Got 1 sessions for ...
2026-07-05 10:56:21.434 [info] Getting sessions for all scopes...
2026-07-05 10:56:21.434 [info] Got 1 sessions for ...
2026-07-05 10:56:21.699 [info] Getting sessions for all scopes...
2026-07-05 10:56:21.699 [info] Got 1 sessions for ...
2026-07-05 10:56:23.021 [info] Getting sessions for all scopes...
2026-07-05 10:56:23.021 [info] Got 1 sessions for ...
2026-07-05 10:56:23.021 [info] Getting sessions for all scopes...
2026-07-05 10:56:23.021 [info] Got 1 sessions for ...
2026-07-05 10:56:23.088 [info] Getting sessions for all scopes...
2026-07-05 10:56:23.088 [info] Got 1 sessions for ...
2026-07-05 10:56:23.118 [info] Getting sessions for read:user,repo,user:email,workflow...
2026-07-05 10:56:23.119 [info] Got 1 sessions for read:user,repo,user:email,workflow...
2026-07-05 10:56:23.372 [info] FetcherService: Electron fetch failed with status: 429 
2026-07-05 10:56:23.381 [info] Unable to resolve optional EDU details. Status: 429 
2026-07-05 10:56:23.452 [info] Getting sessions for all scopes...
2026-07-05 10:56:23.452 [info] Got 1 sessions for ...
2026-07-05 10:56:23.480 [info] Getting sessions for read:user,repo,user:email,workflow...
2026-07-05 10:56:23.480 [info] Got 1 sessions for read:user,repo,user:email,workflow...
2026-07-05 10:56:24.175 [info] Getting sessions for all scopes...
2026-07-05 10:56:24.175 [info] Got 1 sessions for ...
2026-07-05 10:56:24.175 [info] Getting sessions for all scopes...
2026-07-05 10:56:24.175 [info] Got 1 sessions for ...
2026-07-05 10:56:24.427 [info] Getting sessions for read:user,repo,user:email,workflow...
2026-07-05 10:56:24.427 [info] Got 1 sessions for read:user,repo,user:email,workflow...
2026-07-05 10:56:24.461 [info] Getting sessions for all scopes...
2026-07-05 10:56:24.461 [info] Got 1 sessions for ...
2026-07-05 10:56:24.490 [info] Getting sessions for all scopes...
2026-07-05 10:56:24.490 [info] Got 1 sessions for ...
2026-07-05 10:56:24.693 [info] Getting sessions for all scopes...
2026-07-05 10:56:24.693 [info] Got 1 sessions for ...
2026-07-05 10:56:24.693 [info] Getting sessions for read:user,repo,user:email,workflow...
2026-07-05 10:56:24.694 [info] Got 1 sessions for read:user,repo,user:email,workflow...
2026-07-05 10:56:25.193 [info] Getting sessions for all scopes...
2026-07-05 10:56:25.193 [info] Got 1 sessions for ...
2026-07-05 10:56:25.194 [info] Getting sessions for read:user,repo,user:email,workflow...
2026-07-05 10:56:25.194 [info] Got 1 sessions for read:user,repo,user:email,workflow...
2026-07-05 10:56:28.069 [info] Getting sessions for all scopes...
2026-07-05 10:56:28.069 [info] Got 1 sessions for ...
2026-07-05 10:56:28.069 [info] Getting sessions for all scopes...
2026-07-05 10:56:28.069 [info] Got 1 sessions for ...
2026-07-05 10:57:08.772 [info] Getting sessions for all scopes...
2026-07-05 10:57:08.772 [info] Got 1 sessions for ...
2026-07-05 10:57:08.774 [info] Getting sessions for all scopes...
2026-07-05 10:57:08.774 [info] Got 1 sessions for ...
2026-07-05 10:57:15.380 [info] Getting sessions for all scopes...
2026-07-05 10:57:15.380 [info] Got 1 sessions for ...
2026-07-05 10:57:15.381 [info] Getting sessions for all scopes...
2026-07-05 10:57:15.381 [info] Got 1 sessions for ...
2026-07-05 10:57:47.697 [info] Getting sessions for all scopes...
2026-07-05 10:57:47.697 [info] Got 1 sessions for ...
2026-07-05 10:57:47.697 [info] Getting sessions for all scopes...
2026-07-05 10:57:47.697 [info] Got 1 sessions for ...
2026-07-05 10:57:48.249 [info] Getting sessions for all scopes...
2026-07-05 10:57:48.250 [info] Got 1 sessions for ...
2026-07-05 10:57:48.250 [info] Getting sessions for all scopes...
2026-07-05 10:57:48.250 [info] Got 1 sessions for ...
2026-07-05 10:57:49.950 [info] Getting sessions for all scopes...
2026-07-05 10:57:49.950 [info] Got 1 sessions for ...
2026-07-05 10:57:49.951 [info] Getting sessions for all scopes...
2026-07-05 10:57:49.951 [info] Got 1 sessions for ...
2026-07-05 10:57:52.371 [info] Getting sessions for all scopes...
2026-07-05 10:57:52.371 [info] Got 1 sessions for ...
2026-07-05 10:57:52.372 [info] Getting sessions for all scopes...
2026-07-05 10:57:52.372 [info] Got 1 sessions for ...
2026-07-05 10:58:38.352 [info] Getting sessions for all scopes...
2026-07-05 10:58:38.352 [info] Got 1 sessions for ...
2026-07-05 10:58:38.353 [info] Getting sessions for all scopes...
2026-07-05 10:58:38.353 [info] Got 1 sessions for ...
2026-07-05 11:00:00.058 [info] Getting sessions for all scopes...
2026-07-05 11:00:00.058 [info] Got 1 sessions for ...
2026-07-05 11:00:00.060 [info] Getting sessions for all scopes...
2026-07-05 11:00:00.060 [info] Got 1 sessions for ...
2026-07-05 11:00:02.018 [info] Getting sessions for all scopes...
2026-07-05 11:00:02.018 [info] Got 1 sessions for ...
2026-07-05 11:00:02.023 [info] Getting sessions for all scopes...
2026-07-05 11:00:02.024 [info] Got 1 sessions for ...
2026-07-05 11:00:02.670 [info] Getting sessions for all scopes...
2026-07-05 11:00:02.670 [info] Got 1 sessions for ...
2026-07-05 11:00:02.704 [info] Getting sessions for all scopes...
2026-07-05 11:00:02.704 [info] Got 1 sessions for ...
2026-07-05 11:00:04.593 [info] Getting sessions for all scopes...
2026-07-05 11:00:04.593 [info] Got 1 sessions for ...
2026-07-05 11:00:04.649 [info] Getting sessions for all scopes...
2026-07-05 11:00:04.650 [info] Got 1 sessions for ...
2026-07-05 11:00:05.180 [info] Getting sessions for all scopes...
2026-07-05 11:00:05.180 [info] Got 1 sessions for ...
2026-07-05 11:00:05.190 [info] Getting sessions for all scopes...
2026-07-05 11:00:05.190 [info] Got 1 sessions for ...
2026-07-05 11:00:05.571 [info] Getting sessions for all scopes...
2026-07-05 11:00:05.571 [info] Got 1 sessions for ...
2026-07-05 11:00:05.578 [info] Getting sessions for all scopes...
2026-07-05 11:00:05.578 [info] Got 1 sessions for ...
2026-07-05 11:00:06.108 [info] Getting sessions for all scopes...
2026-07-05 11:00:06.108 [info] Got 1 sessions for ...
2026-07-05 11:00:06.154 [info] Getting sessions for all scopes...
2026-07-05 11:00:06.154 [info] Got 1 sessions for ...
2026-07-05 11:00:57.494 [info] Getting sessions for all scopes...
2026-07-05 11:00:57.494 [info] Got 1 sessions for ...
2026-07-05 11:00:57.495 [info] Getting sessions for all scopes...
2026-07-05 11:00:57.495 [info] Got 1 sessions for ...
2026-07-05 11:02:29.526 [info] Getting sessions for all scopes...
2026-07-05 11:02:29.526 [info] Got 1 sessions for ...
2026-07-05 11:02:29.528 [info] Getting sessions for all scopes...
2026-07-05 11:02:29.528 [info] Got 1 sessions for ...
2026-07-05 11:03:56.124 [info] Getting sessions for all scopes...
2026-07-05 11:03:56.124 [info] Got 1 sessions for ...
2026-07-05 11:03:56.125 [info] Getting sessions for all scopes...
2026-07-05 11:03:56.125 [info] Got 1 sessions for ...
2026-07-05 11:04:43.852 [info] Getting sessions for all scopes...
2026-07-05 11:04:43.852 [info] Got 1 sessions for ...
2026-07-05 11:04:43.853 [info] Getting sessions for all scopes...
2026-07-05 11:04:43.853 [info] Got 1 sessions for ...
2026-07-05 11:06:18.552 [info] Getting sessions for all scopes...
2026-07-05 11:06:18.552 [info] Got 1 sessions for ...
2026-07-05 11:06:18.658 [info] Getting sessions for all scopes...
2026-07-05 11:06:18.658 [info] Got 1 sessions for ...
2026-07-05 11:06:25.376 [info] Getting sessions for all scopes...
2026-07-05 11:06:25.376 [info] Got 1 sessions for ...
2026-07-05 11:06:25.378 [info] Getting sessions for all scopes...
2026-07-05 11:06:25.378 [info] Got 1 sessions for ...
2026-07-05 11:06:39.446 [info] Getting sessions for all scopes...
2026-07-05 11:06:39.446 [info] Got 1 sessions for ...
2026-07-05 11:06:39.447 [info] Getting sessions for all scopes...
2026-07-05 11:06:39.447 [info] Got 1 sessions for ...
2026-07-05 11:06:42.355 [info] Getting sessions for all scopes...
2026-07-05 11:06:42.355 [info] Got 1 sessions for ...
2026-07-05 11:06:42.355 [info] Getting sessions for all scopes...
2026-07-05 11:06:42.355 [info] Got 1 sessions for ...
2026-07-05 11:07:20.704 [info] Getting sessions for all scopes...
2026-07-05 11:07:20.704 [info] Got 1 sessions for ...
2026-07-05 11:07:20.716 [info] Getting sessions for all scopes...
2026-07-05 11:07:20.716 [info] Got 1 sessions for ...
2026-07-05 11:07:21.745 [info] Getting sessions for all scopes...
2026-07-05 11:07:21.745 [info] Got 1 sessions for ...
2026-07-05 11:07:21.749 [info] Getting sessions for all scopes...
2026-07-05 11:07:21.749 [info] Got 1 sessions for ...
2026-07-05 11:07:23.490 [info] Getting sessions for all scopes...
2026-07-05 11:07:23.490 [info] Got 1 sessions for ...
2026-07-05 11:07:23.490 [info] Getting sessions for all scopes...
2026-07-05 11:07:23.490 [info] Got 1 sessions for ...
2026-07-05 11:08:00.443 [info] Getting sessions for all scopes...
2026-07-05 11:08:00.443 [info] Got 1 sessions for ...
2026-07-05 11:08:00.451 [info] Getting sessions for all scopes...
2026-07-05 11:08:00.452 [info] Got 1 sessions for ...
2026-07-05 11:08:00.762 [info] Getting sessions for all scopes...
2026-07-05 11:08:00.762 [info] Got 1 sessions for ...
2026-07-05 11:08:00.775 [info] Getting sessions for all scopes...
2026-07-05 11:08:00.775 [info] Got 1 sessions for ...
2026-07-05 11:08:01.074 [info] Getting sessions for all scopes...
2026-07-05 11:08:01.074 [info] Got 1 sessions for ...
2026-07-05 11:08:01.145 [info] Getting sessions for all scopes...
2026-07-05 11:08:01.145 [info] Got 1 sessions for ...
2026-07-05 11:08:01.331 [info] Getting sessions for all scopes...
2026-07-05 11:08:01.331 [info] Got 1 sessions for ...
2026-07-05 11:08:01.331 [info] Getting sessions for all scopes...
2026-07-05 11:08:01.331 [info] Got 1 sessions for ...
2026-07-05 11:08:02.053 [info] Getting sessions for all scopes...
2026-07-05 11:08:02.053 [info] Got 1 sessions for ...
2026-07-05 11:08:02.053 [info] Getting sessions for all scopes...
2026-07-05 11:08:02.053 [info] Got 1 sessions for ...
2026-07-05 11:08:02.498 [info] Getting sessions for all scopes...
2026-07-05 11:08:02.498 [info] Got 1 sessions for ...
2026-07-05 11:08:02.498 [info] Getting sessions for all scopes...
2026-07-05 11:08:02.498 [info] Got 1 sessions for ...
2026-07-05 11:08:02.774 [info] Getting sessions for all scopes...
2026-07-05 11:08:02.774 [info] Got 1 sessions for ...
2026-07-05 11:08:02.775 [info] Getting sessions for all scopes...
2026-07-05 11:08:02.775 [info] Got 1 sessions for ...
2026-07-05 11:08:03.976 [info] Getting sessions for all scopes...
2026-07-05 11:08:03.976 [info] Got 1 sessions for ...
2026-07-05 11:08:03.976 [info] Getting sessions for all scopes...
2026-07-05 11:08:03.976 [info] Got 1 sessions for ...
2026-07-05 11:08:06.016 [info] Getting sessions for all scopes...
2026-07-05 11:08:06.016 [info] Got 1 sessions for ...
2026-07-05 11:08:06.017 [info] Getting sessions for all scopes...
2026-07-05 11:08:06.017 [info] Got 1 sessions for ...
2026-07-05 11:09:20.175 [info] Getting sessions for all scopes...
2026-07-05 11:09:20.175 [info] Got 1 sessions for ...
2026-07-05 11:09:20.175 [info] Getting sessions for all scopes...
2026-07-05 11:09:20.175 [info] Got 1 sessions for ...
2026-07-05 11:09:20.534 [info] Getting sessions for all scopes...
2026-07-05 11:09:20.534 [info] Got 1 sessions for ...
2026-07-05 11:09:20.535 [info] Getting sessions for all scopes...
2026-07-05 11:09:20.535 [info] Got 1 sessions for ...
2026-07-05 11:09:20.898 [info] Getting sessions for all scopes...
2026-07-05 11:09:20.898 [info] Got 1 sessions for ...
2026-07-05 11:09:20.898 [info] Getting sessions for all scopes...
2026-07-05 11:09:20.898 [info] Got 1 sessions for ...
2026-07-05 11:09:40.735 [info] Getting sessions for all scopes...
2026-07-05 11:09:40.735 [info] Got 1 sessions for ...
2026-07-05 11:09:40.736 [info] Getting sessions for all scopes...
2026-07-05 11:09:40.736 [info] Got 1 sessions for ...
2026-07-05 11:13:43.596 [info] Getting sessions for all scopes...
2026-07-05 11:13:43.596 [info] Got 1 sessions for ...
2026-07-05 11:13:43.597 [info] Getting sessions for all scopes...
2026-07-05 11:13:43.597 [info] Got 1 sessions for ...
2026-07-05 11:13:54.465 [info] Getting sessions for all scopes...
2026-07-05 11:13:54.465 [info] Got 1 sessions for ...
2026-07-05 11:13:54.465 [info] Getting sessions for all scopes...
2026-07-05 11:13:54.465 [info] Got 1 sessions for ...
2026-07-05 11:14:31.020 [info] Getting sessions for all scopes...
2026-07-05 11:14:31.020 [info] Got 1 sessions for ...
2026-07-05 11:14:31.021 [info] Getting sessions for all scopes...
2026-07-05 11:14:31.021 [info] Got 1 sessions for ...
2026-07-05 11:15:50.842 [info] Getting sessions for all scopes...
2026-07-05 11:15:50.842 [info] Got 1 sessions for ...
2026-07-05 11:15:50.843 [info] Getting sessions for all scopes...
2026-07-05 11:15:50.843 [info] Got 1 sessions for ...
2026-07-05 11:18:27.706 [info] Getting sessions for all scopes...
2026-07-05 11:18:27.706 [info] Got 1 sessions for ...
2026-07-05 11:18:27.706 [info] Getting sessions for all scopes...
2026-07-05 11:18:27.706 [info] Got 1 sessions for ...
2026-07-05 11:19:27.848 [info] Getting sessions for all scopes...
2026-07-05 11:19:27.848 [info] Got 1 sessions for ...
2026-07-05 11:19:27.849 [info] Getting sessions for all scopes...
2026-07-05 11:19:27.849 [info] Got 1 sessions for ...
2026-07-05 11:19:41.325 [info] Getting sessions for all scopes...
2026-07-05 11:19:41.325 [info] Got 1 sessions for ...
2026-07-05 11:19:41.326 [info] Getting sessions for all scopes...
2026-07-05 11:19:41.326 [info] Got 1 sessions for ...
2026-07-05 11:23:30.383 [info] Getting sessions for all scopes...
2026-07-05 11:23:30.383 [info] Got 1 sessions for ...
2026-07-05 11:23:30.384 [info] Getting sessions for all scopes...
2026-07-05 11:23:30.384 [info] Got 1 sessions for ...
2026-07-05 11:23:34.091 [info] Getting sessions for all scopes...
2026-07-05 11:23:34.091 [info] Got 1 sessions for ...
2026-07-05 11:23:34.092 [info] Getting sessions for all scopes...
2026-07-05 11:23:34.092 [info] Got 1 sessions for ...
2026-07-05 11:24:02.547 [info] Getting sessions for all scopes...
2026-07-05 11:24:02.547 [info] Got 1 sessions for ...
2026-07-05 11:24:02.548 [info] Getting sessions for all scopes...
2026-07-05 11:24:02.548 [info] Got 1 sessions for ...
2026-07-05 11:24:53.309 [info] Getting sessions for all scopes...
2026-07-05 11:24:53.309 [info] Got 1 sessions for ...
2026-07-05 11:24:53.313 [info] Getting sessions for all scopes...
2026-07-05 11:24:53.313 [info] Got 1 sessions for ...
2026-07-05 11:24:53.821 [info] Getting sessions for all scopes...
2026-07-05 11:24:53.821 [info] Got 1 sessions for ...
2026-07-05 11:24:53.822 [info] Getting sessions for all scopes...
2026-07-05 11:24:53.822 [info] Got 1 sessions for ...
2026-07-05 11:25:34.962 [info] Getting sessions for all scopes...
2026-07-05 11:25:34.962 [info] Got 1 sessions for ...
2026-07-05 11:25:34.962 [info] Getting sessions for all scopes...
2026-07-05 11:25:34.962 [info] Got 1 sessions for ...
2026-07-05 11:26:49.654 [info] Getting sessions for all scopes...
2026-07-05 11:26:49.654 [info] Got 1 sessions for ...
2026-07-05 11:26:49.654 [info] Getting sessions for all scopes...
2026-07-05 11:26:49.654 [info] Got 1 sessions for ...
2026-07-05 11:26:50.661 [info] Getting sessions for all scopes...
2026-07-05 11:26:50.661 [info] Got 1 sessions for ...
2026-07-05 11:26:50.662 [info] Getting sessions for all scopes...
2026-07-05 11:26:50.662 [info] Got 1 sessions for ...
2026-07-05 11:26:54.266 [info] Getting sessions for all scopes...
2026-07-05 11:26:54.266 [info] Got 1 sessions for ...
2026-07-05 11:26:54.267 [info] Getting sessions for all scopes...
2026-07-05 11:26:54.267 [info] Got 1 sessions for ...
2026-07-05 11:29:56.648 [info] Getting sessions for all scopes...
2026-07-05 11:29:56.648 [info] Got 1 sessions for ...
2026-07-05 11:29:56.649 [info] Getting sessions for all scopes...
2026-07-05 11:29:56.650 [info] Got 1 sessions for ...
2026-07-05 11:30:01.473 [info] Getting sessions for all scopes...
2026-07-05 11:30:01.473 [info] Got 1 sessions for ...
2026-07-05 11:30:01.473 [info] Getting sessions for all scopes...
2026-07-05 11:30:01.473 [info] Got 1 sessions for ...
2026-07-05 11:30:23.531 [info] Getting sessions for all scopes...
2026-07-05 11:30:23.531 [info] Got 1 sessions for ...
2026-07-05 11:30:23.532 [info] Getting sessions for all scopes...
2026-07-05 11:30:23.532 [info] Got 1 sessions for ...
2026-07-05 11:30:44.870 [info] Getting sessions for all scopes...
2026-07-05 11:30:44.870 [info] Got 1 sessions for ...
2026-07-05 11:30:44.872 [info] Getting sessions for all scopes...
2026-07-05 11:30:44.872 [info] Got 1 sessions for ...
2026-07-05 11:30:53.424 [info] Getting sessions for all scopes...
2026-07-05 11:30:53.424 [info] Got 1 sessions for ...
2026-07-05 11:30:53.425 [info] Getting sessions for all scopes...
2026-07-05 11:30:53.425 [info] Got 1 sessions for ...
2026-07-05 11:31:27.987 [info] Getting sessions for all scopes...
2026-07-05 11:31:27.987 [info] Got 1 sessions for ...
2026-07-05 11:31:27.996 [info] Getting sessions for all scopes...
2026-07-05 11:31:27.996 [info] Got 1 sessions for ...
2026-07-05 11:31:28.359 [info] Getting sessions for all scopes...
2026-07-05 11:31:28.359 [info] Got 1 sessions for ...
2026-07-05 11:31:28.359 [info] Getting sessions for all scopes...
2026-07-05 11:31:28.359 [info] Got 1 sessions for ...
2026-07-05 11:31:29.220 [info] Getting sessions for all scopes...
2026-07-05 11:31:29.220 [info] Got 1 sessions for ...
2026-07-05 11:31:29.226 [info] Getting sessions for all scopes...
2026-07-05 11:31:29.226 [info] Got 1 sessions for ...
2026-07-05 11:34:50.294 [info] Getting sessions for all scopes...
2026-07-05 11:34:50.294 [info] Got 1 sessions for ...
2026-07-05 11:34:50.295 [info] Getting sessions for all scopes...
2026-07-05 11:34:50.295 [info] Got 1 sessions for ...
2026-07-05 11:38:30.157 [info] Getting sessions for all scopes...
2026-07-05 11:38:30.158 [info] Got 1 sessions for ...
2026-07-05 11:38:30.160 [info] Getting sessions for all scopes...
2026-07-05 11:38:30.160 [info] Got 1 sessions for ...
2026-07-05 11:38:32.561 [info] Getting sessions for all scopes...
2026-07-05 11:38:32.562 [info] Got 1 sessions for ...
2026-07-05 11:38:32.562 [info] Getting sessions for all scopes...
2026-07-05 11:38:32.562 [info] Got 1 sessions for ...
2026-07-05 11:42:53.128 [info] Getting sessions for all scopes...
2026-07-05 11:42:53.128 [info] Got 1 sessions for ...
2026-07-05 11:42:53.130 [info] Getting sessions for all scopes...
2026-07-05 11:42:53.130 [info] Got 1 sessions for ...
2026-07-05 11:42:55.214 [info] Getting sessions for all scopes...
2026-07-05 11:42:55.214 [info] Got 1 sessions for ...
2026-07-05 11:42:55.214 [info] Getting sessions for all scopes...
2026-07-05 11:42:55.214 [info] Got 1 sessions for ...
2026-07-05 11:42:55.937 [info] Getting sessions for all scopes...
2026-07-05 11:42:55.937 [info] Got 1 sessions for ...
2026-07-05 11:42:55.937 [info] Getting sessions for all scopes...
2026-07-05 11:42:55.937 [info] Got 1 sessions for ...
2026-07-05 11:42:56.438 [info] Getting sessions for all scopes...
2026-07-05 11:42:56.438 [info] Got 1 sessions for ...
2026-07-05 11:42:56.468 [info] Getting sessions for all scopes...
2026-07-05 11:42:56.468 [info] Got 1 sessions for ...
2026-07-05 11:42:56.659 [info] Getting sessions for all scopes...
2026-07-05 11:42:56.659 [info] Got 1 sessions for ...
2026-07-05 11:42:56.659 [info] Getting sessions for all scopes...
2026-07-05 11:42:56.659 [info] Got 1 sessions for ...
2026-07-05 11:42:57.146 [info] Getting sessions for all scopes...
2026-07-05 11:42:57.146 [info] Got 1 sessions for ...
2026-07-05 11:42:57.146 [info] Getting sessions for all scopes...
2026-07-05 11:42:57.146 [info] Got 1 sessions for ...
2026-07-05 11:43:17.606 [info] Getting sessions for all scopes...
2026-07-05 11:43:17.606 [info] Got 1 sessions for ...
2026-07-05 11:43:17.607 [info] Getting sessions for all scopes...
2026-07-05 11:43:17.607 [info] Got 1 sessions for ...
2026-07-05 11:43:48.421 [info] Getting sessions for all scopes...
2026-07-05 11:43:48.421 [info] Got 1 sessions for ...
2026-07-05 11:43:48.421 [info] Getting sessions for all scopes...
2026-07-05 11:43:48.421 [info] Got 1 sessions for ...
2026-07-05 11:44:01.863 [info] Getting sessions for all scopes...
2026-07-05 11:44:01.864 [info] Got 1 sessions for ...
2026-07-05 11:44:01.869 [info] Getting sessions for all scopes...
2026-07-05 11:44:01.869 [info] Got 1 sessions for ...
2026-07-05 11:44:30.947 [info] Getting sessions for all scopes...
2026-07-05 11:44:30.947 [info] Got 1 sessions for ...
2026-07-05 11:44:30.949 [info] Getting sessions for all scopes...
2026-07-05 11:44:30.949 [info] Got 1 sessions for ...
2026-07-05 11:44:31.644 [info] Getting sessions for all scopes...
2026-07-05 11:44:31.644 [info] Got 1 sessions for ...
2026-07-05 11:44:31.644 [info] Getting sessions for all scopes...
2026-07-05 11:44:31.645 [info] Got 1 sessions for ...
2026-07-05 11:44:47.134 [info] Getting sessions for all scopes...
2026-07-05 11:44:47.134 [info] Got 1 sessions for ...
2026-07-05 11:44:47.134 [info] Getting sessions for all scopes...
2026-07-05 11:44:47.134 [info] Got 1 sessions for ...
2026-07-05 11:46:38.091 [info] Getting sessions for all scopes...
2026-07-05 11:46:38.091 [info] Got 1 sessions for ...
2026-07-05 11:46:38.091 [info] Getting sessions for all scopes...
2026-07-05 11:46:38.091 [info] Got 1 sessions for ...
2026-07-05 11:46:52.729 [info] Getting sessions for all scopes...
2026-07-05 11:46:52.729 [info] Got 1 sessions for ...
2026-07-05 11:46:52.733 [info] Getting sessions for all scopes...
2026-07-05 11:46:52.733 [info] Got 1 sessions for ...
2026-07-05 11:47:18.207 [info] Getting sessions for all scopes...
2026-07-05 11:47:18.207 [info] Got 1 sessions for ...
2026-07-05 11:47:18.207 [info] Getting sessions for all scopes...
2026-07-05 11:47:18.207 [info] Got 1 sessions for ...
2026-07-05 11:51:25.200 [info] Getting sessions for all scopes...
2026-07-05 11:51:25.200 [info] Got 1 sessions for ...
2026-07-05 11:51:25.203 [info] Getting sessions for read:user,repo,user:email,workflow...
2026-07-05 11:51:25.203 [info] Got 1 sessions for read:user,repo,user:email,workflow...
2026-07-05 11:51:26.294 [info] Getting sessions for all scopes...
2026-07-05 11:51:26.294 [info] Got 1 sessions for ...
2026-07-05 11:51:26.294 [info] Getting sessions for all scopes...
2026-07-05 11:51:26.294 [info] Got 1 sessions for ...
2026-07-05 11:51:26.295 [info] Getting sessions for read:user,repo,user:email,workflow...
2026-07-05 11:51:26.295 [info] Got 1 sessions for read:user,repo,user:email,workflow...
2026-07-05 11:52:39.339 [info] Getting sessions for all scopes...
2026-07-05 11:52:39.339 [info] Got 1 sessions for ...
2026-07-05 11:52:39.340 [info] Getting sessions for all scopes...
2026-07-05 11:52:39.340 [info] Got 1 sessions for ...
2026-07-05 11:54:02.360 [info] Getting sessions for all scopes...
2026-07-05 11:54:02.360 [info] Got 1 sessions for ...
2026-07-05 11:54:02.360 [info] Getting sessions for all scopes...
2026-07-05 11:54:02.360 [info] Got 1 sessions for ...
2026-07-05 11:56:49.806 [info] Getting sessions for all scopes...
2026-07-05 11:56:49.806 [info] Got 1 sessions for ...
2026-07-05 11:56:49.856 [info] Getting sessions for all scopes...
2026-07-05 11:56:49.856 [info] Got 1 sessions for ...
2026-07-05 11:57:09.260 [info] Getting sessions for all scopes...
2026-07-05 11:57:09.260 [info] Got 1 sessions for ...
2026-07-05 11:57:09.265 [info] Getting sessions for all scopes...
2026-07-05 11:57:09.265 [info] Got 1 sessions for ...
2026-07-05 11:59:02.338 [info] Getting sessions for all scopes...
2026-07-05 11:59:02.338 [info] Got 1 sessions for ...
2026-07-05 11:59:02.339 [info] Getting sessions for all scopes...
2026-07-05 11:59:02.339 [info] Got 1 sessions for ...
2026-07-05 12:02:15.262 [info] Getting sessions for all scopes...
2026-07-05 12:02:15.262 [info] Got 1 sessions for ...
2026-07-05 12:02:15.263 [info] Getting sessions for all scopes...
2026-07-05 12:02:15.263 [info] Got 1 sessions for ...
2026-07-05 12:06:48.422 [info] Getting sessions for all scopes...
2026-07-05 12:06:48.422 [info] Got 1 sessions for ...
2026-07-05 12:06:48.424 [info] Getting sessions for all scopes...
2026-07-05 12:06:48.424 [info] Got 1 sessions for ...
2026-07-05 12:06:49.673 [info] Getting sessions for all scopes...
2026-07-05 12:06:49.673 [info] Got 1 sessions for ...
2026-07-05 12:06:49.673 [info] Getting sessions for all scopes...
2026-07-05 12:06:49.673 [info] Got 1 sessions for ...
2026-07-05 12:11:41.224 [info] Getting sessions for all scopes...
2026-07-05 12:11:41.224 [info] Got 1 sessions for ...
2026-07-05 12:11:41.240 [info] Getting sessions for all scopes...
2026-07-05 12:11:41.240 [info] Got 1 sessions for ...
2026-07-05 12:22:55.820 [info] Getting sessions for all scopes...
2026-07-05 12:22:55.821 [info] Got 1 sessions for ...
2026-07-05 12:22:55.821 [info] Getting sessions for all scopes...
2026-07-05 12:22:55.821 [info] Got 1 sessions for ...
2026-07-05 12:22:56.469 [info] Getting sessions for all scopes...
2026-07-05 12:22:56.469 [info] Got 1 sessions for ...
2026-07-05 12:22:56.469 [info] Getting sessions for all scopes...
2026-07-05 12:22:56.469 [info] Got 1 sessions for ...
2026-07-05 12:22:56.834 [info] Getting sessions for all scopes...
2026-07-05 12:22:56.834 [info] Got 1 sessions for ...
2026-07-05 12:22:56.857 [info] Getting sessions for all scopes...
2026-07-05 12:22:56.857 [info] Got 1 sessions for ...
2026-07-05 12:22:57.060 [info] Getting sessions for all scopes...
2026-07-05 12:22:57.060 [info] Got 1 sessions for ...
2026-07-05 12:22:57.060 [info] Getting sessions for all scopes...
2026-07-05 12:22:57.060 [info] Got 1 sessions for ...
2026-07-05 12:22:57.385 [info] Getting sessions for all scopes...
2026-07-05 12:22:57.385 [info] Got 1 sessions for ...
2026-07-05 12:22:57.385 [info] Getting sessions for all scopes...
2026-07-05 12:22:57.385 [info] Got 1 sessions for ...
2026-07-05 12:22:57.888 [info] Getting sessions for all scopes...
2026-07-05 12:22:57.888 [info] Got 1 sessions for ...
2026-07-05 12:22:57.889 [info] Getting sessions for all scopes...
2026-07-05 12:22:57.890 [info] Got 1 sessions for ...
2026-07-05 12:22:58.363 [info] Getting sessions for all scopes...
2026-07-05 12:22:58.363 [info] Got 1 sessions for ...
2026-07-05 12:22:58.364 [info] Getting sessions for all scopes...
2026-07-05 12:22:58.364 [info] Got 1 sessions for ...
2026-07-05 12:22:58.858 [info] Getting sessions for all scopes...
2026-07-05 12:22:58.858 [info] Got 1 sessions for ...
2026-07-05 12:22:58.858 [info] Getting sessions for all scopes...
2026-07-05 12:22:58.858 [info] Got 1 sessions for ...
2026-07-05 12:22:59.274 [info] Getting sessions for all scopes...
2026-07-05 12:22:59.274 [info] Got 1 sessions for ...
2026-07-05 12:22:59.274 [info] Getting sessions for all scopes...
2026-07-05 12:22:59.274 [info] Got 1 sessions for ...
2026-07-05 12:22:59.629 [info] Getting sessions for all scopes...
2026-07-05 12:22:59.629 [info] Got 1 sessions for ...
2026-07-05 12:22:59.629 [info] Getting sessions for all scopes...
2026-07-05 12:22:59.629 [info] Got 1 sessions for ...
2026-07-05 12:23:00.338 [info] Getting sessions for all scopes...
2026-07-05 12:23:00.338 [info] Got 1 sessions for ...
2026-07-05 12:23:00.338 [info] Getting sessions for all scopes...
2026-07-05 12:23:00.338 [info] Got 1 sessions for ...
2026-07-05 12:23:00.825 [info] Getting sessions for all scopes...
2026-07-05 12:23:00.825 [info] Got 1 sessions for ...
2026-07-05 12:23:00.826 [info] Getting sessions for all scopes...
2026-07-05 12:23:00.826 [info] Got 1 sessions for ...
2026-07-05 12:23:10.366 [info] Getting sessions for all scopes...
2026-07-05 12:23:10.366 [info] Got 1 sessions for ...
2026-07-05 12:23:10.367 [info] Getting sessions for all scopes...
2026-07-05 12:23:10.367 [info] Got 1 sessions for ...
2026-07-05 12:23:51.272 [info] Getting sessions for all scopes...
2026-07-05 12:23:51.272 [info] Got 1 sessions for ...
2026-07-05 12:23:51.272 [info] Getting sessions for all scopes...
2026-07-05 12:23:51.272 [info] Got 1 sessions for ...
2026-07-05 12:25:12.065 [info] Getting sessions for all scopes...
2026-07-05 12:25:12.065 [info] Got 1 sessions for ...
2026-07-05 12:25:12.071 [info] Getting sessions for all scopes...
2026-07-05 12:25:12.071 [info] Got 1 sessions for ...
2026-07-05 12:25:12.953 [info] Getting sessions for all scopes...
2026-07-05 12:25:12.954 [info] Got 1 sessions for ...
2026-07-05 12:25:12.956 [info] Getting sessions for all scopes...
2026-07-05 12:25:12.956 [info] Got 1 sessions for ...
2026-07-05 12:28:01.765 [info] Getting sessions for all scopes...
2026-07-05 12:28:01.765 [info] Got 1 sessions for ...
2026-07-05 12:28:01.767 [info] Getting sessions for all scopes...
2026-07-05 12:28:01.767 [info] Got 1 sessions for ...
2026-07-05 12:28:04.146 [info] Getting sessions for all scopes...
2026-07-05 12:28:04.146 [info] Got 1 sessions for ...
2026-07-05 12:28:04.147 [info] Getting sessions for all scopes...
2026-07-05 12:28:04.147 [info] Got 1 sessions for ...
2026-07-05 12:31:48.854 [info] Getting sessions for all scopes...
2026-07-05 12:31:48.854 [info] Got 1 sessions for ...
2026-07-05 12:31:48.854 [info] Getting sessions for all scopes...
2026-07-05 12:31:48.854 [info] Got 1 sessions for ...
2026-07-05 12:31:57.787 [info] Getting sessions for all scopes...
2026-07-05 12:31:57.787 [info] Got 1 sessions for ...
2026-07-05 12:31:57.787 [info] Getting sessions for all scopes...
2026-07-05 12:31:57.787 [info] Got 1 sessions for ...
2026-07-05 12:32:02.933 [info] Getting sessions for all scopes...
2026-07-05 12:32:02.933 [info] Got 1 sessions for ...
2026-07-05 12:32:02.933 [info] Getting sessions for all scopes...
2026-07-05 12:32:02.933 [info] Got 1 sessions for ...
2026-07-05 12:32:33.515 [info] Getting sessions for all scopes...
2026-07-05 12:32:33.515 [info] Got 1 sessions for ...
2026-07-05 12:32:33.516 [info] Getting sessions for all scopes...
2026-07-05 12:32:33.516 [info] Got 1 sessions for ...
2026-07-05 12:32:38.640 [info] Getting sessions for all scopes...
2026-07-05 12:32:38.640 [info] Got 1 sessions for ...
2026-07-05 12:32:38.641 [info] Getting sessions for all scopes...
2026-07-05 12:32:38.641 [info] Got 1 sessions for ...
2026-07-05 12:32:42.987 [info] Getting sessions for all scopes...
2026-07-05 12:32:42.987 [info] Got 1 sessions for ...
2026-07-05 12:32:42.987 [info] Getting sessions for all scopes...
2026-07-05 12:32:42.987 [info] Got 1 sessions for ...
2026-07-05 12:32:45.911 [info] Getting sessions for all scopes...
2026-07-05 12:32:45.911 [info] Got 1 sessions for ...
2026-07-05 12:32:45.911 [info] Getting sessions for all scopes...
2026-07-05 12:32:45.911 [info] Got 1 sessions for ...
2026-07-05 12:32:47.316 [info] Getting sessions for all scopes...
2026-07-05 12:32:47.317 [info] Got 1 sessions for ...
2026-07-05 12:32:47.318 [info] Getting sessions for all scopes...
2026-07-05 12:32:47.318 [info] Got 1 sessions for ...
2026-07-05 12:39:19.768 [info] Getting sessions for all scopes...
2026-07-05 12:39:19.768 [info] Got 1 sessions for ...
2026-07-05 12:39:19.780 [info] Getting sessions for all scopes...
2026-07-05 12:39:19.780 [info] Got 1 sessions for ...
2026-07-05 12:39:20.290 [info] Getting sessions for all scopes...
2026-07-05 12:39:20.290 [info] Got 1 sessions for ...
2026-07-05 12:39:20.291 [info] Getting sessions for all scopes...
2026-07-05 12:39:20.291 [info] Got 1 sessions for ...
2026-07-05 12:39:53.519 [info] Getting sessions for all scopes...
2026-07-05 12:39:53.519 [info] Got 1 sessions for ...
2026-07-05 12:39:53.520 [info] Getting sessions for all scopes...
2026-07-05 12:39:53.520 [info] Got 1 sessions for ...
2026-07-05 12:39:56.121 [info] Getting sessions for all scopes...
2026-07-05 12:39:56.121 [info] Got 1 sessions for ...
2026-07-05 12:39:56.121 [info] Getting sessions for all scopes...
2026-07-05 12:39:56.121 [info] Got 1 sessions for ...
2026-07-05 12:39:58.522 [info] Getting sessions for all scopes...
2026-07-05 12:39:58.522 [info] Got 1 sessions for ...
2026-07-05 12:39:58.523 [info] Getting sessions for all scopes...
2026-07-05 12:39:58.523 [info] Got 1 sessions for ...
2026-07-05 12:40:37.121 [info] Getting sessions for all scopes...
2026-07-05 12:40:37.121 [info] Got 1 sessions for ...
2026-07-05 12:40:37.122 [info] Getting sessions for all scopes...
2026-07-05 12:40:37.122 [info] Got 1 sessions for ...
2026-07-05 12:41:18.124 [info] Getting sessions for all scopes...
2026-07-05 12:41:18.124 [info] Got 1 sessions for ...
2026-07-05 12:41:18.125 [info] Getting sessions for all scopes...
2026-07-05 12:41:18.125 [info] Got 1 sessions for ...
2026-07-05 12:45:11.285 [info] Getting sessions for all scopes...
2026-07-05 12:45:11.285 [info] Got 1 sessions for ...
2026-07-05 12:45:11.285 [info] Getting sessions for all scopes...
2026-07-05 12:45:11.285 [info] Got 1 sessions for ...
2026-07-05 12:46:53.871 [info] Getting sessions for all scopes...
2026-07-05 12:46:53.871 [info] Got 1 sessions for ...
2026-07-05 12:46:53.872 [info] Getting sessions for all scopes...
2026-07-05 12:46:53.872 [info] Got 1 sessions for ...
2026-07-05 12:46:54.262 [info] Getting sessions for all scopes...
2026-07-05 12:46:54.262 [info] Got 1 sessions for ...
2026-07-05 12:46:54.263 [info] Getting sessions for all scopes...
2026-07-05 12:46:54.263 [info] Got 1 sessions for ...
2026-07-05 12:46:54.543 [info] Getting sessions for all scopes...
2026-07-05 12:46:54.543 [info] Got 1 sessions for ...
2026-07-05 12:46:54.543 [info] Getting sessions for all scopes...
2026-07-05 12:46:54.543 [info] Got 1 sessions for ...
2026-07-05 12:47:25.237 [info] Getting sessions for all scopes...
2026-07-05 12:47:25.237 [info] Got 1 sessions for ...
2026-07-05 12:47:25.241 [info] Getting sessions for read:user,repo,user:email,workflow...
2026-07-05 12:47:25.241 [info] Got 1 sessions for read:user,repo,user:email,workflow...
2026-07-05 12:47:26.054 [info] Getting sessions for all scopes...
2026-07-05 12:47:26.054 [info] Got 1 sessions for ...
2026-07-05 12:47:26.054 [info] Getting sessions for all scopes...
2026-07-05 12:47:26.054 [info] Got 1 sessions for ...
2026-07-05 12:47:26.054 [info] Getting sessions for read:user,repo,user:email,workflow...
2026-07-05 12:47:26.055 [info] Got 1 sessions for read:user,repo,user:email,workflow...
2026-07-05 12:50:16.542 [info] Getting sessions for all scopes...
2026-07-05 12:50:16.542 [info] Got 1 sessions for ...
2026-07-05 12:50:16.543 [info] Getting sessions for all scopes...
2026-07-05 12:50:16.543 [info] Got 1 sessions for ...
2026-07-05 12:51:04.462 [info] Getting sessions for all scopes...
2026-07-05 12:51:04.462 [info] Got 1 sessions for ...
2026-07-05 12:51:04.468 [info] Getting sessions for all scopes...
2026-07-05 12:51:04.468 [info] Got 1 sessions for ...
2026-07-05 12:51:04.907 [info] Getting sessions for all scopes...
2026-07-05 12:51:04.907 [info] Got 1 sessions for ...
2026-07-05 12:51:04.927 [info] Getting sessions for all scopes...
2026-07-05 12:51:04.927 [info] Got 1 sessions for ...
2026-07-05 12:51:05.181 [info] Getting sessions for all scopes...
2026-07-05 12:51:05.181 [info] Got 1 sessions for ...
2026-07-05 12:51:05.181 [info] Getting sessions for all scopes...
2026-07-05 12:51:05.181 [info] Got 1 sessions for ...
2026-07-05 12:51:05.447 [info] Getting sessions for all scopes...
2026-07-05 12:51:05.447 [info] Got 1 sessions for ...
2026-07-05 12:51:05.447 [info] Getting sessions for all scopes...
2026-07-05 12:51:05.447 [info] Got 1 sessions for ...
2026-07-05 12:51:05.729 [info] Getting sessions for all scopes...
2026-07-05 12:51:05.729 [info] Got 1 sessions for ...
2026-07-05 12:51:05.730 [info] Getting sessions for all scopes...
2026-07-05 12:51:05.730 [info] Got 1 sessions for ...
2026-07-05 12:51:08.607 [info] Getting sessions for all scopes...
2026-07-05 12:51:08.607 [info] Got 1 sessions for ...
2026-07-05 12:51:08.607 [info] Getting sessions for all scopes...
2026-07-05 12:51:08.607 [info] Got 1 sessions for ...
2026-07-05 12:51:29.970 [info] Getting sessions for all scopes...
2026-07-05 12:51:29.970 [info] Got 1 sessions for ...
2026-07-05 12:51:29.970 [info] Getting sessions for all scopes...
2026-07-05 12:51:29.970 [info] Got 1 sessions for ...
2026-07-05 12:55:42.550 [info] Getting sessions for all scopes...
2026-07-05 12:55:42.550 [info] Got 1 sessions for ...
2026-07-05 12:55:42.551 [info] Getting sessions for all scopes...
2026-07-05 12:55:42.551 [info] Got 1 sessions for ...
2026-07-05 12:55:42.900 [info] Getting sessions for all scopes...
2026-07-05 12:55:42.900 [info] Got 1 sessions for ...
2026-07-05 12:55:42.916 [info] Getting sessions for all scopes...
2026-07-05 12:55:42.916 [info] Got 1 sessions for ...
2026-07-05 12:55:43.114 [info] Getting sessions for all scopes...
2026-07-05 12:55:43.115 [info] Got 1 sessions for ...
2026-07-05 12:55:43.115 [info] Getting sessions for all scopes...
2026-07-05 12:55:43.115 [info] Got 1 sessions for ...
2026-07-05 12:55:43.385 [info] Getting sessions for all scopes...
2026-07-05 12:55:43.385 [info] Got 1 sessions for ...
2026-07-05 12:55:43.388 [info] Getting sessions for all scopes...
2026-07-05 12:55:43.388 [info] Got 1 sessions for ...
2026-07-05 12:55:43.644 [info] Getting sessions for all scopes...
2026-07-05 12:55:43.644 [info] Got 1 sessions for ...
2026-07-05 12:55:43.646 [info] Getting sessions for all scopes...
2026-07-05 12:55:43.646 [info] Got 1 sessions for ...
2026-07-05 12:55:44.318 [info] Getting sessions for all scopes...
2026-07-05 12:55:44.318 [info] Got 1 sessions for ...
2026-07-05 12:55:44.318 [info] Getting sessions for all scopes...
2026-07-05 12:55:44.318 [info] Got 1 sessions for ...
2026-07-05 12:58:42.862 [info] Getting sessions for all scopes...
2026-07-05 12:58:42.862 [info] Got 1 sessions for ...
2026-07-05 12:58:42.868 [info] Getting sessions for all scopes...
2026-07-05 12:58:42.868 [info] Got 1 sessions for ...
2026-07-05 13:06:11.747 [info] Getting sessions for all scopes...
2026-07-05 13:06:11.747 [info] Got 1 sessions for ...
2026-07-05 13:06:11.747 [info] Getting sessions for all scopes...
2026-07-05 13:06:11.747 [info] Got 1 sessions for ...
2026-07-05 13:08:10.469 [info] Getting sessions for all scopes...
2026-07-05 13:08:10.469 [info] Got 1 sessions for ...
2026-07-05 13:08:10.472 [info] Getting sessions for all scopes...
2026-07-05 13:08:10.472 [info] Got 1 sessions for ...
2026-07-05 13:09:07.262 [info] Getting sessions for all scopes...
2026-07-05 13:09:07.262 [info] Got 1 sessions for ...
2026-07-05 13:09:07.263 [info] Getting sessions for all scopes...
2026-07-05 13:09:07.263 [info] Got 1 sessions for ...
2026-07-05 13:09:07.926 [info] Getting sessions for all scopes...
2026-07-05 13:09:07.926 [info] Got 1 sessions for ...
2026-07-05 13:09:07.926 [info] Getting sessions for all scopes...
2026-07-05 13:09:07.926 [info] Got 1 sessions for ...
2026-07-05 13:12:02.732 [info] Getting sessions for all scopes...
2026-07-05 13:12:02.732 [info] Got 1 sessions for ...
2026-07-05 13:12:02.733 [info] Getting sessions for all scopes...
2026-07-05 13:12:02.733 [info] Got 1 sessions for ...
2026-07-05 13:12:06.756 [info] Getting sessions for all scopes...
2026-07-05 13:12:06.756 [info] Got 1 sessions for ...
2026-07-05 13:12:06.756 [info] Getting sessions for all scopes...
2026-07-05 13:12:06.757 [info] Got 1 sessions for ...
2026-07-05 13:17:25.800 [info] Getting sessions for all scopes...
2026-07-05 13:17:25.800 [info] Got 1 sessions for ...
2026-07-05 13:17:25.802 [info] Getting sessions for all scopes...
2026-07-05 13:17:25.802 [info] Got 1 sessions for ...
2026-07-05 13:17:26.470 [info] Getting sessions for all scopes...
2026-07-05 13:17:26.470 [info] Got 1 sessions for ...
2026-07-05 13:17:26.473 [info] Getting sessions for all scopes...
2026-07-05 13:17:26.473 [info] Got 1 sessions for ...
2026-07-05 13:20:24.748 [info] Getting sessions for all scopes...
2026-07-05 13:20:24.749 [info] Got 1 sessions for ...
2026-07-05 13:20:24.753 [info] Getting sessions for all scopes...
2026-07-05 13:20:24.753 [info] Got 1 sessions for ...
2026-07-05 13:20:28.256 [info] Getting sessions for all scopes...
2026-07-05 13:20:28.256 [info] Got 1 sessions for ...
2026-07-05 13:20:28.257 [info] Getting sessions for all scopes...
2026-07-05 13:20:28.257 [info] Got 1 sessions for ...
2026-07-05 13:20:34.726 [info] Getting sessions for all scopes...
2026-07-05 13:20:34.726 [info] Got 1 sessions for ...
2026-07-05 13:20:34.726 [info] Getting sessions for all scopes...
2026-07-05 13:20:34.726 [info] Got 1 sessions for ...
2026-07-05 13:25:07.004 [info] Getting sessions for all scopes...
2026-07-05 13:25:07.004 [info] Got 1 sessions for ...
2026-07-05 13:25:07.005 [info] Getting sessions for all scopes...
2026-07-05 13:25:07.005 [info] Got 1 sessions for ...
2026-07-05 13:25:07.634 [info] Getting sessions for all scopes...
2026-07-05 13:25:07.634 [info] Got 1 sessions for ...
2026-07-05 13:25:07.636 [info] Getting sessions for all scopes...
2026-07-05 13:25:07.636 [info] Got 1 sessions for ...
2026-07-05 13:25:16.949 [info] Getting sessions for all scopes...
2026-07-05 13:25:16.949 [info] Got 1 sessions for ...
2026-07-05 13:25:16.950 [info] Getting sessions for all scopes...
2026-07-05 13:25:16.950 [info] Got 1 sessions for ...
2026-07-05 13:43:25.245 [info] Getting sessions for all scopes...
2026-07-05 13:43:25.245 [info] Got 1 sessions for ...
2026-07-05 13:43:25.247 [info] Getting sessions for read:user,repo,user:email,workflow...
2026-07-05 13:43:25.247 [info] Got 1 sessions for read:user,repo,user:email,workflow...
2026-07-05 13:43:25.949 [info] Getting sessions for all scopes...
2026-07-05 13:43:25.949 [info] Got 1 sessions for ...
2026-07-05 13:43:25.949 [info] Getting sessions for all scopes...
2026-07-05 13:43:25.949 [info] Got 1 sessions for ...
2026-07-05 13:43:25.951 [info] Getting sessions for read:user,repo,user:email,workflow...
2026-07-05 13:43:25.951 [info] Got 1 sessions for read:user,repo,user:email,workflow...
2026-07-05 13:46:42.074 [info] Getting sessions for all scopes...
2026-07-05 13:46:42.074 [info] Got 1 sessions for ...
2026-07-05 13:46:42.075 [info] Getting sessions for all scopes...
2026-07-05 13:46:42.075 [info] Got 1 sessions for ...
2026-07-05 13:46:42.706 [info] Getting sessions for all scopes...
2026-07-05 13:46:42.706 [info] Got 1 sessions for ...
2026-07-05 13:46:42.706 [info] Getting sessions for all scopes...
2026-07-05 13:46:42.706 [info] Got 1 sessions for ...
2026-07-05 13:46:43.076 [info] Getting sessions for all scopes...
2026-07-05 13:46:43.076 [info] Got 1 sessions for ...
2026-07-05 13:46:43.076 [info] Getting sessions for all scopes...
2026-07-05 13:46:43.076 [info] Got 1 sessions for ...
2026-07-05 13:46:47.535 [info] Getting sessions for all scopes...
2026-07-05 13:46:47.535 [info] Got 1 sessions for ...
2026-07-05 13:46:47.535 [info] Getting sessions for all scopes...
2026-07-05 13:46:47.535 [info] Got 1 sessions for ...
2026-07-05 13:47:12.051 [info] Getting sessions for all scopes...
2026-07-05 13:47:12.052 [info] Got 1 sessions for ...
2026-07-05 13:47:12.064 [info] Getting sessions for all scopes...
2026-07-05 13:47:12.064 [info] Got 1 sessions for ...
2026-07-05 13:48:42.699 [info] Getting sessions for all scopes...
2026-07-05 13:48:42.700 [info] Got 1 sessions for ...
2026-07-05 13:48:42.704 [info] Getting sessions for all scopes...
2026-07-05 13:48:42.704 [info] Got 1 sessions for ...
2026-07-05 13:49:59.028 [info] Getting sessions for all scopes...
2026-07-05 13:49:59.028 [info] Got 1 sessions for ...
2026-07-05 13:49:59.030 [info] Getting sessions for all scopes...
2026-07-05 13:49:59.030 [info] Got 1 sessions for ...
2026-07-05 13:49:59.451 [info] Getting sessions for all scopes...
2026-07-05 13:49:59.451 [info] Got 1 sessions for ...
2026-07-05 13:49:59.460 [info] Getting sessions for all scopes...
2026-07-05 13:49:59.460 [info] Got 1 sessions for ...
2026-07-05 13:49:59.768 [info] Getting sessions for all scopes...
2026-07-05 13:49:59.768 [info] Got 1 sessions for ...
2026-07-05 13:49:59.769 [info] Getting sessions for all scopes...
2026-07-05 13:49:59.769 [info] Got 1 sessions for ...
2026-07-05 13:51:05.106 [info] Getting sessions for all scopes...
2026-07-05 13:51:05.106 [info] Got 1 sessions for ...
2026-07-05 13:51:05.106 [info] Getting sessions for all scopes...
2026-07-05 13:51:05.106 [info] Got 1 sessions for ...
2026-07-05 13:51:05.992 [info] Getting sessions for all scopes...
2026-07-05 13:51:05.992 [info] Got 1 sessions for ...
2026-07-05 13:51:05.992 [info] Getting sessions for all scopes...
2026-07-05 13:51:05.992 [info] Got 1 sessions for ...
2026-07-05 13:57:03.634 [info] Getting sessions for all scopes...
2026-07-05 13:57:03.634 [info] Got 1 sessions for ...
2026-07-05 13:57:03.636 [info] Getting sessions for all scopes...
2026-07-05 13:57:03.636 [info] Got 1 sessions for ...
2026-07-05 13:57:21.534 [info] Getting sessions for all scopes...
2026-07-05 13:57:21.534 [info] Got 1 sessions for ...
2026-07-05 13:57:21.535 [info] Getting sessions for all scopes...
2026-07-05 13:57:21.535 [info] Got 1 sessions for ...
2026-07-05 14:08:55.842 [info] Getting sessions for all scopes...
2026-07-05 14:08:55.842 [info] Got 1 sessions for ...
2026-07-05 14:08:55.869 [info] Getting sessions for all scopes...
2026-07-05 14:08:55.869 [info] Got 1 sessions for ...
2026-07-05 14:09:33.553 [info] Getting sessions for all scopes...
2026-07-05 14:09:33.553 [info] Got 1 sessions for ...
2026-07-05 14:09:33.554 [info] Getting sessions for all scopes...
2026-07-05 14:09:33.554 [info] Got 1 sessions for ...
2026-07-05 14:10:11.964 [info] Getting sessions for all scopes...
2026-07-05 14:10:11.964 [info] Got 1 sessions for ...
2026-07-05 14:10:11.965 [info] Getting sessions for all scopes...
2026-07-05 14:10:11.965 [info] Got 1 sessions for ...
2026-07-05 14:10:12.520 [info] Getting sessions for all scopes...
2026-07-05 14:10:12.520 [info] Got 1 sessions for ...
2026-07-05 14:10:12.524 [info] Getting sessions for all scopes...
2026-07-05 14:10:12.524 [info] Got 1 sessions for ...
2026-07-05 14:10:13.660 [info] Getting sessions for all scopes...
2026-07-05 14:10:13.660 [info] Got 1 sessions for ...
2026-07-05 14:10:13.662 [info] Getting sessions for all scopes...
2026-07-05 14:10:13.662 [info] Got 1 sessions for ...
2026-07-05 14:10:19.752 [info] Getting sessions for all scopes...
2026-07-05 14:10:19.752 [info] Got 1 sessions for ...
2026-07-05 14:10:19.752 [info] Getting sessions for all scopes...
2026-07-05 14:10:19.752 [info] Got 1 sessions for ...
2026-07-05 17:39:26.806 [info] Getting sessions for all scopes...
2026-07-05 17:39:26.808 [info] Got 1 sessions for ...
2026-07-05 17:39:26.817 [info] Getting sessions for all scopes...
2026-07-05 17:39:26.817 [info] Got 1 sessions for ...
2026-07-05 17:39:29.981 [info] Getting sessions for all scopes...
2026-07-05 17:39:29.981 [info] Got 1 sessions for ...
2026-07-05 17:39:29.982 [info] Getting sessions for all scopes...
2026-07-05 17:39:29.982 [info] Got 1 sessions for ...
2026-07-05 17:39:34.043 [info] Getting sessions for all scopes...
2026-07-05 17:39:34.043 [info] Got 1 sessions for ...
2026-07-05 17:39:34.043 [info] Getting sessions for all scopes...
2026-07-05 17:39:34.043 [info] Got 1 sessions for ...
2026-07-05 17:39:35.515 [info] Getting sessions for all scopes...
2026-07-05 17:39:35.515 [info] Got 1 sessions for ...
2026-07-05 17:39:35.515 [info] Getting sessions for all scopes...
2026-07-05 17:39:35.515 [info] Got 1 sessions for ...
2026-07-05 17:39:44.192 [info] Getting sessions for all scopes...
2026-07-05 17:39:44.192 [info] Got 1 sessions for ...
2026-07-05 17:39:44.193 [info] Getting sessions for all scopes...
2026-07-05 17:39:44.193 [info] Got 1 sessions for ...
2026-07-05 17:41:19.090 [info] Getting sessions for all scopes...
2026-07-05 17:41:19.090 [info] Got 1 sessions for ...
2026-07-05 17:41:19.091 [info] Getting sessions for all scopes...
2026-07-05 17:41:19.091 [info] Got 1 sessions for ...
2026-07-05 17:41:21.859 [info] Getting sessions for all scopes...
2026-07-05 17:41:21.859 [info] Got 1 sessions for ...
2026-07-05 17:41:21.860 [info] Getting sessions for all scopes...
2026-07-05 17:41:21.860 [info] Got 1 sessions for ...
2026-07-05 17:41:50.801 [info] Getting sessions for all scopes...
2026-07-05 17:41:50.801 [info] Got 1 sessions for ...
2026-07-05 17:41:50.803 [info] Getting sessions for all scopes...
2026-07-05 17:41:50.803 [info] Got 1 sessions for ...
2026-07-05 17:43:20.863 [info] Getting sessions for all scopes...
2026-07-05 17:43:20.863 [info] Got 1 sessions for ...
2026-07-05 17:43:20.865 [info] Getting sessions for all scopes...
2026-07-05 17:43:20.866 [info] Got 1 sessions for ...
2026-07-05 17:44:20.534 [info] Getting sessions for all scopes...
2026-07-05 17:44:20.534 [info] Got 1 sessions for ...
2026-07-05 17:44:20.537 [info] Getting sessions for all scopes...
2026-07-05 17:44:20.537 [info] Got 1 sessions for ...
2026-07-05 17:44:21.768 [info] Getting sessions for all scopes...
2026-07-05 17:44:21.768 [info] Got 1 sessions for ...
2026-07-05 17:44:21.803 [info] Getting sessions for all scopes...
2026-07-05 17:44:21.803 [info] Got 1 sessions for ...
2026-07-05 17:46:10.073 [info] Getting sessions for all scopes...
2026-07-05 17:46:10.073 [info] Got 1 sessions for ...
2026-07-05 17:46:10.073 [info] Getting sessions for all scopes...
2026-07-05 17:46:10.073 [info] Got 1 sessions for ...
2026-07-05 17:46:24.349 [info] Getting sessions for all scopes...
2026-07-05 17:46:24.349 [info] Got 1 sessions for ...
2026-07-05 17:46:24.352 [info] Getting sessions for all scopes...
2026-07-05 17:46:24.352 [info] Got 1 sessions for ...
2026-07-05 17:46:26.743 [info] Getting sessions for all scopes...
2026-07-05 17:46:26.743 [info] Got 1 sessions for ...
2026-07-05 17:46:26.745 [info] Getting sessions for all scopes...
2026-07-05 17:46:26.745 [info] Got 1 sessions for ...
2026-07-05 17:48:08.875 [info] Getting sessions for all scopes...
2026-07-05 17:48:08.875 [info] Got 1 sessions for ...
2026-07-05 17:48:08.875 [info] Getting sessions for all scopes...
2026-07-05 17:48:08.875 [info] Got 1 sessions for ...
2026-07-05 17:48:10.515 [info] Getting sessions for all scopes...
2026-07-05 17:48:10.515 [info] Got 1 sessions for ...
2026-07-05 17:48:10.515 [info] Getting sessions for all scopes...
2026-07-05 17:48:10.515 [info] Got 1 sessions for ...
2026-07-05 17:48:29.719 [info] Getting sessions for all scopes...
2026-07-05 17:48:29.719 [info] Got 1 sessions for ...
2026-07-05 17:48:29.720 [info] Getting sessions for all scopes...
2026-07-05 17:48:29.720 [info] Got 1 sessions for ...
2026-07-05 17:48:57.010 [info] Getting sessions for all scopes...
2026-07-05 17:48:57.010 [info] Got 1 sessions for ...
2026-07-05 17:48:57.012 [info] Getting sessions for all scopes...
2026-07-05 17:48:57.012 [info] Got 1 sessions for ...
2026-07-05 17:52:08.037 [info] Getting sessions for all scopes...
2026-07-05 17:52:08.037 [info] Got 1 sessions for ...
2026-07-05 17:52:08.038 [info] Getting sessions for all scopes...
2026-07-05 17:52:08.038 [info] Got 1 sessions for ...
2026-07-05 17:52:10.005 [info] Getting sessions for all scopes...
2026-07-05 17:52:10.005 [info] Got 1 sessions for ...
2026-07-05 17:52:10.011 [info] Getting sessions for all scopes...
2026-07-05 17:52:10.011 [info] Got 1 sessions for ...
2026-07-05 17:54:20.439 [info] Getting sessions for all scopes...
2026-07-05 17:54:20.439 [info] Got 1 sessions for ...
2026-07-05 17:54:20.439 [info] Getting sessions for all scopes...
2026-07-05 17:54:20.439 [info] Got 1 sessions for ...
2026-07-05 17:54:22.892 [info] Getting sessions for all scopes...
2026-07-05 17:54:22.892 [info] Got 1 sessions for ...
2026-07-05 17:54:22.893 [info] Getting sessions for all scopes...
2026-07-05 17:54:22.893 [info] Got 1 sessions for ...
2026-07-05 17:54:23.534 [info] Getting sessions for all scopes...
2026-07-05 17:54:23.534 [info] Got 1 sessions for ...
2026-07-05 17:54:23.535 [info] Getting sessions for all scopes...
2026-07-05 17:54:23.535 [info] Got 1 sessions for ...
2026-07-05 17:54:24.038 [info] Getting sessions for all scopes...
2026-07-05 17:54:24.038 [info] Got 1 sessions for ...
2026-07-05 17:54:24.057 [info] Getting sessions for all scopes...
2026-07-05 17:54:24.057 [info] Got 1 sessions for ...
2026-07-05 17:54:24.341 [info] Getting sessions for all scopes...
2026-07-05 17:54:24.341 [info] Got 1 sessions for ...
2026-07-05 17:54:24.342 [info] Getting sessions for all scopes...
2026-07-05 17:54:24.342 [info] Got 1 sessions for ...
2026-07-05 17:54:24.676 [info] Getting sessions for all scopes...
2026-07-05 17:54:24.676 [info] Got 1 sessions for ...
2026-07-05 17:54:24.676 [info] Getting sessions for all scopes...
2026-07-05 17:54:24.676 [info] Got 1 sessions for ...
2026-07-05 17:54:25.131 [info] Getting sessions for all scopes...
2026-07-05 17:54:25.131 [info] Got 1 sessions for ...
2026-07-05 17:54:25.133 [info] Getting sessions for all scopes...
2026-07-05 17:54:25.133 [info] Got 1 sessions for ...
2026-07-05 17:54:25.671 [info] Getting sessions for all scopes...
2026-07-05 17:54:25.671 [info] Got 1 sessions for ...
2026-07-05 17:54:25.672 [info] Getting sessions for all scopes...
2026-07-05 17:54:25.672 [info] Got 1 sessions for ...
2026-07-05 17:56:27.351 [info] Getting sessions for all scopes...
2026-07-05 17:56:27.351 [info] Got 1 sessions for ...
2026-07-05 17:56:27.351 [info] Getting sessions for all scopes...
2026-07-05 17:56:27.351 [info] Got 1 sessions for ...
2026-07-05 17:59:01.630 [info] Getting sessions for all scopes...
2026-07-05 17:59:01.630 [info] Got 1 sessions for ...
2026-07-05 17:59:01.631 [info] Getting sessions for all scopes...
2026-07-05 17:59:01.631 [info] Got 1 sessions for ...
2026-07-05 18:01:14.670 [info] Getting sessions for all scopes...
2026-07-05 18:01:14.670 [info] Got 1 sessions for ...
2026-07-05 18:01:14.671 [info] Getting sessions for all scopes...
2026-07-05 18:01:14.671 [info] Got 1 sessions for ...
2026-07-05 18:01:16.485 [info] Getting sessions for all scopes...
2026-07-05 18:01:16.485 [info] Got 1 sessions for ...
2026-07-05 18:01:16.485 [info] Getting sessions for all scopes...
2026-07-05 18:01:16.485 [info] Got 1 sessions for ...
2026-07-05 18:04:12.148 [info] Getting sessions for all scopes...
2026-07-05 18:04:12.148 [info] Got 1 sessions for ...
2026-07-05 18:04:12.149 [info] Getting sessions for all scopes...
2026-07-05 18:04:12.149 [info] Got 1 sessions for ...
2026-07-05 18:04:13.009 [info] Getting sessions for all scopes...
2026-07-05 18:04:13.009 [info] Got 1 sessions for ...
2026-07-05 18:04:13.010 [info] Getting sessions for all scopes...
2026-07-05 18:04:13.010 [info] Got 1 sessions for ...
2026-07-05 18:04:14.788 [info] Getting sessions for all scopes...
2026-07-05 18:04:14.788 [info] Got 1 sessions for ...
2026-07-05 18:04:14.789 [info] Getting sessions for all scopes...
2026-07-05 18:04:14.789 [info] Got 1 sessions for ...
2026-07-05 18:07:36.362 [info] Getting sessions for all scopes...
2026-07-05 18:07:36.362 [info] Got 1 sessions for ...
2026-07-05 18:07:36.362 [info] Getting sessions for all scopes...
2026-07-05 18:07:36.362 [info] Got 1 sessions for ...
2026-07-05 18:09:57.378 [info] Getting sessions for all scopes...
2026-07-05 18:09:57.378 [info] Got 1 sessions for ...
2026-07-05 18:09:57.378 [info] Getting sessions for all scopes...
2026-07-05 18:09:57.378 [info] Got 1 sessions for ...
2026-07-05 18:10:09.046 [info] Getting sessions for all scopes...
2026-07-05 18:10:09.046 [info] Got 1 sessions for ...
2026-07-05 18:10:09.047 [info] Getting sessions for all scopes...
2026-07-05 18:10:09.047 [info] Got 1 sessions for ...
2026-07-05 18:15:06.114 [info] Getting sessions for all scopes...
2026-07-05 18:15:06.114 [info] Got 1 sessions for ...
2026-07-05 18:15:06.118 [info] Getting sessions for all scopes...
2026-07-05 18:15:06.118 [info] Got 1 sessions for ...
2026-07-05 18:15:12.592 [info] Getting sessions for all scopes...
2026-07-05 18:15:12.592 [info] Got 1 sessions for ...
2026-07-05 18:15:12.592 [info] Getting sessions for all scopes...
2026-07-05 18:15:12.592 [info] Got 1 sessions for ...
2026-07-05 18:15:15.077 [info] Getting sessions for all scopes...
2026-07-05 18:15:15.077 [info] Got 1 sessions for ...
2026-07-05 18:15:15.078 [info] Getting sessions for all scopes...
2026-07-05 18:15:15.078 [info] Got 1 sessions for ...
2026-07-05 18:17:13.358 [info] Getting sessions for all scopes...
2026-07-05 18:17:13.358 [info] Got 1 sessions for ...
2026-07-05 18:17:13.358 [info] Getting sessions for all scopes...
2026-07-05 18:17:13.358 [info] Got 1 sessions for ...
2026-07-05 18:17:14.528 [info] Getting sessions for all scopes...
2026-07-05 18:17:14.528 [info] Got 1 sessions for ...
2026-07-05 18:17:14.648 [info] Getting sessions for all scopes...
2026-07-05 18:17:14.648 [info] Got 1 sessions for ...
2026-07-05 18:17:20.961 [info] Getting sessions for all scopes...
2026-07-05 18:17:20.961 [info] Got 1 sessions for ...
2026-07-05 18:17:20.965 [info] Getting sessions for all scopes...
2026-07-05 18:17:20.965 [info] Got 1 sessions for ...
2026-07-05 18:23:52.306 [info] Getting sessions for all scopes...
2026-07-05 18:23:52.307 [info] Got 1 sessions for ...
2026-07-05 18:23:52.307 [info] Getting sessions for all scopes...
2026-07-05 18:23:52.307 [info] Got 1 sessions for ...
2026-07-05 18:30:51.382 [info] Getting sessions for all scopes...
2026-07-05 18:30:51.382 [info] Got 1 sessions for ...
2026-07-05 18:30:51.420 [info] Getting sessions for all scopes...
2026-07-05 18:30:51.420 [info] Got 1 sessions for ...
2026-07-05 18:43:14.774 [info] Getting sessions for all scopes...
2026-07-05 18:43:14.774 [info] Got 1 sessions for ...
2026-07-05 18:43:14.776 [info] Getting sessions for all scopes...
2026-07-05 18:43:14.776 [info] Got 1 sessions for ...
2026-07-05 18:56:38.518 [info] Getting sessions for all scopes...
2026-07-05 18:56:38.518 [info] Got 1 sessions for ...
2026-07-05 18:56:38.519 [info] Getting sessions for all scopes...
2026-07-05 18:56:38.519 [info] Got 1 sessions for ...
2026-07-05 18:56:53.703 [info] Getting sessions for all scopes...
2026-07-05 18:56:53.703 [info] Got 1 sessions for ...
2026-07-05 18:56:53.704 [info] Getting sessions for all scopes...
2026-07-05 18:56:53.704 [info] Got 1 sessions for ...
2026-07-05 19:47:23.382 [info] Getting sessions for all scopes...
2026-07-05 19:47:23.382 [info] Got 1 sessions for ...
2026-07-05 19:47:23.384 [info] Getting sessions for all scopes...
2026-07-05 19:47:23.384 [info] Got 1 sessions for ...
2026-07-05 22:30:07.345 [info] Getting sessions for all scopes...
2026-07-05 22:30:07.345 [info] Got 1 sessions for ...
2026-07-05 22:30:07.345 [info] Getting sessions for all scopes...
2026-07-05 22:30:07.345 [info] Got 1 sessions for ...
2026-07-05 22:30:10.877 [info] Getting sessions for all scopes...
2026-07-05 22:30:10.877 [info] Got 1 sessions for ...
2026-07-05 22:30:10.878 [info] Getting sessions for all scopes...
2026-07-05 22:30:10.878 [info] Got 1 sessions for ...
2026-07-05 22:30:17.581 [info] Getting sessions for all scopes...
2026-07-05 22:30:17.581 [info] Got 1 sessions for ...
2026-07-05 22:30:17.583 [info] Getting sessions for all scopes...
2026-07-05 22:30:17.583 [info] Got 1 sessions for ...
2026-07-05 22:30:17.916 [info] Getting sessions for all scopes...
2026-07-05 22:30:17.916 [info] Got 1 sessions for ...
2026-07-05 22:30:17.918 [info] Getting sessions for all scopes...
2026-07-05 22:30:17.918 [info] Got 1 sessions for ...
2026-07-05 22:30:20.708 [info] Getting sessions for all scopes...
2026-07-05 22:30:20.708 [info] Got 1 sessions for ...
2026-07-05 22:30:20.709 [info] Getting sessions for all scopes...
2026-07-05 22:30:20.709 [info] Got 1 sessions for ...
2026-07-05 22:30:32.173 [info] Getting sessions for all scopes...
2026-07-05 22:30:32.173 [info] Got 1 sessions for ...
2026-07-05 22:30:32.174 [info] Getting sessions for all scopes...
2026-07-05 22:30:32.174 [info] Got 1 sessions for ...
2026-07-05 22:31:31.254 [info] Getting sessions for all scopes...
2026-07-05 22:31:31.254 [info] Got 1 sessions for ...
2026-07-05 22:31:31.255 [info] Getting sessions for all scopes...
2026-07-05 22:31:31.255 [info] Got 1 sessions for ...
2026-07-05 22:31:51.850 [info] Getting sessions for all scopes...
2026-07-05 22:31:51.850 [info] Got 1 sessions for ...
2026-07-05 22:31:51.851 [info] Getting sessions for all scopes...
2026-07-05 22:31:51.851 [info] Got 1 sessions for ...
