2026-07-06 08:45:09.235 [info] [main] Log level: Info
2026-07-06 08:45:09.235 [info] [main] Validating found git in: "git"
2026-07-06 08:45:09.235 [info] [main] Using git "2.55.0" from "git"
2026-07-06 08:45:09.235 [info] [Model][doInitialScan] Initial repository scan started
2026-07-06 08:45:09.235 [info] > git rev-parse --show-toplevel [2ms]
2026-07-06 08:45:09.235 [info] > git rev-parse --path-format=relative --show-toplevel [15ms]
2026-07-06 08:45:09.246 [info] > git rev-parse --show-toplevel [3ms]
2026-07-06 08:45:09.252 [info] > git rev-parse --path-format=relative --show-toplevel [1ms]
2026-07-06 08:45:09.262 [info] > git rev-parse --show-toplevel [1ms]
2026-07-06 08:45:09.269 [info] > git rev-parse --path-format=relative --show-toplevel [1ms]
2026-07-06 08:45:09.278 [info] > git rev-parse --show-toplevel [2ms]
2026-07-06 08:45:09.294 [info] > git rev-parse --path-format=relative --show-toplevel [10ms]
2026-07-06 08:45:09.306 [info] > git rev-parse --show-toplevel [3ms]
2026-07-06 08:45:09.316 [info] > git rev-parse --path-format=relative --show-toplevel [4ms]
2026-07-06 08:45:09.327 [info] > git rev-parse --show-toplevel [1ms]
2026-07-06 08:45:10.683 [info] > git rev-parse --path-format=relative --show-toplevel [1350ms]
2026-07-06 08:45:11.002 [info] > git rev-parse --show-toplevel [73ms]
2026-07-06 08:45:11.036 [info] > git rev-parse --path-format=relative --show-toplevel [27ms]
2026-07-06 08:45:11.075 [info] > git rev-parse --show-toplevel [3ms]
2026-07-06 08:45:11.205 [info] > git rev-parse --path-format=relative --show-toplevel [123ms]
2026-07-06 08:45:11.281 [info] > git rev-parse --show-toplevel [4ms]
2026-07-06 08:45:11.311 [info] > git rev-parse --path-format=relative --show-toplevel [24ms]
2026-07-06 08:45:11.319 [info] > git rev-parse --show-toplevel [2ms]
2026-07-06 08:45:11.371 [info] > git rev-parse --path-format=relative --show-toplevel [45ms]
2026-07-06 08:45:11.386 [info] > git rev-parse --show-toplevel [3ms]
2026-07-06 08:45:11.394 [info] > git rev-parse --path-format=relative --show-toplevel [2ms]
2026-07-06 08:45:11.405 [info] > git rev-parse --show-toplevel [4ms]
2026-07-06 08:45:11.412 [info] > git rev-parse --path-format=relative --show-toplevel [1ms]
2026-07-06 08:45:11.415 [info] [Model][doInitialScan] Initial repository scan completed - repositories (0), closed repositories (0), parent repositories (1), unsafe repositories (0)
2026-07-06 08:45:11.426 [info] > git rev-parse --show-toplevel [1ms]
2026-07-06 08:45:11.433 [info] > git rev-parse --path-format=relative --show-toplevel [1ms]
2026-07-06 08:45:11.442 [info] > git rev-parse --show-toplevel [1ms]
2026-07-06 08:45:11.451 [info] > git rev-parse --path-format=relative --show-toplevel [3ms]
2026-07-06 08:45:11.459 [info] > git rev-parse --show-toplevel [1ms]
2026-07-06 08:45:11.467 [info] > git rev-parse --path-format=relative --show-toplevel [2ms]
2026-07-06 08:45:11.487 [info] > git rev-parse --show-toplevel [1ms]
2026-07-06 08:45:11.493 [info] > git rev-parse --path-format=relative --show-toplevel [1ms]
2026-07-06 08:45:11.503 [info] > git rev-parse --show-toplevel [3ms]
2026-07-06 08:45:11.511 [info] > git rev-parse --path-format=relative --show-toplevel [1ms]
2026-07-06 08:45:12.941 [info] > git rev-parse --show-toplevel [42ms]
2026-07-06 08:45:13.041 [info] > git rev-parse --path-format=relative --show-toplevel [92ms]
2026-07-06 08:45:13.193 [info] > git rev-parse --show-toplevel [12ms]
2026-07-06 08:45:13.208 [info] > git rev-parse --path-format=relative --show-toplevel [6ms]
2026-07-06 08:45:13.437 [info] > git rev-parse --show-toplevel [3ms]
2026-07-06 08:45:13.437 [info] fatal: not a git repository (or any parent up to mount point /)
Stopping at filesystem boundary (GIT_DISCOVERY_ACROSS_FILESYSTEM not set).
2026-07-06 08:45:13.450 [info] > git rev-parse --show-toplevel [1ms]
2026-07-06 08:45:13.450 [info] fatal: not a git repository (or any parent up to mount point /)
Stopping at filesystem boundary (GIT_DISCOVERY_ACROSS_FILESYSTEM not set).
2026-07-06 08:45:14.014 [info] > git rev-parse --show-toplevel [4ms]
2026-07-06 08:45:14.023 [info] > git rev-parse --path-format=relative --show-toplevel [2ms]
2026-07-06 08:48:26.731 [info] > git rev-parse --show-toplevel [3ms]
2026-07-06 08:48:26.739 [info] > git rev-parse --path-format=relative --show-toplevel [1ms]
2026-07-06 08:48:41.451 [info] > git rev-parse --show-toplevel [2ms]
2026-07-06 08:48:41.459 [info] > git rev-parse --path-format=relative --show-toplevel [1ms]
