2026-07-05 10:56:21.781 [info] [main] Log level: Info
2026-07-05 10:56:21.781 [info] [main] Validating found git in: "git"
2026-07-05 10:56:21.781 [info] [main] Using git "2.55.0" from "git"
2026-07-05 10:56:21.781 [info] [Model][doInitialScan] Initial repository scan started
2026-07-05 10:56:21.781 [info] > git rev-parse --show-toplevel [5ms]
2026-07-05 10:56:21.781 [info] > git rev-parse --path-format=relative --show-toplevel [3ms]
2026-07-05 10:56:21.782 [info] > git rev-parse --show-toplevel [1ms]
2026-07-05 10:56:22.796 [info] > git rev-parse --path-format=relative --show-toplevel [1011ms]
2026-07-05 10:56:23.067 [info] > git rev-parse --show-toplevel [56ms]
2026-07-05 10:56:23.089 [info] > git rev-parse --path-format=relative --show-toplevel [17ms]
2026-07-05 10:56:23.113 [info] > git rev-parse --show-toplevel [1ms]
2026-07-05 10:56:23.250 [info] > git rev-parse --path-format=relative --show-toplevel [132ms]
2026-07-05 10:56:23.274 [info] > git rev-parse --show-toplevel [3ms]
2026-07-05 10:56:23.306 [info] > git rev-parse --path-format=relative --show-toplevel [28ms]
2026-07-05 10:56:23.316 [info] > git rev-parse --show-toplevel [1ms]
2026-07-05 10:56:23.323 [info] > git rev-parse --path-format=relative --show-toplevel [2ms]
2026-07-05 10:56:23.330 [info] > git rev-parse --show-toplevel [2ms]
2026-07-05 10:56:23.367 [info] > git rev-parse --path-format=relative --show-toplevel [34ms]
2026-07-05 10:56:23.434 [info] > git rev-parse --show-toplevel [5ms]
2026-07-05 10:56:23.440 [info] > git rev-parse --path-format=relative --show-toplevel [2ms]
2026-07-05 10:56:23.448 [info] > git rev-parse --show-toplevel [3ms]
2026-07-05 10:56:23.453 [info] > git rev-parse --path-format=relative --show-toplevel [2ms]
2026-07-05 10:56:23.456 [info] [Model][doInitialScan] Initial repository scan completed - repositories (0), closed repositories (0), parent repositories (1), unsafe repositories (0)
2026-07-05 10:56:23.462 [info] > git rev-parse --show-toplevel [1ms]
2026-07-05 10:56:23.468 [info] > git rev-parse --path-format=relative --show-toplevel [2ms]
2026-07-05 10:56:23.474 [info] > git rev-parse --show-toplevel [2ms]
2026-07-05 10:56:23.479 [info] > git rev-parse --path-format=relative --show-toplevel [0ms]
2026-07-05 10:56:23.493 [info] > git rev-parse --show-toplevel [8ms]
2026-07-05 10:56:23.501 [info] > git rev-parse --path-format=relative --show-toplevel [3ms]
2026-07-05 10:56:23.506 [info] > git rev-parse --show-toplevel [1ms]
2026-07-05 10:56:23.512 [info] > git rev-parse --path-format=relative --show-toplevel [1ms]
2026-07-05 10:56:23.518 [info] > git rev-parse --show-toplevel [1ms]
2026-07-05 10:56:23.522 [info] > git rev-parse --path-format=relative --show-toplevel [1ms]
2026-07-05 10:56:23.528 [info] > git rev-parse --show-toplevel [1ms]
2026-07-05 10:56:23.533 [info] > git rev-parse --path-format=relative --show-toplevel [0ms]
2026-07-05 10:56:24.180 [info] > git rev-parse --show-toplevel [7ms]
2026-07-05 10:56:24.395 [info] > git rev-parse --path-format=relative --show-toplevel [211ms]
2026-07-05 10:56:24.688 [info] > git rev-parse --show-toplevel [1ms]
2026-07-05 10:56:24.688 [info] fatal: not a git repository (or any parent up to mount point /)
Stopping at filesystem boundary (GIT_DISCOVERY_ACROSS_FILESYSTEM not set).
2026-07-05 10:56:24.693 [info] > git rev-parse --show-toplevel [1ms]
2026-07-05 10:56:24.693 [info] fatal: not a git repository (or any parent up to mount point /)
Stopping at filesystem boundary (GIT_DISCOVERY_ACROSS_FILESYSTEM not set).
2026-07-05 10:56:46.253 [info] > git rev-parse --show-toplevel [2ms]
2026-07-05 10:56:46.261 [info] > git rev-parse --path-format=relative --show-toplevel [2ms]
