2026-06-21 08:17:13.169 [info] [main] Log level: Info
2026-06-21 08:17:13.169 [info] [main] Validating found git in: "git"
2026-06-21 08:17:13.169 [info] [main] Using git "2.54.0" from "git"
2026-06-21 08:17:13.169 [info] [Model][doInitialScan] Initial repository scan started
2026-06-21 08:17:13.169 [info] > git rev-parse --show-toplevel [8ms]
2026-06-21 08:17:13.169 [info] fatal: not a git repository (or any parent up to mount point /)
Stopping at filesystem boundary (GIT_DISCOVERY_ACROSS_FILESYSTEM not set).
2026-06-21 08:17:13.169 [info] > git rev-parse --show-toplevel [4ms]
2026-06-21 08:17:13.169 [info] fatal: not a git repository (or any parent up to mount point /)
Stopping at filesystem boundary (GIT_DISCOVERY_ACROSS_FILESYSTEM not set).
2026-06-21 08:17:13.336 [info] > git rev-parse --show-toplevel [58ms]
2026-06-21 08:17:13.337 [info] fatal: not a git repository (or any parent up to mount point /)
Stopping at filesystem boundary (GIT_DISCOVERY_ACROSS_FILESYSTEM not set).
2026-06-21 08:17:13.500 [info] > git rev-parse --show-toplevel [27ms]
2026-06-21 08:17:13.500 [info] fatal: not a git repository (or any parent up to mount point /)
Stopping at filesystem boundary (GIT_DISCOVERY_ACROSS_FILESYSTEM not set).
2026-06-21 08:17:13.555 [info] > git rev-parse --show-toplevel [28ms]
2026-06-21 08:17:13.555 [info] fatal: not a git repository (or any parent up to mount point /)
Stopping at filesystem boundary (GIT_DISCOVERY_ACROSS_FILESYSTEM not set).
2026-06-21 08:17:13.632 [info] > git rev-parse --show-toplevel [10ms]
2026-06-21 08:17:13.632 [info] fatal: not a git repository (or any parent up to mount point /)
Stopping at filesystem boundary (GIT_DISCOVERY_ACROSS_FILESYSTEM not set).
2026-06-21 08:17:13.707 [info] > git rev-parse --show-toplevel [69ms]
2026-06-21 08:17:13.707 [info] fatal: not a git repository (or any parent up to mount point /)
Stopping at filesystem boundary (GIT_DISCOVERY_ACROSS_FILESYSTEM not set).
2026-06-21 08:17:13.710 [info] [Model][doInitialScan] Initial repository scan completed - repositories (0), closed repositories (0), parent repositories (0), unsafe repositories (0)
2026-06-21 08:17:13.719 [info] > git rev-parse --show-toplevel [1ms]
2026-06-21 08:17:13.719 [info] fatal: not a git repository (or any parent up to mount point /)
Stopping at filesystem boundary (GIT_DISCOVERY_ACROSS_FILESYSTEM not set).
2026-06-21 08:17:13.751 [info] > git rev-parse --show-toplevel [26ms]
2026-06-21 08:17:13.751 [info] fatal: not a git repository (or any parent up to mount point /)
Stopping at filesystem boundary (GIT_DISCOVERY_ACROSS_FILESYSTEM not set).
2026-06-21 08:17:13.757 [info] > git rev-parse --show-toplevel [2ms]
2026-06-21 08:17:13.757 [info] fatal: not a git repository (or any parent up to mount point /)
Stopping at filesystem boundary (GIT_DISCOVERY_ACROSS_FILESYSTEM not set).
2026-06-21 08:17:13.764 [info] > git rev-parse --show-toplevel [2ms]
2026-06-21 08:17:13.764 [info] fatal: not a git repository (or any parent up to mount point /)
Stopping at filesystem boundary (GIT_DISCOVERY_ACROSS_FILESYSTEM not set).
2026-06-21 08:17:13.771 [info] > git rev-parse --show-toplevel [3ms]
2026-06-21 08:17:13.771 [info] fatal: not a git repository (or any parent up to mount point /)
Stopping at filesystem boundary (GIT_DISCOVERY_ACROSS_FILESYSTEM not set).
2026-06-21 08:17:14.657 [info] > git rev-parse --show-toplevel [12ms]
2026-06-21 08:17:14.657 [info] fatal: not a git repository (or any parent up to mount point /)
Stopping at filesystem boundary (GIT_DISCOVERY_ACROSS_FILESYSTEM not set).
2026-06-21 08:17:15.276 [info] > git rev-parse --show-toplevel [1ms]
2026-06-21 08:17:15.276 [info] fatal: not a git repository (or any parent up to mount point /)
Stopping at filesystem boundary (GIT_DISCOVERY_ACROSS_FILESYSTEM not set).
