2026-07-01 13:16:56.405 [info] Reading sessions from keychain...
2026-07-01 13:16:56.405 [info] Getting sessions for all scopes...
2026-07-01 13:16:56.646 [info] Got stored sessions!
2026-07-01 13:16:56.647 [info] Got 1 verified sessions.
2026-07-01 13:16:56.647 [info] Got 1 sessions for ...
2026-07-01 13:16:56.647 [info] Getting sessions for all scopes...
2026-07-01 13:16:56.647 [info] Got 1 sessions for ...
2026-07-01 13:16:56.965 [info] Getting sessions for all scopes...
2026-07-01 13:16:56.965 [info] Got 1 sessions for ...
2026-07-01 13:16:57.315 [info] Getting sessions for all scopes...
2026-07-01 13:16:57.315 [info] Got 1 sessions for ...
2026-07-01 13:16:58.677 [info] Getting sessions for all scopes...
2026-07-01 13:16:58.677 [info] Got 1 sessions for ...
2026-07-01 13:16:58.677 [info] Getting sessions for all scopes...
2026-07-01 13:16:58.677 [info] Got 1 sessions for ...
2026-07-01 13:16:58.773 [info] Getting sessions for all scopes...
2026-07-01 13:16:58.773 [info] Got 1 sessions for ...
2026-07-01 13:16:58.859 [info] Getting sessions for read:user,repo,user:email,workflow...
2026-07-01 13:16:58.860 [info] Got 1 sessions for read:user,repo,user:email,workflow...
2026-07-01 13:16:58.963 [info] Getting sessions for all scopes...
2026-07-01 13:16:58.963 [info] Got 1 sessions for ...
2026-07-01 13:16:58.965 [info] Getting sessions for read:user,repo,user:email,workflow...
2026-07-01 13:16:58.965 [info] Got 1 sessions for read:user,repo,user:email,workflow...
2026-07-01 13:16:58.983 [info] FetcherService: Electron fetch failed with status: 429 
2026-07-01 13:16:58.991 [info] Unable to resolve optional EDU details. Status: 429 
2026-07-01 13:16:59.844 [info] Getting sessions for all scopes...
2026-07-01 13:16:59.844 [info] Got 1 sessions for ...
2026-07-01 13:16:59.845 [info] Getting sessions for all scopes...
2026-07-01 13:16:59.845 [info] Got 1 sessions for ...
2026-07-01 13:17:00.189 [info] Getting sessions for all scopes...
2026-07-01 13:17:00.189 [info] Got 1 sessions for ...
2026-07-01 13:17:00.190 [info] Getting sessions for read:user,repo,user:email,workflow...
2026-07-01 13:17:00.190 [info] Got 1 sessions for read:user,repo,user:email,workflow...
2026-07-01 13:17:00.254 [info] Getting sessions for all scopes...
2026-07-01 13:17:00.254 [info] Got 1 sessions for ...
2026-07-01 13:17:00.492 [info] Getting sessions for all scopes...
2026-07-01 13:17:00.492 [info] Got 1 sessions for ...
2026-07-01 13:17:00.493 [info] Getting sessions for read:user,repo,user:email,workflow...
2026-07-01 13:17:00.493 [info] Got 1 sessions for read:user,repo,user:email,workflow...
2026-07-01 13:17:00.505 [info] Getting sessions for all scopes...
2026-07-01 13:17:00.505 [info] Got 1 sessions for ...
2026-07-01 13:17:00.506 [info] Getting sessions for read:user,repo,user:email,workflow...
2026-07-01 13:17:00.506 [info] Got 1 sessions for read:user,repo,user:email,workflow...
2026-07-01 13:17:00.801 [info] Getting sessions for all scopes...
2026-07-01 13:17:00.801 [info] Got 1 sessions for ...
2026-07-01 13:17:00.808 [info] Getting sessions for read:user,repo,user:email,workflow...
2026-07-01 13:17:00.808 [info] Got 1 sessions for read:user,repo,user:email,workflow...
2026-07-01 13:17:02.852 [info] Getting sessions for all scopes...
2026-07-01 13:17:02.853 [info] Got 1 sessions for ...
2026-07-01 13:17:02.853 [info] Getting sessions for all scopes...
2026-07-01 13:17:02.853 [info] Got 1 sessions for ...
2026-07-01 13:17:05.460 [info] Getting sessions for all scopes...
2026-07-01 13:17:05.460 [info] Got 1 sessions for ...
2026-07-01 13:17:05.460 [info] Getting sessions for all scopes...
2026-07-01 13:17:05.460 [info] Got 1 sessions for ...
2026-07-01 13:17:08.771 [info] Getting sessions for all scopes...
2026-07-01 13:17:08.771 [info] Got 1 sessions for ...
2026-07-01 13:17:08.771 [info] Getting sessions for all scopes...
2026-07-01 13:17:08.771 [info] Got 1 sessions for ...
2026-07-01 13:17:14.426 [info] Getting sessions for all scopes...
2026-07-01 13:17:14.426 [info] Got 1 sessions for ...
2026-07-01 13:17:14.427 [info] Getting sessions for all scopes...
2026-07-01 13:17:14.427 [info] Got 1 sessions for ...
2026-07-01 13:17:28.330 [info] Getting sessions for all scopes...
2026-07-01 13:17:28.330 [info] Got 1 sessions for ...
2026-07-01 13:17:28.331 [info] Getting sessions for all scopes...
2026-07-01 13:17:28.331 [info] Got 1 sessions for ...
2026-07-01 13:17:29.362 [info] Getting sessions for all scopes...
2026-07-01 13:17:29.362 [info] Got 1 sessions for ...
2026-07-01 13:17:29.363 [info] Getting sessions for all scopes...
2026-07-01 13:17:29.363 [info] Got 1 sessions for ...
2026-07-01 13:18:28.267 [info] Getting sessions for all scopes...
2026-07-01 13:18:28.267 [info] Got 1 sessions for ...
2026-07-01 13:18:28.273 [info] Getting sessions for all scopes...
2026-07-01 13:18:28.273 [info] Got 1 sessions for ...
2026-07-01 13:18:28.647 [info] Getting sessions for all scopes...
2026-07-01 13:18:28.647 [info] Got 1 sessions for ...
2026-07-01 13:18:28.649 [info] Getting sessions for all scopes...
2026-07-01 13:18:28.649 [info] Got 1 sessions for ...
2026-07-01 13:18:28.929 [info] Getting sessions for all scopes...
2026-07-01 13:18:28.929 [info] Got 1 sessions for ...
2026-07-01 13:18:28.931 [info] Getting sessions for all scopes...
2026-07-01 13:18:28.931 [info] Got 1 sessions for ...
2026-07-01 13:18:29.314 [info] Getting sessions for all scopes...
2026-07-01 13:18:29.314 [info] Got 1 sessions for ...
2026-07-01 13:18:29.315 [info] Getting sessions for all scopes...
2026-07-01 13:18:29.315 [info] Got 1 sessions for ...
2026-07-01 13:18:29.767 [info] Getting sessions for all scopes...
2026-07-01 13:18:29.767 [info] Got 1 sessions for ...
2026-07-01 13:18:29.767 [info] Getting sessions for all scopes...
2026-07-01 13:18:29.767 [info] Got 1 sessions for ...
2026-07-01 13:18:30.150 [info] Getting sessions for all scopes...
2026-07-01 13:18:30.150 [info] Got 1 sessions for ...
2026-07-01 13:18:30.153 [info] Getting sessions for all scopes...
2026-07-01 13:18:30.153 [info] Got 1 sessions for ...
2026-07-01 13:18:30.544 [info] Getting sessions for all scopes...
2026-07-01 13:18:30.544 [info] Got 1 sessions for ...
2026-07-01 13:18:30.545 [info] Getting sessions for all scopes...
2026-07-01 13:18:30.545 [info] Got 1 sessions for ...
2026-07-01 13:18:30.964 [info] Getting sessions for all scopes...
2026-07-01 13:18:30.964 [info] Got 1 sessions for ...
2026-07-01 13:18:30.968 [info] Getting sessions for all scopes...
2026-07-01 13:18:30.968 [info] Got 1 sessions for ...
2026-07-01 13:18:31.383 [info] Getting sessions for all scopes...
2026-07-01 13:18:31.383 [info] Got 1 sessions for ...
2026-07-01 13:18:31.385 [info] Getting sessions for all scopes...
2026-07-01 13:18:31.385 [info] Got 1 sessions for ...
2026-07-01 13:18:31.821 [info] Getting sessions for all scopes...
2026-07-01 13:18:31.821 [info] Got 1 sessions for ...
2026-07-01 13:18:31.822 [info] Getting sessions for all scopes...
2026-07-01 13:18:31.823 [info] Got 1 sessions for ...
2026-07-01 13:18:32.272 [info] Getting sessions for all scopes...
2026-07-01 13:18:32.272 [info] Got 1 sessions for ...
2026-07-01 13:18:32.274 [info] Getting sessions for all scopes...
2026-07-01 13:18:32.274 [info] Got 1 sessions for ...
2026-07-01 13:18:32.704 [info] Getting sessions for all scopes...
2026-07-01 13:18:32.704 [info] Got 1 sessions for ...
2026-07-01 13:18:32.705 [info] Getting sessions for all scopes...
2026-07-01 13:18:32.705 [info] Got 1 sessions for ...
2026-07-01 13:18:33.096 [info] Getting sessions for all scopes...
2026-07-01 13:18:33.096 [info] Got 1 sessions for ...
2026-07-01 13:18:33.098 [info] Getting sessions for all scopes...
2026-07-01 13:18:33.098 [info] Got 1 sessions for ...
2026-07-01 13:18:33.443 [info] Getting sessions for all scopes...
2026-07-01 13:18:33.443 [info] Got 1 sessions for ...
2026-07-01 13:18:33.443 [info] Getting sessions for all scopes...
2026-07-01 13:18:33.443 [info] Got 1 sessions for ...
2026-07-01 13:18:33.864 [info] Getting sessions for all scopes...
2026-07-01 13:18:33.864 [info] Got 1 sessions for ...
2026-07-01 13:18:33.865 [info] Getting sessions for all scopes...
2026-07-01 13:18:33.865 [info] Got 1 sessions for ...
2026-07-01 13:18:34.255 [info] Getting sessions for all scopes...
2026-07-01 13:18:34.256 [info] Got 1 sessions for ...
2026-07-01 13:18:34.256 [info] Getting sessions for all scopes...
2026-07-01 13:18:34.256 [info] Got 1 sessions for ...
2026-07-01 13:18:34.575 [info] Getting sessions for all scopes...
2026-07-01 13:18:34.575 [info] Got 1 sessions for ...
2026-07-01 13:18:34.577 [info] Getting sessions for all scopes...
2026-07-01 13:18:34.577 [info] Got 1 sessions for ...
2026-07-01 13:19:33.469 [info] Getting sessions for all scopes...
2026-07-01 13:19:33.469 [info] Got 1 sessions for ...
2026-07-01 13:19:33.470 [info] Getting sessions for all scopes...
2026-07-01 13:19:33.471 [info] Got 1 sessions for ...
2026-07-01 13:19:39.633 [info] Getting sessions for all scopes...
2026-07-01 13:19:39.633 [info] Got 1 sessions for ...
2026-07-01 13:19:39.634 [info] Getting sessions for all scopes...
2026-07-01 13:19:39.634 [info] Got 1 sessions for ...
2026-07-01 13:19:47.337 [info] Getting sessions for all scopes...
2026-07-01 13:19:47.337 [info] Got 1 sessions for ...
2026-07-01 13:19:47.337 [info] Getting sessions for all scopes...
2026-07-01 13:19:47.337 [info] Got 1 sessions for ...
2026-07-01 13:19:50.259 [info] Getting sessions for all scopes...
2026-07-01 13:19:50.259 [info] Got 1 sessions for ...
2026-07-01 13:19:50.260 [info] Getting sessions for all scopes...
2026-07-01 13:19:50.260 [info] Got 1 sessions for ...
2026-07-01 13:19:51.256 [info] Getting sessions for all scopes...
2026-07-01 13:19:51.256 [info] Got 1 sessions for ...
2026-07-01 13:19:51.256 [info] Getting sessions for all scopes...
2026-07-01 13:19:51.256 [info] Got 1 sessions for ...
2026-07-01 13:19:55.362 [info] Getting sessions for all scopes...
2026-07-01 13:19:55.362 [info] Got 1 sessions for ...
2026-07-01 13:19:55.362 [info] Getting sessions for all scopes...
2026-07-01 13:19:55.362 [info] Got 1 sessions for ...
2026-07-01 13:19:55.849 [info] Getting sessions for all scopes...
2026-07-01 13:19:55.849 [info] Got 1 sessions for ...
2026-07-01 13:19:55.849 [info] Getting sessions for all scopes...
2026-07-01 13:19:55.849 [info] Got 1 sessions for ...
2026-07-01 13:19:58.642 [info] Getting sessions for all scopes...
2026-07-01 13:19:58.642 [info] Got 1 sessions for ...
2026-07-01 13:19:58.642 [info] Getting sessions for all scopes...
2026-07-01 13:19:58.642 [info] Got 1 sessions for ...
2026-07-01 13:20:01.355 [info] Getting sessions for all scopes...
2026-07-01 13:20:01.355 [info] Got 1 sessions for ...
2026-07-01 13:20:01.357 [info] Getting sessions for all scopes...
2026-07-01 13:20:01.357 [info] Got 1 sessions for ...
2026-07-01 13:20:01.660 [info] Getting sessions for all scopes...
2026-07-01 13:20:01.660 [info] Got 1 sessions for ...
2026-07-01 13:20:01.661 [info] Getting sessions for all scopes...
2026-07-01 13:20:01.661 [info] Got 1 sessions for ...
2026-07-01 13:20:01.981 [info] Getting sessions for all scopes...
2026-07-01 13:20:01.981 [info] Got 1 sessions for ...
2026-07-01 13:20:01.981 [info] Getting sessions for all scopes...
2026-07-01 13:20:01.982 [info] Got 1 sessions for ...
2026-07-01 13:20:02.328 [info] Getting sessions for all scopes...
2026-07-01 13:20:02.328 [info] Got 1 sessions for ...
2026-07-01 13:20:02.329 [info] Getting sessions for all scopes...
2026-07-01 13:20:02.329 [info] Got 1 sessions for ...
2026-07-01 13:20:03.051 [info] Getting sessions for all scopes...
2026-07-01 13:20:03.051 [info] Got 1 sessions for ...
2026-07-01 13:20:03.051 [info] Getting sessions for all scopes...
2026-07-01 13:20:03.051 [info] Got 1 sessions for ...
2026-07-01 13:20:03.359 [info] Getting sessions for all scopes...
2026-07-01 13:20:03.359 [info] Got 1 sessions for ...
2026-07-01 13:20:03.359 [info] Getting sessions for all scopes...
2026-07-01 13:20:03.359 [info] Got 1 sessions for ...
2026-07-01 13:20:03.766 [info] Getting sessions for all scopes...
2026-07-01 13:20:03.766 [info] Got 1 sessions for ...
2026-07-01 13:20:03.775 [info] Getting sessions for all scopes...
2026-07-01 13:20:03.775 [info] Got 1 sessions for ...
2026-07-01 13:20:04.197 [info] Getting sessions for all scopes...
2026-07-01 13:20:04.197 [info] Got 1 sessions for ...
2026-07-01 13:20:04.198 [info] Getting sessions for all scopes...
2026-07-01 13:20:04.198 [info] Got 1 sessions for ...
2026-07-01 13:20:04.717 [info] Getting sessions for all scopes...
2026-07-01 13:20:04.717 [info] Got 1 sessions for ...
2026-07-01 13:20:04.718 [info] Getting sessions for all scopes...
2026-07-01 13:20:04.718 [info] Got 1 sessions for ...
2026-07-01 13:20:05.273 [info] Getting sessions for all scopes...
2026-07-01 13:20:05.273 [info] Got 1 sessions for ...
2026-07-01 13:20:05.274 [info] Getting sessions for all scopes...
2026-07-01 13:20:05.274 [info] Got 1 sessions for ...
2026-07-01 13:20:06.660 [info] Getting sessions for all scopes...
2026-07-01 13:20:06.660 [info] Got 1 sessions for ...
2026-07-01 13:20:06.660 [info] Getting sessions for all scopes...
2026-07-01 13:20:06.660 [info] Got 1 sessions for ...
2026-07-01 13:20:08.565 [info] Getting sessions for all scopes...
2026-07-01 13:20:08.565 [info] Got 1 sessions for ...
2026-07-01 13:20:08.566 [info] Getting sessions for all scopes...
2026-07-01 13:20:08.566 [info] Got 1 sessions for ...
2026-07-01 13:20:08.904 [info] Getting sessions for all scopes...
2026-07-01 13:20:08.904 [info] Got 1 sessions for ...
2026-07-01 13:20:08.905 [info] Getting sessions for all scopes...
2026-07-01 13:20:08.905 [info] Got 1 sessions for ...
2026-07-01 13:20:09.697 [info] Getting sessions for all scopes...
2026-07-01 13:20:09.697 [info] Got 1 sessions for ...
2026-07-01 13:20:09.697 [info] Getting sessions for all scopes...
2026-07-01 13:20:09.697 [info] Got 1 sessions for ...
2026-07-01 13:21:07.448 [info] Getting sessions for all scopes...
2026-07-01 13:21:07.448 [info] Got 1 sessions for ...
2026-07-01 13:21:07.449 [info] Getting sessions for all scopes...
2026-07-01 13:21:07.449 [info] Got 1 sessions for ...
2026-07-01 13:21:23.349 [info] Getting sessions for all scopes...
2026-07-01 13:21:23.349 [info] Got 1 sessions for ...
2026-07-01 13:21:23.349 [info] Getting sessions for all scopes...
2026-07-01 13:21:23.349 [info] Got 1 sessions for ...
2026-07-01 13:21:35.405 [info] Getting sessions for all scopes...
2026-07-01 13:21:35.405 [info] Got 1 sessions for ...
2026-07-01 13:21:35.405 [info] Getting sessions for all scopes...
2026-07-01 13:21:35.405 [info] Got 1 sessions for ...
2026-07-01 13:21:37.420 [info] Getting sessions for all scopes...
2026-07-01 13:21:37.420 [info] Got 1 sessions for ...
2026-07-01 13:21:37.425 [info] Getting sessions for all scopes...
2026-07-01 13:21:37.425 [info] Got 1 sessions for ...
2026-07-01 13:21:37.664 [info] Getting sessions for all scopes...
2026-07-01 13:21:37.664 [info] Got 1 sessions for ...
2026-07-01 13:21:37.665 [info] Getting sessions for all scopes...
2026-07-01 13:21:37.665 [info] Got 1 sessions for ...
2026-07-01 13:21:37.922 [info] Getting sessions for all scopes...
2026-07-01 13:21:37.922 [info] Got 1 sessions for ...
2026-07-01 13:21:37.923 [info] Getting sessions for all scopes...
2026-07-01 13:21:37.923 [info] Got 1 sessions for ...
2026-07-01 13:21:38.280 [info] Getting sessions for all scopes...
2026-07-01 13:21:38.281 [info] Got 1 sessions for ...
2026-07-01 13:21:38.285 [info] Getting sessions for all scopes...
2026-07-01 13:21:38.285 [info] Got 1 sessions for ...
2026-07-01 13:21:38.744 [info] Getting sessions for all scopes...
2026-07-01 13:21:38.744 [info] Got 1 sessions for ...
2026-07-01 13:21:38.744 [info] Getting sessions for all scopes...
2026-07-01 13:21:38.744 [info] Got 1 sessions for ...
2026-07-01 13:21:39.235 [info] Getting sessions for all scopes...
2026-07-01 13:21:39.235 [info] Got 1 sessions for ...
2026-07-01 13:21:39.235 [info] Getting sessions for all scopes...
2026-07-01 13:21:39.235 [info] Got 1 sessions for ...
2026-07-01 13:21:39.846 [info] Getting sessions for all scopes...
2026-07-01 13:21:39.846 [info] Got 1 sessions for ...
2026-07-01 13:21:39.847 [info] Getting sessions for all scopes...
2026-07-01 13:21:39.847 [info] Got 1 sessions for ...
2026-07-01 13:21:42.114 [info] Getting sessions for all scopes...
2026-07-01 13:21:42.114 [info] Got 1 sessions for ...
2026-07-01 13:21:42.115 [info] Getting sessions for all scopes...
2026-07-01 13:21:42.116 [info] Got 1 sessions for ...
2026-07-01 13:21:42.541 [info] Getting sessions for all scopes...
2026-07-01 13:21:42.541 [info] Got 1 sessions for ...
2026-07-01 13:21:42.542 [info] Getting sessions for all scopes...
2026-07-01 13:21:42.542 [info] Got 1 sessions for ...
2026-07-01 13:21:42.860 [info] Getting sessions for all scopes...
2026-07-01 13:21:42.860 [info] Got 1 sessions for ...
2026-07-01 13:21:42.861 [info] Getting sessions for all scopes...
2026-07-01 13:21:42.861 [info] Got 1 sessions for ...
2026-07-01 13:21:43.228 [info] Getting sessions for all scopes...
2026-07-01 13:21:43.228 [info] Got 1 sessions for ...
2026-07-01 13:21:43.230 [info] Getting sessions for all scopes...
2026-07-01 13:21:43.230 [info] Got 1 sessions for ...
2026-07-01 13:21:44.557 [info] Getting sessions for all scopes...
2026-07-01 13:21:44.557 [info] Got 1 sessions for ...
2026-07-01 13:21:44.557 [info] Getting sessions for all scopes...
2026-07-01 13:21:44.557 [info] Got 1 sessions for ...
2026-07-01 13:21:57.614 [info] Getting sessions for all scopes...
2026-07-01 13:21:57.614 [info] Got 1 sessions for ...
2026-07-01 13:21:57.617 [info] Getting sessions for all scopes...
2026-07-01 13:21:57.617 [info] Got 1 sessions for ...
